sciml2302:751386:751467 [2] NCCL INFO recvOpId=0x7f66c9ececa0 matches expected opId=0x7f66c9ececa0
sciml2302:751386:751467 [2] NCCL INFO Connection to proxy localRank 2 -> connection 0x7f66c0005110
sciml2302:751386:751476 [2] NCCL INFO transport/p2p.cc:204 Cuda Alloc Size 2097152 pointer 0x7f66d7c00000
sciml2302:751386:751476 [2] NCCL INFO Allocated shareable buffer 0x7f66d7c00000 size 2097152 ipcDesc 0x7f66c000c400
sciml2302:751386:751476 [2] NCCL INFO proxyProgressAsync opId=0x7f66c9ececa0 op.type=3 op.reqBuff=0x7f66c000c3d0 op.respSize=80 done
sciml2302:751386:751476 [2] NCCL INFO Received and initiated operation=Setup res=0
sciml2302:751386:751467 [2] NCCL INFO ncclPollProxyResponse Received new opId=0x7f66c9ececa0
sciml2302:751384:751465 [0] NCCL INFO recvOpId=0x7f6165e8e7e0 matches expected opId=0x7f6165e8e7e0
sciml2302:751384:751465 [0] NCCL INFO Connection to proxy localRank 0 -> connection 0x7f615c0050c0
sciml2301:1050818:1050900 [2] NCCL INFO recvOpId=0x7f2d09e6c000 matches expected opId=0x7f2d09e6c000
sciml2301:1050818:1050900 [2] NCCL INFO Channel 00/0 : 2[c3000] -> 1[84000] via P2P/IPC
sciml2301:1050818:1050910 [2] NCCL INFO New proxy send connection 6 from local rank 2, transport 0
sciml2301:1050818:1050910 [2] NCCL INFO proxyProgressAsync opId=0x7f2d09e6c000 op.type=1 op.reqBuff=0x7f2d0000b6d0 op.respSize=16 done
sciml2301:1050818:1050900 [2] NCCL INFO ncclPollProxyResponse Received new opId=0x7f2d09e6c000
sciml2301:1050818:1050910 [2] NCCL INFO Received and initiated operation=Init res=0
sciml2301:1050819:1050907 [3] NCCL INFO New proxy send connection 5 from local rank 3, transport 0
sciml2301:1050819:1050907 [3] NCCL INFO proxyProgressAsync opId=0x7f1745e6c000 op.type=1 op.reqBuff=0x7f173c05a2d0 op.respSize=16 done
sciml2301:1050819:1050907 [3] NCCL INFO Received and initiated operation=Init res=0
sciml2301:1050819:1050904 [3] NCCL INFO ncclPollProxyResponse Received new opId=0x7f1745e6c000
sciml2301:1050816:1050899 [0] NCCL INFO recvOpId=0x7f31f5e8e7e0 matches expected opId=0x7f31f5e8e7e0
sciml2301:1050816:1050899 [0] NCCL INFO Channel 00/0 : 4[83000] -> 0[83000] [receive] via NET/IB/0
sciml2301:1050816:1050899 [0] NCCL INFO GPU Direct RDMA Disabled for GPU 83000 / HCA 0 (distance 7 > 4)
sciml2301:1050817:1050901 [1] NCCL INFO recvOpId=0x7f8a55ecea60 matches expected opId=0x7f8a55ecea60
sciml2302:751385:751466 [1] NCCL INFO recvOpId=0x7f2189ecea60 matches expected opId=0x7f2189ecea60
sciml2302:751385:751466 [1] NCCL INFO Connection to proxy localRank 1 -> connection 0x7f2180005110
sciml2302:751384:751473 [0] NCCL INFO proxyProgressAsync opId=0x7f6165e8e7e0 op.type=3 op.reqBuff=0x7f615c035e70 op.respSize=128 done
sciml2302:751384:751473 [0] NCCL INFO Received and initiated operation=Setup res=0
sciml2302:751384:751465 [0] NCCL INFO ncclPollProxyResponse Received new opId=0x7f6165e8e7e0
sciml2302:751385:751474 [1] NCCL INFO transport/p2p.cc:204 Cuda Alloc Size 6291456 pointer 0x7f219da00000
sciml2302:751385:751474 [1] NCCL INFO Allocated shareable buffer 0x7f219da00000 size 6291456 ipcDesc 0x7f218000c360
sciml2302:751385:751474 [1] NCCL INFO proxyProgressAsync opId=0x7f2189ecea60 op.type=3 op.reqBuff=0x7f218000c330 op.respSize=80 done
sciml2302:751385:751466 [1] NCCL INFO ncclPollProxyResponse Received new opId=0x7f2189ecea60
sciml2302:751385:751474 [1] NCCL INFO Received and initiated operation=Setup res=0
sciml2301:1050816:1050909 [0] NCCL INFO New proxy recv connection 5 from local rank 0, transport 2
sciml2301:1050816:1050909 [0] NCCL INFO proxyProgressAsync opId=0x7f31f5e8e7e0 op.type=1 op.reqBuff=0x7f3204042fe0 op.respSize=16 done
sciml2301:1050816:1050909 [0] NCCL INFO Received and initiated operation=Init res=0
sciml2301:1050816:1050899 [0] NCCL INFO ncclPollProxyResponse Received new opId=0x7f31f5e8e7e0
sciml2302:751387:751468 [3] NCCL INFO recvOpId=0x7f07dde6c000 matches expected opId=0x7f07dde6c000
sciml2302:751387:751468 [3] NCCL INFO Connection to proxy localRank 3 -> connection 0x7f07d40050c0
sciml2302:751386:751467 [2] NCCL INFO recvOpId=0x7f66c9ececa0 matches expected opId=0x7f66c9ececa0
sciml2302:751386:751467 [2] NCCL INFO Channel 01/0 : 6[c3000] -> 5[84000] via P2P/IPC
sciml2301:1050817:1050908 [1] NCCL INFO New proxy recv connection 5 from local rank 1, transport 0
sciml2301:1050817:1050908 [1] NCCL INFO proxyProgressAsync opId=0x7f8a55ecea60 op.type=1 op.reqBuff=0x7f8a4c00abb0 op.respSize=16 done
sciml2301:1050817:1050908 [1] NCCL INFO Received and initiated operation=Init res=0
sciml2301:1050817:1050901 [1] NCCL INFO ncclPollProxyResponse Received new opId=0x7f8a55ecea60
sciml2302:751386:751476 [2] NCCL INFO New proxy send connection 7 from local rank 2, transport 0
sciml2302:751386:751476 [2] NCCL INFO proxyProgressAsync opId=0x7f66c9ececa0 op.type=1 op.reqBuff=0x7f66c000c3d0 op.respSize=16 done
sciml2302:751386:751476 [2] NCCL INFO Received and initiated operation=Init res=0
sciml2302:751386:751467 [2] NCCL INFO ncclPollProxyResponse Received new opId=0x7f66c9ececa0
sciml2301:1050818:1050900 [2] NCCL INFO recvOpId=0x7f2d09e6c000 matches expected opId=0x7f2d09e6c000
sciml2301:1050818:1050900 [2] NCCL INFO Connection to proxy localRank 2 -> connection 0x7f2d00005110
sciml2301:1050818:1050910 [2] NCCL INFO transport/p2p.cc:204 Cuda Alloc Size 2097152 pointer 0x7f2d19c00000
sciml2301:1050818:1050910 [2] NCCL INFO Allocated shareable buffer 0x7f2d19c00000 size 2097152 ipcDesc 0x7f2d0000c400
sciml2301:1050818:1050910 [2] NCCL INFO proxyProgressAsync opId=0x7f2d09e6c000 op.type=3 op.reqBuff=0x7f2d0000c3d0 op.respSize=80 done
sciml2301:1050818:1050910 [2] NCCL INFO Received and initiated operation=Setup res=0
sciml2301:1050818:1050900 [2] NCCL INFO ncclPollProxyResponse Received new opId=0x7f2d09e6c000
sciml2301:1050819:1050904 [3] NCCL INFO recvOpId=0x7f1745e6c000 matches expected opId=0x7f1745e6c000
sciml2301:1050819:1050904 [3] NCCL INFO Connection to proxy localRank 3 -> connection 0x7f173c0050c0
sciml2302:751387:751475 [3] NCCL INFO transport/p2p.cc:204 Cuda Alloc Size 6291456 pointer 0x7f07f1a00000
sciml2302:751387:751475 [3] NCCL INFO Allocated shareable buffer 0x7f07f1a00000 size 6291456 ipcDesc 0x7f07d405a320
sciml2302:751387:751475 [3] NCCL INFO proxyProgressAsync opId=0x7f07dde6c000 op.type=3 op.reqBuff=0x7f07d405a2f0 op.respSize=80 done
sciml2302:751387:751475 [3] NCCL INFO Received and initiated operation=Setup res=0
sciml2302:751387:751468 [3] NCCL INFO ncclPollProxyResponse Received new opId=0x7f07dde6c000
sciml2302:751384:751465 [0] NCCL INFO recvOpId=0x7f6165e8e7e0 matches expected opId=0x7f6165e8e7e0
sciml2302:751384:751465 [0] NCCL INFO Channel 01/0 : 0[83000] -> 4[83000] [receive] via NET/IB/0
sciml2302:751384:751465 [0] NCCL INFO GPU Direct RDMA Disabled for GPU 83000 / HCA 0 (distance 7 > 4)
sciml2302:751385:751466 [1] NCCL INFO recvOpId=0x7f2189ecea60 matches expected opId=0x7f2189ecea60
sciml2302:751385:751466 [1] NCCL INFO Channel 01/0 : 5[84000] -> 4[83000] via P2P/IPC/read
sciml2301:1050819:1050907 [3] NCCL INFO transport/p2p.cc:204 Cuda Alloc Size 6291456 pointer 0x7f1759a00000
sciml2301:1050819:1050907 [3] NCCL INFO Allocated shareable buffer 0x7f1759a00000 size 6291456 ipcDesc 0x7f173c05a320
sciml2301:1050819:1050907 [3] NCCL INFO proxyProgressAsync opId=0x7f1745e6c000 op.type=3 op.reqBuff=0x7f173c05a2f0 op.respSize=80 done
sciml2301:1050819:1050907 [3] NCCL INFO Received and initiated operation=Setup res=0
sciml2301:1050819:1050904 [3] NCCL INFO ncclPollProxyResponse Received new opId=0x7f1745e6c000
sciml2301:1050816:1050899 [0] NCCL INFO recvOpId=0x7f31f5e8e7e0 matches expected opId=0x7f31f5e8e7e0
sciml2301:1050816:1050899 [0] NCCL INFO Connection to proxy localRank 0 -> connection 0x7f32040050c0
sciml2302:751385:751474 [1] NCCL INFO New proxy send connection 7 from local rank 1, transport 0
sciml2302:751385:751474 [1] NCCL INFO proxyProgressAsync opId=0x7f2189ecea60 op.type=1 op.reqBuff=0x7f218000c330 op.respSize=16 done
sciml2302:751385:751474 [1] NCCL INFO Received and initiated operation=Init res=0
sciml2302:751385:751466 [1] NCCL INFO ncclPollProxyResponse Received new opId=0x7f2189ecea60
sciml2301:1050817:1050901 [1] NCCL INFO recvOpId=0x7f8a55ecea60 matches expected opId=0x7f8a55ecea60
sciml2301:1050817:1050901 [1] NCCL INFO Connection to proxy localRank 1 -> connection 0x7f8a4c0050c0
sciml2302:751386:751467 [2] NCCL INFO recvOpId=0x7f66c9ececa0 matches expected opId=0x7f66c9ececa0
sciml2302:751386:751467 [2] NCCL INFO Connection to proxy localRank 2 -> connection 0x7f66c0005160
sciml2302:751386:751476 [2] NCCL INFO transport/p2p.cc:204 Cuda Alloc Size 2097152 pointer 0x7f66d7e00000
sciml2302:751386:751476 [2] NCCL INFO Allocated shareable buffer 0x7f66d7e00000 size 2097152 ipcDesc 0x7f66c000d100
sciml2302:751386:751476 [2] NCCL INFO proxyProgressAsync opId=0x7f66c9ececa0 op.type=3 op.reqBuff=0x7f66c000d0d0 op.respSize=80 done
sciml2302:751386:751476 [2] NCCL INFO Received and initiated operation=Setup res=0
sciml2302:751386:751467 [2] NCCL INFO ncclPollProxyResponse Received new opId=0x7f66c9ececa0
sciml2301:1050818:1050900 [2] NCCL INFO recvOpId=0x7f2d09e6c000 matches expected opId=0x7f2d09e6c000
sciml2301:1050818:1050900 [2] NCCL INFO Channel 01/0 : 2[c3000] -> 1[84000] via P2P/IPC
sciml2301:1050818:1050910 [2] NCCL INFO New proxy send connection 7 from local rank 2, transport 0
sciml2301:1050818:1050910 [2] NCCL INFO proxyProgressAsync opId=0x7f2d09e6c000 op.type=1 op.reqBuff=0x7f2d0000c3d0 op.respSize=16 done
sciml2301:1050818:1050900 [2] NCCL INFO ncclPollProxyResponse Received new opId=0x7f2d09e6c000
sciml2301:1050818:1050910 [2] NCCL INFO Received and initiated operation=Init res=0
sciml2302:751384:751473 [0] NCCL INFO New proxy send connection 6 from local rank 0, transport 2
sciml2302:751384:751473 [0] NCCL INFO proxyProgressAsync opId=0x7f6165e8e7e0 op.type=1 op.reqBuff=0x7f615c02dfb0 op.respSize=16 done
sciml2302:751384:751473 [0] NCCL INFO Received and initiated operation=Init res=0
sciml2302:751384:751465 [0] NCCL INFO ncclPollProxyResponse Received new opId=0x7f6165e8e7e0
sciml2301:1050816:1050909 [0] NCCL INFO proxyProgressAsync opId=0x7f31f5e8e7e0 op.type=3 op.reqBuff=0x7f3204029f80 op.respSize=128 done
sciml2301:1050816:1050909 [0] NCCL INFO Received and initiated operation=Setup res=0
sciml2301:1050816:1050899 [0] NCCL INFO ncclPollProxyResponse Received new opId=0x7f31f5e8e7e0
sciml2302:751387:751468 [3] NCCL INFO recvOpId=0x7f07dde6c000 matches expected opId=0x7f07dde6c000
sciml2301:1050819:1050904 [3] NCCL INFO recvOpId=0x7f1745e6c000 matches expected opId=0x7f1745e6c000
sciml2301:1050817:1050908 [1] NCCL INFO transport/p2p.cc:204 Cuda Alloc Size 10485760 pointer 0x7f8a79400000
sciml2301:1050817:1050908 [1] NCCL INFO Allocated shareable buffer 0x7f8a79400000 size 10485760 ipcDesc 0x7f8a4c00b660
sciml2301:1050817:1050908 [1] NCCL INFO proxyProgressAsync opId=0x7f8a55ecea60 op.type=3 op.reqBuff=0x7f8a4c00b630 op.respSize=80 done
sciml2301:1050817:1050908 [1] NCCL INFO Received and initiated operation=Setup res=0
sciml2301:1050817:1050901 [1] NCCL INFO ncclPollProxyResponse Received new opId=0x7f8a55ecea60
sciml2302:751385:751466 [1] NCCL INFO recvOpId=0x7f2189ecea60 matches expected opId=0x7f2189ecea60
sciml2302:751385:751466 [1] NCCL INFO Connection to proxy localRank 1 -> connection 0x7f2180005160
sciml2302:751386:751467 [2] NCCL INFO recvOpId=0x7f66c9ececa0 matches expected opId=0x7f66c9ececa0
sciml2302:751387:751468 [3] NCCL INFO Imported shareable buffer device 3 size 6291456 ptr 0x7f07f3600000
sciml2302:751387:751468 [3] NCCL INFO Imported shareable buffer device 3 size 6291456 ptr 0x7f0801400000
sciml2302:751387:751468 [3] NCCL INFO Connected all trees
sciml2302:751387:751468 [3] NCCL INFO threadThresholds 8/8/64 | 64/8/64 | 512 | 512
sciml2302:751387:751468 [3] NCCL INFO 2 coll channels, 0 nvls channels, 2 p2p channels, 2 p2p channels per peer
sciml2301:1050818:1050900 [2] NCCL INFO recvOpId=0x7f2d09e6c000 matches expected opId=0x7f2d09e6c000
sciml2301:1050818:1050900 [2] NCCL INFO Connection to proxy localRank 2 -> connection 0x7f2d00005160
sciml2301:1050818:1050910 [2] NCCL INFO transport/p2p.cc:204 Cuda Alloc Size 2097152 pointer 0x7f2d19e00000
sciml2301:1050818:1050910 [2] NCCL INFO Allocated shareable buffer 0x7f2d19e00000 size 2097152 ipcDesc 0x7f2d0000d100
sciml2301:1050818:1050910 [2] NCCL INFO proxyProgressAsync opId=0x7f2d09e6c000 op.type=3 op.reqBuff=0x7f2d0000d0d0 op.respSize=80 done
sciml2301:1050818:1050910 [2] NCCL INFO Received and initiated operation=Setup res=0
sciml2301:1050818:1050900 [2] NCCL INFO ncclPollProxyResponse Received new opId=0x7f2d09e6c000
sciml2302:751385:751474 [1] NCCL INFO transport/p2p.cc:204 Cuda Alloc Size 6291456 pointer 0x7f21af400000
sciml2302:751385:751474 [1] NCCL INFO Allocated shareable buffer 0x7f21af400000 size 6291456 ipcDesc 0x7f218000cde0
sciml2302:751385:751474 [1] NCCL INFO proxyProgressAsync opId=0x7f2189ecea60 op.type=3 op.reqBuff=0x7f218000cdb0 op.respSize=80 done
sciml2302:751385:751474 [1] NCCL INFO Received and initiated operation=Setup res=0
sciml2302:751385:751466 [1] NCCL INFO ncclPollProxyResponse Received new opId=0x7f2189ecea60
sciml2302:751384:751465 [0] NCCL INFO recvOpId=0x7f6165e8e7e0 matches expected opId=0x7f6165e8e7e0
sciml2302:751384:751465 [0] NCCL INFO Connection to proxy localRank 0 -> connection 0x7f615c005110
sciml2301:1050816:1050899 [0] NCCL INFO recvOpId=0x7f31f5e8e7e0 matches expected opId=0x7f31f5e8e7e0
sciml2301:1050816:1050899 [0] NCCL INFO Channel 01/0 : 4[83000] -> 0[83000] [receive] via NET/IB/0
sciml2301:1050816:1050899 [0] NCCL INFO GPU Direct RDMA Disabled for GPU 83000 / HCA 0 (distance 7 > 4)
sciml2302:751387:751475 [3] NCCL INFO New proxy send connection 6 from local rank 3, transport 2
sciml2302:751387:751475 [3] NCCL INFO proxyProgressAsync opId=0x7f07dde6c000 op.type=1 op.reqBuff=0x7f07d405a2f0 op.respSize=16 done
sciml2302:751387:751475 [3] NCCL INFO Received and initiated operation=Init res=0
sciml2302:751387:751468 [3] NCCL INFO ncclPollProxyResponse Received new opId=0x7f07dde6c000
sciml2301:1050817:1050901 [1] NCCL INFO recvOpId=0x7f8a55ecea60 matches expected opId=0x7f8a55ecea60
sciml2301:1050817:1050901 [1] NCCL INFO Channel 00/0 : 1[84000] -> 0[83000] via P2P/IPC/read
sciml2302:751384:751473 [0] NCCL INFO proxyProgressAsync opId=0x7f6165e8e7e0 op.type=3 op.reqBuff=0x7f615c035f50 op.respSize=0 done
sciml2302:751384:751473 [0] NCCL INFO Received and initiated operation=Setup res=0
sciml2302:751384:751465 [0] NCCL INFO ncclPollProxyResponse Received new opId=0x7f6165e8e7e0
sciml2301:1050818:1050900 [2] NCCL INFO recvOpId=0x7f2d09e6c000 matches expected opId=0x7f2d09e6c000
sciml2301:1050819:1050904 [3] NCCL INFO Imported shareable buffer device 3 size 6291456 ptr 0x7f175b600000
sciml2301:1050819:1050904 [3] NCCL INFO Imported shareable buffer device 3 size 6291456 ptr 0x7f1769400000
sciml2301:1050819:1050904 [3] NCCL INFO Connected all trees
sciml2301:1050819:1050904 [3] NCCL INFO threadThresholds 8/8/64 | 64/8/64 | 512 | 512
sciml2301:1050819:1050904 [3] NCCL INFO 2 coll channels, 0 nvls channels, 2 p2p channels, 2 p2p channels per peer
sciml2301:1050816:1050909 [0] NCCL INFO New proxy send connection 6 from local rank 0, transport 2
sciml2301:1050816:1050909 [0] NCCL INFO proxyProgressAsync opId=0x7f31f5e8e7e0 op.type=1 op.reqBuff=0x7f3204026d80 op.respSize=16 done
sciml2301:1050816:1050909 [0] NCCL INFO Received and initiated operation=Init res=0
sciml2301:1050816:1050899 [0] NCCL INFO ncclPollProxyResponse Received new opId=0x7f31f5e8e7e0
sciml2302:751385:751466 [1] NCCL INFO recvOpId=0x7f2189ecea60 matches expected opId=0x7f2189ecea60
sciml2302:751386:751467 [2] NCCL INFO Imported shareable buffer device 2 size 10485760 ptr 0x7f66df400000
sciml2302:751386:751467 [2] NCCL INFO Imported shareable buffer device 2 size 6291456 ptr 0x7f66ed400000
sciml2302:751386:751467 [2] NCCL INFO Imported shareable buffer device 2 size 10485760 ptr 0x7f66ef600000
sciml2302:751386:751467 [2] NCCL INFO Imported shareable buffer device 2 size 6291456 ptr 0x7f66eda00000
sciml2302:751386:751467 [2] NCCL INFO Connected all trees
sciml2302:751386:751467 [2] NCCL INFO threadThresholds 8/8/64 | 64/8/64 | 512 | 512
sciml2302:751386:751467 [2] NCCL INFO 2 coll channels, 0 nvls channels, 2 p2p channels, 2 p2p channels per peer
sciml2302:751386:751476 [2] NCCL INFO Allocated 4194660 bytes of shared memory in /dev/shm/nccl-uzlWtG
sciml2302:751386:751476 [2] NCCL INFO New proxy send connection 8 from local rank 2, transport 2
sciml2302:751386:751476 [2] NCCL INFO proxyProgressAsync opId=0x7f66c9ececa0 op.type=1 op.reqBuff=0x7f66c000d0d0 op.respSize=16 done
sciml2302:751386:751476 [2] NCCL INFO Received and initiated operation=Init res=0
sciml2302:751386:751467 [2] NCCL INFO ncclPollProxyResponse Received new opId=0x7f66c9ececa0
sciml2302:751386:751467 [2] NCCL INFO recvOpId=0x7f66c9ececa0 matches expected opId=0x7f66c9ececa0
sciml2302:751386:751467 [2] NCCL INFO Connection to proxy localRank 2 -> connection 0x7f66c00051b0
sciml2302:751386:751476 [2] NCCL INFO transport/net.cc:446 Cuda Alloc Size 4194304 pointer 0x7f66ddc00000
sciml2302:751386:751476 [2] NCCL INFO proxyProgressAsync opId=0x7f66c9ececa0 op.type=2 op.reqBuff=0x7f66c000db00 op.respSize=0 done
sciml2302:751386:751476 [2] NCCL INFO Received and initiated operation=SharedInit res=0
sciml2302:751386:751467 [2] NCCL INFO ncclPollProxyResponse Received new opId=0x7f66c9ececa0
sciml2301:1050817:1050908 [1] NCCL INFO New proxy send connection 6 from local rank 1, transport 0
sciml2301:1050817:1050908 [1] NCCL INFO proxyProgressAsync opId=0x7f8a55ecea60 op.type=1 op.reqBuff=0x7f8a4c00b630 op.respSize=16 done
sciml2301:1050817:1050908 [1] NCCL INFO Received and initiated operation=Init res=0
sciml2301:1050817:1050901 [1] NCCL INFO ncclPollProxyResponse Received new opId=0x7f8a55ecea60
sciml2302:751387:751468 [3] NCCL INFO recvOpId=0x7f07dde6c000 matches expected opId=0x7f07dde6c000
sciml2302:751387:751468 [3] NCCL INFO Connection to proxy localRank 3 -> connection 0x7f07d4005110
sciml2301:1050819:1050907 [3] NCCL INFO New proxy send connection 6 from local rank 3, transport 2
sciml2301:1050819:1050907 [3] NCCL INFO proxyProgressAsync opId=0x7f1745e6c000 op.type=1 op.reqBuff=0x7f173c05a2f0 op.respSize=16 done
sciml2301:1050819:1050907 [3] NCCL INFO Received and initiated operation=Init res=0
sciml2301:1050819:1050904 [3] NCCL INFO ncclPollProxyResponse Received new opId=0x7f1745e6c000
sciml2301:1050819:1050904 [3] NCCL INFO recvOpId=0x7f1745e6c000 matches expected opId=0x7f1745e6c000
sciml2301:1050819:1050904 [3] NCCL INFO Connection to proxy localRank 3 -> connection 0x7f173c005110
sciml2302:751387:751475 [3] NCCL INFO transport/net.cc:446 Cuda Alloc Size 4194304 pointer 0x7f07f3c00000
sciml2302:751387:751475 [3] NCCL INFO proxyProgressAsync opId=0x7f07dde6c000 op.type=2 op.reqBuff=0x7f07d405ad70 op.respSize=0 done
sciml2302:751387:751468 [3] NCCL INFO ncclPollProxyResponse Received new opId=0x7f07dde6c000
sciml2302:751384:751465 [0] NCCL INFO recvOpId=0x7f6165e8e7e0 matches expected opId=0x7f6165e8e7e0
sciml2302:751384:751465 [0] NCCL INFO Channel 00/0 : 4[83000] -> 0[83000] [send] via NET/IB/0
sciml2302:751384:751465 [0] NCCL INFO GPU Direct RDMA Disabled for GPU 83000 / HCA 0 (distance 7 > 4)
sciml2301:1050819:1050907 [3] NCCL INFO transport/net.cc:446 Cuda Alloc Size 4194304 pointer 0x7f175bc00000
sciml2301:1050819:1050907 [3] NCCL INFO proxyProgressAsync opId=0x7f1745e6c000 op.type=2 op.reqBuff=0x7f173c05ad70 op.respSize=0 done
sciml2301:1050819:1050907 [3] NCCL INFO Received and initiated operation=SharedInit res=0
sciml2301:1050819:1050904 [3] NCCL INFO ncclPollProxyResponse Received new opId=0x7f1745e6c000
sciml2301:1050816:1050899 [0] NCCL INFO recvOpId=0x7f31f5e8e7e0 matches expected opId=0x7f31f5e8e7e0
sciml2301:1050816:1050899 [0] NCCL INFO Connection to proxy localRank 0 -> connection 0x7f3204005110
sciml2302:751387:751475 [3] NCCL INFO Received and initiated operation=SharedInit res=0
sciml2302:751386:751467 [2] NCCL INFO recvOpId=0x7f66c9ececa0 matches expected opId=0x7f66c9ececa0
sciml2302:751386:751467 [2] NCCL INFO init.cc:380 Cuda Alloc Size 7728 pointer 0x7f66ade02000
sciml2301:1050817:1050901 [1] NCCL INFO recvOpId=0x7f8a55ecea60 matches expected opId=0x7f8a55ecea60
sciml2301:1050817:1050901 [1] NCCL INFO Connection to proxy localRank 1 -> connection 0x7f8a4c005110
sciml2301:1050816:1050909 [0] NCCL INFO proxyProgressAsync opId=0x7f31f5e8e7e0 op.type=3 op.reqBuff=0x7f3204029fb0 op.respSize=0 done
sciml2301:1050816:1050909 [0] NCCL INFO Received and initiated operation=Setup res=0
sciml2301:1050816:1050899 [0] NCCL INFO ncclPollProxyResponse Received new opId=0x7f31f5e8e7e0
sciml2302:751384:751473 [0] NCCL INFO New proxy send connection 7 from local rank 0, transport 2
sciml2302:751384:751473 [0] NCCL INFO proxyProgressAsync opId=0x7f6165e8e7e0 op.type=1 op.reqBuff=0x7f615c035f30 op.respSize=16 done
sciml2302:751384:751473 [0] NCCL INFO Received and initiated operation=Init res=0
sciml2302:751384:751465 [0] NCCL INFO ncclPollProxyResponse Received new opId=0x7f6165e8e7e0
sciml2302:751386:751467 [2] NCCL INFO init.cc:405 Cuda Host Alloc Size 33554432 pointer 0x7f66be000000
sciml2302:751386:751467 [2] NCCL INFO init.cc:411 Cuda Host Alloc Size 128 pointer 0x7f669f400200
sciml2301:1050817:1050908 [1] NCCL INFO transport/p2p.cc:204 Cuda Alloc Size 6291456 pointer 0x7f8a69a00000
sciml2301:1050817:1050908 [1] NCCL INFO Allocated shareable buffer 0x7f8a69a00000 size 6291456 ipcDesc 0x7f8a4c00c360
sciml2301:1050817:1050908 [1] NCCL INFO proxyProgressAsync opId=0x7f8a55ecea60 op.type=3 op.reqBuff=0x7f8a4c00c330 op.respSize=80 done
sciml2301:1050817:1050908 [1] NCCL INFO Received and initiated operation=Setup res=0
sciml2301:1050817:1050901 [1] NCCL INFO ncclPollProxyResponse Received new opId=0x7f8a55ecea60
sciml2301:1050819:1050904 [3] NCCL INFO recvOpId=0x7f1745e6c000 matches expected opId=0x7f1745e6c000
sciml2301:1050819:1050904 [3] NCCL INFO init.cc:380 Cuda Alloc Size 7728 pointer 0x7f172be02000
sciml2302:751387:751468 [3] NCCL INFO recvOpId=0x7f07dde6c000 matches expected opId=0x7f07dde6c000
sciml2302:751387:751468 [3] NCCL INFO init.cc:380 Cuda Alloc Size 7728 pointer 0x7f07c3e02000
sciml2301:1050819:1050904 [3] NCCL INFO init.cc:405 Cuda Host Alloc Size 33554432 pointer 0x7f173a000000
sciml2301:1050819:1050904 [3] NCCL INFO init.cc:411 Cuda Host Alloc Size 128 pointer 0x7f171d400200
sciml2302:751387:751468 [3] NCCL INFO init.cc:405 Cuda Host Alloc Size 33554432 pointer 0x7f07d2000000
sciml2302:751387:751468 [3] NCCL INFO init.cc:411 Cuda Host Alloc Size 128 pointer 0x7f07b5400200
sciml2301:1050816:1050899 [0] NCCL INFO recvOpId=0x7f31f5e8e7e0 matches expected opId=0x7f31f5e8e7e0
sciml2301:1050816:1050899 [0] NCCL INFO Channel 00/0 : 0[83000] -> 4[83000] [send] via NET/IB/0
sciml2301:1050816:1050899 [0] NCCL INFO GPU Direct RDMA Disabled for GPU 83000 / HCA 0 (distance 7 > 4)
sciml2302:751384:751465 [0] NCCL INFO recvOpId=0x7f6165e8e7e0 matches expected opId=0x7f6165e8e7e0
sciml2302:751384:751465 [0] NCCL INFO Connection to proxy localRank 0 -> connection 0x7f615c005160
sciml2301:1050817:1050901 [1] NCCL INFO recvOpId=0x7f8a55ecea60 matches expected opId=0x7f8a55ecea60
sciml2301:1050817:1050901 [1] NCCL INFO Channel 01/0 : 1[84000] -> 0[83000] via P2P/IPC/read
sciml2301:1050816:1050909 [0] NCCL INFO New proxy send connection 7 from local rank 0, transport 2
sciml2301:1050816:1050909 [0] NCCL INFO proxyProgressAsync opId=0x7f31f5e8e7e0 op.type=1 op.reqBuff=0x7f3204029fe0 op.respSize=16 done
sciml2301:1050816:1050909 [0] NCCL INFO Received and initiated operation=Init res=0
sciml2301:1050816:1050899 [0] NCCL INFO ncclPollProxyResponse Received new opId=0x7f31f5e8e7e0
sciml2302:751384:751473 [0] NCCL INFO proxyProgressAsync opId=0x7f6165e8e7e0 op.type=3 op.reqBuff=0x7f615c035f80 op.respSize=0 done
sciml2302:751384:751473 [0] NCCL INFO Received and initiated operation=Setup res=0
sciml2302:751384:751465 [0] NCCL INFO ncclPollProxyResponse Received new opId=0x7f6165e8e7e0
sciml2301:1050817:1050908 [1] NCCL INFO New proxy send connection 7 from local rank 1, transport 0
sciml2301:1050817:1050908 [1] NCCL INFO proxyProgressAsync opId=0x7f8a55ecea60 op.type=1 op.reqBuff=0x7f8a4c00c330 op.respSize=16 done
sciml2301:1050817:1050908 [1] NCCL INFO Received and initiated operation=Init res=0
sciml2301:1050817:1050901 [1] NCCL INFO ncclPollProxyResponse Received new opId=0x7f8a55ecea60
sciml2301:1050816:1050899 [0] NCCL INFO recvOpId=0x7f31f5e8e7e0 matches expected opId=0x7f31f5e8e7e0
sciml2301:1050816:1050899 [0] NCCL INFO Connection to proxy localRank 0 -> connection 0x7f3204005160
sciml2301:1050816:1050909 [0] NCCL INFO proxyProgressAsync opId=0x7f31f5e8e7e0 op.type=3 op.reqBuff=0x7f3204050620 op.respSize=0 done
sciml2301:1050816:1050909 [0] NCCL INFO Received and initiated operation=Setup res=0
sciml2301:1050816:1050899 [0] NCCL INFO ncclPollProxyResponse Received new opId=0x7f31f5e8e7e0
sciml2302:751384:751465 [0] NCCL INFO recvOpId=0x7f6165e8e7e0 matches expected opId=0x7f6165e8e7e0
sciml2302:751384:751465 [0] NCCL INFO Channel 01/0 : 4[83000] -> 0[83000] [send] via NET/IB/0
sciml2301:1050817:1050901 [1] NCCL INFO recvOpId=0x7f8a55ecea60 matches expected opId=0x7f8a55ecea60
sciml2301:1050817:1050901 [1] NCCL INFO Connection to proxy localRank 1 -> connection 0x7f8a4c005160
sciml2301:1050817:1050908 [1] NCCL INFO transport/p2p.cc:204 Cuda Alloc Size 6291456 pointer 0x7f8a7b400000
sciml2301:1050817:1050908 [1] NCCL INFO Allocated shareable buffer 0x7f8a7b400000 size 6291456 ipcDesc 0x7f8a4c00cde0
sciml2301:1050817:1050908 [1] NCCL INFO proxyProgressAsync opId=0x7f8a55ecea60 op.type=3 op.reqBuff=0x7f8a4c00cdb0 op.respSize=80 done
sciml2301:1050817:1050901 [1] NCCL INFO ncclPollProxyResponse Received new opId=0x7f8a55ecea60
sciml2301:1050817:1050908 [1] NCCL INFO Received and initiated operation=Setup res=0
sciml2301:1050816:1050899 [0] NCCL INFO recvOpId=0x7f31f5e8e7e0 matches expected opId=0x7f31f5e8e7e0
sciml2301:1050816:1050899 [0] NCCL INFO Channel 01/0 : 0[83000] -> 4[83000] [send] via NET/IB/0
sciml2301:1050816:1050909 [0] NCCL INFO New proxy recv connection 8 from local rank 0, transport 0
sciml2301:1050816:1050909 [0] NCCL INFO proxyProgressAsync opId=0x7f31f5e8e7e0 op.type=1 op.reqBuff=0x7f3204026d80 op.respSize=16 done
sciml2301:1050816:1050909 [0] NCCL INFO Received and initiated operation=Init res=0
sciml2301:1050816:1050899 [0] NCCL INFO ncclPollProxyResponse Received new opId=0x7f31f5e8e7e0
sciml2302:751384:751473 [0] NCCL INFO New proxy recv connection 8 from local rank 0, transport 0
sciml2302:751384:751473 [0] NCCL INFO proxyProgressAsync opId=0x7f6165e8e7e0 op.type=1 op.reqBuff=0x7f615c02dfb0 op.respSize=16 done
sciml2302:751384:751473 [0] NCCL INFO Received and initiated operation=Init res=0
sciml2302:751384:751465 [0] NCCL INFO ncclPollProxyResponse Received new opId=0x7f6165e8e7e0
sciml2301:1050817:1050901 [1] NCCL INFO recvOpId=0x7f8a55ecea60 matches expected opId=0x7f8a55ecea60
sciml2301:1050818:1050900 [2] NCCL INFO Imported shareable buffer device 2 size 10485760 ptr 0x7f2d2d400000
sciml2301:1050818:1050900 [2] NCCL INFO Imported shareable buffer device 2 size 6291456 ptr 0x7f2d2f400000
sciml2301:1050818:1050900 [2] NCCL INFO Imported shareable buffer device 2 size 10485760 ptr 0x7f2d31600000
sciml2301:1050818:1050900 [2] NCCL INFO Imported shareable buffer device 2 size 6291456 ptr 0x7f2d2fa00000
sciml2301:1050818:1050900 [2] NCCL INFO Connected all trees
sciml2301:1050818:1050900 [2] NCCL INFO threadThresholds 8/8/64 | 64/8/64 | 512 | 512
sciml2301:1050818:1050900 [2] NCCL INFO 2 coll channels, 0 nvls channels, 2 p2p channels, 2 p2p channels per peer
sciml2301:1050818:1050910 [2] NCCL INFO Allocated 4194660 bytes of shared memory in /dev/shm/nccl-XoiUrK
sciml2301:1050818:1050910 [2] NCCL INFO New proxy send connection 8 from local rank 2, transport 2
sciml2301:1050818:1050910 [2] NCCL INFO proxyProgressAsync opId=0x7f2d09e6c000 op.type=1 op.reqBuff=0x7f2d0000d0d0 op.respSize=16 done
sciml2301:1050818:1050900 [2] NCCL INFO ncclPollProxyResponse Received new opId=0x7f2d09e6c000
sciml2301:1050818:1050900 [2] NCCL INFO recvOpId=0x7f2d09e6c000 matches expected opId=0x7f2d09e6c000
sciml2301:1050818:1050900 [2] NCCL INFO Connection to proxy localRank 2 -> connection 0x7f2d000051b0
sciml2301:1050818:1050910 [2] NCCL INFO Received and initiated operation=Init res=0
sciml2301:1050818:1050910 [2] NCCL INFO transport/net.cc:446 Cuda Alloc Size 4194304 pointer 0x7f2d1fc00000
sciml2301:1050818:1050910 [2] NCCL INFO proxyProgressAsync opId=0x7f2d09e6c000 op.type=2 op.reqBuff=0x7f2d0000db00 op.respSize=0 done
sciml2301:1050818:1050900 [2] NCCL INFO ncclPollProxyResponse Received new opId=0x7f2d09e6c000
sciml2301:1050818:1050910 [2] NCCL INFO Received and initiated operation=SharedInit res=0
sciml2301:1050816:1050899 [0] NCCL INFO recvOpId=0x7f31f5e8e7e0 matches expected opId=0x7f31f5e8e7e0
sciml2301:1050816:1050899 [0] NCCL INFO Connection to proxy localRank 0 -> connection 0x7f32040051b0
sciml2302:751384:751465 [0] NCCL INFO recvOpId=0x7f6165e8e7e0 matches expected opId=0x7f6165e8e7e0
sciml2302:751384:751465 [0] NCCL INFO Connection to proxy localRank 0 -> connection 0x7f615c0051b0
sciml2301:1050816:1050909 [0] NCCL INFO transport/p2p.cc:204 Cuda Alloc Size 6291456 pointer 0x7f31cf400000
sciml2301:1050816:1050909 [0] NCCL INFO Allocated shareable buffer 0x7f31cf400000 size 6291456 ipcDesc 0x7f3204050660
sciml2301:1050816:1050909 [0] NCCL INFO proxyProgressAsync opId=0x7f31f5e8e7e0 op.type=3 op.reqBuff=0x7f3204042fe0 op.respSize=80 done
sciml2301:1050816:1050909 [0] NCCL INFO Received and initiated operation=Setup res=0
sciml2301:1050816:1050899 [0] NCCL INFO ncclPollProxyResponse Received new opId=0x7f31f5e8e7e0
sciml2301:1050818:1050900 [2] NCCL INFO recvOpId=0x7f2d09e6c000 matches expected opId=0x7f2d09e6c000
sciml2301:1050818:1050900 [2] NCCL INFO init.cc:380 Cuda Alloc Size 7728 pointer 0x7f2cefe02000
sciml2302:751384:751473 [0] NCCL INFO transport/p2p.cc:204 Cuda Alloc Size 6291456 pointer 0x7f613b400000
sciml2302:751384:751473 [0] NCCL INFO Allocated shareable buffer 0x7f613b400000 size 6291456 ipcDesc 0x7f615c02cd80
sciml2302:751384:751473 [0] NCCL INFO proxyProgressAsync opId=0x7f6165e8e7e0 op.type=3 op.reqBuff=0x7f615c035f30 op.respSize=80 done
sciml2302:751384:751473 [0] NCCL INFO Received and initiated operation=Setup res=0
sciml2302:751384:751465 [0] NCCL INFO ncclPollProxyResponse Received new opId=0x7f6165e8e7e0
sciml2301:1050818:1050900 [2] NCCL INFO init.cc:405 Cuda Host Alloc Size 33554432 pointer 0x7f2cfe000000
sciml2301:1050818:1050900 [2] NCCL INFO init.cc:411 Cuda Host Alloc Size 128 pointer 0x7f2ce1400200
sciml2301:1050816:1050899 [0] NCCL INFO recvOpId=0x7f31f5e8e7e0 matches expected opId=0x7f31f5e8e7e0
sciml2301:1050816:1050909 [0] NCCL INFO New proxy recv connection 9 from local rank 0, transport 0
sciml2301:1050816:1050909 [0] NCCL INFO proxyProgressAsync opId=0x7f31f5e8e7e0 op.type=1 op.reqBuff=0x7f3204042fe0 op.respSize=16 done
sciml2301:1050816:1050909 [0] NCCL INFO Received and initiated operation=Init res=0
sciml2301:1050816:1050899 [0] NCCL INFO ncclPollProxyResponse Received new opId=0x7f31f5e8e7e0
sciml2302:751384:751465 [0] NCCL INFO recvOpId=0x7f6165e8e7e0 matches expected opId=0x7f6165e8e7e0
sciml2301:1050816:1050899 [0] NCCL INFO recvOpId=0x7f31f5e8e7e0 matches expected opId=0x7f31f5e8e7e0
sciml2301:1050816:1050899 [0] NCCL INFO Connection to proxy localRank 0 -> connection 0x7f3204005200
sciml2302:751384:751473 [0] NCCL INFO New proxy recv connection 9 from local rank 0, transport 0
sciml2302:751384:751473 [0] NCCL INFO proxyProgressAsync opId=0x7f6165e8e7e0 op.type=1 op.reqBuff=0x7f615c035f30 op.respSize=16 done
sciml2302:751384:751473 [0] NCCL INFO Received and initiated operation=Init res=0
sciml2302:751384:751465 [0] NCCL INFO ncclPollProxyResponse Received new opId=0x7f6165e8e7e0
sciml2301:1050816:1050909 [0] NCCL INFO transport/p2p.cc:204 Cuda Alloc Size 6291456 pointer 0x7f31cfa00000
sciml2301:1050816:1050909 [0] NCCL INFO Allocated shareable buffer 0x7f31cfa00000 size 6291456 ipcDesc 0x7f320403b4e0
sciml2301:1050816:1050909 [0] NCCL INFO proxyProgressAsync opId=0x7f31f5e8e7e0 op.type=3 op.reqBuff=0x7f320403b4b0 op.respSize=80 done
sciml2301:1050816:1050909 [0] NCCL INFO Received and initiated operation=Setup res=0
sciml2301:1050816:1050899 [0] NCCL INFO ncclPollProxyResponse Received new opId=0x7f31f5e8e7e0
sciml2302:751384:751465 [0] NCCL INFO recvOpId=0x7f6165e8e7e0 matches expected opId=0x7f6165e8e7e0
sciml2302:751384:751465 [0] NCCL INFO Connection to proxy localRank 0 -> connection 0x7f615c005200
sciml2301:1050816:1050899 [0] NCCL INFO recvOpId=0x7f31f5e8e7e0 matches expected opId=0x7f31f5e8e7e0
sciml2301:1050816:1050899 [0] NCCL INFO sendConnect ncclProxyCallAsync opId=0x7f31f6123000
sciml2301:1050817:1050901 [1] NCCL INFO Imported shareable buffer device 1 size 6291456 ptr 0x7f8a7ba00000
sciml2301:1050817:1050901 [1] NCCL INFO Imported shareable buffer device 1 size 2097152 ptr 0x7f8a63e00000
sciml2301:1050817:1050901 [1] NCCL INFO Imported shareable buffer device 1 size 6291456 ptr 0x7f8a7d600000
sciml2301:1050817:1050901 [1] NCCL INFO Imported shareable buffer device 1 size 2097152 ptr 0x7f8a67e00000
sciml2301:1050817:1050901 [1] NCCL INFO Connected all trees
sciml2301:1050817:1050901 [1] NCCL INFO threadThresholds 8/8/64 | 64/8/64 | 512 | 512
sciml2301:1050817:1050901 [1] NCCL INFO 2 coll channels, 0 nvls channels, 2 p2p channels, 2 p2p channels per peer
sciml2301:1050816:1050909 [0] NCCL INFO transport/net_ib.cc:627 Ib Alloc Size 27160 pointer 0x7f320406f000
sciml2301:1050816:1050899 [0] NCCL INFO recvConnect ncclProxyCallAsync opId=0x7f31f6123120 &recv->proxyConn=0x7f31f6123128 connectInfo=0x7f31f6139490
sciml2301:1050816:1050899 [0] NCCL INFO sendConnect ncclProxyCallAsync opId=0x7f31f6135920
sciml2301:1050816:1050899 [0] NCCL INFO recvConnect ncclProxyCallAsync opId=0x7f31f6135a40 &recv->proxyConn=0x7f31f6135a48 connectInfo=0x7f31f6139510
sciml2301:1050816:1050899 [0] NCCL INFO Imported shareable buffer device 0 size 6291456 ptr 0x7f320b600000
sciml2301:1050816:1050899 [0] NCCL INFO Imported shareable buffer device 0 size 6291456 ptr 0x7f320d400000
sciml2301:1050817:1050908 [1] NCCL INFO Allocated 4194660 bytes of shared memory in /dev/shm/nccl-2Ta5bM
sciml2301:1050816:1050909 [0] NCCL INFO NET/IB: Dev 0 Port 1 qpn 125564 mtu 5 LID 152
sciml2301:1050816:1050909 [0] NCCL INFO transport/net_ib.cc:679 Ib Alloc Size 552 pointer 0x7f3204081000
sciml2301:1050816:1050909 [0] NCCL INFO Received and initiated operation=Connect res=0
sciml2301:1050816:1050909 [0] NCCL INFO transport/net_ib.cc:739 Ib Alloc Size 22280 pointer 0x7f3204088000
sciml2301:1050816:1050909 [0] NCCL INFO Received and initiated operation=Connect res=0
sciml2301:1050816:1050909 [0] NCCL INFO transport/net_ib.cc:627 Ib Alloc Size 27160 pointer 0x7f3204094000
sciml2302:751384:751473 [0] NCCL INFO transport/p2p.cc:204 Cuda Alloc Size 6291456 pointer 0x7f613ba00000
sciml2302:751384:751473 [0] NCCL INFO Allocated shareable buffer 0x7f613ba00000 size 6291456 ipcDesc 0x7f615c05bd70
sciml2302:751384:751473 [0] NCCL INFO proxyProgressAsync opId=0x7f6165e8e7e0 op.type=3 op.reqBuff=0x7f615c05bd40 op.respSize=80 done
sciml2302:751384:751473 [0] NCCL INFO Received and initiated operation=Setup res=0
sciml2302:751384:751465 [0] NCCL INFO ncclPollProxyResponse Received new opId=0x7f6165e8e7e0
sciml2301:1050816:1050909 [0] NCCL INFO NET/IB: Dev 0 Port 1 qpn 125565 mtu 5 LID 152
sciml2301:1050816:1050909 [0] NCCL INFO transport/net_ib.cc:679 Ib Alloc Size 552 pointer 0x7f32040ac000
sciml2301:1050816:1050909 [0] NCCL INFO Received and initiated operation=Connect res=0
sciml2301:1050816:1050909 [0] NCCL INFO transport/net_ib.cc:739 Ib Alloc Size 22280 pointer 0x7f32040b3000
sciml2301:1050816:1050909 [0] NCCL INFO Received and initiated operation=Connect res=0
sciml2301:1050817:1050908 [1] NCCL INFO New proxy send connection 8 from local rank 1, transport 2
sciml2301:1050817:1050908 [1] NCCL INFO proxyProgressAsync opId=0x7f8a55ecea60 op.type=1 op.reqBuff=0x7f8a4c00cdb0 op.respSize=16 done
sciml2301:1050817:1050908 [1] NCCL INFO Received and initiated operation=Init res=0
sciml2301:1050817:1050901 [1] NCCL INFO ncclPollProxyResponse Received new opId=0x7f8a55ecea60
sciml2301:1050817:1050901 [1] NCCL INFO recvOpId=0x7f8a55ecea60 matches expected opId=0x7f8a55ecea60
sciml2301:1050817:1050901 [1] NCCL INFO Connection to proxy localRank 1 -> connection 0x7f8a4c0051b0
sciml2301:1050817:1050908 [1] NCCL INFO transport/net.cc:446 Cuda Alloc Size 4194304 pointer 0x7f8a7dc00000
sciml2301:1050817:1050908 [1] NCCL INFO proxyProgressAsync opId=0x7f8a55ecea60 op.type=2 op.reqBuff=0x7f8a4c00da60 op.respSize=0 done
sciml2301:1050817:1050908 [1] NCCL INFO Received and initiated operation=SharedInit res=0
sciml2301:1050817:1050901 [1] NCCL INFO ncclPollProxyResponse Received new opId=0x7f8a55ecea60
sciml2302:751384:751465 [0] NCCL INFO recvOpId=0x7f6165e8e7e0 matches expected opId=0x7f6165e8e7e0
sciml2302:751384:751465 [0] NCCL INFO sendConnect ncclProxyCallAsync opId=0x7f61661229b0
sciml2302:751385:751466 [1] NCCL INFO Imported shareable buffer device 1 size 6291456 ptr 0x7f21afa00000
sciml2302:751385:751466 [1] NCCL INFO Imported shareable buffer device 1 size 2097152 ptr 0x7f2197e00000
sciml2302:751385:751466 [1] NCCL INFO Imported shareable buffer device 1 size 6291456 ptr 0x7f21b1600000
sciml2302:751385:751466 [1] NCCL INFO Imported shareable buffer device 1 size 2097152 ptr 0x7f219be00000
sciml2302:751385:751466 [1] NCCL INFO Connected all trees
sciml2302:751385:751466 [1] NCCL INFO threadThresholds 8/8/64 | 64/8/64 | 512 | 512
sciml2302:751385:751466 [1] NCCL INFO 2 coll channels, 0 nvls channels, 2 p2p channels, 2 p2p channels per peer
sciml2301:1050817:1050901 [1] NCCL INFO recvOpId=0x7f8a55ecea60 matches expected opId=0x7f8a55ecea60
sciml2301:1050817:1050901 [1] NCCL INFO init.cc:380 Cuda Alloc Size 7728 pointer 0x7f8a3be02000
sciml2302:751384:751465 [0] NCCL INFO recvConnect ncclProxyCallAsync opId=0x7f6166122ad0 &recv->proxyConn=0x7f6166122ad8 connectInfo=0x7f6166139760
sciml2302:751384:751465 [0] NCCL INFO sendConnect ncclProxyCallAsync opId=0x7f61661352d0
sciml2302:751384:751465 [0] NCCL INFO recvConnect ncclProxyCallAsync opId=0x7f61661353f0 &recv->proxyConn=0x7f61661353f8 connectInfo=0x7f61661397e0
sciml2302:751384:751465 [0] NCCL INFO Imported shareable buffer device 0 size 6291456 ptr 0x7f6177600000
sciml2302:751384:751465 [0] NCCL INFO Imported shareable buffer device 0 size 6291456 ptr 0x7f6179400000
sciml2302:751385:751474 [1] NCCL INFO Allocated 4194660 bytes of shared memory in /dev/shm/nccl-2iXVAR
sciml2302:751385:751474 [1] NCCL INFO New proxy send connection 8 from local rank 1, transport 2
sciml2302:751385:751474 [1] NCCL INFO proxyProgressAsync opId=0x7f2189ecea60 op.type=1 op.reqBuff=0x7f218000cdb0 op.respSize=16 done
sciml2302:751385:751474 [1] NCCL INFO Received and initiated operation=Init res=0
sciml2302:751385:751466 [1] NCCL INFO ncclPollProxyResponse Received new opId=0x7f2189ecea60
sciml2302:751385:751466 [1] NCCL INFO recvOpId=0x7f2189ecea60 matches expected opId=0x7f2189ecea60
sciml2302:751385:751466 [1] NCCL INFO Connection to proxy localRank 1 -> connection 0x7f21800051b0
sciml2302:751385:751474 [1] NCCL INFO transport/net.cc:446 Cuda Alloc Size 4194304 pointer 0x7f21b1c00000
sciml2302:751385:751474 [1] NCCL INFO proxyProgressAsync opId=0x7f2189ecea60 op.type=2 op.reqBuff=0x7f218000da60 op.respSize=0 done
sciml2302:751385:751474 [1] NCCL INFO Received and initiated operation=SharedInit res=0
sciml2302:751385:751466 [1] NCCL INFO ncclPollProxyResponse Received new opId=0x7f2189ecea60
sciml2301:1050817:1050901 [1] NCCL INFO init.cc:405 Cuda Host Alloc Size 33554432 pointer 0x7f8a4a000000
sciml2301:1050817:1050901 [1] NCCL INFO init.cc:411 Cuda Host Alloc Size 128 pointer 0x7f8a2d400200
sciml2302:751384:751473 [0] NCCL INFO transport/net_ib.cc:627 Ib Alloc Size 27160 pointer 0x7f615c071000
sciml2302:751384:751473 [0] NCCL INFO NET/IB: Dev 0 Port 1 qpn 112866 mtu 5 LID 149
sciml2301:1050816:1050909 [0] NCCL INFO transport/net_ib.cc:752 Ib Alloc Size 552 pointer 0x7f32040ba000
sciml2302:751384:751473 [0] NCCL INFO transport/net_ib.cc:679 Ib Alloc Size 552 pointer 0x7f615c083000
sciml2302:751384:751473 [0] NCCL INFO Received and initiated operation=Connect res=0
sciml2302:751384:751473 [0] NCCL INFO transport/net_ib.cc:739 Ib Alloc Size 22280 pointer 0x7f615c08a000
sciml2302:751384:751473 [0] NCCL INFO transport/net_ib.cc:752 Ib Alloc Size 552 pointer 0x7f615c091000
sciml2302:751384:751473 [0] NCCL INFO transport/net_ib.cc:829 Ib Alloc Size 552 pointer 0x7f615c0a2000
sciml2302:751384:751473 [0] NCCL INFO Received and initiated operation=Connect res=0
sciml2302:751384:751473 [0] NCCL INFO transport/net_ib.cc:627 Ib Alloc Size 27160 pointer 0x7f615c0a9000
sciml2302:751384:751473 [0] NCCL INFO NET/IB: Dev 0 Port 1 qpn 112868 mtu 5 LID 149
sciml2302:751384:751473 [0] NCCL INFO transport/net_ib.cc:679 Ib Alloc Size 552 pointer 0x7f615c0c0000
sciml2302:751384:751473 [0] NCCL INFO Received and initiated operation=Connect res=0
sciml2302:751384:751473 [0] NCCL INFO transport/net_ib.cc:739 Ib Alloc Size 22280 pointer 0x7f615c0c7000
sciml2302:751384:751473 [0] NCCL INFO transport/net_ib.cc:752 Ib Alloc Size 552 pointer 0x7f615c0ce000
sciml2302:751384:751473 [0] NCCL INFO transport/net_ib.cc:829 Ib Alloc Size 552 pointer 0x7f615c0e0000
sciml2302:751384:751473 [0] NCCL INFO Received and initiated operation=Connect res=0
sciml2301:1050816:1050909 [0] NCCL INFO transport/net_ib.cc:829 Ib Alloc Size 552 pointer 0x7f32040cc000
sciml2302:751384:751473 [0] NCCL INFO transport/net.cc:643 Cuda Host Alloc Size 9641984 pointer 0x7f618d400000
sciml2301:1050816:1050909 [0] NCCL INFO transport/net.cc:643 Cuda Host Alloc Size 9641984 pointer 0x7f3221400000
sciml2302:751384:751473 [0] NCCL INFO proxyProgressAsync opId=0x7f61661229b0 op.type=4 op.reqBuff=0x7f615c050a90 op.respSize=21040 done
sciml2302:751384:751473 [0] NCCL INFO transport/net.cc:778 Cuda Host Alloc Size 9641984 pointer 0x7f618f600000
sciml2302:751384:751465 [0] NCCL INFO ncclPollProxyResponse Received new opId=0x7f61661229b0
sciml2302:751384:751465 [0] NCCL INFO Queuing opId=0x7f61661229b0 respBuff=0x7f616617fc10 respSize=21040
sciml2302:751384:751465 [0] NCCL INFO ncclPollProxyResponse Dequeued cached opId=0x7f61661229b0
sciml2302:751384:751465 [0] NCCL INFO sendConnect ncclPollProxyResponse opId=0x7f61661229b0
sciml2301:1050816:1050909 [0] NCCL INFO proxyProgressAsync opId=0x7f31f6135920 op.type=4 op.reqBuff=0x7f320403cf70 op.respSize=21040 done
sciml2301:1050816:1050909 [0] NCCL INFO transport/net_ib.cc:752 Ib Alloc Size 552 pointer 0x7f320408f000
sciml2301:1050816:1050899 [0] NCCL INFO ncclPollProxyResponse Received new opId=0x7f31f6135920
sciml2301:1050816:1050899 [0] NCCL INFO Queuing opId=0x7f31f6135920 respBuff=0x7f31f617f940 respSize=21040
sciml2301:1050816:1050899 [0] NCCL INFO ncclPollProxyResponse Dequeued cached opId=0x7f31f6135920
sciml2301:1050816:1050899 [0] NCCL INFO sendConnect ncclPollProxyResponse opId=0x7f31f6135920
sciml2301:1050816:1050909 [0] NCCL INFO transport/net_ib.cc:829 Ib Alloc Size 552 pointer 0x7f3204091000
sciml2301:1050816:1050909 [0] NCCL INFO transport/net.cc:643 Cuda Host Alloc Size 9641984 pointer 0x7f3223600000
sciml2302:751384:751473 [0] NCCL INFO proxyProgressAsync opId=0x7f61661353f0 op.type=4 op.reqBuff=0x7f615c050fe0 op.respSize=21040 done
sciml2301:1050816:1050909 [0] NCCL INFO proxyProgressAsync opId=0x7f31f6123000 op.type=4 op.reqBuff=0x7f320403bfd0 op.respSize=21040 done
sciml2301:1050816:1050899 [0] NCCL INFO ncclPollProxyResponse Received new opId=0x7f31f6123000
sciml2301:1050816:1050899 [0] NCCL INFO Queuing opId=0x7f31f6123000 respBuff=0x7f31f6170280 respSize=21040
sciml2301:1050816:1050899 [0] NCCL INFO ncclPollProxyResponse Dequeued cached opId=0x7f31f6123000
sciml2301:1050816:1050899 [0] NCCL INFO sendConnect ncclPollProxyResponse opId=0x7f31f6123000
sciml2302:751384:751473 [0] NCCL INFO transport/net.cc:778 Cuda Host Alloc Size 9641984 pointer 0x7f6191400000
sciml2302:751384:751465 [0] NCCL INFO ncclPollProxyResponse Received new opId=0x7f61661353f0
sciml2302:751384:751465 [0] NCCL INFO recvOpId=0x7f61661353f0 matches expected opId=0x7f61661353f0
sciml2302:751384:751465 [0] NCCL INFO recvConnect ncclPollProxyResponse opId=0x7f61661353f0
sciml2302:751384:751473 [0] NCCL INFO proxyProgressAsync opId=0x7f6166122ad0 op.type=4 op.reqBuff=0x7f615c05bd40 op.respSize=21040 done
sciml2302:751384:751465 [0] NCCL INFO ncclPollProxyResponse Received new opId=0x7f6166122ad0
sciml2302:751384:751465 [0] NCCL INFO Queuing opId=0x7f6166122ad0 respBuff=0x7f616615bc50 respSize=21040
sciml2302:751384:751465 [0] NCCL INFO ncclPollProxyResponse Dequeued cached opId=0x7f6166122ad0
sciml2302:751384:751465 [0] NCCL INFO recvConnect ncclPollProxyResponse opId=0x7f6166122ad0
sciml2302:751385:751466 [1] NCCL INFO recvOpId=0x7f2189ecea60 matches expected opId=0x7f2189ecea60
sciml2302:751385:751466 [1] NCCL INFO init.cc:380 Cuda Alloc Size 7728 pointer 0x7f216fe02000
sciml2301:1050816:1050909 [0] NCCL INFO transport/net.cc:778 Cuda Host Alloc Size 9641984 pointer 0x7f3225400000
sciml2302:751384:751473 [0] NCCL INFO transport/net.cc:643 Cuda Host Alloc Size 9641984 pointer 0x7f6193600000
sciml2301:1050816:1050909 [0] NCCL INFO proxyProgressAsync opId=0x7f31f6123120 op.type=4 op.reqBuff=0x7f320403b4b0 op.respSize=21040 done
sciml2301:1050816:1050899 [0] NCCL INFO ncclPollProxyResponse Received new opId=0x7f31f6123120
sciml2301:1050816:1050899 [0] NCCL INFO Queuing opId=0x7f31f6123120 respBuff=0x7f31f6170280 respSize=21040
sciml2301:1050816:1050899 [0] NCCL INFO ncclPollProxyResponse Dequeued cached opId=0x7f31f6123120
sciml2301:1050816:1050899 [0] NCCL INFO recvConnect ncclPollProxyResponse opId=0x7f31f6123120
sciml2301:1050816:1050909 [0] NCCL INFO transport/net.cc:778 Cuda Host Alloc Size 9641984 pointer 0x7f3227600000
sciml2302:751384:751473 [0] NCCL INFO proxyProgressAsync opId=0x7f61661352d0 op.type=4 op.reqBuff=0x7f615c092ec0 op.respSize=21040 done
sciml2302:751384:751465 [0] NCCL INFO ncclPollProxyResponse Received new opId=0x7f61661352d0
sciml2302:751384:751465 [0] NCCL INFO recvOpId=0x7f61661352d0 matches expected opId=0x7f61661352d0
sciml2302:751384:751465 [0] NCCL INFO sendConnect ncclPollProxyResponse opId=0x7f61661352d0
sciml2302:751384:751465 [0] NCCL INFO Connected all trees
sciml2302:751384:751465 [0] NCCL INFO threadThresholds 8/8/64 | 64/8/64 | 512 | 512
sciml2302:751384:751465 [0] NCCL INFO 2 coll channels, 0 nvls channels, 2 p2p channels, 2 p2p channels per peer
sciml2301:1050816:1050909 [0] NCCL INFO proxyProgressAsync opId=0x7f31f6135a40 op.type=4 op.reqBuff=0x7f3204087bb0 op.respSize=21040 done
sciml2301:1050816:1050899 [0] NCCL INFO ncclPollProxyResponse Received new opId=0x7f31f6135a40
sciml2301:1050816:1050899 [0] NCCL INFO recvOpId=0x7f31f6135a40 matches expected opId=0x7f31f6135a40
sciml2301:1050816:1050899 [0] NCCL INFO recvConnect ncclPollProxyResponse opId=0x7f31f6135a40
sciml2301:1050816:1050899 [0] NCCL INFO Connected all trees
sciml2301:1050816:1050899 [0] NCCL INFO   Algorithm   |                            Tree                  |                            Ring                  |                   CollNetDirect                  |
sciml2301:1050816:1050899 [0] NCCL INFO   Protocol    |             LL |          LL128 |         Simple |             LL |          LL128 |         Simple |             LL |          LL128 |         Simple |
sciml2301:1050816:1050899 [0] NCCL INFO  Max NThreads |            512 |            640 |            512 |            512 |            640 |            256 |              0 |              0 |            640 |
sciml2301:1050816:1050899 [0] NCCL INFO     Broadcast |     0.0/   0.0 |     0.0/   0.0 |     0.0/   0.0 |     9.3/   3.0 |    18.0/   0.0 |    22.4/  12.0 |     0.0/   0.0 |     0.0/   0.0 |     0.0/   0.0 |
sciml2301:1050816:1050899 [0] NCCL INFO        Reduce |     0.0/   0.0 |     0.0/   0.0 |     0.0/   0.0 |     9.3/   3.0 |    18.0/   0.0 |    22.4/  12.0 |     0.0/   0.0 |     0.0/   0.0 |     0.0/   0.0 |
sciml2301:1050816:1050899 [0] NCCL INFO     AllGather |     0.0/   0.0 |     0.0/   0.0 |     0.0/   0.0 |    21.3/   3.4 |    33.0/   0.0 |    58.4/  13.7 |     0.0/   0.0 |     0.0/   0.0 |     0.0/   0.0 |
sciml2301:1050816:1050899 [0] NCCL INFO ReduceScatter |     0.0/   0.0 |     0.0/   0.0 |     0.0/   0.0 |    21.3/   3.4 |    33.0/   0.0 |    58.4/  13.7 |     0.0/   0.0 |     0.0/   0.0 |     0.0/   0.0 |
sciml2301:1050816:1050899 [0] NCCL INFO     AllReduce |    22.8/   1.5 |    42.4/   0.0 |   224.0/   5.5 |    37.4/   1.7 |    55.0/   0.0 |   124.4/   6.9 |     9.8/   0.0 |    17.0/   0.0 |    29.7/   0.0 |
sciml2301:1050816:1050899 [0] NCCL INFO   Algorithm   |                    CollNetChain                  |                            NVLS                  |                        NVLSTree                  |
sciml2301:1050816:1050899 [0] NCCL INFO   Protocol    |             LL |          LL128 |         Simple |             LL |          LL128 |         Simple |             LL |          LL128 |         Simple |
sciml2301:1050816:1050899 [0] NCCL INFO  Max NThreads |              0 |              0 |            640 |              0 |              0 |            640 |              0 |              0 |            640 |
sciml2301:1050816:1050899 [0] NCCL INFO     Broadcast |     0.0/   0.0 |     0.0/   0.0 |     0.0/   0.0 |     0.0/   0.0 |     0.0/   0.0 |     0.0/   0.0 |     0.0/   0.0 |     0.0/   0.0 |     0.0/   0.0 |
