sciml2301:1050816:1051439 [0] NCCL INFO AllReduce: opCount 9f sendbuff 0x7f3178000000 recvbuff 0x7f3178000000 count 44112384 datatype 7 op 0 root 0 comm 0xff9e360 [nranks=8] stream 0xffa1f20
sciml2301:1050817:1051444 [1] NCCL INFO AllReduce: opCount 9e sendbuff 0x7f8975613800 recvbuff 0x7f8975613800 count 7087872 datatype 7 op 0 root 0 comm 0x105c44d0 [nranks=8] stream 0x9e8c180
sciml2301:1050818:1051449 [2] NCCL INFO AllReduce: opCount a2 sendbuff 0x7f2d44000000 recvbuff 0x7f2d44000000 count 2361600 datatype 7 op 0 root 0 comm 0xdc8f2f0 [nranks=8] stream 0xee7d9a0
sciml2301:1050817:1051444 [1] NCCL INFO AllReduce: opCount 9f sendbuff 0x7f89ee000000 recvbuff 0x7f89ee000000 count 44112384 datatype 7 op 0 root 0 comm 0x105c44d0 [nranks=8] stream 0x9e8c180
sciml2301:1050818:1051449 [2] NCCL INFO AllReduce: opCount a3 sendbuff 0x7f2cd733d800 recvbuff 0x7f2cd733d800 count 7087872 datatype 7 op 0 root 0 comm 0xdc8f2f0 [nranks=8] stream 0xee7d9a0
sciml2301:1050818:1051449 [2] NCCL INFO AllReduce: opCount a4 sendbuff 0x7f2cd8e47400 recvbuff 0x7f2cd8e47400 count 7087872 datatype 7 op 0 root 0 comm 0xdc8f2f0 [nranks=8] stream 0xee7d9a0
sciml2301:1050818:1051449 [2] NCCL INFO AllReduce: opCount a5 sendbuff 0x7f2cda951000 recvbuff 0x7f2cda951000 count 7087872 datatype 7 op 0 root 0 comm 0xdc8f2f0 [nranks=8] stream 0xee7d9a0
sciml2301:1050818:1051449 [2] NCCL INFO AllReduce: opCount a6 sendbuff 0x7f2cdc45ac00 recvbuff 0x7f2cdc45ac00 count 7087872 datatype 7 op 0 root 0 comm 0xdc8f2f0 [nranks=8] stream 0xee7d9a0
sciml2301:1050816:1050816 [0] NCCL INFO Broadcast: opCount a0 sendbuff 0x7f30d64e0000 recvbuff 0x7f30d64e0000 count 12582912 datatype 0 op 0 root 0 comm 0xff9e360 [nranks=8] stream 0xffa1f20
sciml2301:1050816:1050816 [0] NCCL INFO Broadcast: opCount a1 sendbuff 0x7f32275d8800 recvbuff 0x7f32275d8800 count 48 datatype 0 op 0 root 0 comm 0xff9e360 [nranks=8] stream 0xffa1f20
sciml2301:1050818:1051449 [2] NCCL INFO AllReduce: opCount a7 sendbuff 0x7f2cc576a400 recvbuff 0x7f2cc576a400 count 7087872 datatype 7 op 0 root 0 comm 0xdc8f2f0 [nranks=8] stream 0xee7d9a0
sciml2301:1050817:1050817 [1] NCCL INFO Broadcast: opCount a0 sendbuff 0x7f8a2a400000 recvbuff 0x7f8a2a400000 count 12582912 datatype 0 op 0 root 0 comm 0x105c44d0 [nranks=8] stream 0x9e8c180
sciml2301:1050817:1050817 [1] NCCL INFO Broadcast: opCount a1 sendbuff 0x7f8a875d8800 recvbuff 0x7f8a875d8800 count 48 datatype 0 op 0 root 0 comm 0x105c44d0 [nranks=8] stream 0x9e8c180
sciml2301:1050818:1051449 [2] NCCL INFO AllReduce: opCount a8 sendbuff 0x7f2cc7274000 recvbuff 0x7f2cc7274000 count 7087872 datatype 7 op 0 root 0 comm 0xdc8f2f0 [nranks=8] stream 0xee7d9a0
sciml2301:1050819:1051454 [3] NCCL INFO AllReduce: opCount 9e sendbuff 0x7f1665613800 recvbuff 0x7f1665613800 count 7087872 datatype 7 op 0 root 0 comm 0x10069730 [nranks=8] stream 0x148af220
sciml2302:751385:752014 [1] NCCL INFO AllReduce: opCount a2 sendbuff 0x7f2176000000 recvbuff 0x7f2176000000 count 2361600 datatype 7 op 0 root 0 comm 0xcf47dd0 [nranks=8] stream 0xbd72790
sciml2301:1050819:1051454 [3] NCCL INFO AllReduce: opCount 9f sendbuff 0x7f16de000000 recvbuff 0x7f16de000000 count 44112384 datatype 7 op 0 root 0 comm 0x10069730 [nranks=8] stream 0x148af220
sciml2302:751385:752014 [1] NCCL INFO AllReduce: opCount a3 sendbuff 0x7f215733d800 recvbuff 0x7f215733d800 count 7087872 datatype 7 op 0 root 0 comm 0xcf47dd0 [nranks=8] stream 0xbd72790
sciml2302:751387:752020 [3] NCCL INFO AllReduce: opCount a2 sendbuff 0x7f0818000000 recvbuff 0x7f0818000000 count 2361600 datatype 7 op 0 root 0 comm 0x110302a0 [nranks=8] stream 0x12209ec0
sciml2302:751385:752014 [1] NCCL INFO AllReduce: opCount a4 sendbuff 0x7f2158e47400 recvbuff 0x7f2158e47400 count 7087872 datatype 7 op 0 root 0 comm 0xcf47dd0 [nranks=8] stream 0xbd72790
sciml2302:751385:752014 [1] NCCL INFO AllReduce: opCount a5 sendbuff 0x7f215a951000 recvbuff 0x7f215a951000 count 7087872 datatype 7 op 0 root 0 comm 0xcf47dd0 [nranks=8] stream 0xbd72790
sciml2302:751387:752020 [3] NCCL INFO AllReduce: opCount a3 sendbuff 0x7f07ab33d800 recvbuff 0x7f07ab33d800 count 7087872 datatype 7 op 0 root 0 comm 0x110302a0 [nranks=8] stream 0x12209ec0
sciml2302:751385:752014 [1] NCCL INFO AllReduce: opCount a6 sendbuff 0x7f215c45ac00 recvbuff 0x7f215c45ac00 count 7087872 datatype 7 op 0 root 0 comm 0xcf47dd0 [nranks=8] stream 0xbd72790
sciml2302:751387:752020 [3] NCCL INFO AllReduce: opCount a4 sendbuff 0x7f07ace47400 recvbuff 0x7f07ace47400 count 7087872 datatype 7 op 0 root 0 comm 0x110302a0 [nranks=8] stream 0x12209ec0
sciml2301:1050819:1050819 [3] NCCL INFO Broadcast: opCount a0 sendbuff 0x7f171a400000 recvbuff 0x7f171a400000 count 12582912 datatype 0 op 0 root 0 comm 0x10069730 [nranks=8] stream 0x148af220
sciml2301:1050819:1050819 [3] NCCL INFO Broadcast: opCount a1 sendbuff 0x7f17775d8800 recvbuff 0x7f17775d8800 count 48 datatype 0 op 0 root 0 comm 0x10069730 [nranks=8] stream 0x148af220
sciml2302:751385:752014 [1] NCCL INFO AllReduce: opCount a7 sendbuff 0x7f214576a400 recvbuff 0x7f214576a400 count 7087872 datatype 7 op 0 root 0 comm 0xcf47dd0 [nranks=8] stream 0xbd72790
sciml2302:751387:752020 [3] NCCL INFO AllReduce: opCount a5 sendbuff 0x7f07ae951000 recvbuff 0x7f07ae951000 count 7087872 datatype 7 op 0 root 0 comm 0x110302a0 [nranks=8] stream 0x12209ec0
sciml2302:751385:752014 [1] NCCL INFO AllReduce: opCount a8 sendbuff 0x7f2147274000 recvbuff 0x7f2147274000 count 7087872 datatype 7 op 0 root 0 comm 0xcf47dd0 [nranks=8] stream 0xbd72790
sciml2302:751387:752020 [3] NCCL INFO AllReduce: opCount a6 sendbuff 0x7f07b045ac00 recvbuff 0x7f07b045ac00 count 7087872 datatype 7 op 0 root 0 comm 0x110302a0 [nranks=8] stream 0x12209ec0
sciml2302:751386:752011 [2] NCCL INFO AllReduce: opCount a2 sendbuff 0x7f66b6000000 recvbuff 0x7f66b6000000 count 2361600 datatype 7 op 0 root 0 comm 0x10571190 [nranks=8] stream 0x117b9900
sciml2302:751384:752005 [0] NCCL INFO AllReduce: opCount a2 sendbuff 0x7f60ce000000 recvbuff 0x7f60ce000000 count 2361600 datatype 7 op 0 root 0 comm 0x119f4d80 [nranks=8] stream 0x119f8990
sciml2302:751386:752011 [2] NCCL INFO AllReduce: opCount a3 sendbuff 0x7f669533d800 recvbuff 0x7f669533d800 count 7087872 datatype 7 op 0 root 0 comm 0x10571190 [nranks=8] stream 0x117b9900
sciml2302:751384:752005 [0] NCCL INFO AllReduce: opCount a3 sendbuff 0x7f611933d800 recvbuff 0x7f611933d800 count 7087872 datatype 7 op 0 root 0 comm 0x119f4d80 [nranks=8] stream 0x119f8990
sciml2302:751386:752011 [2] NCCL INFO AllReduce: opCount a4 sendbuff 0x7f6696e47400 recvbuff 0x7f6696e47400 count 7087872 datatype 7 op 0 root 0 comm 0x10571190 [nranks=8] stream 0x117b9900
sciml2301:1050816:1051439 [0] NCCL INFO AllReduce: opCount a2 sendbuff 0x7f3162000000 recvbuff 0x7f3162000000 count 2361600 datatype 7 op 0 root 0 comm 0xff9e360 [nranks=8] stream 0xffa1f20
sciml2302:751384:752005 [0] NCCL INFO AllReduce: opCount a4 sendbuff 0x7f611ae47400 recvbuff 0x7f611ae47400 count 7087872 datatype 7 op 0 root 0 comm 0x119f4d80 [nranks=8] stream 0x119f8990
sciml2302:751384:752005 [0] NCCL INFO AllReduce: opCount a5 sendbuff 0x7f611c951000 recvbuff 0x7f611c951000 count 7087872 datatype 7 op 0 root 0 comm 0x119f4d80 [nranks=8] stream 0x119f8990
sciml2302:751386:752011 [2] NCCL INFO AllReduce: opCount a5 sendbuff 0x7f6698951000 recvbuff 0x7f6698951000 count 7087872 datatype 7 op 0 root 0 comm 0x10571190 [nranks=8] stream 0x117b9900
sciml2301:1050816:1051439 [0] NCCL INFO AllReduce: opCount a3 sendbuff 0x7f31ad33d800 recvbuff 0x7f31ad33d800 count 7087872 datatype 7 op 0 root 0 comm 0xff9e360 [nranks=8] stream 0xffa1f20
sciml2302:751384:752005 [0] NCCL INFO AllReduce: opCount a6 sendbuff 0x7f611e45ac00 recvbuff 0x7f611e45ac00 count 7087872 datatype 7 op 0 root 0 comm 0x119f4d80 [nranks=8] stream 0x119f8990
sciml2301:1050816:1051439 [0] NCCL INFO AllReduce: opCount a4 sendbuff 0x7f31aee47400 recvbuff 0x7f31aee47400 count 7087872 datatype 7 op 0 root 0 comm 0xff9e360 [nranks=8] stream 0xffa1f20
sciml2302:751384:752005 [0] NCCL INFO AllReduce: opCount a7 sendbuff 0x7f610776a400 recvbuff 0x7f610776a400 count 7087872 datatype 7 op 0 root 0 comm 0x119f4d80 [nranks=8] stream 0x119f8990
sciml2302:751386:752011 [2] NCCL INFO AllReduce: opCount a6 sendbuff 0x7f669a45ac00 recvbuff 0x7f669a45ac00 count 7087872 datatype 7 op 0 root 0 comm 0x10571190 [nranks=8] stream 0x117b9900
sciml2301:1050816:1051439 [0] NCCL INFO AllReduce: opCount a5 sendbuff 0x7f31b0951000 recvbuff 0x7f31b0951000 count 7087872 datatype 7 op 0 root 0 comm 0xff9e360 [nranks=8] stream 0xffa1f20
sciml2302:751384:752005 [0] NCCL INFO AllReduce: opCount a8 sendbuff 0x7f6109274000 recvbuff 0x7f6109274000 count 7087872 datatype 7 op 0 root 0 comm 0x119f4d80 [nranks=8] stream 0x119f8990
sciml2302:751387:752020 [3] NCCL INFO AllReduce: opCount a7 sendbuff 0x7f079976a400 recvbuff 0x7f079976a400 count 7087872 datatype 7 op 0 root 0 comm 0x110302a0 [nranks=8] stream 0x12209ec0
sciml2301:1050816:1051439 [0] NCCL INFO AllReduce: opCount a6 sendbuff 0x7f31b245ac00 recvbuff 0x7f31b245ac00 count 7087872 datatype 7 op 0 root 0 comm 0xff9e360 [nranks=8] stream 0xffa1f20
sciml2302:751387:752020 [3] NCCL INFO AllReduce: opCount a8 sendbuff 0x7f079b274000 recvbuff 0x7f079b274000 count 7087872 datatype 7 op 0 root 0 comm 0x110302a0 [nranks=8] stream 0x12209ec0
sciml2302:751386:752011 [2] NCCL INFO AllReduce: opCount a7 sendbuff 0x7f668376a400 recvbuff 0x7f668376a400 count 7087872 datatype 7 op 0 root 0 comm 0x10571190 [nranks=8] stream 0x117b9900
sciml2301:1050816:1051439 [0] NCCL INFO AllReduce: opCount a7 sendbuff 0x7f319b76a400 recvbuff 0x7f319b76a400 count 7087872 datatype 7 op 0 root 0 comm 0xff9e360 [nranks=8] stream 0xffa1f20
sciml2302:751386:752011 [2] NCCL INFO AllReduce: opCount a8 sendbuff 0x7f6685274000 recvbuff 0x7f6685274000 count 7087872 datatype 7 op 0 root 0 comm 0x10571190 [nranks=8] stream 0x117b9900
sciml2301:1050816:1051439 [0] NCCL INFO AllReduce: opCount a8 sendbuff 0x7f319d274000 recvbuff 0x7f319d274000 count 7087872 datatype 7 op 0 root 0 comm 0xff9e360 [nranks=8] stream 0xffa1f20
sciml2301:1050819:1051454 [3] NCCL INFO AllReduce: opCount a2 sendbuff 0x7f1780000000 recvbuff 0x7f1780000000 count 2361600 datatype 7 op 0 root 0 comm 0x10069730 [nranks=8] stream 0x148af220
sciml2301:1050817:1051444 [1] NCCL INFO AllReduce: opCount a2 sendbuff 0x7f8a90000000 recvbuff 0x7f8a90000000 count 2361600 datatype 7 op 0 root 0 comm 0x105c44d0 [nranks=8] stream 0x9e8c180
sciml2301:1050817:1051444 [1] NCCL INFO AllReduce: opCount a3 sendbuff 0x7f8a2333d800 recvbuff 0x7f8a2333d800 count 7087872 datatype 7 op 0 root 0 comm 0x105c44d0 [nranks=8] stream 0x9e8c180
sciml2301:1050819:1051454 [3] NCCL INFO AllReduce: opCount a3 sendbuff 0x7f171333d800 recvbuff 0x7f171333d800 count 7087872 datatype 7 op 0 root 0 comm 0x10069730 [nranks=8] stream 0x148af220
sciml2301:1050817:1051444 [1] NCCL INFO AllReduce: opCount a4 sendbuff 0x7f8a24e47400 recvbuff 0x7f8a24e47400 count 7087872 datatype 7 op 0 root 0 comm 0x105c44d0 [nranks=8] stream 0x9e8c180
sciml2301:1050819:1051454 [3] NCCL INFO AllReduce: opCount a4 sendbuff 0x7f1714e47400 recvbuff 0x7f1714e47400 count 7087872 datatype 7 op 0 root 0 comm 0x10069730 [nranks=8] stream 0x148af220
sciml2301:1050817:1051444 [1] NCCL INFO AllReduce: opCount a5 sendbuff 0x7f8a26951000 recvbuff 0x7f8a26951000 count 7087872 datatype 7 op 0 root 0 comm 0x105c44d0 [nranks=8] stream 0x9e8c180
sciml2301:1050819:1051454 [3] NCCL INFO AllReduce: opCount a5 sendbuff 0x7f1716951000 recvbuff 0x7f1716951000 count 7087872 datatype 7 op 0 root 0 comm 0x10069730 [nranks=8] stream 0x148af220
sciml2301:1050817:1051444 [1] NCCL INFO AllReduce: opCount a6 sendbuff 0x7f8a2845ac00 recvbuff 0x7f8a2845ac00 count 7087872 datatype 7 op 0 root 0 comm 0x105c44d0 [nranks=8] stream 0x9e8c180
sciml2301:1050819:1051454 [3] NCCL INFO AllReduce: opCount a6 sendbuff 0x7f171845ac00 recvbuff 0x7f171845ac00 count 7087872 datatype 7 op 0 root 0 comm 0x10069730 [nranks=8] stream 0x148af220
sciml2301:1050817:1051444 [1] NCCL INFO AllReduce: opCount a7 sendbuff 0x7f8a1176a400 recvbuff 0x7f8a1176a400 count 7087872 datatype 7 op 0 root 0 comm 0x105c44d0 [nranks=8] stream 0x9e8c180
sciml2301:1050819:1051454 [3] NCCL INFO AllReduce: opCount a7 sendbuff 0x7f170176a400 recvbuff 0x7f170176a400 count 7087872 datatype 7 op 0 root 0 comm 0x10069730 [nranks=8] stream 0x148af220
sciml2301:1050817:1051444 [1] NCCL INFO AllReduce: opCount a8 sendbuff 0x7f8a13274000 recvbuff 0x7f8a13274000 count 7087872 datatype 7 op 0 root 0 comm 0x105c44d0 [nranks=8] stream 0x9e8c180
sciml2301:1050819:1051454 [3] NCCL INFO AllReduce: opCount a8 sendbuff 0x7f1703274000 recvbuff 0x7f1703274000 count 7087872 datatype 7 op 0 root 0 comm 0x10069730 [nranks=8] stream 0x148af220
sciml2301:1050818:1051449 [2] NCCL INFO AllReduce: opCount a9 sendbuff 0x7f2cc8d7dc00 recvbuff 0x7f2cc8d7dc00 count 7087872 datatype 7 op 0 root 0 comm 0xdc8f2f0 [nranks=8] stream 0xee7d9a0
sciml2302:751385:752014 [1] NCCL INFO AllReduce: opCount a9 sendbuff 0x7f2148d7dc00 recvbuff 0x7f2148d7dc00 count 7087872 datatype 7 op 0 root 0 comm 0xcf47dd0 [nranks=8] stream 0xbd72790
sciml2302:751384:752005 [0] NCCL INFO AllReduce: opCount a9 sendbuff 0x7f610ad7dc00 recvbuff 0x7f610ad7dc00 count 7087872 datatype 7 op 0 root 0 comm 0x119f4d80 [nranks=8] stream 0x119f8990
sciml2302:751386:752011 [2] NCCL INFO AllReduce: opCount a9 sendbuff 0x7f6686d7dc00 recvbuff 0x7f6686d7dc00 count 7087872 datatype 7 op 0 root 0 comm 0x10571190 [nranks=8] stream 0x117b9900
sciml2301:1050817:1051444 [1] NCCL INFO AllReduce: opCount a9 sendbuff 0x7f8a14d7dc00 recvbuff 0x7f8a14d7dc00 count 7087872 datatype 7 op 0 root 0 comm 0x105c44d0 [nranks=8] stream 0x9e8c180
sciml2301:1050816:1051439 [0] NCCL INFO AllReduce: opCount a9 sendbuff 0x7f319ed7dc00 recvbuff 0x7f319ed7dc00 count 7087872 datatype 7 op 0 root 0 comm 0xff9e360 [nranks=8] stream 0xffa1f20
sciml2301:1050819:1051454 [3] NCCL INFO AllReduce: opCount a9 sendbuff 0x7f1704d7dc00 recvbuff 0x7f1704d7dc00 count 7087872 datatype 7 op 0 root 0 comm 0x10069730 [nranks=8] stream 0x148af220
sciml2302:751387:752020 [3] NCCL INFO AllReduce: opCount a9 sendbuff 0x7f079cd7dc00 recvbuff 0x7f079cd7dc00 count 7087872 datatype 7 op 0 root 0 comm 0x110302a0 [nranks=8] stream 0x12209ec0
sciml2302:751385:752014 [1] NCCL INFO AllReduce: opCount aa sendbuff 0x7f214a887800 recvbuff 0x7f214a887800 count 7087872 datatype 7 op 0 root 0 comm 0xcf47dd0 [nranks=8] stream 0xbd72790
sciml2301:1050818:1051449 [2] NCCL INFO AllReduce: opCount aa sendbuff 0x7f2cca887800 recvbuff 0x7f2cca887800 count 7087872 datatype 7 op 0 root 0 comm 0xdc8f2f0 [nranks=8] stream 0xee7d9a0
sciml2302:751384:752005 [0] NCCL INFO AllReduce: opCount aa sendbuff 0x7f610c887800 recvbuff 0x7f610c887800 count 7087872 datatype 7 op 0 root 0 comm 0x119f4d80 [nranks=8] stream 0x119f8990
sciml2302:751386:752011 [2] NCCL INFO AllReduce: opCount aa sendbuff 0x7f6688887800 recvbuff 0x7f6688887800 count 7087872 datatype 7 op 0 root 0 comm 0x10571190 [nranks=8] stream 0x117b9900
sciml2301:1050817:1051444 [1] NCCL INFO AllReduce: opCount aa sendbuff 0x7f8a16887800 recvbuff 0x7f8a16887800 count 7087872 datatype 7 op 0 root 0 comm 0x105c44d0 [nranks=8] stream 0x9e8c180
sciml2301:1050816:1051439 [0] NCCL INFO AllReduce: opCount aa sendbuff 0x7f31a0887800 recvbuff 0x7f31a0887800 count 7087872 datatype 7 op 0 root 0 comm 0xff9e360 [nranks=8] stream 0xffa1f20
sciml2301:1050819:1051454 [3] NCCL INFO AllReduce: opCount aa sendbuff 0x7f1706887800 recvbuff 0x7f1706887800 count 7087872 datatype 7 op 0 root 0 comm 0x10069730 [nranks=8] stream 0x148af220
sciml2302:751387:752020 [3] NCCL INFO AllReduce: opCount aa sendbuff 0x7f079e887800 recvbuff 0x7f079e887800 count 7087872 datatype 7 op 0 root 0 comm 0x110302a0 [nranks=8] stream 0x12209ec0
sciml2302:751384:752005 [0] NCCL INFO AllReduce: opCount ab sendbuff 0x7f6068000000 recvbuff 0x7f6068000000 count 7087872 datatype 7 op 0 root 0 comm 0x119f4d80 [nranks=8] stream 0x119f8990
sciml2302:751385:752014 [1] NCCL INFO AllReduce: opCount ab sendbuff 0x7f20a4000000 recvbuff 0x7f20a4000000 count 7087872 datatype 7 op 0 root 0 comm 0xcf47dd0 [nranks=8] stream 0xbd72790
sciml2301:1050818:1051449 [2] NCCL INFO AllReduce: opCount ab sendbuff 0x7f2c26000000 recvbuff 0x7f2c26000000 count 7087872 datatype 7 op 0 root 0 comm 0xdc8f2f0 [nranks=8] stream 0xee7d9a0
sciml2302:751386:752011 [2] NCCL INFO AllReduce: opCount ab sendbuff 0x7f65e2000000 recvbuff 0x7f65e2000000 count 7087872 datatype 7 op 0 root 0 comm 0x10571190 [nranks=8] stream 0x117b9900
sciml2301:1050817:1051444 [1] NCCL INFO AllReduce: opCount ab sendbuff 0x7f8972000000 recvbuff 0x7f8972000000 count 7087872 datatype 7 op 0 root 0 comm 0x105c44d0 [nranks=8] stream 0x9e8c180
sciml2301:1050816:1051439 [0] NCCL INFO AllReduce: opCount ab sendbuff 0x7f30fc000000 recvbuff 0x7f30fc000000 count 7087872 datatype 7 op 0 root 0 comm 0xff9e360 [nranks=8] stream 0xffa1f20
sciml2301:1050819:1051454 [3] NCCL INFO AllReduce: opCount ab sendbuff 0x7f1662000000 recvbuff 0x7f1662000000 count 7087872 datatype 7 op 0 root 0 comm 0x10069730 [nranks=8] stream 0x148af220
sciml2302:751387:752020 [3] NCCL INFO AllReduce: opCount ab sendbuff 0x7f06fa000000 recvbuff 0x7f06fa000000 count 7087872 datatype 7 op 0 root 0 comm 0x110302a0 [nranks=8] stream 0x12209ec0
sciml2301:1050819:1051454 [3] NCCL INFO AllReduce: opCount ac sendbuff 0x7f1663b09c00 recvbuff 0x7f1663b09c00 count 7087872 datatype 7 op 0 root 0 comm 0x10069730 [nranks=8] stream 0x148af220
sciml2302:751384:752005 [0] NCCL INFO AllReduce: opCount ac sendbuff 0x7f6069b09c00 recvbuff 0x7f6069b09c00 count 7087872 datatype 7 op 0 root 0 comm 0x119f4d80 [nranks=8] stream 0x119f8990
sciml2301:1050818:1051449 [2] NCCL INFO AllReduce: opCount ac sendbuff 0x7f2c27b09c00 recvbuff 0x7f2c27b09c00 count 7087872 datatype 7 op 0 root 0 comm 0xdc8f2f0 [nranks=8] stream 0xee7d9a0
sciml2302:751385:752014 [1] NCCL INFO AllReduce: opCount ac sendbuff 0x7f20a5b09c00 recvbuff 0x7f20a5b09c00 count 7087872 datatype 7 op 0 root 0 comm 0xcf47dd0 [nranks=8] stream 0xbd72790
sciml2301:1050817:1051444 [1] NCCL INFO AllReduce: opCount ac sendbuff 0x7f8973b09c00 recvbuff 0x7f8973b09c00 count 7087872 datatype 7 op 0 root 0 comm 0x105c44d0 [nranks=8] stream 0x9e8c180
sciml2302:751386:752011 [2] NCCL INFO AllReduce: opCount ac sendbuff 0x7f65e3b09c00 recvbuff 0x7f65e3b09c00 count 7087872 datatype 7 op 0 root 0 comm 0x10571190 [nranks=8] stream 0x117b9900
sciml2301:1050816:1051439 [0] NCCL INFO AllReduce: opCount ac sendbuff 0x7f30fdb09c00 recvbuff 0x7f30fdb09c00 count 7087872 datatype 7 op 0 root 0 comm 0xff9e360 [nranks=8] stream 0xffa1f20
sciml2302:751387:752020 [3] NCCL INFO AllReduce: opCount ac sendbuff 0x7f06fbb09c00 recvbuff 0x7f06fbb09c00 count 7087872 datatype 7 op 0 root 0 comm 0x110302a0 [nranks=8] stream 0x12209ec0
sciml2301:1050816:1051439 [0] NCCL INFO AllReduce: opCount ad sendbuff 0x7f30ff613800 recvbuff 0x7f30ff613800 count 7087872 datatype 7 op 0 root 0 comm 0xff9e360 [nranks=8] stream 0xffa1f20
sciml2301:1050816:1051439 [0] NCCL INFO AllReduce: opCount ae sendbuff 0x7f3178000000 recvbuff 0x7f3178000000 count 44112384 datatype 7 op 0 root 0 comm 0xff9e360 [nranks=8] stream 0xffa1f20
sciml2301:1050817:1051444 [1] NCCL INFO AllReduce: opCount ad sendbuff 0x7f8975613800 recvbuff 0x7f8975613800 count 7087872 datatype 7 op 0 root 0 comm 0x105c44d0 [nranks=8] stream 0x9e8c180
sciml2301:1050817:1051444 [1] NCCL INFO AllReduce: opCount ae sendbuff 0x7f89ee000000 recvbuff 0x7f89ee000000 count 44112384 datatype 7 op 0 root 0 comm 0x105c44d0 [nranks=8] stream 0x9e8c180
sciml2301:1050816:1050816 [0] NCCL INFO Broadcast: opCount af sendbuff 0x7f30d63c0000 recvbuff 0x7f30d63c0000 count 12582912 datatype 0 op 0 root 0 comm 0xff9e360 [nranks=8] stream 0xffa1f20
sciml2301:1050816:1050816 [0] NCCL INFO Broadcast: opCount b0 sendbuff 0x7f3195ff8000 recvbuff 0x7f3195ff8000 count 48 datatype 0 op 0 root 0 comm 0xff9e360 [nranks=8] stream 0xffa1f20
sciml2301:1050818:1051449 [2] NCCL INFO AllReduce: opCount ad sendbuff 0x7f2c29613800 recvbuff 0x7f2c29613800 count 7087872 datatype 7 op 0 root 0 comm 0xdc8f2f0 [nranks=8] stream 0xee7d9a0
sciml2301:1050818:1051449 [2] NCCL INFO AllReduce: opCount ae sendbuff 0x7f2ca2000000 recvbuff 0x7f2ca2000000 count 44112384 datatype 7 op 0 root 0 comm 0xdc8f2f0 [nranks=8] stream 0xee7d9a0
sciml2301:1050816:1051439 [0] NCCL INFO AllReduce: opCount b1 sendbuff 0x7f3162000000 recvbuff 0x7f3162000000 count 2361600 datatype 7 op 0 root 0 comm 0xff9e360 [nranks=8] stream 0xffa1f20
sciml2301:1050816:1051439 [0] NCCL INFO AllReduce: opCount b2 sendbuff 0x7f31ad33d800 recvbuff 0x7f31ad33d800 count 7087872 datatype 7 op 0 root 0 comm 0xff9e360 [nranks=8] stream 0xffa1f20
sciml2301:1050819:1051454 [3] NCCL INFO AllReduce: opCount ad sendbuff 0x7f1665613800 recvbuff 0x7f1665613800 count 7087872 datatype 7 op 0 root 0 comm 0x10069730 [nranks=8] stream 0x148af220
sciml2302:751384:752005 [0] NCCL INFO AllReduce: opCount ad sendbuff 0x7f606b613800 recvbuff 0x7f606b613800 count 7087872 datatype 7 op 0 root 0 comm 0x119f4d80 [nranks=8] stream 0x119f8990
sciml2302:751386:752011 [2] NCCL INFO AllReduce: opCount ad sendbuff 0x7f65e5613800 recvbuff 0x7f65e5613800 count 7087872 datatype 7 op 0 root 0 comm 0x10571190 [nranks=8] stream 0x117b9900
sciml2302:751387:752020 [3] NCCL INFO AllReduce: opCount ad sendbuff 0x7f06fd613800 recvbuff 0x7f06fd613800 count 7087872 datatype 7 op 0 root 0 comm 0x110302a0 [nranks=8] stream 0x12209ec0
sciml2301:1050816:1051439 [0] NCCL INFO AllReduce: opCount b3 sendbuff 0x7f31aee47400 recvbuff 0x7f31aee47400 count 7087872 datatype 7 op 0 root 0 comm 0xff9e360 [nranks=8] stream 0xffa1f20
sciml2302:751384:752005 [0] NCCL INFO AllReduce: opCount ae sendbuff 0x7f60e4000000 recvbuff 0x7f60e4000000 count 44112384 datatype 7 op 0 root 0 comm 0x119f4d80 [nranks=8] stream 0x119f8990
sciml2302:751386:752011 [2] NCCL INFO AllReduce: opCount ae sendbuff 0x7f6660000000 recvbuff 0x7f6660000000 count 44112384 datatype 7 op 0 root 0 comm 0x10571190 [nranks=8] stream 0x117b9900
sciml2302:751387:752020 [3] NCCL INFO AllReduce: opCount ae sendbuff 0x7f0776000000 recvbuff 0x7f0776000000 count 44112384 datatype 7 op 0 root 0 comm 0x110302a0 [nranks=8] stream 0x12209ec0
sciml2301:1050816:1051439 [0] NCCL INFO AllReduce: opCount b4 sendbuff 0x7f31b0951000 recvbuff 0x7f31b0951000 count 7087872 datatype 7 op 0 root 0 comm 0xff9e360 [nranks=8] stream 0xffa1f20
sciml2301:1050819:1051454 [3] NCCL INFO AllReduce: opCount ae sendbuff 0x7f16de000000 recvbuff 0x7f16de000000 count 44112384 datatype 7 op 0 root 0 comm 0x10069730 [nranks=8] stream 0x148af220
sciml2301:1050817:1050817 [1] NCCL INFO Broadcast: opCount af sendbuff 0x7f8a2a400000 recvbuff 0x7f8a2a400000 count 12582912 datatype 0 op 0 root 0 comm 0x105c44d0 [nranks=8] stream 0x9e8c180
sciml2301:1050817:1050817 [1] NCCL INFO Broadcast: opCount b0 sendbuff 0x7f8a0bff8000 recvbuff 0x7f8a0bff8000 count 48 datatype 0 op 0 root 0 comm 0x105c44d0 [nranks=8] stream 0x9e8c180
sciml2301:1050816:1051439 [0] NCCL INFO AllReduce: opCount b5 sendbuff 0x7f31b245ac00 recvbuff 0x7f31b245ac00 count 7087872 datatype 7 op 0 root 0 comm 0xff9e360 [nranks=8] stream 0xffa1f20
sciml2302:751385:752014 [1] NCCL INFO AllReduce: opCount ad sendbuff 0x7f20a7613800 recvbuff 0x7f20a7613800 count 7087872 datatype 7 op 0 root 0 comm 0xcf47dd0 [nranks=8] stream 0xbd72790
sciml2302:751385:752014 [1] NCCL INFO AllReduce: opCount ae sendbuff 0x7f2122000000 recvbuff 0x7f2122000000 count 44112384 datatype 7 op 0 root 0 comm 0xcf47dd0 [nranks=8] stream 0xbd72790
sciml2301:1050816:1051439 [0] NCCL INFO AllReduce: opCount b6 sendbuff 0x7f319b76a400 recvbuff 0x7f319b76a400 count 7087872 datatype 7 op 0 root 0 comm 0xff9e360 [nranks=8] stream 0xffa1f20
sciml2301:1050816:1051439 [0] NCCL INFO AllReduce: opCount b7 sendbuff 0x7f319d274000 recvbuff 0x7f319d274000 count 7087872 datatype 7 op 0 root 0 comm 0xff9e360 [nranks=8] stream 0xffa1f20
sciml2302:751386:751386 [2] NCCL INFO Broadcast: opCount af sendbuff 0x7f669c400000 recvbuff 0x7f669c400000 count 12582912 datatype 0 op 0 root 0 comm 0x10571190 [nranks=8] stream 0x117b9900
sciml2302:751386:751386 [2] NCCL INFO Broadcast: opCount b0 sendbuff 0x7f667dff8000 recvbuff 0x7f667dff8000 count 48 datatype 0 op 0 root 0 comm 0x10571190 [nranks=8] stream 0x117b9900
sciml2302:751387:751387 [3] NCCL INFO Broadcast: opCount af sendbuff 0x7f07b2400000 recvbuff 0x7f07b2400000 count 12582912 datatype 0 op 0 root 0 comm 0x110302a0 [nranks=8] stream 0x12209ec0
sciml2302:751387:751387 [3] NCCL INFO Broadcast: opCount b0 sendbuff 0x7f0793ff8000 recvbuff 0x7f0793ff8000 count 48 datatype 0 op 0 root 0 comm 0x110302a0 [nranks=8] stream 0x12209ec0
sciml2302:751384:751384 [0] NCCL INFO Broadcast: opCount af sendbuff 0x7f6120400000 recvbuff 0x7f6120400000 count 12582912 datatype 0 op 0 root 0 comm 0x119f4d80 [nranks=8] stream 0x119f8990
sciml2302:751384:751384 [0] NCCL INFO Broadcast: opCount b0 sendbuff 0x7f6101ff8000 recvbuff 0x7f6101ff8000 count 48 datatype 0 op 0 root 0 comm 0x119f4d80 [nranks=8] stream 0x119f8990
sciml2302:751385:751385 [1] NCCL INFO Broadcast: opCount af sendbuff 0x7f215e400000 recvbuff 0x7f215e400000 count 12582912 datatype 0 op 0 root 0 comm 0xcf47dd0 [nranks=8] stream 0xbd72790
sciml2302:751385:751385 [1] NCCL INFO Broadcast: opCount b0 sendbuff 0x7f213fff8000 recvbuff 0x7f213fff8000 count 48 datatype 0 op 0 root 0 comm 0xcf47dd0 [nranks=8] stream 0xbd72790
sciml2301:1050819:1050819 [3] NCCL INFO Broadcast: opCount af sendbuff 0x7f171a400000 recvbuff 0x7f171a400000 count 12582912 datatype 0 op 0 root 0 comm 0x10069730 [nranks=8] stream 0x148af220
sciml2301:1050819:1050819 [3] NCCL INFO Broadcast: opCount b0 sendbuff 0x7f16fbff8000 recvbuff 0x7f16fbff8000 count 48 datatype 0 op 0 root 0 comm 0x10069730 [nranks=8] stream 0x148af220
sciml2302:751384:752005 [0] NCCL INFO AllReduce: opCount b1 sendbuff 0x7f60ce000000 recvbuff 0x7f60ce000000 count 2361600 datatype 7 op 0 root 0 comm 0x119f4d80 [nranks=8] stream 0x119f8990
sciml2302:751384:752005 [0] NCCL INFO AllReduce: opCount b2 sendbuff 0x7f611933d800 recvbuff 0x7f611933d800 count 7087872 datatype 7 op 0 root 0 comm 0x119f4d80 [nranks=8] stream 0x119f8990
sciml2302:751384:752005 [0] NCCL INFO AllReduce: opCount b3 sendbuff 0x7f611ae47400 recvbuff 0x7f611ae47400 count 7087872 datatype 7 op 0 root 0 comm 0x119f4d80 [nranks=8] stream 0x119f8990
sciml2302:751387:752020 [3] NCCL INFO AllReduce: opCount b1 sendbuff 0x7f0818000000 recvbuff 0x7f0818000000 count 2361600 datatype 7 op 0 root 0 comm 0x110302a0 [nranks=8] stream 0x12209ec0
sciml2301:1050817:1051444 [1] NCCL INFO AllReduce: opCount b1 sendbuff 0x7f8a90000000 recvbuff 0x7f8a90000000 count 2361600 datatype 7 op 0 root 0 comm 0x105c44d0 [nranks=8] stream 0x9e8c180
sciml2302:751384:752005 [0] NCCL INFO AllReduce: opCount b4 sendbuff 0x7f611c951000 recvbuff 0x7f611c951000 count 7087872 datatype 7 op 0 root 0 comm 0x119f4d80 [nranks=8] stream 0x119f8990
sciml2302:751387:752020 [3] NCCL INFO AllReduce: opCount b2 sendbuff 0x7f07ab33d800 recvbuff 0x7f07ab33d800 count 7087872 datatype 7 op 0 root 0 comm 0x110302a0 [nranks=8] stream 0x12209ec0
sciml2301:1050817:1051444 [1] NCCL INFO AllReduce: opCount b2 sendbuff 0x7f8a2333d800 recvbuff 0x7f8a2333d800 count 7087872 datatype 7 op 0 root 0 comm 0x105c44d0 [nranks=8] stream 0x9e8c180
sciml2302:751384:752005 [0] NCCL INFO AllReduce: opCount b5 sendbuff 0x7f611e45ac00 recvbuff 0x7f611e45ac00 count 7087872 datatype 7 op 0 root 0 comm 0x119f4d80 [nranks=8] stream 0x119f8990
sciml2301:1050817:1051444 [1] NCCL INFO AllReduce: opCount b3 sendbuff 0x7f8a24e47400 recvbuff 0x7f8a24e47400 count 7087872 datatype 7 op 0 root 0 comm 0x105c44d0 [nranks=8] stream 0x9e8c180
sciml2302:751384:752005 [0] NCCL INFO AllReduce: opCount b6 sendbuff 0x7f610776a400 recvbuff 0x7f610776a400 count 7087872 datatype 7 op 0 root 0 comm 0x119f4d80 [nranks=8] stream 0x119f8990
sciml2302:751387:752020 [3] NCCL INFO AllReduce: opCount b3 sendbuff 0x7f07ace47400 recvbuff 0x7f07ace47400 count 7087872 datatype 7 op 0 root 0 comm 0x110302a0 [nranks=8] stream 0x12209ec0
sciml2301:1050817:1051444 [1] NCCL INFO AllReduce: opCount b4 sendbuff 0x7f8a26951000 recvbuff 0x7f8a26951000 count 7087872 datatype 7 op 0 root 0 comm 0x105c44d0 [nranks=8] stream 0x9e8c180
sciml2302:751384:752005 [0] NCCL INFO AllReduce: opCount b7 sendbuff 0x7f6109274000 recvbuff 0x7f6109274000 count 7087872 datatype 7 op 0 root 0 comm 0x119f4d80 [nranks=8] stream 0x119f8990
sciml2302:751387:752020 [3] NCCL INFO AllReduce: opCount b4 sendbuff 0x7f07ae951000 recvbuff 0x7f07ae951000 count 7087872 datatype 7 op 0 root 0 comm 0x110302a0 [nranks=8] stream 0x12209ec0
sciml2301:1050817:1051444 [1] NCCL INFO AllReduce: opCount b5 sendbuff 0x7f8a2845ac00 recvbuff 0x7f8a2845ac00 count 7087872 datatype 7 op 0 root 0 comm 0x105c44d0 [nranks=8] stream 0x9e8c180
sciml2302:751387:752020 [3] NCCL INFO AllReduce: opCount b5 sendbuff 0x7f07b045ac00 recvbuff 0x7f07b045ac00 count 7087872 datatype 7 op 0 root 0 comm 0x110302a0 [nranks=8] stream 0x12209ec0
sciml2301:1050819:1051454 [3] NCCL INFO AllReduce: opCount b1 sendbuff 0x7f1780000000 recvbuff 0x7f1780000000 count 2361600 datatype 7 op 0 root 0 comm 0x10069730 [nranks=8] stream 0x148af220
sciml2301:1050817:1051444 [1] NCCL INFO AllReduce: opCount b6 sendbuff 0x7f8a1176a400 recvbuff 0x7f8a1176a400 count 7087872 datatype 7 op 0 root 0 comm 0x105c44d0 [nranks=8] stream 0x9e8c180
sciml2302:751387:752020 [3] NCCL INFO AllReduce: opCount b6 sendbuff 0x7f079976a400 recvbuff 0x7f079976a400 count 7087872 datatype 7 op 0 root 0 comm 0x110302a0 [nranks=8] stream 0x12209ec0
sciml2301:1050819:1051454 [3] NCCL INFO AllReduce: opCount b2 sendbuff 0x7f171333d800 recvbuff 0x7f171333d800 count 7087872 datatype 7 op 0 root 0 comm 0x10069730 [nranks=8] stream 0x148af220
sciml2301:1050817:1051444 [1] NCCL INFO AllReduce: opCount b7 sendbuff 0x7f8a13274000 recvbuff 0x7f8a13274000 count 7087872 datatype 7 op 0 root 0 comm 0x105c44d0 [nranks=8] stream 0x9e8c180
sciml2302:751387:752020 [3] NCCL INFO AllReduce: opCount b7 sendbuff 0x7f079b274000 recvbuff 0x7f079b274000 count 7087872 datatype 7 op 0 root 0 comm 0x110302a0 [nranks=8] stream 0x12209ec0
sciml2301:1050819:1051454 [3] NCCL INFO AllReduce: opCount b3 sendbuff 0x7f1714e47400 recvbuff 0x7f1714e47400 count 7087872 datatype 7 op 0 root 0 comm 0x10069730 [nranks=8] stream 0x148af220
sciml2302:751385:752014 [1] NCCL INFO AllReduce: opCount b1 sendbuff 0x7f2176000000 recvbuff 0x7f2176000000 count 2361600 datatype 7 op 0 root 0 comm 0xcf47dd0 [nranks=8] stream 0xbd72790
sciml2301:1050819:1051454 [3] NCCL INFO AllReduce: opCount b4 sendbuff 0x7f1716951000 recvbuff 0x7f1716951000 count 7087872 datatype 7 op 0 root 0 comm 0x10069730 [nranks=8] stream 0x148af220
sciml2302:751385:752014 [1] NCCL INFO AllReduce: opCount b2 sendbuff 0x7f215733d800 recvbuff 0x7f215733d800 count 7087872 datatype 7 op 0 root 0 comm 0xcf47dd0 [nranks=8] stream 0xbd72790
sciml2302:751386:752011 [2] NCCL INFO AllReduce: opCount b1 sendbuff 0x7f66b6000000 recvbuff 0x7f66b6000000 count 2361600 datatype 7 op 0 root 0 comm 0x10571190 [nranks=8] stream 0x117b9900
sciml2301:1050819:1051454 [3] NCCL INFO AllReduce: opCount b5 sendbuff 0x7f171845ac00 recvbuff 0x7f171845ac00 count 7087872 datatype 7 op 0 root 0 comm 0x10069730 [nranks=8] stream 0x148af220
sciml2302:751385:752014 [1] NCCL INFO AllReduce: opCount b3 sendbuff 0x7f2158e47400 recvbuff 0x7f2158e47400 count 7087872 datatype 7 op 0 root 0 comm 0xcf47dd0 [nranks=8] stream 0xbd72790
sciml2302:751386:752011 [2] NCCL INFO AllReduce: opCount b2 sendbuff 0x7f669533d800 recvbuff 0x7f669533d800 count 7087872 datatype 7 op 0 root 0 comm 0x10571190 [nranks=8] stream 0x117b9900
sciml2301:1050819:1051454 [3] NCCL INFO AllReduce: opCount b6 sendbuff 0x7f170176a400 recvbuff 0x7f170176a400 count 7087872 datatype 7 op 0 root 0 comm 0x10069730 [nranks=8] stream 0x148af220
sciml2302:751385:752014 [1] NCCL INFO AllReduce: opCount b4 sendbuff 0x7f215a951000 recvbuff 0x7f215a951000 count 7087872 datatype 7 op 0 root 0 comm 0xcf47dd0 [nranks=8] stream 0xbd72790
sciml2302:751386:752011 [2] NCCL INFO AllReduce: opCount b3 sendbuff 0x7f6696e47400 recvbuff 0x7f6696e47400 count 7087872 datatype 7 op 0 root 0 comm 0x10571190 [nranks=8] stream 0x117b9900
sciml2301:1050819:1051454 [3] NCCL INFO AllReduce: opCount b7 sendbuff 0x7f1703274000 recvbuff 0x7f1703274000 count 7087872 datatype 7 op 0 root 0 comm 0x10069730 [nranks=8] stream 0x148af220
sciml2302:751385:752014 [1] NCCL INFO AllReduce: opCount b5 sendbuff 0x7f215c45ac00 recvbuff 0x7f215c45ac00 count 7087872 datatype 7 op 0 root 0 comm 0xcf47dd0 [nranks=8] stream 0xbd72790
sciml2302:751386:752011 [2] NCCL INFO AllReduce: opCount b4 sendbuff 0x7f6698951000 recvbuff 0x7f6698951000 count 7087872 datatype 7 op 0 root 0 comm 0x10571190 [nranks=8] stream 0x117b9900
sciml2302:751385:752014 [1] NCCL INFO AllReduce: opCount b6 sendbuff 0x7f214576a400 recvbuff 0x7f214576a400 count 7087872 datatype 7 op 0 root 0 comm 0xcf47dd0 [nranks=8] stream 0xbd72790
sciml2302:751386:752011 [2] NCCL INFO AllReduce: opCount b5 sendbuff 0x7f669a45ac00 recvbuff 0x7f669a45ac00 count 7087872 datatype 7 op 0 root 0 comm 0x10571190 [nranks=8] stream 0x117b9900
sciml2302:751385:752014 [1] NCCL INFO AllReduce: opCount b7 sendbuff 0x7f2147274000 recvbuff 0x7f2147274000 count 7087872 datatype 7 op 0 root 0 comm 0xcf47dd0 [nranks=8] stream 0xbd72790
sciml2302:751386:752011 [2] NCCL INFO AllReduce: opCount b6 sendbuff 0x7f668376a400 recvbuff 0x7f668376a400 count 7087872 datatype 7 op 0 root 0 comm 0x10571190 [nranks=8] stream 0x117b9900
sciml2302:751386:752011 [2] NCCL INFO AllReduce: opCount b7 sendbuff 0x7f6685274000 recvbuff 0x7f6685274000 count 7087872 datatype 7 op 0 root 0 comm 0x10571190 [nranks=8] stream 0x117b9900
sciml2301:1050818:1050818 [2] NCCL INFO Broadcast: opCount af sendbuff 0x7f2c00000000 recvbuff 0x7f2c00000000 count 12582912 datatype 0 op 0 root 0 comm 0xdc8f2f0 [nranks=8] stream 0xee7d9a0
sciml2301:1050818:1050818 [2] NCCL INFO Broadcast: opCount b0 sendbuff 0x7f2cbfff8000 recvbuff 0x7f2cbfff8000 count 48 datatype 0 op 0 root 0 comm 0xdc8f2f0 [nranks=8] stream 0xee7d9a0
sciml2301:1050818:1051449 [2] NCCL INFO AllReduce: opCount b1 sendbuff 0x7f2d44000000 recvbuff 0x7f2d44000000 count 2361600 datatype 7 op 0 root 0 comm 0xdc8f2f0 [nranks=8] stream 0xee7d9a0
sciml2301:1050818:1051449 [2] NCCL INFO AllReduce: opCount b2 sendbuff 0x7f2cd733d800 recvbuff 0x7f2cd733d800 count 7087872 datatype 7 op 0 root 0 comm 0xdc8f2f0 [nranks=8] stream 0xee7d9a0
sciml2301:1050818:1051449 [2] NCCL INFO AllReduce: opCount b3 sendbuff 0x7f2cd8e47400 recvbuff 0x7f2cd8e47400 count 7087872 datatype 7 op 0 root 0 comm 0xdc8f2f0 [nranks=8] stream 0xee7d9a0
sciml2301:1050818:1051449 [2] NCCL INFO AllReduce: opCount b4 sendbuff 0x7f2cda951000 recvbuff 0x7f2cda951000 count 7087872 datatype 7 op 0 root 0 comm 0xdc8f2f0 [nranks=8] stream 0xee7d9a0
sciml2301:1050818:1051449 [2] NCCL INFO AllReduce: opCount b5 sendbuff 0x7f2cdc45ac00 recvbuff 0x7f2cdc45ac00 count 7087872 datatype 7 op 0 root 0 comm 0xdc8f2f0 [nranks=8] stream 0xee7d9a0
sciml2301:1050818:1051449 [2] NCCL INFO AllReduce: opCount b6 sendbuff 0x7f2cc576a400 recvbuff 0x7f2cc576a400 count 7087872 datatype 7 op 0 root 0 comm 0xdc8f2f0 [nranks=8] stream 0xee7d9a0
sciml2301:1050818:1051449 [2] NCCL INFO AllReduce: opCount b7 sendbuff 0x7f2cc7274000 recvbuff 0x7f2cc7274000 count 7087872 datatype 7 op 0 root 0 comm 0xdc8f2f0 [nranks=8] stream 0xee7d9a0
sciml2301:1050818:1051449 [2] NCCL INFO AllReduce: opCount b8 sendbuff 0x7f2cc8d7dc00 recvbuff 0x7f2cc8d7dc00 count 7087872 datatype 7 op 0 root 0 comm 0xdc8f2f0 [nranks=8] stream 0xee7d9a0
sciml2302:751385:752014 [1] NCCL INFO AllReduce: opCount b8 sendbuff 0x7f2148d7dc00 recvbuff 0x7f2148d7dc00 count 7087872 datatype 7 op 0 root 0 comm 0xcf47dd0 [nranks=8] stream 0xbd72790
sciml2302:751386:752011 [2] NCCL INFO AllReduce: opCount b8 sendbuff 0x7f6686d7dc00 recvbuff 0x7f6686d7dc00 count 7087872 datatype 7 op 0 root 0 comm 0x10571190 [nranks=8] stream 0x117b9900
sciml2301:1050817:1051444 [1] NCCL INFO AllReduce: opCount b8 sendbuff 0x7f8a14d7dc00 recvbuff 0x7f8a14d7dc00 count 7087872 datatype 7 op 0 root 0 comm 0x105c44d0 [nranks=8] stream 0x9e8c180
sciml2301:1050816:1051439 [0] NCCL INFO AllReduce: opCount b8 sendbuff 0x7f319ed7dc00 recvbuff 0x7f319ed7dc00 count 7087872 datatype 7 op 0 root 0 comm 0xff9e360 [nranks=8] stream 0xffa1f20
sciml2302:751384:752005 [0] NCCL INFO AllReduce: opCount b8 sendbuff 0x7f610ad7dc00 recvbuff 0x7f610ad7dc00 count 7087872 datatype 7 op 0 root 0 comm 0x119f4d80 [nranks=8] stream 0x119f8990
sciml2301:1050819:1051454 [3] NCCL INFO AllReduce: opCount b8 sendbuff 0x7f1704d7dc00 recvbuff 0x7f1704d7dc00 count 7087872 datatype 7 op 0 root 0 comm 0x10069730 [nranks=8] stream 0x148af220
sciml2302:751387:752020 [3] NCCL INFO AllReduce: opCount b8 sendbuff 0x7f079cd7dc00 recvbuff 0x7f079cd7dc00 count 7087872 datatype 7 op 0 root 0 comm 0x110302a0 [nranks=8] stream 0x12209ec0
sciml2301:1050817:1051444 [1] NCCL INFO AllReduce: opCount b9 sendbuff 0x7f8a16887800 recvbuff 0x7f8a16887800 count 7087872 datatype 7 op 0 root 0 comm 0x105c44d0 [nranks=8] stream 0x9e8c180
sciml2302:751386:752011 [2] NCCL INFO AllReduce: opCount b9 sendbuff 0x7f6688887800 recvbuff 0x7f6688887800 count 7087872 datatype 7 op 0 root 0 comm 0x10571190 [nranks=8] stream 0x117b9900
sciml2301:1050816:1051439 [0] NCCL INFO AllReduce: opCount b9 sendbuff 0x7f31a0887800 recvbuff 0x7f31a0887800 count 7087872 datatype 7 op 0 root 0 comm 0xff9e360 [nranks=8] stream 0xffa1f20
sciml2301:1050818:1051449 [2] NCCL INFO AllReduce: opCount b9 sendbuff 0x7f2cca887800 recvbuff 0x7f2cca887800 count 7087872 datatype 7 op 0 root 0 comm 0xdc8f2f0 [nranks=8] stream 0xee7d9a0
sciml2302:751385:752014 [1] NCCL INFO AllReduce: opCount b9 sendbuff 0x7f214a887800 recvbuff 0x7f214a887800 count 7087872 datatype 7 op 0 root 0 comm 0xcf47dd0 [nranks=8] stream 0xbd72790
sciml2302:751384:752005 [0] NCCL INFO AllReduce: opCount b9 sendbuff 0x7f610c887800 recvbuff 0x7f610c887800 count 7087872 datatype 7 op 0 root 0 comm 0x119f4d80 [nranks=8] stream 0x119f8990
sciml2301:1050819:1051454 [3] NCCL INFO AllReduce: opCount b9 sendbuff 0x7f1706887800 recvbuff 0x7f1706887800 count 7087872 datatype 7 op 0 root 0 comm 0x10069730 [nranks=8] stream 0x148af220
sciml2302:751387:752020 [3] NCCL INFO AllReduce: opCount b9 sendbuff 0x7f079e887800 recvbuff 0x7f079e887800 count 7087872 datatype 7 op 0 root 0 comm 0x110302a0 [nranks=8] stream 0x12209ec0
sciml2301:1050816:1051439 [0] NCCL INFO AllReduce: opCount ba sendbuff 0x7f30fc000000 recvbuff 0x7f30fc000000 count 7087872 datatype 7 op 0 root 0 comm 0xff9e360 [nranks=8] stream 0xffa1f20
sciml2301:1050817:1051444 [1] NCCL INFO AllReduce: opCount ba sendbuff 0x7f8972000000 recvbuff 0x7f8972000000 count 7087872 datatype 7 op 0 root 0 comm 0x105c44d0 [nranks=8] stream 0x9e8c180
sciml2302:751386:752011 [2] NCCL INFO AllReduce: opCount ba sendbuff 0x7f65e2000000 recvbuff 0x7f65e2000000 count 7087872 datatype 7 op 0 root 0 comm 0x10571190 [nranks=8] stream 0x117b9900
sciml2301:1050818:1051449 [2] NCCL INFO AllReduce: opCount ba sendbuff 0x7f2c26000000 recvbuff 0x7f2c26000000 count 7087872 datatype 7 op 0 root 0 comm 0xdc8f2f0 [nranks=8] stream 0xee7d9a0
sciml2302:751385:752014 [1] NCCL INFO AllReduce: opCount ba sendbuff 0x7f20a4000000 recvbuff 0x7f20a4000000 count 7087872 datatype 7 op 0 root 0 comm 0xcf47dd0 [nranks=8] stream 0xbd72790
sciml2302:751384:752005 [0] NCCL INFO AllReduce: opCount ba sendbuff 0x7f6068000000 recvbuff 0x7f6068000000 count 7087872 datatype 7 op 0 root 0 comm 0x119f4d80 [nranks=8] stream 0x119f8990
sciml2302:751387:752020 [3] NCCL INFO AllReduce: opCount ba sendbuff 0x7f06fa000000 recvbuff 0x7f06fa000000 count 7087872 datatype 7 op 0 root 0 comm 0x110302a0 [nranks=8] stream 0x12209ec0
sciml2301:1050819:1051454 [3] NCCL INFO AllReduce: opCount ba sendbuff 0x7f1662000000 recvbuff 0x7f1662000000 count 7087872 datatype 7 op 0 root 0 comm 0x10069730 [nranks=8] stream 0x148af220
sciml2302:751387:752020 [3] NCCL INFO AllReduce: opCount bb sendbuff 0x7f06fbb09c00 recvbuff 0x7f06fbb09c00 count 7087872 datatype 7 op 0 root 0 comm 0x110302a0 [nranks=8] stream 0x12209ec0
sciml2301:1050816:1051439 [0] NCCL INFO AllReduce: opCount bb sendbuff 0x7f30fdb09c00 recvbuff 0x7f30fdb09c00 count 7087872 datatype 7 op 0 root 0 comm 0xff9e360 [nranks=8] stream 0xffa1f20
sciml2302:751386:752011 [2] NCCL INFO AllReduce: opCount bb sendbuff 0x7f65e3b09c00 recvbuff 0x7f65e3b09c00 count 7087872 datatype 7 op 0 root 0 comm 0x10571190 [nranks=8] stream 0x117b9900
sciml2301:1050817:1051444 [1] NCCL INFO AllReduce: opCount bb sendbuff 0x7f8973b09c00 recvbuff 0x7f8973b09c00 count 7087872 datatype 7 op 0 root 0 comm 0x105c44d0 [nranks=8] stream 0x9e8c180
sciml2302:751385:752014 [1] NCCL INFO AllReduce: opCount bb sendbuff 0x7f20a5b09c00 recvbuff 0x7f20a5b09c00 count 7087872 datatype 7 op 0 root 0 comm 0xcf47dd0 [nranks=8] stream 0xbd72790
sciml2301:1050818:1051449 [2] NCCL INFO AllReduce: opCount bb sendbuff 0x7f2c27b09c00 recvbuff 0x7f2c27b09c00 count 7087872 datatype 7 op 0 root 0 comm 0xdc8f2f0 [nranks=8] stream 0xee7d9a0
sciml2301:1050819:1051454 [3] NCCL INFO AllReduce: opCount bb sendbuff 0x7f1663b09c00 recvbuff 0x7f1663b09c00 count 7087872 datatype 7 op 0 root 0 comm 0x10069730 [nranks=8] stream 0x148af220
sciml2302:751384:752005 [0] NCCL INFO AllReduce: opCount bb sendbuff 0x7f6069b09c00 recvbuff 0x7f6069b09c00 count 7087872 datatype 7 op 0 root 0 comm 0x119f4d80 [nranks=8] stream 0x119f8990
sciml2301:1050816:1051439 [0] NCCL INFO AllReduce: opCount bc sendbuff 0x7f30ff613800 recvbuff 0x7f30ff613800 count 7087872 datatype 7 op 0 root 0 comm 0xff9e360 [nranks=8] stream 0xffa1f20
sciml2301:1050816:1051439 [0] NCCL INFO AllReduce: opCount bd sendbuff 0x7f3178000000 recvbuff 0x7f3178000000 count 44112384 datatype 7 op 0 root 0 comm 0xff9e360 [nranks=8] stream 0xffa1f20
sciml2301:1050817:1051444 [1] NCCL INFO AllReduce: opCount bc sendbuff 0x7f8975613800 recvbuff 0x7f8975613800 count 7087872 datatype 7 op 0 root 0 comm 0x105c44d0 [nranks=8] stream 0x9e8c180
sciml2301:1050817:1051444 [1] NCCL INFO AllReduce: opCount bd sendbuff 0x7f89ee000000 recvbuff 0x7f89ee000000 count 44112384 datatype 7 op 0 root 0 comm 0x105c44d0 [nranks=8] stream 0x9e8c180
sciml2301:1050816:1050816 [0] NCCL INFO Broadcast: opCount be sendbuff 0x7f30d62a0000 recvbuff 0x7f30d62a0000 count 12582912 datatype 0 op 0 root 0 comm 0xff9e360 [nranks=8] stream 0xffa1f20
sciml2301:1050816:1050816 [0] NCCL INFO Broadcast: opCount bf sendbuff 0x7f32275d8800 recvbuff 0x7f32275d8800 count 48 datatype 0 op 0 root 0 comm 0xff9e360 [nranks=8] stream 0xffa1f20
sciml2301:1050817:1050817 [1] NCCL INFO Broadcast: opCount be sendbuff 0x7f8a2a400000 recvbuff 0x7f8a2a400000 count 12582912 datatype 0 op 0 root 0 comm 0x105c44d0 [nranks=8] stream 0x9e8c180
sciml2301:1050817:1050817 [1] NCCL INFO Broadcast: opCount bf sendbuff 0x7f8a875d8800 recvbuff 0x7f8a875d8800 count 48 datatype 0 op 0 root 0 comm 0x105c44d0 [nranks=8] stream 0x9e8c180
sciml2301:1050818:1051449 [2] NCCL INFO AllReduce: opCount bc sendbuff 0x7f2c29613800 recvbuff 0x7f2c29613800 count 7087872 datatype 7 op 0 root 0 comm 0xdc8f2f0 [nranks=8] stream 0xee7d9a0
sciml2301:1050818:1051449 [2] NCCL INFO AllReduce: opCount bd sendbuff 0x7f2ca2000000 recvbuff 0x7f2ca2000000 count 44112384 datatype 7 op 0 root 0 comm 0xdc8f2f0 [nranks=8] stream 0xee7d9a0
sciml2301:1050816:1051439 [0] NCCL INFO AllReduce: opCount c0 sendbuff 0x7f3162000000 recvbuff 0x7f3162000000 count 2361600 datatype 7 op 0 root 0 comm 0xff9e360 [nranks=8] stream 0xffa1f20
sciml2301:1050818:1050818 [2] NCCL INFO Broadcast: opCount be sendbuff 0x7f2c2e231c00 recvbuff 0x7f2c2e231c00 count 12582912 datatype 0 op 0 root 0 comm 0xdc8f2f0 [nranks=8] stream 0xee7d9a0
sciml2301:1050818:1050818 [2] NCCL INFO Broadcast: opCount bf sendbuff 0x7f2d3b5d8800 recvbuff 0x7f2d3b5d8800 count 48 datatype 0 op 0 root 0 comm 0xdc8f2f0 [nranks=8] stream 0xee7d9a0
sciml2301:1050816:1051439 [0] NCCL INFO AllReduce: opCount c1 sendbuff 0x7f31ad33d800 recvbuff 0x7f31ad33d800 count 7087872 datatype 7 op 0 root 0 comm 0xff9e360 [nranks=8] stream 0xffa1f20
sciml2301:1050816:1051439 [0] NCCL INFO AllReduce: opCount c2 sendbuff 0x7f31aee47400 recvbuff 0x7f31aee47400 count 7087872 datatype 7 op 0 root 0 comm 0xff9e360 [nranks=8] stream 0xffa1f20
sciml2301:1050817:1051444 [1] NCCL INFO AllReduce: opCount c0 sendbuff 0x7f8a90000000 recvbuff 0x7f8a90000000 count 2361600 datatype 7 op 0 root 0 comm 0x105c44d0 [nranks=8] stream 0x9e8c180
sciml2301:1050816:1051439 [0] NCCL INFO AllReduce: opCount c3 sendbuff 0x7f31b0951000 recvbuff 0x7f31b0951000 count 7087872 datatype 7 op 0 root 0 comm 0xff9e360 [nranks=8] stream 0xffa1f20
sciml2301:1050817:1051444 [1] NCCL INFO AllReduce: opCount c1 sendbuff 0x7f8a2333d800 recvbuff 0x7f8a2333d800 count 7087872 datatype 7 op 0 root 0 comm 0x105c44d0 [nranks=8] stream 0x9e8c180
sciml2301:1050816:1051439 [0] NCCL INFO AllReduce: opCount c4 sendbuff 0x7f31b245ac00 recvbuff 0x7f31b245ac00 count 7087872 datatype 7 op 0 root 0 comm 0xff9e360 [nranks=8] stream 0xffa1f20
sciml2301:1050817:1051444 [1] NCCL INFO AllReduce: opCount c2 sendbuff 0x7f8a24e47400 recvbuff 0x7f8a24e47400 count 7087872 datatype 7 op 0 root 0 comm 0x105c44d0 [nranks=8] stream 0x9e8c180
sciml2301:1050816:1051439 [0] NCCL INFO AllReduce: opCount c5 sendbuff 0x7f319b76a400 recvbuff 0x7f319b76a400 count 7087872 datatype 7 op 0 root 0 comm 0xff9e360 [nranks=8] stream 0xffa1f20
sciml2301:1050817:1051444 [1] NCCL INFO AllReduce: opCount c3 sendbuff 0x7f8a26951000 recvbuff 0x7f8a26951000 count 7087872 datatype 7 op 0 root 0 comm 0x105c44d0 [nranks=8] stream 0x9e8c180
sciml2301:1050816:1051439 [0] NCCL INFO AllReduce: opCount c6 sendbuff 0x7f319d274000 recvbuff 0x7f319d274000 count 7087872 datatype 7 op 0 root 0 comm 0xff9e360 [nranks=8] stream 0xffa1f20
sciml2301:1050817:1051444 [1] NCCL INFO AllReduce: opCount c4 sendbuff 0x7f8a2845ac00 recvbuff 0x7f8a2845ac00 count 7087872 datatype 7 op 0 root 0 comm 0x105c44d0 [nranks=8] stream 0x9e8c180
sciml2302:751384:752005 [0] NCCL INFO AllReduce: opCount bc sendbuff 0x7f606b613800 recvbuff 0x7f606b613800 count 7087872 datatype 7 op 0 root 0 comm 0x119f4d80 [nranks=8] stream 0x119f8990
sciml2302:751386:752011 [2] NCCL INFO AllReduce: opCount bc sendbuff 0x7f65e5613800 recvbuff 0x7f65e5613800 count 7087872 datatype 7 op 0 root 0 comm 0x10571190 [nranks=8] stream 0x117b9900
sciml2302:751387:752020 [3] NCCL INFO AllReduce: opCount bc sendbuff 0x7f06fd613800 recvbuff 0x7f06fd613800 count 7087872 datatype 7 op 0 root 0 comm 0x110302a0 [nranks=8] stream 0x12209ec0
sciml2301:1050817:1051444 [1] NCCL INFO AllReduce: opCount c5 sendbuff 0x7f8a1176a400 recvbuff 0x7f8a1176a400 count 7087872 datatype 7 op 0 root 0 comm 0x105c44d0 [nranks=8] stream 0x9e8c180
sciml2302:751384:752005 [0] NCCL INFO AllReduce: opCount bd sendbuff 0x7f60e4000000 recvbuff 0x7f60e4000000 count 44112384 datatype 7 op 0 root 0 comm 0x119f4d80 [nranks=8] stream 0x119f8990
sciml2302:751386:752011 [2] NCCL INFO AllReduce: opCount bd sendbuff 0x7f6660000000 recvbuff 0x7f6660000000 count 44112384 datatype 7 op 0 root 0 comm 0x10571190 [nranks=8] stream 0x117b9900
sciml2302:751387:752020 [3] NCCL INFO AllReduce: opCount bd sendbuff 0x7f0776000000 recvbuff 0x7f0776000000 count 44112384 datatype 7 op 0 root 0 comm 0x110302a0 [nranks=8] stream 0x12209ec0
sciml2301:1050817:1051444 [1] NCCL INFO AllReduce: opCount c6 sendbuff 0x7f8a13274000 recvbuff 0x7f8a13274000 count 7087872 datatype 7 op 0 root 0 comm 0x105c44d0 [nranks=8] stream 0x9e8c180
sciml2301:1050819:1051454 [3] NCCL INFO AllReduce: opCount bc sendbuff 0x7f1665613800 recvbuff 0x7f1665613800 count 7087872 datatype 7 op 0 root 0 comm 0x10069730 [nranks=8] stream 0x148af220
sciml2302:751385:752014 [1] NCCL INFO AllReduce: opCount bc sendbuff 0x7f20a7613800 recvbuff 0x7f20a7613800 count 7087872 datatype 7 op 0 root 0 comm 0xcf47dd0 [nranks=8] stream 0xbd72790
sciml2301:1050819:1051454 [3] NCCL INFO AllReduce: opCount bd sendbuff 0x7f16de000000 recvbuff 0x7f16de000000 count 44112384 datatype 7 op 0 root 0 comm 0x10069730 [nranks=8] stream 0x148af220
sciml2302:751385:752014 [1] NCCL INFO AllReduce: opCount bd sendbuff 0x7f2122000000 recvbuff 0x7f2122000000 count 44112384 datatype 7 op 0 root 0 comm 0xcf47dd0 [nranks=8] stream 0xbd72790
sciml2302:751387:751387 [3] NCCL INFO Broadcast: opCount be sendbuff 0x7f07b2400000 recvbuff 0x7f07b2400000 count 12582912 datatype 0 op 0 root 0 comm 0x110302a0 [nranks=8] stream 0x12209ec0
sciml2302:751387:751387 [3] NCCL INFO Broadcast: opCount bf sendbuff 0x7f080f5d8800 recvbuff 0x7f080f5d8800 count 48 datatype 0 op 0 root 0 comm 0x110302a0 [nranks=8] stream 0x12209ec0
sciml2301:1050818:1051449 [2] NCCL INFO AllReduce: opCount c0 sendbuff 0x7f2d44000000 recvbuff 0x7f2d44000000 count 2361600 datatype 7 op 0 root 0 comm 0xdc8f2f0 [nranks=8] stream 0xee7d9a0
sciml2301:1050819:1050819 [3] NCCL INFO Broadcast: opCount be sendbuff 0x7f171a400000 recvbuff 0x7f171a400000 count 12582912 datatype 0 op 0 root 0 comm 0x10069730 [nranks=8] stream 0x148af220
sciml2301:1050818:1051449 [2] NCCL INFO AllReduce: opCount c1 sendbuff 0x7f2cd733d800 recvbuff 0x7f2cd733d800 count 7087872 datatype 7 op 0 root 0 comm 0xdc8f2f0 [nranks=8] stream 0xee7d9a0
sciml2301:1050819:1050819 [3] NCCL INFO Broadcast: opCount bf sendbuff 0x7f17775d8800 recvbuff 0x7f17775d8800 count 48 datatype 0 op 0 root 0 comm 0x10069730 [nranks=8] stream 0x148af220
sciml2302:751384:751384 [0] NCCL INFO Broadcast: opCount be sendbuff 0x7f6120400000 recvbuff 0x7f6120400000 count 12582912 datatype 0 op 0 root 0 comm 0x119f4d80 [nranks=8] stream 0x119f8990
sciml2302:751384:751384 [0] NCCL INFO Broadcast: opCount bf sendbuff 0x7f61935d8800 recvbuff 0x7f61935d8800 count 48 datatype 0 op 0 root 0 comm 0x119f4d80 [nranks=8] stream 0x119f8990
