sciml2302:751385:751466 [1] NCCL INFO               + PCI[24.0] - GPU/C3000 (6)
sciml2302:751385:751466 [1] NCCL INFO                             + NVL[240.0] - GPU/C4000
sciml2302:751385:751466 [1] NCCL INFO               + PCI[24.0] - GPU/C4000 (7)
sciml2302:751385:751466 [1] NCCL INFO                             + NVL[240.0] - GPU/C3000
sciml2302:751385:751466 [1] NCCL INFO CPU/0 (1/2/-1)
sciml2302:751385:751466 [1] NCCL INFO + SYS[5000.0] - CPU/1
sciml2302:751385:751466 [1] NCCL INFO + PCI[24.0] - NIC/25000
sciml2302:751385:751466 [1] NCCL INFO               + NET[12.5] - NET/0 (a27a00003d3ebe8/1/12.500000)
sciml2302:751385:751466 [1] NCCL INFO ==========================================
sciml2302:751385:751466 [1] NCCL INFO GPU/83000 :GPU/83000 (0/5000.000000/LOC) GPU/84000 (1/240.000000/NVL) GPU/C3000 (4/12.000000/PHB) GPU/C4000 (4/12.000000/PHB) CPU/1 (2/24.000000/PHB) CPU/0 (3/24.000000/SYS) NET/0 (5/12.500000/SYS) 
sciml2302:751385:751466 [1] NCCL INFO GPU/84000 :GPU/83000 (1/240.000000/NVL) GPU/84000 (0/5000.000000/LOC) GPU/C3000 (4/12.000000/PHB) GPU/C4000 (4/12.000000/PHB) CPU/1 (2/24.000000/PHB) CPU/0 (3/24.000000/SYS) NET/0 (5/12.500000/SYS) 
sciml2302:751385:751466 [1] NCCL INFO GPU/C3000 :GPU/83000 (4/12.000000/PHB) GPU/84000 (4/12.000000/PHB) GPU/C3000 (0/5000.000000/LOC) GPU/C4000 (1/240.000000/NVL) CPU/1 (2/12.000000/PHB) CPU/0 (3/12.000000/SYS) NET/0 (5/12.000000/SYS) 
sciml2302:751385:751466 [1] NCCL INFO GPU/C4000 :GPU/83000 (4/12.000000/PHB) GPU/84000 (4/12.000000/PHB) GPU/C3000 (1/240.000000/NVL) GPU/C4000 (0/5000.000000/LOC) CPU/1 (2/12.000000/PHB) CPU/0 (3/12.000000/SYS) NET/0 (5/12.000000/SYS) 
sciml2302:751385:751466 [1] NCCL INFO NET/0 :GPU/83000 (5/12.500000/SYS) GPU/84000 (5/12.500000/SYS) GPU/C3000 (5/12.000000/SYS) GPU/C4000 (5/12.000000/SYS) CPU/1 (3/12.500000/SYS) CPU/0 (2/12.500000/PHB) NET/0 (0/5000.000000/LOC) 
sciml2302:751385:751466 [1] NCCL INFO NVLS multicast support is not available on dev 1
sciml2302:751386:751467 [2] NCCL INFO GPU Direct RDMA Disabled for GPU 84000 / HCA 0 (distance 7 > 4)
sciml2302:751386:751467 [2] NCCL INFO GPU Direct RDMA Disabled for GPU c3000 / HCA 0 (distance 7 > 4)
sciml2302:751386:751467 [2] NCCL INFO GPU Direct RDMA Disabled for GPU c4000 / HCA 0 (distance 7 > 4)
sciml2302:751386:751467 [2] NCCL INFO === System : maxBw 12.5 totalBw 240.0 ===
sciml2302:751386:751467 [2] NCCL INFO CPU/1 (1/2/-1)
sciml2302:751386:751467 [2] NCCL INFO + SYS[5000.0] - CPU/0
sciml2302:751386:751467 [2] NCCL INFO + PCI[24.0] - PCI/81000 (11f84052000011f8)
sciml2302:751386:751467 [2] NCCL INFO               + PCI[24.0] - GPU/83000 (4)
sciml2302:751386:751467 [2] NCCL INFO                             + NVL[240.0] - GPU/84000
sciml2302:751386:751467 [2] NCCL INFO               + PCI[24.0] - GPU/84000 (5)
sciml2302:751386:751467 [2] NCCL INFO                             + NVL[240.0] - GPU/83000
sciml2302:751386:751467 [2] NCCL INFO + PCI[12.0] - PCI/C1000 (11f84052000011f8)
sciml2302:751385:751466 [1] NCCL INFO Pattern 4, crossNic 0, nChannels 1, bw 12.000000/12.000000, type PHB/SYS, sameChannels 1
sciml2302:751385:751466 [1] NCCL INFO  0 : NET/0 GPU/4 GPU/5 GPU/6 GPU/7 NET/0
sciml2302:751386:751467 [2] NCCL INFO               + PCI[24.0] - GPU/C3000 (6)
sciml2302:751386:751467 [2] NCCL INFO                             + NVL[240.0] - GPU/C4000
sciml2302:751386:751467 [2] NCCL INFO               + PCI[24.0] - GPU/C4000 (7)
sciml2302:751385:751466 [1] NCCL INFO Pattern 1, crossNic 0, nChannels 1, bw 12.000000/12.000000, type PHB/SYS, sameChannels 1
sciml2302:751385:751466 [1] NCCL INFO  0 : NET/0 GPU/4 GPU/5 GPU/6 GPU/7 NET/0
sciml2302:751386:751467 [2] NCCL INFO                             + NVL[240.0] - GPU/C3000
sciml2302:751386:751467 [2] NCCL INFO CPU/0 (1/2/-1)
sciml2302:751386:751467 [2] NCCL INFO + SYS[5000.0] - CPU/1
sciml2302:751386:751467 [2] NCCL INFO + PCI[24.0] - NIC/25000
sciml2302:751386:751467 [2] NCCL INFO               + NET[12.5] - NET/0 (a27a00003d3ebe8/1/12.500000)
sciml2302:751386:751467 [2] NCCL INFO ==========================================
sciml2302:751386:751467 [2] NCCL INFO GPU/83000 :GPU/83000 (0/5000.000000/LOC) GPU/84000 (1/240.000000/NVL) GPU/C3000 (4/12.000000/PHB) GPU/C4000 (4/12.000000/PHB) CPU/1 (2/24.000000/PHB) CPU/0 (3/24.000000/SYS) NET/0 (5/12.500000/SYS) 
sciml2302:751386:751467 [2] NCCL INFO GPU/84000 :GPU/83000 (1/240.000000/NVL) GPU/84000 (0/5000.000000/LOC) GPU/C3000 (4/12.000000/PHB) GPU/C4000 (4/12.000000/PHB) CPU/1 (2/24.000000/PHB) CPU/0 (3/24.000000/SYS) NET/0 (5/12.500000/SYS) 
sciml2302:751386:751467 [2] NCCL INFO GPU/C3000 :GPU/83000 (4/12.000000/PHB) GPU/84000 (4/12.000000/PHB) GPU/C3000 (0/5000.000000/LOC) GPU/C4000 (1/240.000000/NVL) CPU/1 (2/12.000000/PHB) CPU/0 (3/12.000000/SYS) NET/0 (5/12.000000/SYS) 
sciml2302:751386:751467 [2] NCCL INFO GPU/C4000 :GPU/83000 (4/12.000000/PHB) GPU/84000 (4/12.000000/PHB) GPU/C3000 (1/240.000000/NVL) GPU/C4000 (0/5000.000000/LOC) CPU/1 (2/12.000000/PHB) CPU/0 (3/12.000000/SYS) NET/0 (5/12.000000/SYS) 
sciml2302:751386:751467 [2] NCCL INFO NET/0 :GPU/83000 (5/12.500000/SYS) GPU/84000 (5/12.500000/SYS) GPU/C3000 (5/12.000000/SYS) GPU/C4000 (5/12.000000/SYS) CPU/1 (3/12.500000/SYS) CPU/0 (2/12.500000/PHB) NET/0 (0/5000.000000/LOC) 
sciml2302:751386:751467 [2] NCCL INFO NVLS multicast support is not available on dev 2
sciml2301:1050816:1050899 [0] NCCL INFO NET/IB : GPU Direct RDMA Enabled for HCA 0 'mlx5_0'
sciml2302:751386:751467 [2] NCCL INFO Pattern 4, crossNic 0, nChannels 1, bw 12.000000/12.000000, type PHB/SYS, sameChannels 1
sciml2302:751386:751467 [2] NCCL INFO  0 : NET/0 GPU/4 GPU/5 GPU/6 GPU/7 NET/0
sciml2302:751386:751467 [2] NCCL INFO Pattern 1, crossNic 0, nChannels 1, bw 12.000000/12.000000, type PHB/SYS, sameChannels 1
sciml2302:751386:751467 [2] NCCL INFO  0 : NET/0 GPU/4 GPU/5 GPU/6 GPU/7 NET/0
sciml2301:1050818:1050900 [2] NCCL INFO NET/IB : GPU Direct RDMA Enabled for HCA 0 'mlx5_0'
sciml2301:1050817:1050901 [1] NCCL INFO NET/IB : GPU Direct RDMA Enabled for HCA 0 'mlx5_0'
sciml2301:1050816:1050899 [0] NCCL INFO transport/p2p.cc:163 Cuda Alloc Size 2097152 pointer 0x7f31c5e00000
sciml2301:1050817:1050901 [1] NCCL INFO transport/p2p.cc:163 Cuda Alloc Size 2097152 pointer 0x7f8a3be00000
sciml2301:1050819:1050904 [3] NCCL INFO NET/IB : GPU Direct RDMA Enabled for HCA 0 'mlx5_0'
sciml2301:1050816:1050899 [0] NCCL INFO GPU Direct RDMA Disabled for GPU 83000 / HCA 0 (distance 7 > 4)
sciml2301:1050816:1050899 [0] NCCL INFO GPU Direct RDMA Disabled for GPU 84000 / HCA 0 (distance 7 > 4)
sciml2301:1050816:1050899 [0] NCCL INFO GPU Direct RDMA Disabled for GPU c3000 / HCA 0 (distance 7 > 4)
sciml2301:1050816:1050899 [0] NCCL INFO GPU Direct RDMA Disabled for GPU c4000 / HCA 0 (distance 7 > 4)
sciml2301:1050817:1050901 [1] NCCL INFO GPU Direct RDMA Disabled for GPU 83000 / HCA 0 (distance 7 > 4)
sciml2301:1050817:1050901 [1] NCCL INFO GPU Direct RDMA Disabled for GPU 84000 / HCA 0 (distance 7 > 4)
sciml2301:1050817:1050901 [1] NCCL INFO GPU Direct RDMA Disabled for GPU c3000 / HCA 0 (distance 7 > 4)
sciml2301:1050817:1050901 [1] NCCL INFO GPU Direct RDMA Disabled for GPU c4000 / HCA 0 (distance 7 > 4)
sciml2301:1050816:1050899 [0] NCCL INFO GPU Direct RDMA Disabled for GPU 83000 / HCA 0 (distance 7 > 4)
sciml2301:1050816:1050899 [0] NCCL INFO GPU Direct RDMA Disabled for GPU 84000 / HCA 0 (distance 7 > 4)
sciml2301:1050816:1050899 [0] NCCL INFO GPU Direct RDMA Disabled for GPU c3000 / HCA 0 (distance 7 > 4)
sciml2301:1050816:1050899 [0] NCCL INFO GPU Direct RDMA Disabled for GPU c4000 / HCA 0 (distance 7 > 4)
sciml2301:1050816:1050899 [0] NCCL INFO === System : maxBw 12.5 totalBw 240.0 ===
sciml2301:1050816:1050899 [0] NCCL INFO CPU/1 (1/2/-1)
sciml2301:1050816:1050899 [0] NCCL INFO + SYS[5000.0] - CPU/0
sciml2301:1050816:1050899 [0] NCCL INFO + PCI[24.0] - PCI/81000 (11f84052000011f8)
sciml2301:1050816:1050899 [0] NCCL INFO               + PCI[24.0] - GPU/83000 (0)
sciml2301:1050816:1050899 [0] NCCL INFO                             + NVL[240.0] - GPU/84000
sciml2301:1050816:1050899 [0] NCCL INFO               + PCI[24.0] - GPU/84000 (1)
sciml2301:1050816:1050899 [0] NCCL INFO                             + NVL[240.0] - GPU/83000
sciml2301:1050816:1050899 [0] NCCL INFO + PCI[12.0] - PCI/C1000 (11f84052000011f8)
sciml2301:1050816:1050899 [0] NCCL INFO               + PCI[24.0] - GPU/C3000 (2)
sciml2301:1050816:1050899 [0] NCCL INFO                             + NVL[240.0] - GPU/C4000
sciml2301:1050816:1050899 [0] NCCL INFO               + PCI[24.0] - GPU/C4000 (3)
sciml2301:1050816:1050899 [0] NCCL INFO                             + NVL[240.0] - GPU/C3000
sciml2301:1050816:1050899 [0] NCCL INFO CPU/0 (1/2/-1)
sciml2301:1050816:1050899 [0] NCCL INFO + SYS[5000.0] - CPU/1
sciml2301:1050816:1050899 [0] NCCL INFO + PCI[24.0] - NIC/25000
sciml2301:1050816:1050899 [0] NCCL INFO               + NET[12.5] - NET/0 (1627a00003d3ebe8/1/12.500000)
sciml2301:1050816:1050899 [0] NCCL INFO ==========================================
sciml2301:1050816:1050899 [0] NCCL INFO GPU/83000 :GPU/83000 (0/5000.000000/LOC) GPU/84000 (1/240.000000/NVL) GPU/C3000 (4/12.000000/PHB) GPU/C4000 (4/12.000000/PHB) CPU/1 (2/24.000000/PHB) CPU/0 (3/24.000000/SYS) NET/0 (5/12.500000/SYS) 
sciml2301:1050816:1050899 [0] NCCL INFO GPU/84000 :GPU/83000 (1/240.000000/NVL) GPU/84000 (0/5000.000000/LOC) GPU/C3000 (4/12.000000/PHB) GPU/C4000 (4/12.000000/PHB) CPU/1 (2/24.000000/PHB) CPU/0 (3/24.000000/SYS) NET/0 (5/12.500000/SYS) 
sciml2301:1050816:1050899 [0] NCCL INFO GPU/C3000 :GPU/83000 (4/12.000000/PHB) GPU/84000 (4/12.000000/PHB) GPU/C3000 (0/5000.000000/LOC) GPU/C4000 (1/240.000000/NVL) CPU/1 (2/12.000000/PHB) CPU/0 (3/12.000000/SYS) NET/0 (5/12.000000/SYS) 
sciml2301:1050816:1050899 [0] NCCL INFO GPU/C4000 :GPU/83000 (4/12.000000/PHB) GPU/84000 (4/12.000000/PHB) GPU/C3000 (1/240.000000/NVL) GPU/C4000 (0/5000.000000/LOC) CPU/1 (2/12.000000/PHB) CPU/0 (3/12.000000/SYS) NET/0 (5/12.000000/SYS) 
sciml2301:1050816:1050899 [0] NCCL INFO NET/0 :GPU/83000 (5/12.500000/SYS) GPU/84000 (5/12.500000/SYS) GPU/C3000 (5/12.000000/SYS) GPU/C4000 (5/12.000000/SYS) CPU/1 (3/12.500000/SYS) CPU/0 (2/12.500000/PHB) NET/0 (0/5000.000000/LOC) 
sciml2301:1050816:1050899 [0] NCCL INFO NVLS multicast support is not available on dev 0
sciml2301:1050817:1050901 [1] NCCL INFO GPU Direct RDMA Disabled for GPU 83000 / HCA 0 (distance 7 > 4)
sciml2301:1050817:1050901 [1] NCCL INFO GPU Direct RDMA Disabled for GPU 84000 / HCA 0 (distance 7 > 4)
sciml2301:1050817:1050901 [1] NCCL INFO GPU Direct RDMA Disabled for GPU c3000 / HCA 0 (distance 7 > 4)
sciml2301:1050817:1050901 [1] NCCL INFO GPU Direct RDMA Disabled for GPU c4000 / HCA 0 (distance 7 > 4)
sciml2301:1050817:1050901 [1] NCCL INFO === System : maxBw 12.5 totalBw 240.0 ===
sciml2301:1050817:1050901 [1] NCCL INFO CPU/1 (1/2/-1)
sciml2301:1050817:1050901 [1] NCCL INFO + SYS[5000.0] - CPU/0
sciml2301:1050817:1050901 [1] NCCL INFO + PCI[24.0] - PCI/81000 (11f84052000011f8)
sciml2301:1050817:1050901 [1] NCCL INFO               + PCI[24.0] - GPU/83000 (0)
sciml2301:1050817:1050901 [1] NCCL INFO                             + NVL[240.0] - GPU/84000
sciml2301:1050817:1050901 [1] NCCL INFO               + PCI[24.0] - GPU/84000 (1)
sciml2301:1050817:1050901 [1] NCCL INFO                             + NVL[240.0] - GPU/83000
sciml2301:1050817:1050901 [1] NCCL INFO + PCI[12.0] - PCI/C1000 (11f84052000011f8)
sciml2301:1050817:1050901 [1] NCCL INFO               + PCI[24.0] - GPU/C3000 (2)
sciml2301:1050817:1050901 [1] NCCL INFO                             + NVL[240.0] - GPU/C4000
sciml2301:1050817:1050901 [1] NCCL INFO               + PCI[24.0] - GPU/C4000 (3)
sciml2301:1050817:1050901 [1] NCCL INFO                             + NVL[240.0] - GPU/C3000
sciml2301:1050817:1050901 [1] NCCL INFO CPU/0 (1/2/-1)
sciml2301:1050817:1050901 [1] NCCL INFO + SYS[5000.0] - CPU/1
sciml2301:1050817:1050901 [1] NCCL INFO + PCI[24.0] - NIC/25000
sciml2301:1050817:1050901 [1] NCCL INFO               + NET[12.5] - NET/0 (1627a00003d3ebe8/1/12.500000)
sciml2301:1050817:1050901 [1] NCCL INFO ==========================================
sciml2301:1050817:1050901 [1] NCCL INFO GPU/83000 :GPU/83000 (0/5000.000000/LOC) GPU/84000 (1/240.000000/NVL) GPU/C3000 (4/12.000000/PHB) GPU/C4000 (4/12.000000/PHB) CPU/1 (2/24.000000/PHB) CPU/0 (3/24.000000/SYS) NET/0 (5/12.500000/SYS) 
sciml2301:1050817:1050901 [1] NCCL INFO GPU/84000 :GPU/83000 (1/240.000000/NVL) GPU/84000 (0/5000.000000/LOC) GPU/C3000 (4/12.000000/PHB) GPU/C4000 (4/12.000000/PHB) CPU/1 (2/24.000000/PHB) CPU/0 (3/24.000000/SYS) NET/0 (5/12.500000/SYS) 
sciml2301:1050817:1050901 [1] NCCL INFO GPU/C3000 :GPU/83000 (4/12.000000/PHB) GPU/84000 (4/12.000000/PHB) GPU/C3000 (0/5000.000000/LOC) GPU/C4000 (1/240.000000/NVL) CPU/1 (2/12.000000/PHB) CPU/0 (3/12.000000/SYS) NET/0 (5/12.000000/SYS) 
sciml2301:1050819:1050904 [3] NCCL INFO transport/p2p.cc:163 Cuda Alloc Size 2097152 pointer 0x7f172be00000
sciml2301:1050817:1050901 [1] NCCL INFO GPU/C4000 :GPU/83000 (4/12.000000/PHB) GPU/84000 (4/12.000000/PHB) GPU/C3000 (1/240.000000/NVL) GPU/C4000 (0/5000.000000/LOC) CPU/1 (2/12.000000/PHB) CPU/0 (3/12.000000/SYS) NET/0 (5/12.000000/SYS) 
sciml2301:1050817:1050901 [1] NCCL INFO NET/0 :GPU/83000 (5/12.500000/SYS) GPU/84000 (5/12.500000/SYS) GPU/C3000 (5/12.000000/SYS) GPU/C4000 (5/12.000000/SYS) CPU/1 (3/12.500000/SYS) CPU/0 (2/12.500000/PHB) NET/0 (0/5000.000000/LOC) 
sciml2301:1050817:1050901 [1] NCCL INFO NVLS multicast support is not available on dev 1
sciml2301:1050816:1050899 [0] NCCL INFO Pattern 4, crossNic 0, nChannels 1, bw 12.000000/12.000000, type PHB/SYS, sameChannels 1
sciml2301:1050816:1050899 [0] NCCL INFO  0 : NET/0 GPU/0 GPU/1 GPU/2 GPU/3 NET/0
sciml2301:1050816:1050899 [0] NCCL INFO Pattern 1, crossNic 0, nChannels 1, bw 12.000000/12.000000, type PHB/SYS, sameChannels 1
sciml2301:1050816:1050899 [0] NCCL INFO  0 : NET/0 GPU/0 GPU/1 GPU/2 GPU/3 NET/0
sciml2301:1050819:1050904 [3] NCCL INFO GPU Direct RDMA Disabled for GPU 83000 / HCA 0 (distance 7 > 4)
sciml2301:1050819:1050904 [3] NCCL INFO GPU Direct RDMA Disabled for GPU 84000 / HCA 0 (distance 7 > 4)
sciml2301:1050819:1050904 [3] NCCL INFO GPU Direct RDMA Disabled for GPU c3000 / HCA 0 (distance 7 > 4)
sciml2301:1050819:1050904 [3] NCCL INFO GPU Direct RDMA Disabled for GPU c4000 / HCA 0 (distance 7 > 4)
sciml2301:1050817:1050901 [1] NCCL INFO Pattern 4, crossNic 0, nChannels 1, bw 12.000000/12.000000, type PHB/SYS, sameChannels 1
sciml2301:1050817:1050901 [1] NCCL INFO  0 : NET/0 GPU/0 GPU/1 GPU/2 GPU/3 NET/0
sciml2301:1050817:1050901 [1] NCCL INFO Pattern 1, crossNic 0, nChannels 1, bw 12.000000/12.000000, type PHB/SYS, sameChannels 1
sciml2301:1050817:1050901 [1] NCCL INFO  0 : NET/0 GPU/0 GPU/1 GPU/2 GPU/3 NET/0
sciml2301:1050819:1050904 [3] NCCL INFO GPU Direct RDMA Disabled for GPU 83000 / HCA 0 (distance 7 > 4)
sciml2301:1050819:1050904 [3] NCCL INFO GPU Direct RDMA Disabled for GPU 84000 / HCA 0 (distance 7 > 4)
sciml2301:1050819:1050904 [3] NCCL INFO GPU Direct RDMA Disabled for GPU c3000 / HCA 0 (distance 7 > 4)
sciml2301:1050819:1050904 [3] NCCL INFO GPU Direct RDMA Disabled for GPU c4000 / HCA 0 (distance 7 > 4)
sciml2301:1050819:1050904 [3] NCCL INFO === System : maxBw 12.5 totalBw 240.0 ===
sciml2301:1050819:1050904 [3] NCCL INFO CPU/1 (1/2/-1)
sciml2301:1050819:1050904 [3] NCCL INFO + SYS[5000.0] - CPU/0
sciml2301:1050819:1050904 [3] NCCL INFO + PCI[24.0] - PCI/81000 (11f84052000011f8)
sciml2301:1050819:1050904 [3] NCCL INFO               + PCI[24.0] - GPU/83000 (0)
sciml2301:1050819:1050904 [3] NCCL INFO                             + NVL[240.0] - GPU/84000
sciml2301:1050819:1050904 [3] NCCL INFO               + PCI[24.0] - GPU/84000 (1)
sciml2301:1050819:1050904 [3] NCCL INFO                             + NVL[240.0] - GPU/83000
sciml2301:1050819:1050904 [3] NCCL INFO + PCI[12.0] - PCI/C1000 (11f84052000011f8)
sciml2301:1050819:1050904 [3] NCCL INFO               + PCI[24.0] - GPU/C3000 (2)
sciml2301:1050819:1050904 [3] NCCL INFO                             + NVL[240.0] - GPU/C4000
sciml2301:1050819:1050904 [3] NCCL INFO               + PCI[24.0] - GPU/C4000 (3)
sciml2301:1050819:1050904 [3] NCCL INFO                             + NVL[240.0] - GPU/C3000
sciml2301:1050819:1050904 [3] NCCL INFO CPU/0 (1/2/-1)
sciml2301:1050819:1050904 [3] NCCL INFO + SYS[5000.0] - CPU/1
sciml2301:1050819:1050904 [3] NCCL INFO + PCI[24.0] - NIC/25000
sciml2301:1050819:1050904 [3] NCCL INFO               + NET[12.5] - NET/0 (1627a00003d3ebe8/1/12.500000)
sciml2301:1050819:1050904 [3] NCCL INFO ==========================================
sciml2301:1050819:1050904 [3] NCCL INFO GPU/83000 :GPU/83000 (0/5000.000000/LOC) GPU/84000 (1/240.000000/NVL) GPU/C3000 (4/12.000000/PHB) GPU/C4000 (4/12.000000/PHB) CPU/1 (2/24.000000/PHB) CPU/0 (3/24.000000/SYS) NET/0 (5/12.500000/SYS) 
sciml2301:1050819:1050904 [3] NCCL INFO GPU/84000 :GPU/83000 (1/240.000000/NVL) GPU/84000 (0/5000.000000/LOC) GPU/C3000 (4/12.000000/PHB) GPU/C4000 (4/12.000000/PHB) CPU/1 (2/24.000000/PHB) CPU/0 (3/24.000000/SYS) NET/0 (5/12.500000/SYS) 
sciml2301:1050819:1050904 [3] NCCL INFO GPU/C3000 :GPU/83000 (4/12.000000/PHB) GPU/84000 (4/12.000000/PHB) GPU/C3000 (0/5000.000000/LOC) GPU/C4000 (1/240.000000/NVL) CPU/1 (2/12.000000/PHB) CPU/0 (3/12.000000/SYS) NET/0 (5/12.000000/SYS) 
sciml2301:1050819:1050904 [3] NCCL INFO GPU/C4000 :GPU/83000 (4/12.000000/PHB) GPU/84000 (4/12.000000/PHB) GPU/C3000 (1/240.000000/NVL) GPU/C4000 (0/5000.000000/LOC) CPU/1 (2/12.000000/PHB) CPU/0 (3/12.000000/SYS) NET/0 (5/12.000000/SYS) 
sciml2301:1050819:1050904 [3] NCCL INFO NET/0 :GPU/83000 (5/12.500000/SYS) GPU/84000 (5/12.500000/SYS) GPU/C3000 (5/12.000000/SYS) GPU/C4000 (5/12.000000/SYS) CPU/1 (3/12.500000/SYS) CPU/0 (2/12.500000/PHB) NET/0 (0/5000.000000/LOC) 
sciml2301:1050819:1050904 [3] NCCL INFO NVLS multicast support is not available on dev 3
sciml2301:1050819:1050904 [3] NCCL INFO Pattern 4, crossNic 0, nChannels 1, bw 12.000000/12.000000, type PHB/SYS, sameChannels 1
sciml2301:1050819:1050904 [3] NCCL INFO  0 : NET/0 GPU/0 GPU/1 GPU/2 GPU/3 NET/0
sciml2301:1050819:1050904 [3] NCCL INFO Pattern 1, crossNic 0, nChannels 1, bw 12.000000/12.000000, type PHB/SYS, sameChannels 1
sciml2301:1050819:1050904 [3] NCCL INFO  0 : NET/0 GPU/0 GPU/1 GPU/2 GPU/3 NET/0
sciml2301:1050818:1050900 [2] NCCL INFO transport/p2p.cc:163 Cuda Alloc Size 2097152 pointer 0x7f2cefe00000
sciml2301:1050818:1050900 [2] NCCL INFO GPU Direct RDMA Disabled for GPU 83000 / HCA 0 (distance 7 > 4)
sciml2301:1050818:1050900 [2] NCCL INFO GPU Direct RDMA Disabled for GPU 84000 / HCA 0 (distance 7 > 4)
sciml2301:1050818:1050900 [2] NCCL INFO GPU Direct RDMA Disabled for GPU c3000 / HCA 0 (distance 7 > 4)
sciml2301:1050818:1050900 [2] NCCL INFO GPU Direct RDMA Disabled for GPU c4000 / HCA 0 (distance 7 > 4)
sciml2301:1050818:1050900 [2] NCCL INFO GPU Direct RDMA Disabled for GPU 83000 / HCA 0 (distance 7 > 4)
sciml2301:1050818:1050900 [2] NCCL INFO GPU Direct RDMA Disabled for GPU 84000 / HCA 0 (distance 7 > 4)
sciml2301:1050818:1050900 [2] NCCL INFO GPU Direct RDMA Disabled for GPU c3000 / HCA 0 (distance 7 > 4)
sciml2301:1050818:1050900 [2] NCCL INFO GPU Direct RDMA Disabled for GPU c4000 / HCA 0 (distance 7 > 4)
sciml2301:1050818:1050900 [2] NCCL INFO === System : maxBw 12.5 totalBw 240.0 ===
sciml2301:1050818:1050900 [2] NCCL INFO CPU/1 (1/2/-1)
sciml2301:1050818:1050900 [2] NCCL INFO + SYS[5000.0] - CPU/0
sciml2301:1050818:1050900 [2] NCCL INFO + PCI[24.0] - PCI/81000 (11f84052000011f8)
sciml2301:1050818:1050900 [2] NCCL INFO               + PCI[24.0] - GPU/83000 (0)
sciml2301:1050818:1050900 [2] NCCL INFO                             + NVL[240.0] - GPU/84000
sciml2301:1050818:1050900 [2] NCCL INFO               + PCI[24.0] - GPU/84000 (1)
sciml2301:1050818:1050900 [2] NCCL INFO                             + NVL[240.0] - GPU/83000
sciml2301:1050818:1050900 [2] NCCL INFO + PCI[12.0] - PCI/C1000 (11f84052000011f8)
sciml2301:1050818:1050900 [2] NCCL INFO               + PCI[24.0] - GPU/C3000 (2)
sciml2301:1050818:1050900 [2] NCCL INFO                             + NVL[240.0] - GPU/C4000
sciml2301:1050818:1050900 [2] NCCL INFO               + PCI[24.0] - GPU/C4000 (3)
sciml2301:1050818:1050900 [2] NCCL INFO                             + NVL[240.0] - GPU/C3000
sciml2301:1050818:1050900 [2] NCCL INFO CPU/0 (1/2/-1)
sciml2301:1050818:1050900 [2] NCCL INFO + SYS[5000.0] - CPU/1
sciml2301:1050818:1050900 [2] NCCL INFO + PCI[24.0] - NIC/25000
sciml2301:1050818:1050900 [2] NCCL INFO               + NET[12.5] - NET/0 (1627a00003d3ebe8/1/12.500000)
sciml2301:1050818:1050900 [2] NCCL INFO ==========================================
sciml2301:1050818:1050900 [2] NCCL INFO GPU/83000 :GPU/83000 (0/5000.000000/LOC) GPU/84000 (1/240.000000/NVL) GPU/C3000 (4/12.000000/PHB) GPU/C4000 (4/12.000000/PHB) CPU/1 (2/24.000000/PHB) CPU/0 (3/24.000000/SYS) NET/0 (5/12.500000/SYS) 
sciml2301:1050818:1050900 [2] NCCL INFO GPU/84000 :GPU/83000 (1/240.000000/NVL) GPU/84000 (0/5000.000000/LOC) GPU/C3000 (4/12.000000/PHB) GPU/C4000 (4/12.000000/PHB) CPU/1 (2/24.000000/PHB) CPU/0 (3/24.000000/SYS) NET/0 (5/12.500000/SYS) 
sciml2301:1050818:1050900 [2] NCCL INFO GPU/C3000 :GPU/83000 (4/12.000000/PHB) GPU/84000 (4/12.000000/PHB) GPU/C3000 (0/5000.000000/LOC) GPU/C4000 (1/240.000000/NVL) CPU/1 (2/12.000000/PHB) CPU/0 (3/12.000000/SYS) NET/0 (5/12.000000/SYS) 
sciml2301:1050818:1050900 [2] NCCL INFO GPU/C4000 :GPU/83000 (4/12.000000/PHB) GPU/84000 (4/12.000000/PHB) GPU/C3000 (1/240.000000/NVL) GPU/C4000 (0/5000.000000/LOC) CPU/1 (2/12.000000/PHB) CPU/0 (3/12.000000/SYS) NET/0 (5/12.000000/SYS) 
sciml2301:1050818:1050900 [2] NCCL INFO NET/0 :GPU/83000 (5/12.500000/SYS) GPU/84000 (5/12.500000/SYS) GPU/C3000 (5/12.000000/SYS) GPU/C4000 (5/12.000000/SYS) CPU/1 (3/12.500000/SYS) CPU/0 (2/12.500000/PHB) NET/0 (0/5000.000000/LOC) 
sciml2301:1050818:1050900 [2] NCCL INFO NVLS multicast support is not available on dev 2
sciml2301:1050818:1050900 [2] NCCL INFO Pattern 4, crossNic 0, nChannels 1, bw 12.000000/12.000000, type PHB/SYS, sameChannels 1
sciml2301:1050818:1050900 [2] NCCL INFO  0 : NET/0 GPU/0 GPU/1 GPU/2 GPU/3 NET/0
sciml2301:1050818:1050900 [2] NCCL INFO Pattern 1, crossNic 0, nChannels 1, bw 12.000000/12.000000, type PHB/SYS, sameChannels 1
sciml2301:1050818:1050900 [2] NCCL INFO  0 : NET/0 GPU/0 GPU/1 GPU/2 GPU/3 NET/0
sciml2301:1050819:1050904 [3] NCCL INFO Ring 00 : 2 -> 3 -> 4
sciml2301:1050819:1050904 [3] NCCL INFO Ring 01 : 2 -> 3 -> 4
sciml2301:1050819:1050904 [3] NCCL INFO Trees [0] -1/-1/-1->3->2 [1] -1/-1/-1->3->2
sciml2301:1050819:1050904 [3] NCCL INFO P2P Chunksize set to 131072
sciml2301:1050817:1050901 [1] NCCL INFO Tree 0 : 0 -> 1 -> 2/-1/-1
sciml2301:1050817:1050901 [1] NCCL INFO Tree 1 : 0 -> 1 -> 2/-1/-1
sciml2301:1050817:1050901 [1] NCCL INFO Ring 00 : 0 -> 1 -> 2
sciml2301:1050817:1050901 [1] NCCL INFO Ring 01 : 0 -> 1 -> 2
sciml2301:1050817:1050901 [1] NCCL INFO Trees [0] 2/-1/-1->1->0 [1] 2/-1/-1->1->0
sciml2301:1050817:1050901 [1] NCCL INFO P2P Chunksize set to 131072
sciml2302:751387:751468 [3] NCCL INFO Ring 00 : 6 -> 7 -> 0
sciml2302:751387:751468 [3] NCCL INFO Ring 01 : 6 -> 7 -> 0
sciml2302:751387:751468 [3] NCCL INFO Trees [0] -1/-1/-1->7->6 [1] -1/-1/-1->7->6
sciml2302:751384:751465 [0] NCCL INFO Tree 0 : 0 -> 4 -> 5/-1/-1
sciml2302:751387:751468 [3] NCCL INFO P2P Chunksize set to 131072
sciml2302:751384:751465 [0] NCCL INFO Tree 1 : -1 -> 4 -> 5/0/-1
sciml2301:1050816:1050899 [0] NCCL INFO Tree 0 : -1 -> 0 -> 1/4/-1
sciml2301:1050816:1050899 [0] NCCL INFO Tree 1 : 4 -> 0 -> 1/-1/-1
sciml2301:1050816:1050899 [0] NCCL INFO Channel 00/02 :    0   1   2   3   4   5   6   7
sciml2301:1050816:1050899 [0] NCCL INFO Channel 01/02 :    0   1   2   3   4   5   6   7
sciml2301:1050816:1050899 [0] NCCL INFO Ring 00 : 7 -> 0 -> 1
sciml2301:1050816:1050899 [0] NCCL INFO Ring 01 : 7 -> 0 -> 1
sciml2301:1050816:1050899 [0] NCCL INFO Trees [0] 1/4/-1->0->-1 [1] 1/-1/-1->0->4
sciml2301:1050816:1050899 [0] NCCL INFO P2P Chunksize set to 131072
sciml2301:1050817:1050901 [1] NCCL INFO misc/utils.cc:235 memory stack hunk malloc(65536)
sciml2301:1050819:1050904 [3] NCCL INFO misc/utils.cc:235 memory stack hunk malloc(65536)
sciml2301:1050816:1050899 [0] NCCL INFO misc/utils.cc:235 memory stack hunk malloc(65536)
sciml2302:751384:751465 [0] NCCL INFO Ring 00 : 3 -> 4 -> 5
sciml2302:751384:751465 [0] NCCL INFO Ring 01 : 3 -> 4 -> 5
sciml2302:751384:751465 [0] NCCL INFO Trees [0] 5/-1/-1->4->0 [1] 5/0/-1->4->-1
sciml2302:751384:751465 [0] NCCL INFO P2P Chunksize set to 131072
sciml2302:751385:751466 [1] NCCL INFO Tree 0 : 4 -> 5 -> 6/-1/-1
sciml2302:751385:751466 [1] NCCL INFO Tree 1 : 4 -> 5 -> 6/-1/-1
sciml2302:751385:751466 [1] NCCL INFO Ring 00 : 4 -> 5 -> 6
sciml2302:751385:751466 [1] NCCL INFO Ring 01 : 4 -> 5 -> 6
sciml2302:751385:751466 [1] NCCL INFO Trees [0] 6/-1/-1->5->4 [1] 6/-1/-1->5->4
sciml2302:751385:751466 [1] NCCL INFO P2P Chunksize set to 131072
sciml2302:751384:751465 [0] NCCL INFO misc/utils.cc:235 memory stack hunk malloc(65536)
sciml2302:751385:751466 [1] NCCL INFO misc/utils.cc:235 memory stack hunk malloc(65536)
sciml2301:1050818:1050900 [2] NCCL INFO Ring 00 : 1 -> 2 -> 3
sciml2302:751386:751467 [2] NCCL INFO Ring 00 : 5 -> 6 -> 7
sciml2302:751386:751467 [2] NCCL INFO Ring 01 : 5 -> 6 -> 7
sciml2302:751387:751468 [3] NCCL INFO misc/utils.cc:235 memory stack hunk malloc(65536)
sciml2302:751386:751467 [2] NCCL INFO Trees [0] 7/-1/-1->6->5 [1] 7/-1/-1->6->5
sciml2302:751386:751467 [2] NCCL INFO P2P Chunksize set to 131072
sciml2302:751386:751467 [2] NCCL INFO misc/utils.cc:235 memory stack hunk malloc(65536)
sciml2301:1050818:1050900 [2] NCCL INFO Ring 01 : 1 -> 2 -> 3
sciml2301:1050817:1050901 [1] NCCL INFO channel.cc:40 Cuda Alloc Size 3072 pointer 0x7f8a3be00000
sciml2301:1050819:1050904 [3] NCCL INFO channel.cc:40 Cuda Alloc Size 3072 pointer 0x7f172be00000
sciml2302:751384:751465 [0] NCCL INFO channel.cc:40 Cuda Alloc Size 3072 pointer 0x7f6131e00000
sciml2302:751384:751465 [0] NCCL INFO channel.cc:43 Cuda Alloc Size 104 pointer 0x7f6131e00c00
sciml2302:751384:751465 [0] NCCL INFO channel.cc:52 Cuda Alloc Size 32 pointer 0x7f6131e00e00
sciml2302:751384:751465 [0] NCCL INFO channel.cc:40 Cuda Alloc Size 3072 pointer 0x7f6131e01000
sciml2302:751384:751465 [0] NCCL INFO channel.cc:43 Cuda Alloc Size 104 pointer 0x7f6131e01c00
sciml2301:1050817:1050901 [1] NCCL INFO channel.cc:43 Cuda Alloc Size 104 pointer 0x7f8a3be00c00
sciml2301:1050819:1050904 [3] NCCL INFO channel.cc:43 Cuda Alloc Size 104 pointer 0x7f172be00c00
sciml2301:1050816:1050899 [0] NCCL INFO channel.cc:40 Cuda Alloc Size 3072 pointer 0x7f31c5e00000
sciml2301:1050816:1050899 [0] NCCL INFO channel.cc:43 Cuda Alloc Size 104 pointer 0x7f31c5e00c00
sciml2301:1050819:1050904 [3] NCCL INFO channel.cc:52 Cuda Alloc Size 32 pointer 0x7f172be00e00
sciml2301:1050819:1050904 [3] NCCL INFO channel.cc:40 Cuda Alloc Size 3072 pointer 0x7f172be01000
sciml2301:1050817:1050901 [1] NCCL INFO channel.cc:52 Cuda Alloc Size 32 pointer 0x7f8a3be00e00
sciml2301:1050819:1050904 [3] NCCL INFO channel.cc:43 Cuda Alloc Size 104 pointer 0x7f172be01c00
sciml2301:1050816:1050899 [0] NCCL INFO channel.cc:52 Cuda Alloc Size 32 pointer 0x7f31c5e00e00
sciml2301:1050817:1050901 [1] NCCL INFO channel.cc:40 Cuda Alloc Size 3072 pointer 0x7f8a3be01000
sciml2301:1050816:1050899 [0] NCCL INFO channel.cc:40 Cuda Alloc Size 3072 pointer 0x7f31c5e01000
sciml2301:1050817:1050901 [1] NCCL INFO channel.cc:43 Cuda Alloc Size 104 pointer 0x7f8a3be01c00
sciml2301:1050816:1050899 [0] NCCL INFO channel.cc:43 Cuda Alloc Size 104 pointer 0x7f31c5e01c00
sciml2301:1050819:1050904 [3] NCCL INFO channel.cc:52 Cuda Alloc Size 32 pointer 0x7f172be01e00
sciml2301:1050817:1050901 [1] NCCL INFO channel.cc:52 Cuda Alloc Size 32 pointer 0x7f8a3be01e00
sciml2301:1050816:1050899 [0] NCCL INFO channel.cc:52 Cuda Alloc Size 32 pointer 0x7f31c5e01e00
sciml2301:1050816:1050899 [0] NCCL INFO GPU Direct RDMA Disabled for GPU 83000 / HCA 0 (distance 7 > 4)
sciml2302:751384:751465 [0] NCCL INFO channel.cc:52 Cuda Alloc Size 32 pointer 0x7f6131e01e00
sciml2302:751384:751465 [0] NCCL INFO GPU Direct RDMA Disabled for GPU 83000 / HCA 0 (distance 7 > 4)
sciml2302:751385:751466 [1] NCCL INFO channel.cc:40 Cuda Alloc Size 3072 pointer 0x7f216fe00000
sciml2302:751385:751466 [1] NCCL INFO channel.cc:43 Cuda Alloc Size 104 pointer 0x7f216fe00c00
sciml2302:751385:751466 [1] NCCL INFO channel.cc:52 Cuda Alloc Size 32 pointer 0x7f216fe00e00
sciml2302:751385:751466 [1] NCCL INFO channel.cc:40 Cuda Alloc Size 3072 pointer 0x7f216fe01000
sciml2301:1050818:1050900 [2] NCCL INFO Trees [0] 3/-1/-1->2->1 [1] 3/-1/-1->2->1
sciml2301:1050818:1050900 [2] NCCL INFO P2P Chunksize set to 131072
sciml2302:751385:751466 [1] NCCL INFO channel.cc:43 Cuda Alloc Size 104 pointer 0x7f216fe01c00
sciml2302:751385:751466 [1] NCCL INFO channel.cc:52 Cuda Alloc Size 32 pointer 0x7f216fe01e00
sciml2302:751386:751467 [2] NCCL INFO channel.cc:40 Cuda Alloc Size 3072 pointer 0x7f66ade00000
sciml2302:751386:751467 [2] NCCL INFO channel.cc:43 Cuda Alloc Size 104 pointer 0x7f66ade00c00
sciml2302:751386:751467 [2] NCCL INFO channel.cc:52 Cuda Alloc Size 32 pointer 0x7f66ade00e00
sciml2302:751386:751467 [2] NCCL INFO channel.cc:40 Cuda Alloc Size 3072 pointer 0x7f66ade01000
sciml2302:751386:751467 [2] NCCL INFO channel.cc:43 Cuda Alloc Size 104 pointer 0x7f66ade01c00
sciml2302:751386:751467 [2] NCCL INFO channel.cc:52 Cuda Alloc Size 32 pointer 0x7f66ade01e00
sciml2302:751385:751474 [1] NCCL INFO Mem Realloc old size 0, new size 8 pointer 0x7f2180004f10
sciml2302:751385:751474 [1] NCCL INFO New proxy recv connection 0 from local rank 1, transport 0
sciml2302:751385:751474 [1] NCCL INFO proxyProgressAsync opId=0x7f2189ecea60 op.type=1 op.reqBuff=0x7f2180004ed0 op.respSize=16 done
sciml2302:751385:751466 [1] NCCL INFO ncclPollProxyResponse Received new opId=0x7f2189ecea60
sciml2302:751385:751466 [1] NCCL INFO recvOpId=0x7f2189ecea60 matches expected opId=0x7f2189ecea60
sciml2302:751385:751466 [1] NCCL INFO Connection to proxy localRank 1 -> connection 0x7f2180004f30
sciml2302:751385:751474 [1] NCCL INFO Received and initiated operation=Init res=0
sciml2302:751386:751476 [2] NCCL INFO Mem Realloc old size 0, new size 8 pointer 0x7f66c0004f10
sciml2302:751386:751476 [2] NCCL INFO New proxy recv connection 0 from local rank 2, transport 0
sciml2302:751386:751476 [2] NCCL INFO proxyProgressAsync opId=0x7f66c9ececa0 op.type=1 op.reqBuff=0x7f66c0004ed0 op.respSize=16 done
sciml2302:751386:751467 [2] NCCL INFO ncclPollProxyResponse Received new opId=0x7f66c9ececa0
sciml2301:1050818:1050900 [2] NCCL INFO misc/utils.cc:235 memory stack hunk malloc(65536)
sciml2302:751386:751476 [2] NCCL INFO Received and initiated operation=Init res=0
sciml2302:751386:751467 [2] NCCL INFO recvOpId=0x7f66c9ececa0 matches expected opId=0x7f66c9ececa0
sciml2302:751386:751467 [2] NCCL INFO Connection to proxy localRank 2 -> connection 0x7f66c0004f30
sciml2302:751385:751474 [1] NCCL INFO transport/p2p.cc:204 Cuda Alloc Size 6291456 pointer 0x7f2171400000
sciml2302:751385:751474 [1] NCCL INFO Allocated shareable buffer 0x7f2171400000 size 6291456 ipcDesc 0x7f2180007770
sciml2302:751385:751474 [1] NCCL INFO proxyProgressAsync opId=0x7f2189ecea60 op.type=3 op.reqBuff=0x7f2180007740 op.respSize=80 done
sciml2302:751385:751466 [1] NCCL INFO ncclPollProxyResponse Received new opId=0x7f2189ecea60
sciml2302:751385:751474 [1] NCCL INFO Received and initiated operation=Setup res=0
sciml2302:751387:751468 [3] NCCL INFO channel.cc:40 Cuda Alloc Size 3072 pointer 0x7f07c3e00000
sciml2302:751387:751468 [3] NCCL INFO channel.cc:43 Cuda Alloc Size 104 pointer 0x7f07c3e00c00
sciml2301:1050818:1050900 [2] NCCL INFO channel.cc:40 Cuda Alloc Size 3072 pointer 0x7f2cefe00000
sciml2302:751387:751468 [3] NCCL INFO channel.cc:52 Cuda Alloc Size 32 pointer 0x7f07c3e00e00
sciml2302:751387:751468 [3] NCCL INFO channel.cc:40 Cuda Alloc Size 3072 pointer 0x7f07c3e01000
sciml2302:751387:751468 [3] NCCL INFO channel.cc:43 Cuda Alloc Size 104 pointer 0x7f07c3e01c00
sciml2301:1050818:1050900 [2] NCCL INFO channel.cc:43 Cuda Alloc Size 104 pointer 0x7f2cefe00c00
sciml2302:751387:751468 [3] NCCL INFO channel.cc:52 Cuda Alloc Size 32 pointer 0x7f07c3e01e00
sciml2301:1050818:1050900 [2] NCCL INFO channel.cc:52 Cuda Alloc Size 32 pointer 0x7f2cefe00e00
sciml2302:751386:751476 [2] NCCL INFO transport/p2p.cc:204 Cuda Alloc Size 10485760 pointer 0x7f66af400000
sciml2302:751386:751476 [2] NCCL INFO Allocated shareable buffer 0x7f66af400000 size 10485760 ipcDesc 0x7f66c0007770
sciml2302:751386:751476 [2] NCCL INFO proxyProgressAsync opId=0x7f66c9ececa0 op.type=3 op.reqBuff=0x7f66c0007740 op.respSize=80 done
sciml2302:751386:751476 [2] NCCL INFO Received and initiated operation=Setup res=0
sciml2302:751386:751467 [2] NCCL INFO ncclPollProxyResponse Received new opId=0x7f66c9ececa0
sciml2301:1050818:1050900 [2] NCCL INFO channel.cc:40 Cuda Alloc Size 3072 pointer 0x7f2cefe01000
sciml2301:1050818:1050900 [2] NCCL INFO channel.cc:43 Cuda Alloc Size 104 pointer 0x7f2cefe01c00
sciml2301:1050818:1050900 [2] NCCL INFO channel.cc:52 Cuda Alloc Size 32 pointer 0x7f2cefe01e00
sciml2301:1050819:1050907 [3] NCCL INFO Mem Realloc old size 0, new size 8 pointer 0x7f173c004f10
sciml2301:1050819:1050907 [3] NCCL INFO New proxy recv connection 0 from local rank 3, transport 0
sciml2301:1050819:1050907 [3] NCCL INFO proxyProgressAsync opId=0x7f1745e6c000 op.type=1 op.reqBuff=0x7f173c004ed0 op.respSize=16 done
sciml2301:1050819:1050907 [3] NCCL INFO Received and initiated operation=Init res=0
sciml2301:1050819:1050904 [3] NCCL INFO ncclPollProxyResponse Received new opId=0x7f1745e6c000
sciml2301:1050819:1050904 [3] NCCL INFO recvOpId=0x7f1745e6c000 matches expected opId=0x7f1745e6c000
sciml2301:1050819:1050904 [3] NCCL INFO Connection to proxy localRank 3 -> connection 0x7f173c004f30
sciml2302:751387:751475 [3] NCCL INFO Mem Realloc old size 0, new size 8 pointer 0x7f07d4004f10
sciml2302:751387:751475 [3] NCCL INFO New proxy recv connection 0 from local rank 3, transport 0
sciml2302:751387:751475 [3] NCCL INFO proxyProgressAsync opId=0x7f07dde6c000 op.type=1 op.reqBuff=0x7f07d4004ed0 op.respSize=16 done
sciml2302:751387:751475 [3] NCCL INFO Received and initiated operation=Init res=0
sciml2302:751387:751468 [3] NCCL INFO ncclPollProxyResponse Received new opId=0x7f07dde6c000
sciml2302:751387:751468 [3] NCCL INFO recvOpId=0x7f07dde6c000 matches expected opId=0x7f07dde6c000
sciml2302:751387:751468 [3] NCCL INFO Connection to proxy localRank 3 -> connection 0x7f07d4004f30
sciml2302:751387:751475 [3] NCCL INFO transport/p2p.cc:204 Cuda Alloc Size 6291456 pointer 0x7f07c5400000
sciml2302:751387:751475 [3] NCCL INFO Allocated shareable buffer 0x7f07c5400000 size 6291456 ipcDesc 0x7f07d4007770
sciml2302:751387:751475 [3] NCCL INFO proxyProgressAsync opId=0x7f07dde6c000 op.type=3 op.reqBuff=0x7f07d4007740 op.respSize=80 done
sciml2302:751387:751475 [3] NCCL INFO Received and initiated operation=Setup res=0
sciml2302:751387:751468 [3] NCCL INFO ncclPollProxyResponse Received new opId=0x7f07dde6c000
sciml2301:1050818:1050910 [2] NCCL INFO Mem Realloc old size 0, new size 8 pointer 0x7f2d00004f10
sciml2301:1050818:1050910 [2] NCCL INFO New proxy recv connection 0 from local rank 2, transport 0
sciml2301:1050818:1050910 [2] NCCL INFO proxyProgressAsync opId=0x7f2d09e6c000 op.type=1 op.reqBuff=0x7f2d00004ed0 op.respSize=16 done
sciml2301:1050818:1050910 [2] NCCL INFO Received and initiated operation=Init res=0
sciml2301:1050818:1050900 [2] NCCL INFO ncclPollProxyResponse Received new opId=0x7f2d09e6c000
sciml2301:1050818:1050900 [2] NCCL INFO recvOpId=0x7f2d09e6c000 matches expected opId=0x7f2d09e6c000
sciml2301:1050818:1050900 [2] NCCL INFO Connection to proxy localRank 2 -> connection 0x7f2d00004f30
sciml2301:1050818:1050910 [2] NCCL INFO transport/p2p.cc:204 Cuda Alloc Size 10485760 pointer 0x7f2cf1400000
sciml2301:1050818:1050910 [2] NCCL INFO Allocated shareable buffer 0x7f2cf1400000 size 10485760 ipcDesc 0x7f2d00007770
sciml2301:1050818:1050910 [2] NCCL INFO proxyProgressAsync opId=0x7f2d09e6c000 op.type=3 op.reqBuff=0x7f2d00007740 op.respSize=80 done
sciml2301:1050818:1050910 [2] NCCL INFO Received and initiated operation=Setup res=0
sciml2301:1050818:1050900 [2] NCCL INFO ncclPollProxyResponse Received new opId=0x7f2d09e6c000
sciml2301:1050816:1050909 [0] NCCL INFO Mem Realloc old size 0, new size 8 pointer 0x7f3204004f10
sciml2301:1050816:1050909 [0] NCCL INFO Allocated 4194660 bytes of shared memory in /dev/shm/nccl-ftXAoO
sciml2301:1050817:1050908 [1] NCCL INFO Mem Realloc old size 0, new size 8 pointer 0x7f8a4c004f10
sciml2301:1050817:1050908 [1] NCCL INFO New proxy recv connection 0 from local rank 1, transport 0
sciml2301:1050817:1050908 [1] NCCL INFO proxyProgressAsync opId=0x7f8a55ecea60 op.type=1 op.reqBuff=0x7f8a4c004ed0 op.respSize=16 done
sciml2301:1050817:1050908 [1] NCCL INFO Received and initiated operation=Init res=0
sciml2301:1050817:1050901 [1] NCCL INFO ncclPollProxyResponse Received new opId=0x7f8a55ecea60
sciml2301:1050817:1050901 [1] NCCL INFO recvOpId=0x7f8a55ecea60 matches expected opId=0x7f8a55ecea60
sciml2301:1050817:1050901 [1] NCCL INFO Connection to proxy localRank 1 -> connection 0x7f8a4c004f30
sciml2301:1050819:1050907 [3] NCCL INFO transport/p2p.cc:204 Cuda Alloc Size 6291456 pointer 0x7f172d400000
sciml2301:1050819:1050907 [3] NCCL INFO Allocated shareable buffer 0x7f172d400000 size 6291456 ipcDesc 0x7f173c007770
sciml2301:1050819:1050907 [3] NCCL INFO proxyProgressAsync opId=0x7f1745e6c000 op.type=3 op.reqBuff=0x7f173c007740 op.respSize=80 done
sciml2301:1050819:1050907 [3] NCCL INFO Received and initiated operation=Setup res=0
sciml2301:1050819:1050904 [3] NCCL INFO ncclPollProxyResponse Received new opId=0x7f1745e6c000
sciml2301:1050816:1050909 [0] NCCL INFO New proxy recv connection 0 from local rank 0, transport 2
sciml2301:1050816:1050909 [0] NCCL INFO proxyProgressAsync opId=0x7f31f5e8e7e0 op.type=1 op.reqBuff=0x7f3204004ed0 op.respSize=16 done
sciml2301:1050816:1050909 [0] NCCL INFO Received and initiated operation=Init res=0
sciml2301:1050816:1050899 [0] NCCL INFO ncclPollProxyResponse Received new opId=0x7f31f5e8e7e0
sciml2301:1050816:1050899 [0] NCCL INFO recvOpId=0x7f31f5e8e7e0 matches expected opId=0x7f31f5e8e7e0
sciml2301:1050816:1050899 [0] NCCL INFO Connection to proxy localRank 0 -> connection 0x7f3204004f30
sciml2302:751384:751473 [0] NCCL INFO Mem Realloc old size 0, new size 8 pointer 0x7f615c004f10
sciml2302:751384:751473 [0] NCCL INFO Allocated 4194660 bytes of shared memory in /dev/shm/nccl-mKVCiq
sciml2302:751384:751473 [0] NCCL INFO New proxy recv connection 0 from local rank 0, transport 2
sciml2302:751384:751473 [0] NCCL INFO proxyProgressAsync opId=0x7f6165e8e7e0 op.type=1 op.reqBuff=0x7f615c004ed0 op.respSize=16 done
sciml2302:751384:751473 [0] NCCL INFO Received and initiated operation=Init res=0
sciml2302:751384:751465 [0] NCCL INFO ncclPollProxyResponse Received new opId=0x7f6165e8e7e0
sciml2302:751384:751465 [0] NCCL INFO recvOpId=0x7f6165e8e7e0 matches expected opId=0x7f6165e8e7e0
sciml2302:751384:751465 [0] NCCL INFO Connection to proxy localRank 0 -> connection 0x7f615c004f30
sciml2302:751385:751466 [1] NCCL INFO recvOpId=0x7f2189ecea60 matches expected opId=0x7f2189ecea60
sciml2302:751386:751467 [2] NCCL INFO recvOpId=0x7f66c9ececa0 matches expected opId=0x7f66c9ececa0
sciml2301:1050817:1050908 [1] NCCL INFO transport/p2p.cc:204 Cuda Alloc Size 6291456 pointer 0x7f8a3d400000
sciml2301:1050817:1050908 [1] NCCL INFO Allocated shareable buffer 0x7f8a3d400000 size 6291456 ipcDesc 0x7f8a4c007770
sciml2301:1050817:1050908 [1] NCCL INFO proxyProgressAsync opId=0x7f8a55ecea60 op.type=3 op.reqBuff=0x7f8a4c007740 op.respSize=80 done
sciml2301:1050817:1050908 [1] NCCL INFO Received and initiated operation=Setup res=0
sciml2301:1050817:1050901 [1] NCCL INFO ncclPollProxyResponse Received new opId=0x7f8a55ecea60
sciml2301:1050816:1050909 [0] NCCL INFO proxyProgressAsync opId=0x7f31f5e8e7e0 op.type=3 op.reqBuff=0x7f3204007a70 op.respSize=128 done
sciml2301:1050816:1050909 [0] NCCL INFO Received and initiated operation=Setup res=0
sciml2301:1050816:1050899 [0] NCCL INFO ncclPollProxyResponse Received new opId=0x7f31f5e8e7e0
sciml2302:751384:751473 [0] NCCL INFO proxyProgressAsync opId=0x7f6165e8e7e0 op.type=3 op.reqBuff=0x7f615c007a70 op.respSize=128 done
sciml2302:751384:751473 [0] NCCL INFO Received and initiated operation=Setup res=0
sciml2302:751384:751465 [0] NCCL INFO ncclPollProxyResponse Received new opId=0x7f6165e8e7e0
sciml2302:751387:751468 [3] NCCL INFO recvOpId=0x7f07dde6c000 matches expected opId=0x7f07dde6c000
sciml2301:1050818:1050900 [2] NCCL INFO recvOpId=0x7f2d09e6c000 matches expected opId=0x7f2d09e6c000
sciml2301:1050819:1050904 [3] NCCL INFO recvOpId=0x7f1745e6c000 matches expected opId=0x7f1745e6c000
sciml2302:751386:751476 [2] NCCL INFO New proxy recv connection 1 from local rank 2, transport 0
sciml2302:751386:751476 [2] NCCL INFO proxyProgressAsync opId=0x7f66c9ececa0 op.type=1 op.reqBuff=0x7f66c00084b0 op.respSize=16 done
sciml2302:751386:751476 [2] NCCL INFO Received and initiated operation=Init res=0
sciml2302:751386:751467 [2] NCCL INFO ncclPollProxyResponse Received new opId=0x7f66c9ececa0
sciml2302:751385:751474 [1] NCCL INFO New proxy recv connection 1 from local rank 1, transport 0
sciml2302:751385:751474 [1] NCCL INFO proxyProgressAsync opId=0x7f2189ecea60 op.type=1 op.reqBuff=0x7f21800084b0 op.respSize=16 done
sciml2302:751385:751474 [1] NCCL INFO Received and initiated operation=Init res=0
sciml2302:751385:751466 [1] NCCL INFO ncclPollProxyResponse Received new opId=0x7f2189ecea60
sciml2302:751387:751475 [3] NCCL INFO New proxy recv connection 1 from local rank 3, transport 0
sciml2302:751387:751475 [3] NCCL INFO proxyProgressAsync opId=0x7f07dde6c000 op.type=1 op.reqBuff=0x7f07d40084b0 op.respSize=16 done
sciml2302:751387:751475 [3] NCCL INFO Received and initiated operation=Init res=0
sciml2302:751387:751468 [3] NCCL INFO ncclPollProxyResponse Received new opId=0x7f07dde6c000
sciml2301:1050818:1050910 [2] NCCL INFO New proxy recv connection 1 from local rank 2, transport 0
sciml2301:1050818:1050910 [2] NCCL INFO proxyProgressAsync opId=0x7f2d09e6c000 op.type=1 op.reqBuff=0x7f2d000084b0 op.respSize=16 done
sciml2301:1050818:1050910 [2] NCCL INFO Received and initiated operation=Init res=0
sciml2301:1050818:1050900 [2] NCCL INFO ncclPollProxyResponse Received new opId=0x7f2d09e6c000
sciml2301:1050816:1050899 [0] NCCL INFO recvOpId=0x7f31f5e8e7e0 matches expected opId=0x7f31f5e8e7e0
sciml2301:1050817:1050901 [1] NCCL INFO recvOpId=0x7f8a55ecea60 matches expected opId=0x7f8a55ecea60
sciml2301:1050816:1050899 [0] NCCL INFO Channel 00/0 : 7[c4000] -> 0[83000] [receive] via NET/IB/0
sciml2301:1050816:1050899 [0] NCCL INFO GPU Direct RDMA Disabled for GPU 83000 / HCA 0 (distance 7 > 4)
sciml2301:1050819:1050907 [3] NCCL INFO New proxy recv connection 1 from local rank 3, transport 0
sciml2301:1050819:1050907 [3] NCCL INFO proxyProgressAsync opId=0x7f1745e6c000 op.type=1 op.reqBuff=0x7f173c0084b0 op.respSize=16 done
sciml2301:1050819:1050907 [3] NCCL INFO Received and initiated operation=Init res=0
sciml2301:1050819:1050904 [3] NCCL INFO ncclPollProxyResponse Received new opId=0x7f1745e6c000
sciml2302:751384:751465 [0] NCCL INFO recvOpId=0x7f6165e8e7e0 matches expected opId=0x7f6165e8e7e0
sciml2302:751384:751465 [0] NCCL INFO Channel 00/0 : 3[c4000] -> 4[83000] [receive] via NET/IB/0
sciml2302:751384:751465 [0] NCCL INFO GPU Direct RDMA Disabled for GPU 83000 / HCA 0 (distance 7 > 4)
sciml2302:751386:751467 [2] NCCL INFO recvOpId=0x7f66c9ececa0 matches expected opId=0x7f66c9ececa0
sciml2302:751386:751467 [2] NCCL INFO Connection to proxy localRank 2 -> connection 0x7f66c0004f80
sciml2302:751385:751466 [1] NCCL INFO recvOpId=0x7f2189ecea60 matches expected opId=0x7f2189ecea60
sciml2302:751385:751466 [1] NCCL INFO Connection to proxy localRank 1 -> connection 0x7f2180004f80
sciml2302:751387:751468 [3] NCCL INFO recvOpId=0x7f07dde6c000 matches expected opId=0x7f07dde6c000
sciml2302:751387:751468 [3] NCCL INFO Connection to proxy localRank 3 -> connection 0x7f07d4004f80
sciml2302:751384:751473 [0] NCCL INFO New proxy recv connection 1 from local rank 0, transport 2
sciml2302:751384:751473 [0] NCCL INFO proxyProgressAsync opId=0x7f6165e8e7e0 op.type=1 op.reqBuff=0x7f615c00ceb0 op.respSize=16 done
sciml2302:751384:751473 [0] NCCL INFO Received and initiated operation=Init res=0
sciml2302:751384:751465 [0] NCCL INFO ncclPollProxyResponse Received new opId=0x7f6165e8e7e0
sciml2301:1050818:1050900 [2] NCCL INFO recvOpId=0x7f2d09e6c000 matches expected opId=0x7f2d09e6c000
sciml2301:1050818:1050900 [2] NCCL INFO Connection to proxy localRank 2 -> connection 0x7f2d00004f80
sciml2301:1050816:1050909 [0] NCCL INFO New proxy recv connection 1 from local rank 0, transport 2
sciml2301:1050816:1050909 [0] NCCL INFO proxyProgressAsync opId=0x7f31f5e8e7e0 op.type=1 op.reqBuff=0x7f320400ceb0 op.respSize=16 done
sciml2301:1050816:1050909 [0] NCCL INFO Received and initiated operation=Init res=0
sciml2301:1050816:1050899 [0] NCCL INFO ncclPollProxyResponse Received new opId=0x7f31f5e8e7e0
sciml2301:1050817:1050908 [1] NCCL INFO New proxy recv connection 1 from local rank 1, transport 0
sciml2301:1050817:1050908 [1] NCCL INFO proxyProgressAsync opId=0x7f8a55ecea60 op.type=1 op.reqBuff=0x7f8a4c0084b0 op.respSize=16 done
sciml2301:1050817:1050908 [1] NCCL INFO Received and initiated operation=Init res=0
sciml2301:1050817:1050901 [1] NCCL INFO ncclPollProxyResponse Received new opId=0x7f8a55ecea60
sciml2302:751386:751476 [2] NCCL INFO transport/p2p.cc:204 Cuda Alloc Size 10485760 pointer 0x7f66b1400000
sciml2302:751386:751476 [2] NCCL INFO Allocated shareable buffer 0x7f66b1400000 size 10485760 ipcDesc 0x7f66c0008520
sciml2302:751386:751476 [2] NCCL INFO proxyProgressAsync opId=0x7f66c9ececa0 op.type=3 op.reqBuff=0x7f66c00084f0 op.respSize=80 done
sciml2302:751386:751476 [2] NCCL INFO Received and initiated operation=Setup res=0
sciml2302:751386:751467 [2] NCCL INFO ncclPollProxyResponse Received new opId=0x7f66c9ececa0
sciml2302:751387:751475 [3] NCCL INFO transport/p2p.cc:204 Cuda Alloc Size 6291456 pointer 0x7f07c5a00000
sciml2302:751387:751475 [3] NCCL INFO Allocated shareable buffer 0x7f07c5a00000 size 6291456 ipcDesc 0x7f07d4008520
sciml2302:751387:751475 [3] NCCL INFO proxyProgressAsync opId=0x7f07dde6c000 op.type=3 op.reqBuff=0x7f07d40084f0 op.respSize=80 done
sciml2302:751387:751475 [3] NCCL INFO Received and initiated operation=Setup res=0
sciml2302:751387:751468 [3] NCCL INFO ncclPollProxyResponse Received new opId=0x7f07dde6c000
sciml2301:1050819:1050904 [3] NCCL INFO recvOpId=0x7f1745e6c000 matches expected opId=0x7f1745e6c000
sciml2301:1050819:1050904 [3] NCCL INFO Connection to proxy localRank 3 -> connection 0x7f173c004f80
sciml2302:751385:751474 [1] NCCL INFO transport/p2p.cc:204 Cuda Alloc Size 6291456 pointer 0x7f2171a00000
sciml2302:751385:751474 [1] NCCL INFO Allocated shareable buffer 0x7f2171a00000 size 6291456 ipcDesc 0x7f2180008520
sciml2302:751385:751474 [1] NCCL INFO proxyProgressAsync opId=0x7f2189ecea60 op.type=3 op.reqBuff=0x7f21800084f0 op.respSize=80 done
sciml2302:751385:751474 [1] NCCL INFO Received and initiated operation=Setup res=0
sciml2302:751385:751466 [1] NCCL INFO ncclPollProxyResponse Received new opId=0x7f2189ecea60
sciml2301:1050818:1050910 [2] NCCL INFO transport/p2p.cc:204 Cuda Alloc Size 10485760 pointer 0x7f2d17400000
sciml2301:1050818:1050910 [2] NCCL INFO Allocated shareable buffer 0x7f2d17400000 size 10485760 ipcDesc 0x7f2d00008520
sciml2301:1050818:1050910 [2] NCCL INFO proxyProgressAsync opId=0x7f2d09e6c000 op.type=3 op.reqBuff=0x7f2d000084f0 op.respSize=80 done
sciml2301:1050818:1050910 [2] NCCL INFO Received and initiated operation=Setup res=0
sciml2301:1050818:1050900 [2] NCCL INFO ncclPollProxyResponse Received new opId=0x7f2d09e6c000
sciml2301:1050819:1050907 [3] NCCL INFO transport/p2p.cc:204 Cuda Alloc Size 6291456 pointer 0x7f172da00000
sciml2301:1050819:1050907 [3] NCCL INFO Allocated shareable buffer 0x7f172da00000 size 6291456 ipcDesc 0x7f173c008520
sciml2301:1050819:1050907 [3] NCCL INFO proxyProgressAsync opId=0x7f1745e6c000 op.type=3 op.reqBuff=0x7f173c0084f0 op.respSize=80 done
sciml2301:1050819:1050907 [3] NCCL INFO Received and initiated operation=Setup res=0
sciml2301:1050819:1050904 [3] NCCL INFO ncclPollProxyResponse Received new opId=0x7f1745e6c000
sciml2302:751384:751465 [0] NCCL INFO recvOpId=0x7f6165e8e7e0 matches expected opId=0x7f6165e8e7e0
sciml2302:751384:751465 [0] NCCL INFO Connection to proxy localRank 0 -> connection 0x7f615c004f80
sciml2301:1050816:1050899 [0] NCCL INFO recvOpId=0x7f31f5e8e7e0 matches expected opId=0x7f31f5e8e7e0
sciml2301:1050816:1050899 [0] NCCL INFO Connection to proxy localRank 0 -> connection 0x7f3204004f80
sciml2301:1050817:1050901 [1] NCCL INFO recvOpId=0x7f8a55ecea60 matches expected opId=0x7f8a55ecea60
sciml2301:1050817:1050901 [1] NCCL INFO Connection to proxy localRank 1 -> connection 0x7f8a4c004f80
sciml2302:751386:751467 [2] NCCL INFO recvOpId=0x7f66c9ececa0 matches expected opId=0x7f66c9ececa0
sciml2302:751386:751467 [2] NCCL INFO Channel 00/0 : 6[c3000] -> 7[c4000] via P2P/IPC/read
sciml2302:751387:751468 [3] NCCL INFO recvOpId=0x7f07dde6c000 matches expected opId=0x7f07dde6c000
sciml2302:751387:751468 [3] NCCL INFO GPU Direct RDMA Disabled for GPU c4000 / HCA 0 (distance 7 > 4)
sciml2302:751384:751473 [0] NCCL INFO proxyProgressAsync opId=0x7f6165e8e7e0 op.type=3 op.reqBuff=0x7f615c00cef0 op.respSize=128 done
sciml2302:751384:751465 [0] NCCL INFO ncclPollProxyResponse Received new opId=0x7f6165e8e7e0
sciml2302:751384:751473 [0] NCCL INFO Received and initiated operation=Setup res=0
