sciml2301:1050816:1050899 [0] NCCL INFO        Reduce |     0.0/   0.0 |     0.0/   0.0 |     0.0/   0.0 |     0.0/   0.0 |     0.0/   0.0 |     0.0/   0.0 |     0.0/   0.0 |     0.0/   0.0 |     0.0/   0.0 |
sciml2301:1050816:1050899 [0] NCCL INFO     AllGather |     0.0/   0.0 |     0.0/   0.0 |     0.0/   0.0 |     0.0/   0.0 |     0.0/   0.0 |     0.0/   0.0 |     0.0/   0.0 |     0.0/   0.0 |     0.0/   0.0 |
sciml2301:1050816:1050899 [0] NCCL INFO ReduceScatter |     0.0/   0.0 |     0.0/   0.0 |     0.0/   0.0 |     0.0/   0.0 |     0.0/   0.0 |     0.0/   0.0 |     0.0/   0.0 |     0.0/   0.0 |     0.0/   0.0 |
sciml2301:1050816:1050899 [0] NCCL INFO     AllReduce |     6.8/   0.0 |    14.0/   0.0 |    62.0/   0.0 |     0.0/   0.0 |     0.0/   0.0 |    41.0/   0.0 |     0.0/   0.0 |     0.0/   0.0 |    61.0/   0.0 |
sciml2301:1050816:1050899 [0] NCCL INFO threadThresholds 8/8/64 | 64/8/64 | 512 | 512
sciml2301:1050816:1050899 [0] NCCL INFO 2 coll channels, 0 nvls channels, 2 p2p channels, 2 p2p channels per peer
sciml2302:751385:751466 [1] NCCL INFO init.cc:405 Cuda Host Alloc Size 33554432 pointer 0x7f217e000000
sciml2302:751385:751466 [1] NCCL INFO init.cc:411 Cuda Host Alloc Size 128 pointer 0x7f2161400200
sciml2301:1050816:1050909 [0] NCCL INFO New proxy send connection 10 from local rank 0, transport 2
sciml2301:1050816:1050909 [0] NCCL INFO proxyProgressAsync opId=0x7f31f5e8e7e0 op.type=1 op.reqBuff=0x7f3204087bb0 op.respSize=16 done
sciml2301:1050816:1050909 [0] NCCL INFO Received and initiated operation=Init res=0
sciml2301:1050816:1050899 [0] NCCL INFO ncclPollProxyResponse Received new opId=0x7f31f5e8e7e0
sciml2302:751384:751473 [0] NCCL INFO New proxy send connection 10 from local rank 0, transport 2
sciml2302:751384:751473 [0] NCCL INFO proxyProgressAsync opId=0x7f6165e8e7e0 op.type=1 op.reqBuff=0x7f615c035f80 op.respSize=16 done
sciml2302:751384:751473 [0] NCCL INFO Received and initiated operation=Init res=0
sciml2302:751384:751465 [0] NCCL INFO ncclPollProxyResponse Received new opId=0x7f6165e8e7e0
sciml2301:1050816:1050899 [0] NCCL INFO recvOpId=0x7f31f5e8e7e0 matches expected opId=0x7f31f5e8e7e0
sciml2301:1050816:1050899 [0] NCCL INFO Connection to proxy localRank 0 -> connection 0x7f3204005250
sciml2302:751384:751465 [0] NCCL INFO recvOpId=0x7f6165e8e7e0 matches expected opId=0x7f6165e8e7e0
sciml2302:751384:751465 [0] NCCL INFO Connection to proxy localRank 0 -> connection 0x7f615c005250
sciml2301:1050816:1050909 [0] NCCL INFO transport/net.cc:446 Cuda Alloc Size 4194304 pointer 0x7f320bc00000
sciml2301:1050816:1050909 [0] NCCL INFO proxyProgressAsync opId=0x7f31f5e8e7e0 op.type=2 op.reqBuff=0x7f3204087bb0 op.respSize=0 done
sciml2301:1050816:1050909 [0] NCCL INFO Received and initiated operation=SharedInit res=0
sciml2301:1050816:1050899 [0] NCCL INFO ncclPollProxyResponse Received new opId=0x7f31f5e8e7e0
sciml2302:751384:751473 [0] NCCL INFO transport/net.cc:446 Cuda Alloc Size 4194304 pointer 0x7f6177c00000
sciml2302:751384:751473 [0] NCCL INFO proxyProgressAsync opId=0x7f6165e8e7e0 op.type=2 op.reqBuff=0x7f615c05bfe0 op.respSize=0 done
sciml2302:751384:751473 [0] NCCL INFO Received and initiated operation=SharedInit res=0
sciml2302:751384:751465 [0] NCCL INFO ncclPollProxyResponse Received new opId=0x7f6165e8e7e0
sciml2301:1050816:1050899 [0] NCCL INFO recvOpId=0x7f31f5e8e7e0 matches expected opId=0x7f31f5e8e7e0
sciml2301:1050816:1050899 [0] NCCL INFO init.cc:380 Cuda Alloc Size 7728 pointer 0x7f31c5e02000
sciml2302:751384:751465 [0] NCCL INFO recvOpId=0x7f6165e8e7e0 matches expected opId=0x7f6165e8e7e0
sciml2302:751384:751465 [0] NCCL INFO init.cc:380 Cuda Alloc Size 7728 pointer 0x7f6131e02000
sciml2302:751384:751465 [0] NCCL INFO init.cc:405 Cuda Host Alloc Size 33554432 pointer 0x7f615a000000
sciml2301:1050816:1050899 [0] NCCL INFO init.cc:405 Cuda Host Alloc Size 33554432 pointer 0x7f31f2000000
sciml2302:751384:751465 [0] NCCL INFO init.cc:411 Cuda Host Alloc Size 128 pointer 0x7f6123400200
sciml2301:1050816:1050899 [0] NCCL INFO init.cc:411 Cuda Host Alloc Size 128 pointer 0x7f31b7400200
sciml2302:751384:751465 [0] NCCL INFO comm 0x119f4d80 rank 4 nranks 8 cudaDev 0 busId 83000 commId 0x443afaf4bfebd0b4 - Init COMPLETE
sciml2301:1050816:1050899 [0] NCCL INFO comm 0xff9e360 rank 0 nranks 8 cudaDev 0 busId 83000 commId 0x443afaf4bfebd0b4 - Init COMPLETE
sciml2302:751385:751466 [1] NCCL INFO comm 0xcf47dd0 rank 5 nranks 8 cudaDev 1 busId 84000 commId 0x443afaf4bfebd0b4 - Init COMPLETE
sciml2302:751387:751468 [3] NCCL INFO comm 0x110302a0 rank 7 nranks 8 cudaDev 3 busId c4000 commId 0x443afaf4bfebd0b4 - Init COMPLETE
sciml2302:751386:751467 [2] NCCL INFO comm 0x10571190 rank 6 nranks 8 cudaDev 2 busId c3000 commId 0x443afaf4bfebd0b4 - Init COMPLETE
sciml2301:1050818:1050900 [2] NCCL INFO comm 0xdc8f2f0 rank 2 nranks 8 cudaDev 2 busId c3000 commId 0x443afaf4bfebd0b4 - Init COMPLETE
sciml2302:751387:751387 [3] NCCL INFO AllGather: opCount 0 sendbuff 0x7f080f578000 recvbuff 0x7f080f579200 count 8 datatype 0 op 0 root 0 comm 0x110302a0 [nranks=8] stream 0x12209ec0
sciml2302:751385:751385 [1] NCCL INFO AllGather: opCount 0 sendbuff 0x7f21bb578000 recvbuff 0x7f21bb579200 count 8 datatype 0 op 0 root 0 comm 0xcf47dd0 [nranks=8] stream 0xbd72790
sciml2302:751385:751385 [1] NCCL INFO misc/utils.cc:235 memory stack hunk malloc(65536)
sciml2302:751384:751384 [0] NCCL INFO AllGather: opCount 0 sendbuff 0x7f6193578000 recvbuff 0x7f6193579200 count 8 datatype 0 op 0 root 0 comm 0x119f4d80 [nranks=8] stream 0x119f8990
sciml2302:751384:751384 [0] NCCL INFO misc/utils.cc:235 memory stack hunk malloc(65536)
sciml2301:1050817:1050901 [1] NCCL INFO comm 0x105c44d0 rank 1 nranks 8 cudaDev 1 busId 84000 commId 0x443afaf4bfebd0b4 - Init COMPLETE
sciml2301:1050816:1050816 [0] NCCL INFO AllGather: opCount 0 sendbuff 0x7f3227578000 recvbuff 0x7f3227579200 count 8 datatype 0 op 0 root 0 comm 0xff9e360 [nranks=8] stream 0xffa1f20
sciml2301:1050818:1050818 [2] NCCL INFO AllGather: opCount 0 sendbuff 0x7f2d3b578000 recvbuff 0x7f2d3b579200 count 8 datatype 0 op 0 root 0 comm 0xdc8f2f0 [nranks=8] stream 0xee7d9a0
sciml2301:1050816:1050816 [0] NCCL INFO misc/utils.cc:235 memory stack hunk malloc(65536)
sciml2301:1050818:1050818 [2] NCCL INFO misc/utils.cc:235 memory stack hunk malloc(65536)
sciml2301:1050817:1050817 [1] NCCL INFO AllGather: opCount 0 sendbuff 0x7f8a87578000 recvbuff 0x7f8a87579200 count 8 datatype 0 op 0 root 0 comm 0x105c44d0 [nranks=8] stream 0x9e8c180
sciml2301:1050817:1050817 [1] NCCL INFO misc/utils.cc:235 memory stack hunk malloc(65536)
sciml2302:751386:751386 [2] NCCL INFO AllGather: opCount 0 sendbuff 0x7f66f3578000 recvbuff 0x7f66f3579200 count 8 datatype 0 op 0 root 0 comm 0x10571190 [nranks=8] stream 0x117b9900
sciml2302:751386:751386 [2] NCCL INFO misc/utils.cc:235 memory stack hunk malloc(65536)
sciml2302:751387:751387 [3] NCCL INFO misc/utils.cc:235 memory stack hunk malloc(65536)
sciml2301:1050819:1050904 [3] NCCL INFO comm 0x10069730 rank 3 nranks 8 cudaDev 3 busId c4000 commId 0x443afaf4bfebd0b4 - Init COMPLETE
sciml2301:1050819:1050819 [3] NCCL INFO AllGather: opCount 0 sendbuff 0x7f1777578000 recvbuff 0x7f1777579200 count 8 datatype 0 op 0 root 0 comm 0x10069730 [nranks=8] stream 0x148af220
sciml2301:1050819:1050819 [3] NCCL INFO misc/utils.cc:235 memory stack hunk malloc(65536)
sciml2302:751386:751386 [2] NCCL INFO Broadcast: opCount 1 sendbuff 0x7f66f3579200 recvbuff 0x7f66f3579200 count 3168 datatype 0 op 0 root 0 comm 0x10571190 [nranks=8] stream 0x117b9900
sciml2302:751387:751387 [3] NCCL INFO Broadcast: opCount 1 sendbuff 0x7f080f579200 recvbuff 0x7f080f579200 count 3168 datatype 0 op 0 root 0 comm 0x110302a0 [nranks=8] stream 0x12209ec0
sciml2301:1050816:1050816 [0] NCCL INFO Broadcast: opCount 1 sendbuff 0x7f3227579200 recvbuff 0x7f3227579200 count 3168 datatype 0 op 0 root 0 comm 0xff9e360 [nranks=8] stream 0xffa1f20
sciml2301:1050819:1050819 [3] NCCL INFO Broadcast: opCount 1 sendbuff 0x7f1777579200 recvbuff 0x7f1777579200 count 3168 datatype 0 op 0 root 0 comm 0x10069730 [nranks=8] stream 0x148af220
sciml2301:1050818:1050818 [2] NCCL INFO Broadcast: opCount 1 sendbuff 0x7f2d3b579200 recvbuff 0x7f2d3b579200 count 3168 datatype 0 op 0 root 0 comm 0xdc8f2f0 [nranks=8] stream 0xee7d9a0
sciml2302:751385:751385 [1] NCCL INFO Broadcast: opCount 1 sendbuff 0x7f21bb579200 recvbuff 0x7f21bb579200 count 3168 datatype 0 op 0 root 0 comm 0xcf47dd0 [nranks=8] stream 0xbd72790
sciml2302:751384:751384 [0] NCCL INFO Broadcast: opCount 1 sendbuff 0x7f6193579200 recvbuff 0x7f6193579200 count 3168 datatype 0 op 0 root 0 comm 0x119f4d80 [nranks=8] stream 0x119f8990
sciml2301:1050816:1050816 [0] NCCL INFO Broadcast: opCount 2 sendbuff 0x7f31a4000000 recvbuff 0x7f31a4000000 count 270941184 datatype 0 op 0 root 0 comm 0xff9e360 [nranks=8] stream 0xffa1f20
sciml2301:1050816:1050816 [0] NCCL INFO Broadcast: opCount 3 sendbuff 0x7f3196000000 recvbuff 0x7f3196000000 count 226821168 datatype 0 op 0 root 0 comm 0xff9e360 [nranks=8] stream 0xffa1f20
sciml2301:1050816:1050816 [0] NCCL INFO Broadcast: opCount 4 sendbuff 0x7f31b4400000 recvbuff 0x7f31b4400000 count 12582912 datatype 0 op 0 root 0 comm 0xff9e360 [nranks=8] stream 0xffa1f20
sciml2301:1050817:1050817 [1] NCCL INFO Broadcast: opCount 1 sendbuff 0x7f8a87579200 recvbuff 0x7f8a87579200 count 3168 datatype 0 op 0 root 0 comm 0x105c44d0 [nranks=8] stream 0x9e8c180
sciml2302:751386:751386 [2] NCCL INFO Broadcast: opCount 2 sendbuff 0x7f668c000000 recvbuff 0x7f668c000000 count 270941184 datatype 0 op 0 root 0 comm 0x10571190 [nranks=8] stream 0x117b9900
sciml2301:1050818:1050818 [2] NCCL INFO Broadcast: opCount 2 sendbuff 0x7f2cce000000 recvbuff 0x7f2cce000000 count 270941184 datatype 0 op 0 root 0 comm 0xdc8f2f0 [nranks=8] stream 0xee7d9a0
sciml2301:1050817:1050817 [1] NCCL INFO Broadcast: opCount 2 sendbuff 0x7f8a1a000000 recvbuff 0x7f8a1a000000 count 270941184 datatype 0 op 0 root 0 comm 0x105c44d0 [nranks=8] stream 0x9e8c180
sciml2302:751387:751387 [3] NCCL INFO Broadcast: opCount 2 sendbuff 0x7f07a2000000 recvbuff 0x7f07a2000000 count 270941184 datatype 0 op 0 root 0 comm 0x110302a0 [nranks=8] stream 0x12209ec0
sciml2302:751386:751386 [2] NCCL INFO Broadcast: opCount 3 sendbuff 0x7f667e000000 recvbuff 0x7f667e000000 count 226821168 datatype 0 op 0 root 0 comm 0x10571190 [nranks=8] stream 0x117b9900
sciml2301:1050818:1050818 [2] NCCL INFO Broadcast: opCount 3 sendbuff 0x7f2cc0000000 recvbuff 0x7f2cc0000000 count 226821168 datatype 0 op 0 root 0 comm 0xdc8f2f0 [nranks=8] stream 0xee7d9a0
sciml2302:751387:751387 [3] NCCL INFO Broadcast: opCount 3 sendbuff 0x7f0794000000 recvbuff 0x7f0794000000 count 226821168 datatype 0 op 0 root 0 comm 0x110302a0 [nranks=8] stream 0x12209ec0
sciml2301:1050817:1050817 [1] NCCL INFO Broadcast: opCount 3 sendbuff 0x7f8a0c000000 recvbuff 0x7f8a0c000000 count 226821168 datatype 0 op 0 root 0 comm 0x105c44d0 [nranks=8] stream 0x9e8c180
sciml2302:751385:751385 [1] NCCL INFO Broadcast: opCount 2 sendbuff 0x7f214e000000 recvbuff 0x7f214e000000 count 270941184 datatype 0 op 0 root 0 comm 0xcf47dd0 [nranks=8] stream 0xbd72790
sciml2301:1050819:1050819 [3] NCCL INFO Broadcast: opCount 2 sendbuff 0x7f170a000000 recvbuff 0x7f170a000000 count 270941184 datatype 0 op 0 root 0 comm 0x10069730 [nranks=8] stream 0x148af220
sciml2302:751384:751384 [0] NCCL INFO Broadcast: opCount 2 sendbuff 0x7f6110000000 recvbuff 0x7f6110000000 count 270941184 datatype 0 op 0 root 0 comm 0x119f4d80 [nranks=8] stream 0x119f8990
sciml2302:751385:751385 [1] NCCL INFO Broadcast: opCount 3 sendbuff 0x7f2140000000 recvbuff 0x7f2140000000 count 226821168 datatype 0 op 0 root 0 comm 0xcf47dd0 [nranks=8] stream 0xbd72790
sciml2301:1050818:1050818 [2] NCCL INFO Broadcast: opCount 4 sendbuff 0x7f2cde400000 recvbuff 0x7f2cde400000 count 12582912 datatype 0 op 0 root 0 comm 0xdc8f2f0 [nranks=8] stream 0xee7d9a0
sciml2302:751386:751386 [2] NCCL INFO Broadcast: opCount 4 sendbuff 0x7f669c400000 recvbuff 0x7f669c400000 count 12582912 datatype 0 op 0 root 0 comm 0x10571190 [nranks=8] stream 0x117b9900
sciml2302:751387:751387 [3] NCCL INFO Broadcast: opCount 4 sendbuff 0x7f07b2400000 recvbuff 0x7f07b2400000 count 12582912 datatype 0 op 0 root 0 comm 0x110302a0 [nranks=8] stream 0x12209ec0
sciml2302:751385:751385 [1] NCCL INFO Broadcast: opCount 4 sendbuff 0x7f215e400000 recvbuff 0x7f215e400000 count 12582912 datatype 0 op 0 root 0 comm 0xcf47dd0 [nranks=8] stream 0xbd72790
sciml2301:1050817:1050817 [1] NCCL INFO Broadcast: opCount 4 sendbuff 0x7f8a2a400000 recvbuff 0x7f8a2a400000 count 12582912 datatype 0 op 0 root 0 comm 0x105c44d0 [nranks=8] stream 0x9e8c180
sciml2302:751384:751384 [0] NCCL INFO Broadcast: opCount 3 sendbuff 0x7f6102000000 recvbuff 0x7f6102000000 count 226821168 datatype 0 op 0 root 0 comm 0x119f4d80 [nranks=8] stream 0x119f8990
sciml2302:751384:751384 [0] NCCL INFO Broadcast: opCount 4 sendbuff 0x7f6120400000 recvbuff 0x7f6120400000 count 12582912 datatype 0 op 0 root 0 comm 0x119f4d80 [nranks=8] stream 0x119f8990
sciml2301:1050819:1050819 [3] NCCL INFO Broadcast: opCount 3 sendbuff 0x7f16fc000000 recvbuff 0x7f16fc000000 count 226821168 datatype 0 op 0 root 0 comm 0x10069730 [nranks=8] stream 0x148af220
sciml2301:1050819:1050819 [3] NCCL INFO Broadcast: opCount 4 sendbuff 0x7f171a400000 recvbuff 0x7f171a400000 count 12582912 datatype 0 op 0 root 0 comm 0x10069730 [nranks=8] stream 0x148af220
sciml2301:1050816:1050816 [0] NCCL INFO Broadcast: opCount 5 sendbuff 0x7f31b4400000 recvbuff 0x7f31b4400000 count 12582912 datatype 0 op 0 root 0 comm 0xff9e360 [nranks=8] stream 0xffa1f20
sciml2301:1050816:1050816 [0] NCCL INFO Broadcast: opCount 6 sendbuff 0x7f3227578800 recvbuff 0x7f3227578800 count 48 datatype 0 op 0 root 0 comm 0xff9e360 [nranks=8] stream 0xffa1f20
sciml2301:1050817:1050817 [1] NCCL INFO Broadcast: opCount 5 sendbuff 0x7f8a2a400000 recvbuff 0x7f8a2a400000 count 12582912 datatype 0 op 0 root 0 comm 0x105c44d0 [nranks=8] stream 0x9e8c180
sciml2301:1050817:1050817 [1] NCCL INFO Broadcast: opCount 6 sendbuff 0x7f8a87578800 recvbuff 0x7f8a87578800 count 48 datatype 0 op 0 root 0 comm 0x105c44d0 [nranks=8] stream 0x9e8c180
sciml2301:1050818:1050818 [2] NCCL INFO Broadcast: opCount 5 sendbuff 0x7f2cde400000 recvbuff 0x7f2cde400000 count 12582912 datatype 0 op 0 root 0 comm 0xdc8f2f0 [nranks=8] stream 0xee7d9a0
sciml2301:1050818:1050818 [2] NCCL INFO Broadcast: opCount 6 sendbuff 0x7f2d3b578800 recvbuff 0x7f2d3b578800 count 48 datatype 0 op 0 root 0 comm 0xdc8f2f0 [nranks=8] stream 0xee7d9a0
sciml2302:751384:751384 [0] NCCL INFO Broadcast: opCount 5 sendbuff 0x7f6120400000 recvbuff 0x7f6120400000 count 12582912 datatype 0 op 0 root 0 comm 0x119f4d80 [nranks=8] stream 0x119f8990
sciml2302:751387:751387 [3] NCCL INFO Broadcast: opCount 5 sendbuff 0x7f07b2400000 recvbuff 0x7f07b2400000 count 12582912 datatype 0 op 0 root 0 comm 0x110302a0 [nranks=8] stream 0x12209ec0
sciml2302:751386:751386 [2] NCCL INFO Broadcast: opCount 5 sendbuff 0x7f669c400000 recvbuff 0x7f669c400000 count 12582912 datatype 0 op 0 root 0 comm 0x10571190 [nranks=8] stream 0x117b9900
sciml2302:751385:751385 [1] NCCL INFO Broadcast: opCount 5 sendbuff 0x7f215e400000 recvbuff 0x7f215e400000 count 12582912 datatype 0 op 0 root 0 comm 0xcf47dd0 [nranks=8] stream 0xbd72790
sciml2302:751384:751384 [0] NCCL INFO Broadcast: opCount 6 sendbuff 0x7f6193578800 recvbuff 0x7f6193578800 count 48 datatype 0 op 0 root 0 comm 0x119f4d80 [nranks=8] stream 0x119f8990
sciml2302:751386:751386 [2] NCCL INFO Broadcast: opCount 6 sendbuff 0x7f66f3578800 recvbuff 0x7f66f3578800 count 48 datatype 0 op 0 root 0 comm 0x10571190 [nranks=8] stream 0x117b9900
sciml2302:751385:751385 [1] NCCL INFO Broadcast: opCount 6 sendbuff 0x7f21bb578800 recvbuff 0x7f21bb578800 count 48 datatype 0 op 0 root 0 comm 0xcf47dd0 [nranks=8] stream 0xbd72790
sciml2302:751387:751387 [3] NCCL INFO Broadcast: opCount 6 sendbuff 0x7f080f578800 recvbuff 0x7f080f578800 count 48 datatype 0 op 0 root 0 comm 0x110302a0 [nranks=8] stream 0x12209ec0
sciml2301:1050819:1050819 [3] NCCL INFO Broadcast: opCount 5 sendbuff 0x7f171a400000 recvbuff 0x7f171a400000 count 12582912 datatype 0 op 0 root 0 comm 0x10069730 [nranks=8] stream 0x148af220
sciml2301:1050819:1050819 [3] NCCL INFO Broadcast: opCount 6 sendbuff 0x7f1777578800 recvbuff 0x7f1777578800 count 48 datatype 0 op 0 root 0 comm 0x10069730 [nranks=8] stream 0x148af220
sciml2301:1050816:1051439 [0] NCCL INFO AllReduce: opCount 7 sendbuff 0x7f3178000000 recvbuff 0x7f3178000000 count 124440576 datatype 7 op 0 root 0 comm 0xff9e360 [nranks=8] stream 0xffa1f20
sciml2301:1050817:1051444 [1] NCCL INFO AllReduce: opCount 7 sendbuff 0x7f89ee000000 recvbuff 0x7f89ee000000 count 124440576 datatype 7 op 0 root 0 comm 0x105c44d0 [nranks=8] stream 0x9e8c180
sciml2301:1050818:1051449 [2] NCCL INFO AllReduce: opCount 7 sendbuff 0x7f2ca2000000 recvbuff 0x7f2ca2000000 count 124440576 datatype 7 op 0 root 0 comm 0xdc8f2f0 [nranks=8] stream 0xee7d9a0
sciml2301:1050819:1051454 [3] NCCL INFO AllReduce: opCount 7 sendbuff 0x7f16de000000 recvbuff 0x7f16de000000 count 124440576 datatype 7 op 0 root 0 comm 0x10069730 [nranks=8] stream 0x148af220
sciml2302:751384:752005 [0] NCCL INFO AllReduce: opCount 7 sendbuff 0x7f60e4000000 recvbuff 0x7f60e4000000 count 124440576 datatype 7 op 0 root 0 comm 0x119f4d80 [nranks=8] stream 0x119f8990
sciml2302:751386:752011 [2] NCCL INFO AllReduce: opCount 7 sendbuff 0x7f6660000000 recvbuff 0x7f6660000000 count 124440576 datatype 7 op 0 root 0 comm 0x10571190 [nranks=8] stream 0x117b9900
sciml2302:751385:752014 [1] NCCL INFO AllReduce: opCount 7 sendbuff 0x7f2122000000 recvbuff 0x7f2122000000 count 124440576 datatype 7 op 0 root 0 comm 0xcf47dd0 [nranks=8] stream 0xbd72790
sciml2302:751387:752020 [3] NCCL INFO AllReduce: opCount 7 sendbuff 0x7f0776000000 recvbuff 0x7f0776000000 count 124440576 datatype 7 op 0 root 0 comm 0x110302a0 [nranks=8] stream 0x12209ec0
sciml2301:1050819:1050819 [3] NCCL INFO Broadcast: opCount 8 sendbuff 0x7f17775d8800 recvbuff 0x7f17775d8800 count 596 datatype 0 op 0 root 0 comm 0x10069730 [nranks=8] stream 0x148af220
sciml2301:1050818:1050818 [2] NCCL INFO Broadcast: opCount 8 sendbuff 0x7f2d3b5d8800 recvbuff 0x7f2d3b5d8800 count 596 datatype 0 op 0 root 0 comm 0xdc8f2f0 [nranks=8] stream 0xee7d9a0
sciml2302:751385:751385 [1] NCCL INFO Broadcast: opCount 8 sendbuff 0x7f21bb5d8800 recvbuff 0x7f21bb5d8800 count 596 datatype 0 op 0 root 0 comm 0xcf47dd0 [nranks=8] stream 0xbd72790
sciml2301:1050817:1050817 [1] NCCL INFO Broadcast: opCount 8 sendbuff 0x7f8a875d8800 recvbuff 0x7f8a875d8800 count 596 datatype 0 op 0 root 0 comm 0x105c44d0 [nranks=8] stream 0x9e8c180
sciml2302:751384:751384 [0] NCCL INFO Broadcast: opCount 8 sendbuff 0x7f61935d8800 recvbuff 0x7f61935d8800 count 596 datatype 0 op 0 root 0 comm 0x119f4d80 [nranks=8] stream 0x119f8990
sciml2302:751387:751387 [3] NCCL INFO Broadcast: opCount 8 sendbuff 0x7f080f5d8800 recvbuff 0x7f080f5d8800 count 596 datatype 0 op 0 root 0 comm 0x110302a0 [nranks=8] stream 0x12209ec0
sciml2302:751386:751386 [2] NCCL INFO Broadcast: opCount 8 sendbuff 0x7f66f35d8800 recvbuff 0x7f66f35d8800 count 596 datatype 0 op 0 root 0 comm 0x10571190 [nranks=8] stream 0x117b9900
sciml2301:1050816:1050816 [0] NCCL INFO Broadcast: opCount 8 sendbuff 0x7f32275d8800 recvbuff 0x7f32275d8800 count 596 datatype 0 op 0 root 0 comm 0xff9e360 [nranks=8] stream 0xffa1f20
sciml2301:1050816:1050816 [0] NCCL INFO Broadcast: opCount 9 sendbuff 0x7f32275d8c00 recvbuff 0x7f32275d8c00 count 52 datatype 0 op 0 root 0 comm 0xff9e360 [nranks=8] stream 0xffa1f20
sciml2301:1050819:1050819 [3] NCCL INFO Broadcast: opCount 9 sendbuff 0x7f17775d8c00 recvbuff 0x7f17775d8c00 count 52 datatype 0 op 0 root 0 comm 0x10069730 [nranks=8] stream 0x148af220
sciml2301:1050818:1050818 [2] NCCL INFO Broadcast: opCount 9 sendbuff 0x7f2d3b5d8c00 recvbuff 0x7f2d3b5d8c00 count 52 datatype 0 op 0 root 0 comm 0xdc8f2f0 [nranks=8] stream 0xee7d9a0
sciml2301:1050817:1050817 [1] NCCL INFO Broadcast: opCount 9 sendbuff 0x7f8a875d8c00 recvbuff 0x7f8a875d8c00 count 52 datatype 0 op 0 root 0 comm 0x105c44d0 [nranks=8] stream 0x9e8c180
sciml2301:1050816:1050816 [0] NCCL INFO Broadcast: opCount a sendbuff 0x7f31b4400000 recvbuff 0x7f31b4400000 count 12582912 datatype 0 op 0 root 0 comm 0xff9e360 [nranks=8] stream 0xffa1f20
sciml2301:1050816:1050816 [0] NCCL INFO Broadcast: opCount b sendbuff 0x7f32275d8800 recvbuff 0x7f32275d8800 count 48 datatype 0 op 0 root 0 comm 0xff9e360 [nranks=8] stream 0xffa1f20
sciml2301:1050819:1050819 [3] NCCL INFO Broadcast: opCount a sendbuff 0x7f171a400000 recvbuff 0x7f171a400000 count 12582912 datatype 0 op 0 root 0 comm 0x10069730 [nranks=8] stream 0x148af220
sciml2301:1050817:1050817 [1] NCCL INFO Broadcast: opCount a sendbuff 0x7f8a2a400000 recvbuff 0x7f8a2a400000 count 12582912 datatype 0 op 0 root 0 comm 0x105c44d0 [nranks=8] stream 0x9e8c180
sciml2301:1050819:1050819 [3] NCCL INFO Broadcast: opCount b sendbuff 0x7f17775d8800 recvbuff 0x7f17775d8800 count 48 datatype 0 op 0 root 0 comm 0x10069730 [nranks=8] stream 0x148af220
sciml2301:1050818:1050818 [2] NCCL INFO Broadcast: opCount a sendbuff 0x7f2cde400000 recvbuff 0x7f2cde400000 count 12582912 datatype 0 op 0 root 0 comm 0xdc8f2f0 [nranks=8] stream 0xee7d9a0
sciml2301:1050817:1050817 [1] NCCL INFO Broadcast: opCount b sendbuff 0x7f8a875d8800 recvbuff 0x7f8a875d8800 count 48 datatype 0 op 0 root 0 comm 0x105c44d0 [nranks=8] stream 0x9e8c180
sciml2301:1050818:1050818 [2] NCCL INFO Broadcast: opCount b sendbuff 0x7f2d3b5d8800 recvbuff 0x7f2d3b5d8800 count 48 datatype 0 op 0 root 0 comm 0xdc8f2f0 [nranks=8] stream 0xee7d9a0
sciml2302:751387:751387 [3] NCCL INFO Broadcast: opCount 9 sendbuff 0x7f080f5d8c00 recvbuff 0x7f080f5d8c00 count 52 datatype 0 op 0 root 0 comm 0x110302a0 [nranks=8] stream 0x12209ec0
sciml2302:751384:751384 [0] NCCL INFO Broadcast: opCount 9 sendbuff 0x7f61935d8c00 recvbuff 0x7f61935d8c00 count 52 datatype 0 op 0 root 0 comm 0x119f4d80 [nranks=8] stream 0x119f8990
sciml2302:751385:751385 [1] NCCL INFO Broadcast: opCount 9 sendbuff 0x7f21bb5d8c00 recvbuff 0x7f21bb5d8c00 count 52 datatype 0 op 0 root 0 comm 0xcf47dd0 [nranks=8] stream 0xbd72790
sciml2302:751386:751386 [2] NCCL INFO Broadcast: opCount 9 sendbuff 0x7f66f35d8c00 recvbuff 0x7f66f35d8c00 count 52 datatype 0 op 0 root 0 comm 0x10571190 [nranks=8] stream 0x117b9900
sciml2302:751386:751386 [2] NCCL INFO Broadcast: opCount a sendbuff 0x7f669c400000 recvbuff 0x7f669c400000 count 12582912 datatype 0 op 0 root 0 comm 0x10571190 [nranks=8] stream 0x117b9900
sciml2302:751384:751384 [0] NCCL INFO Broadcast: opCount a sendbuff 0x7f6120400000 recvbuff 0x7f6120400000 count 12582912 datatype 0 op 0 root 0 comm 0x119f4d80 [nranks=8] stream 0x119f8990
sciml2302:751387:751387 [3] NCCL INFO Broadcast: opCount a sendbuff 0x7f07b2400000 recvbuff 0x7f07b2400000 count 12582912 datatype 0 op 0 root 0 comm 0x110302a0 [nranks=8] stream 0x12209ec0
sciml2302:751385:751385 [1] NCCL INFO Broadcast: opCount a sendbuff 0x7f215e400000 recvbuff 0x7f215e400000 count 12582912 datatype 0 op 0 root 0 comm 0xcf47dd0 [nranks=8] stream 0xbd72790
sciml2302:751387:751387 [3] NCCL INFO Broadcast: opCount b sendbuff 0x7f080f5d8800 recvbuff 0x7f080f5d8800 count 48 datatype 0 op 0 root 0 comm 0x110302a0 [nranks=8] stream 0x12209ec0
sciml2302:751385:751385 [1] NCCL INFO Broadcast: opCount b sendbuff 0x7f21bb5d8800 recvbuff 0x7f21bb5d8800 count 48 datatype 0 op 0 root 0 comm 0xcf47dd0 [nranks=8] stream 0xbd72790
sciml2302:751386:751386 [2] NCCL INFO Broadcast: opCount b sendbuff 0x7f66f35d8800 recvbuff 0x7f66f35d8800 count 48 datatype 0 op 0 root 0 comm 0x10571190 [nranks=8] stream 0x117b9900
sciml2301:1050817:1051444 [1] NCCL INFO AllReduce: opCount c sendbuff 0x7f8a90000000 recvbuff 0x7f8a90000000 count 2361600 datatype 7 op 0 root 0 comm 0x105c44d0 [nranks=8] stream 0x9e8c180
sciml2301:1050817:1051444 [1] NCCL INFO AllReduce: opCount d sendbuff 0x7f8a2333d800 recvbuff 0x7f8a2333d800 count 7087872 datatype 7 op 0 root 0 comm 0x105c44d0 [nranks=8] stream 0x9e8c180
sciml2301:1050818:1051449 [2] NCCL INFO AllReduce: opCount c sendbuff 0x7f2d44000000 recvbuff 0x7f2d44000000 count 2361600 datatype 7 op 0 root 0 comm 0xdc8f2f0 [nranks=8] stream 0xee7d9a0
sciml2301:1050819:1051454 [3] NCCL INFO AllReduce: opCount c sendbuff 0x7f1780000000 recvbuff 0x7f1780000000 count 2361600 datatype 7 op 0 root 0 comm 0x10069730 [nranks=8] stream 0x148af220
sciml2301:1050817:1051444 [1] NCCL INFO AllReduce: opCount e sendbuff 0x7f8a24e47400 recvbuff 0x7f8a24e47400 count 7087872 datatype 7 op 0 root 0 comm 0x105c44d0 [nranks=8] stream 0x9e8c180
sciml2301:1050818:1051449 [2] NCCL INFO AllReduce: opCount d sendbuff 0x7f2cd733d800 recvbuff 0x7f2cd733d800 count 7087872 datatype 7 op 0 root 0 comm 0xdc8f2f0 [nranks=8] stream 0xee7d9a0
sciml2301:1050819:1051454 [3] NCCL INFO AllReduce: opCount d sendbuff 0x7f171333d800 recvbuff 0x7f171333d800 count 7087872 datatype 7 op 0 root 0 comm 0x10069730 [nranks=8] stream 0x148af220
sciml2301:1050817:1051444 [1] NCCL INFO AllReduce: opCount f sendbuff 0x7f8a26951000 recvbuff 0x7f8a26951000 count 7087872 datatype 7 op 0 root 0 comm 0x105c44d0 [nranks=8] stream 0x9e8c180
sciml2302:751384:751384 [0] NCCL INFO Broadcast: opCount b sendbuff 0x7f61935d8800 recvbuff 0x7f61935d8800 count 48 datatype 0 op 0 root 0 comm 0x119f4d80 [nranks=8] stream 0x119f8990
sciml2301:1050819:1051454 [3] NCCL INFO AllReduce: opCount e sendbuff 0x7f1714e47400 recvbuff 0x7f1714e47400 count 7087872 datatype 7 op 0 root 0 comm 0x10069730 [nranks=8] stream 0x148af220
sciml2301:1050818:1051449 [2] NCCL INFO AllReduce: opCount e sendbuff 0x7f2cd8e47400 recvbuff 0x7f2cd8e47400 count 7087872 datatype 7 op 0 root 0 comm 0xdc8f2f0 [nranks=8] stream 0xee7d9a0
sciml2301:1050817:1051444 [1] NCCL INFO AllReduce: opCount 10 sendbuff 0x7f8a2845ac00 recvbuff 0x7f8a2845ac00 count 7087872 datatype 7 op 0 root 0 comm 0x105c44d0 [nranks=8] stream 0x9e8c180
sciml2301:1050819:1051454 [3] NCCL INFO AllReduce: opCount f sendbuff 0x7f1716951000 recvbuff 0x7f1716951000 count 7087872 datatype 7 op 0 root 0 comm 0x10069730 [nranks=8] stream 0x148af220
sciml2301:1050818:1051449 [2] NCCL INFO AllReduce: opCount f sendbuff 0x7f2cda951000 recvbuff 0x7f2cda951000 count 7087872 datatype 7 op 0 root 0 comm 0xdc8f2f0 [nranks=8] stream 0xee7d9a0
sciml2301:1050817:1051444 [1] NCCL INFO AllReduce: opCount 11 sendbuff 0x7f8a1176a400 recvbuff 0x7f8a1176a400 count 7087872 datatype 7 op 0 root 0 comm 0x105c44d0 [nranks=8] stream 0x9e8c180
sciml2301:1050819:1051454 [3] NCCL INFO AllReduce: opCount 10 sendbuff 0x7f171845ac00 recvbuff 0x7f171845ac00 count 7087872 datatype 7 op 0 root 0 comm 0x10069730 [nranks=8] stream 0x148af220
sciml2301:1050818:1051449 [2] NCCL INFO AllReduce: opCount 10 sendbuff 0x7f2cdc45ac00 recvbuff 0x7f2cdc45ac00 count 7087872 datatype 7 op 0 root 0 comm 0xdc8f2f0 [nranks=8] stream 0xee7d9a0
sciml2301:1050817:1051444 [1] NCCL INFO AllReduce: opCount 12 sendbuff 0x7f8a13274000 recvbuff 0x7f8a13274000 count 7087872 datatype 7 op 0 root 0 comm 0x105c44d0 [nranks=8] stream 0x9e8c180
sciml2301:1050818:1051449 [2] NCCL INFO AllReduce: opCount 11 sendbuff 0x7f2cc576a400 recvbuff 0x7f2cc576a400 count 7087872 datatype 7 op 0 root 0 comm 0xdc8f2f0 [nranks=8] stream 0xee7d9a0
sciml2301:1050819:1051454 [3] NCCL INFO AllReduce: opCount 11 sendbuff 0x7f170176a400 recvbuff 0x7f170176a400 count 7087872 datatype 7 op 0 root 0 comm 0x10069730 [nranks=8] stream 0x148af220
sciml2301:1050817:1051444 [1] NCCL INFO AllReduce: opCount 13 sendbuff 0x7f8a14d7dc00 recvbuff 0x7f8a14d7dc00 count 7087872 datatype 7 op 0 root 0 comm 0x105c44d0 [nranks=8] stream 0x9e8c180
sciml2302:751387:752020 [3] NCCL INFO AllReduce: opCount c sendbuff 0x7f0818000000 recvbuff 0x7f0818000000 count 2361600 datatype 7 op 0 root 0 comm 0x110302a0 [nranks=8] stream 0x12209ec0
sciml2302:751385:752014 [1] NCCL INFO AllReduce: opCount c sendbuff 0x7f2176000000 recvbuff 0x7f2176000000 count 2361600 datatype 7 op 0 root 0 comm 0xcf47dd0 [nranks=8] stream 0xbd72790
sciml2302:751386:752011 [2] NCCL INFO AllReduce: opCount c sendbuff 0x7f66b6000000 recvbuff 0x7f66b6000000 count 2361600 datatype 7 op 0 root 0 comm 0x10571190 [nranks=8] stream 0x117b9900
sciml2301:1050819:1051454 [3] NCCL INFO AllReduce: opCount 12 sendbuff 0x7f1703274000 recvbuff 0x7f1703274000 count 7087872 datatype 7 op 0 root 0 comm 0x10069730 [nranks=8] stream 0x148af220
sciml2301:1050817:1051444 [1] NCCL INFO AllReduce: opCount 14 sendbuff 0x7f8a16887800 recvbuff 0x7f8a16887800 count 7087872 datatype 7 op 0 root 0 comm 0x105c44d0 [nranks=8] stream 0x9e8c180
sciml2301:1050818:1051449 [2] NCCL INFO AllReduce: opCount 12 sendbuff 0x7f2cc7274000 recvbuff 0x7f2cc7274000 count 7087872 datatype 7 op 0 root 0 comm 0xdc8f2f0 [nranks=8] stream 0xee7d9a0
sciml2302:751385:752014 [1] NCCL INFO AllReduce: opCount d sendbuff 0x7f215733d800 recvbuff 0x7f215733d800 count 7087872 datatype 7 op 0 root 0 comm 0xcf47dd0 [nranks=8] stream 0xbd72790
sciml2302:751386:752011 [2] NCCL INFO AllReduce: opCount d sendbuff 0x7f669533d800 recvbuff 0x7f669533d800 count 7087872 datatype 7 op 0 root 0 comm 0x10571190 [nranks=8] stream 0x117b9900
sciml2301:1050817:1051444 [1] NCCL INFO AllReduce: opCount 15 sendbuff 0x7f8972000000 recvbuff 0x7f8972000000 count 7087872 datatype 7 op 0 root 0 comm 0x105c44d0 [nranks=8] stream 0x9e8c180
sciml2301:1050819:1051454 [3] NCCL INFO AllReduce: opCount 13 sendbuff 0x7f1704d7dc00 recvbuff 0x7f1704d7dc00 count 7087872 datatype 7 op 0 root 0 comm 0x10069730 [nranks=8] stream 0x148af220
sciml2301:1050818:1051449 [2] NCCL INFO AllReduce: opCount 13 sendbuff 0x7f2cc8d7dc00 recvbuff 0x7f2cc8d7dc00 count 7087872 datatype 7 op 0 root 0 comm 0xdc8f2f0 [nranks=8] stream 0xee7d9a0
sciml2302:751385:752014 [1] NCCL INFO AllReduce: opCount e sendbuff 0x7f2158e47400 recvbuff 0x7f2158e47400 count 7087872 datatype 7 op 0 root 0 comm 0xcf47dd0 [nranks=8] stream 0xbd72790
sciml2302:751386:752011 [2] NCCL INFO AllReduce: opCount e sendbuff 0x7f6696e47400 recvbuff 0x7f6696e47400 count 7087872 datatype 7 op 0 root 0 comm 0x10571190 [nranks=8] stream 0x117b9900
sciml2301:1050819:1051454 [3] NCCL INFO AllReduce: opCount 14 sendbuff 0x7f1706887800 recvbuff 0x7f1706887800 count 7087872 datatype 7 op 0 root 0 comm 0x10069730 [nranks=8] stream 0x148af220
sciml2301:1050817:1051444 [1] NCCL INFO AllReduce: opCount 16 sendbuff 0x7f8973b09c00 recvbuff 0x7f8973b09c00 count 7087872 datatype 7 op 0 root 0 comm 0x105c44d0 [nranks=8] stream 0x9e8c180
sciml2301:1050818:1051449 [2] NCCL INFO AllReduce: opCount 14 sendbuff 0x7f2cca887800 recvbuff 0x7f2cca887800 count 7087872 datatype 7 op 0 root 0 comm 0xdc8f2f0 [nranks=8] stream 0xee7d9a0
sciml2302:751386:752011 [2] NCCL INFO AllReduce: opCount f sendbuff 0x7f6698951000 recvbuff 0x7f6698951000 count 7087872 datatype 7 op 0 root 0 comm 0x10571190 [nranks=8] stream 0x117b9900
sciml2302:751385:752014 [1] NCCL INFO AllReduce: opCount f sendbuff 0x7f215a951000 recvbuff 0x7f215a951000 count 7087872 datatype 7 op 0 root 0 comm 0xcf47dd0 [nranks=8] stream 0xbd72790
sciml2301:1050819:1051454 [3] NCCL INFO AllReduce: opCount 15 sendbuff 0x7f1662000000 recvbuff 0x7f1662000000 count 7087872 datatype 7 op 0 root 0 comm 0x10069730 [nranks=8] stream 0x148af220
sciml2301:1050817:1051444 [1] NCCL INFO AllReduce: opCount 17 sendbuff 0x7f8975613800 recvbuff 0x7f8975613800 count 7087872 datatype 7 op 0 root 0 comm 0x105c44d0 [nranks=8] stream 0x9e8c180
sciml2302:751386:752011 [2] NCCL INFO AllReduce: opCount 10 sendbuff 0x7f669a45ac00 recvbuff 0x7f669a45ac00 count 7087872 datatype 7 op 0 root 0 comm 0x10571190 [nranks=8] stream 0x117b9900
sciml2302:751385:752014 [1] NCCL INFO AllReduce: opCount 10 sendbuff 0x7f215c45ac00 recvbuff 0x7f215c45ac00 count 7087872 datatype 7 op 0 root 0 comm 0xcf47dd0 [nranks=8] stream 0xbd72790
sciml2301:1050818:1051449 [2] NCCL INFO AllReduce: opCount 15 sendbuff 0x7f2c26000000 recvbuff 0x7f2c26000000 count 7087872 datatype 7 op 0 root 0 comm 0xdc8f2f0 [nranks=8] stream 0xee7d9a0
sciml2301:1050819:1051454 [3] NCCL INFO AllReduce: opCount 16 sendbuff 0x7f1663b09c00 recvbuff 0x7f1663b09c00 count 7087872 datatype 7 op 0 root 0 comm 0x10069730 [nranks=8] stream 0x148af220
sciml2301:1050817:1051444 [1] NCCL INFO AllReduce: opCount 18 sendbuff 0x7f89ee000000 recvbuff 0x7f89ee000000 count 44112384 datatype 7 op 0 root 0 comm 0x105c44d0 [nranks=8] stream 0x9e8c180
sciml2302:751386:752011 [2] NCCL INFO AllReduce: opCount 11 sendbuff 0x7f668376a400 recvbuff 0x7f668376a400 count 7087872 datatype 7 op 0 root 0 comm 0x10571190 [nranks=8] stream 0x117b9900
sciml2302:751385:752014 [1] NCCL INFO AllReduce: opCount 11 sendbuff 0x7f214576a400 recvbuff 0x7f214576a400 count 7087872 datatype 7 op 0 root 0 comm 0xcf47dd0 [nranks=8] stream 0xbd72790
sciml2301:1050819:1051454 [3] NCCL INFO AllReduce: opCount 17 sendbuff 0x7f1665613800 recvbuff 0x7f1665613800 count 7087872 datatype 7 op 0 root 0 comm 0x10069730 [nranks=8] stream 0x148af220
sciml2301:1050818:1051449 [2] NCCL INFO AllReduce: opCount 16 sendbuff 0x7f2c27b09c00 recvbuff 0x7f2c27b09c00 count 7087872 datatype 7 op 0 root 0 comm 0xdc8f2f0 [nranks=8] stream 0xee7d9a0
sciml2302:751386:752011 [2] NCCL INFO AllReduce: opCount 12 sendbuff 0x7f6685274000 recvbuff 0x7f6685274000 count 7087872 datatype 7 op 0 root 0 comm 0x10571190 [nranks=8] stream 0x117b9900
sciml2302:751385:752014 [1] NCCL INFO AllReduce: opCount 12 sendbuff 0x7f2147274000 recvbuff 0x7f2147274000 count 7087872 datatype 7 op 0 root 0 comm 0xcf47dd0 [nranks=8] stream 0xbd72790
sciml2301:1050819:1051454 [3] NCCL INFO AllReduce: opCount 18 sendbuff 0x7f16de000000 recvbuff 0x7f16de000000 count 44112384 datatype 7 op 0 root 0 comm 0x10069730 [nranks=8] stream 0x148af220
sciml2301:1050818:1051449 [2] NCCL INFO AllReduce: opCount 17 sendbuff 0x7f2c29613800 recvbuff 0x7f2c29613800 count 7087872 datatype 7 op 0 root 0 comm 0xdc8f2f0 [nranks=8] stream 0xee7d9a0
sciml2302:751386:752011 [2] NCCL INFO AllReduce: opCount 13 sendbuff 0x7f6686d7dc00 recvbuff 0x7f6686d7dc00 count 7087872 datatype 7 op 0 root 0 comm 0x10571190 [nranks=8] stream 0x117b9900
sciml2302:751385:752014 [1] NCCL INFO AllReduce: opCount 13 sendbuff 0x7f2148d7dc00 recvbuff 0x7f2148d7dc00 count 7087872 datatype 7 op 0 root 0 comm 0xcf47dd0 [nranks=8] stream 0xbd72790
sciml2302:751386:752011 [2] NCCL INFO AllReduce: opCount 14 sendbuff 0x7f6688887800 recvbuff 0x7f6688887800 count 7087872 datatype 7 op 0 root 0 comm 0x10571190 [nranks=8] stream 0x117b9900
sciml2301:1050818:1051449 [2] NCCL INFO AllReduce: opCount 18 sendbuff 0x7f2ca2000000 recvbuff 0x7f2ca2000000 count 44112384 datatype 7 op 0 root 0 comm 0xdc8f2f0 [nranks=8] stream 0xee7d9a0
sciml2301:1050816:1051439 [0] NCCL INFO AllReduce: opCount c sendbuff 0x7f3162000000 recvbuff 0x7f3162000000 count 2361600 datatype 7 op 0 root 0 comm 0xff9e360 [nranks=8] stream 0xffa1f20
sciml2302:751385:752014 [1] NCCL INFO AllReduce: opCount 14 sendbuff 0x7f214a887800 recvbuff 0x7f214a887800 count 7087872 datatype 7 op 0 root 0 comm 0xcf47dd0 [nranks=8] stream 0xbd72790
sciml2302:751386:752011 [2] NCCL INFO AllReduce: opCount 15 sendbuff 0x7f65e2000000 recvbuff 0x7f65e2000000 count 7087872 datatype 7 op 0 root 0 comm 0x10571190 [nranks=8] stream 0x117b9900
sciml2301:1050816:1051439 [0] NCCL INFO AllReduce: opCount d sendbuff 0x7f31ad33d800 recvbuff 0x7f31ad33d800 count 7087872 datatype 7 op 0 root 0 comm 0xff9e360 [nranks=8] stream 0xffa1f20
sciml2302:751385:752014 [1] NCCL INFO AllReduce: opCount 15 sendbuff 0x7f20a4000000 recvbuff 0x7f20a4000000 count 7087872 datatype 7 op 0 root 0 comm 0xcf47dd0 [nranks=8] stream 0xbd72790
sciml2302:751386:752011 [2] NCCL INFO AllReduce: opCount 16 sendbuff 0x7f65e3b09c00 recvbuff 0x7f65e3b09c00 count 7087872 datatype 7 op 0 root 0 comm 0x10571190 [nranks=8] stream 0x117b9900
sciml2302:751384:752005 [0] NCCL INFO AllReduce: opCount c sendbuff 0x7f60ce000000 recvbuff 0x7f60ce000000 count 2361600 datatype 7 op 0 root 0 comm 0x119f4d80 [nranks=8] stream 0x119f8990
sciml2301:1050816:1051439 [0] NCCL INFO AllReduce: opCount e sendbuff 0x7f31aee47400 recvbuff 0x7f31aee47400 count 7087872 datatype 7 op 0 root 0 comm 0xff9e360 [nranks=8] stream 0xffa1f20
sciml2302:751385:752014 [1] NCCL INFO AllReduce: opCount 16 sendbuff 0x7f20a5b09c00 recvbuff 0x7f20a5b09c00 count 7087872 datatype 7 op 0 root 0 comm 0xcf47dd0 [nranks=8] stream 0xbd72790
sciml2302:751387:752020 [3] NCCL INFO AllReduce: opCount d sendbuff 0x7f07ab33d800 recvbuff 0x7f07ab33d800 count 7087872 datatype 7 op 0 root 0 comm 0x110302a0 [nranks=8] stream 0x12209ec0
sciml2302:751384:752005 [0] NCCL INFO AllReduce: opCount d sendbuff 0x7f611933d800 recvbuff 0x7f611933d800 count 7087872 datatype 7 op 0 root 0 comm 0x119f4d80 [nranks=8] stream 0x119f8990
sciml2301:1050816:1051439 [0] NCCL INFO AllReduce: opCount f sendbuff 0x7f31b0951000 recvbuff 0x7f31b0951000 count 7087872 datatype 7 op 0 root 0 comm 0xff9e360 [nranks=8] stream 0xffa1f20
sciml2302:751385:752014 [1] NCCL INFO AllReduce: opCount 17 sendbuff 0x7f20a7613800 recvbuff 0x7f20a7613800 count 7087872 datatype 7 op 0 root 0 comm 0xcf47dd0 [nranks=8] stream 0xbd72790
sciml2302:751387:752020 [3] NCCL INFO AllReduce: opCount e sendbuff 0x7f07ace47400 recvbuff 0x7f07ace47400 count 7087872 datatype 7 op 0 root 0 comm 0x110302a0 [nranks=8] stream 0x12209ec0
sciml2302:751384:752005 [0] NCCL INFO AllReduce: opCount e sendbuff 0x7f611ae47400 recvbuff 0x7f611ae47400 count 7087872 datatype 7 op 0 root 0 comm 0x119f4d80 [nranks=8] stream 0x119f8990
sciml2301:1050816:1051439 [0] NCCL INFO AllReduce: opCount 10 sendbuff 0x7f31b245ac00 recvbuff 0x7f31b245ac00 count 7087872 datatype 7 op 0 root 0 comm 0xff9e360 [nranks=8] stream 0xffa1f20
sciml2302:751385:752014 [1] NCCL INFO AllReduce: opCount 18 sendbuff 0x7f2122000000 recvbuff 0x7f2122000000 count 44112384 datatype 7 op 0 root 0 comm 0xcf47dd0 [nranks=8] stream 0xbd72790
sciml2302:751387:752020 [3] NCCL INFO AllReduce: opCount f sendbuff 0x7f07ae951000 recvbuff 0x7f07ae951000 count 7087872 datatype 7 op 0 root 0 comm 0x110302a0 [nranks=8] stream 0x12209ec0
sciml2301:1050816:1051439 [0] NCCL INFO AllReduce: opCount 11 sendbuff 0x7f319b76a400 recvbuff 0x7f319b76a400 count 7087872 datatype 7 op 0 root 0 comm 0xff9e360 [nranks=8] stream 0xffa1f20
sciml2302:751384:752005 [0] NCCL INFO AllReduce: opCount f sendbuff 0x7f611c951000 recvbuff 0x7f611c951000 count 7087872 datatype 7 op 0 root 0 comm 0x119f4d80 [nranks=8] stream 0x119f8990
sciml2302:751387:752020 [3] NCCL INFO AllReduce: opCount 10 sendbuff 0x7f07b045ac00 recvbuff 0x7f07b045ac00 count 7087872 datatype 7 op 0 root 0 comm 0x110302a0 [nranks=8] stream 0x12209ec0
sciml2301:1050816:1051439 [0] NCCL INFO AllReduce: opCount 12 sendbuff 0x7f319d274000 recvbuff 0x7f319d274000 count 7087872 datatype 7 op 0 root 0 comm 0xff9e360 [nranks=8] stream 0xffa1f20
sciml2302:751384:752005 [0] NCCL INFO AllReduce: opCount 10 sendbuff 0x7f611e45ac00 recvbuff 0x7f611e45ac00 count 7087872 datatype 7 op 0 root 0 comm 0x119f4d80 [nranks=8] stream 0x119f8990
sciml2302:751387:752020 [3] NCCL INFO AllReduce: opCount 11 sendbuff 0x7f079976a400 recvbuff 0x7f079976a400 count 7087872 datatype 7 op 0 root 0 comm 0x110302a0 [nranks=8] stream 0x12209ec0
sciml2302:751384:752005 [0] NCCL INFO AllReduce: opCount 11 sendbuff 0x7f610776a400 recvbuff 0x7f610776a400 count 7087872 datatype 7 op 0 root 0 comm 0x119f4d80 [nranks=8] stream 0x119f8990
sciml2302:751387:752020 [3] NCCL INFO AllReduce: opCount 12 sendbuff 0x7f079b274000 recvbuff 0x7f079b274000 count 7087872 datatype 7 op 0 root 0 comm 0x110302a0 [nranks=8] stream 0x12209ec0
sciml2302:751384:752005 [0] NCCL INFO AllReduce: opCount 12 sendbuff 0x7f6109274000 recvbuff 0x7f6109274000 count 7087872 datatype 7 op 0 root 0 comm 0x119f4d80 [nranks=8] stream 0x119f8990
sciml2301:1050816:1051439 [0] NCCL INFO AllReduce: opCount 13 sendbuff 0x7f319ed7dc00 recvbuff 0x7f319ed7dc00 count 7087872 datatype 7 op 0 root 0 comm 0xff9e360 [nranks=8] stream 0xffa1f20
sciml2302:751384:752005 [0] NCCL INFO AllReduce: opCount 13 sendbuff 0x7f610ad7dc00 recvbuff 0x7f610ad7dc00 count 7087872 datatype 7 op 0 root 0 comm 0x119f4d80 [nranks=8] stream 0x119f8990
sciml2302:751387:752020 [3] NCCL INFO AllReduce: opCount 13 sendbuff 0x7f079cd7dc00 recvbuff 0x7f079cd7dc00 count 7087872 datatype 7 op 0 root 0 comm 0x110302a0 [nranks=8] stream 0x12209ec0
sciml2301:1050816:1051439 [0] NCCL INFO AllReduce: opCount 14 sendbuff 0x7f31a0887800 recvbuff 0x7f31a0887800 count 7087872 datatype 7 op 0 root 0 comm 0xff9e360 [nranks=8] stream 0xffa1f20
sciml2302:751384:752005 [0] NCCL INFO AllReduce: opCount 14 sendbuff 0x7f610c887800 recvbuff 0x7f610c887800 count 7087872 datatype 7 op 0 root 0 comm 0x119f4d80 [nranks=8] stream 0x119f8990
sciml2302:751387:752020 [3] NCCL INFO AllReduce: opCount 14 sendbuff 0x7f079e887800 recvbuff 0x7f079e887800 count 7087872 datatype 7 op 0 root 0 comm 0x110302a0 [nranks=8] stream 0x12209ec0
sciml2301:1050816:1051439 [0] NCCL INFO AllReduce: opCount 15 sendbuff 0x7f30fc000000 recvbuff 0x7f30fc000000 count 7087872 datatype 7 op 0 root 0 comm 0xff9e360 [nranks=8] stream 0xffa1f20
sciml2302:751384:752005 [0] NCCL INFO AllReduce: opCount 15 sendbuff 0x7f6068000000 recvbuff 0x7f6068000000 count 7087872 datatype 7 op 0 root 0 comm 0x119f4d80 [nranks=8] stream 0x119f8990
sciml2302:751387:752020 [3] NCCL INFO AllReduce: opCount 15 sendbuff 0x7f06fa000000 recvbuff 0x7f06fa000000 count 7087872 datatype 7 op 0 root 0 comm 0x110302a0 [nranks=8] stream 0x12209ec0
sciml2302:751384:752005 [0] NCCL INFO AllReduce: opCount 16 sendbuff 0x7f6069b09c00 recvbuff 0x7f6069b09c00 count 7087872 datatype 7 op 0 root 0 comm 0x119f4d80 [nranks=8] stream 0x119f8990
sciml2302:751384:752005 [0] NCCL INFO AllReduce: opCount 17 sendbuff 0x7f606b613800 recvbuff 0x7f606b613800 count 7087872 datatype 7 op 0 root 0 comm 0x119f4d80 [nranks=8] stream 0x119f8990
sciml2302:751387:752020 [3] NCCL INFO AllReduce: opCount 16 sendbuff 0x7f06fbb09c00 recvbuff 0x7f06fbb09c00 count 7087872 datatype 7 op 0 root 0 comm 0x110302a0 [nranks=8] stream 0x12209ec0
sciml2302:751384:752005 [0] NCCL INFO AllReduce: opCount 18 sendbuff 0x7f60e4000000 recvbuff 0x7f60e4000000 count 44112384 datatype 7 op 0 root 0 comm 0x119f4d80 [nranks=8] stream 0x119f8990
sciml2302:751386:752011 [2] NCCL INFO AllReduce: opCount 17 sendbuff 0x7f65e5613800 recvbuff 0x7f65e5613800 count 7087872 datatype 7 op 0 root 0 comm 0x10571190 [nranks=8] stream 0x117b9900
sciml2302:751386:752011 [2] NCCL INFO AllReduce: opCount 18 sendbuff 0x7f6660000000 recvbuff 0x7f6660000000 count 44112384 datatype 7 op 0 root 0 comm 0x10571190 [nranks=8] stream 0x117b9900
sciml2301:1050816:1051439 [0] NCCL INFO AllReduce: opCount 16 sendbuff 0x7f30fdb09c00 recvbuff 0x7f30fdb09c00 count 7087872 datatype 7 op 0 root 0 comm 0xff9e360 [nranks=8] stream 0xffa1f20
sciml2302:751387:752020 [3] NCCL INFO AllReduce: opCount 17 sendbuff 0x7f06fd613800 recvbuff 0x7f06fd613800 count 7087872 datatype 7 op 0 root 0 comm 0x110302a0 [nranks=8] stream 0x12209ec0
sciml2301:1050816:1051439 [0] NCCL INFO AllReduce: opCount 17 sendbuff 0x7f30ff613800 recvbuff 0x7f30ff613800 count 7087872 datatype 7 op 0 root 0 comm 0xff9e360 [nranks=8] stream 0xffa1f20
sciml2302:751387:752020 [3] NCCL INFO AllReduce: opCount 18 sendbuff 0x7f0776000000 recvbuff 0x7f0776000000 count 44112384 datatype 7 op 0 root 0 comm 0x110302a0 [nranks=8] stream 0x12209ec0
sciml2301:1050816:1051439 [0] NCCL INFO AllReduce: opCount 18 sendbuff 0x7f3178000000 recvbuff 0x7f3178000000 count 44112384 datatype 7 op 0 root 0 comm 0xff9e360 [nranks=8] stream 0xffa1f20
sciml2302:751387:751387 [3] NCCL INFO Broadcast: opCount 19 sendbuff 0x7f07b2400000 recvbuff 0x7f07b2400000 count 12582912 datatype 0 op 0 root 0 comm 0x110302a0 [nranks=8] stream 0x12209ec0
sciml2302:751387:751387 [3] NCCL INFO Broadcast: opCount 1a sendbuff 0x7f0793ff8000 recvbuff 0x7f0793ff8000 count 48 datatype 0 op 0 root 0 comm 0x110302a0 [nranks=8] stream 0x12209ec0
sciml2301:1050817:1050817 [1] NCCL INFO Broadcast: opCount 19 sendbuff 0x7f8a2a400000 recvbuff 0x7f8a2a400000 count 12582912 datatype 0 op 0 root 0 comm 0x105c44d0 [nranks=8] stream 0x9e8c180
sciml2301:1050817:1050817 [1] NCCL INFO Broadcast: opCount 1a sendbuff 0x7f8a0bff8000 recvbuff 0x7f8a0bff8000 count 48 datatype 0 op 0 root 0 comm 0x105c44d0 [nranks=8] stream 0x9e8c180
sciml2302:751386:751386 [2] NCCL INFO Broadcast: opCount 19 sendbuff 0x7f669c400000 recvbuff 0x7f669c400000 count 12582912 datatype 0 op 0 root 0 comm 0x10571190 [nranks=8] stream 0x117b9900
sciml2302:751386:751386 [2] NCCL INFO Broadcast: opCount 1a sendbuff 0x7f667dff8000 recvbuff 0x7f667dff8000 count 48 datatype 0 op 0 root 0 comm 0x10571190 [nranks=8] stream 0x117b9900
sciml2301:1050816:1050816 [0] NCCL INFO Broadcast: opCount 19 sendbuff 0x7f31b4400000 recvbuff 0x7f31b4400000 count 12582912 datatype 0 op 0 root 0 comm 0xff9e360 [nranks=8] stream 0xffa1f20
sciml2301:1050816:1050816 [0] NCCL INFO Broadcast: opCount 1a sendbuff 0x7f3195ff8000 recvbuff 0x7f3195ff8000 count 48 datatype 0 op 0 root 0 comm 0xff9e360 [nranks=8] stream 0xffa1f20
sciml2301:1050819:1050819 [3] NCCL INFO Broadcast: opCount 19 sendbuff 0x7f171a400000 recvbuff 0x7f171a400000 count 12582912 datatype 0 op 0 root 0 comm 0x10069730 [nranks=8] stream 0x148af220
sciml2302:751385:751385 [1] NCCL INFO Broadcast: opCount 19 sendbuff 0x7f215e400000 recvbuff 0x7f215e400000 count 12582912 datatype 0 op 0 root 0 comm 0xcf47dd0 [nranks=8] stream 0xbd72790
sciml2301:1050819:1050819 [3] NCCL INFO Broadcast: opCount 1a sendbuff 0x7f16fbff8000 recvbuff 0x7f16fbff8000 count 48 datatype 0 op 0 root 0 comm 0x10069730 [nranks=8] stream 0x148af220
sciml2301:1050818:1050818 [2] NCCL INFO Broadcast: opCount 19 sendbuff 0x7f2cde400000 recvbuff 0x7f2cde400000 count 12582912 datatype 0 op 0 root 0 comm 0xdc8f2f0 [nranks=8] stream 0xee7d9a0
sciml2302:751385:751385 [1] NCCL INFO Broadcast: opCount 1a sendbuff 0x7f213fff8000 recvbuff 0x7f213fff8000 count 48 datatype 0 op 0 root 0 comm 0xcf47dd0 [nranks=8] stream 0xbd72790
sciml2301:1050818:1050818 [2] NCCL INFO Broadcast: opCount 1a sendbuff 0x7f2cbfff8000 recvbuff 0x7f2cbfff8000 count 48 datatype 0 op 0 root 0 comm 0xdc8f2f0 [nranks=8] stream 0xee7d9a0
sciml2302:751384:751384 [0] NCCL INFO Broadcast: opCount 19 sendbuff 0x7f6120400000 recvbuff 0x7f6120400000 count 12582912 datatype 0 op 0 root 0 comm 0x119f4d80 [nranks=8] stream 0x119f8990
sciml2302:751384:751384 [0] NCCL INFO Broadcast: opCount 1a sendbuff 0x7f6101ff8000 recvbuff 0x7f6101ff8000 count 48 datatype 0 op 0 root 0 comm 0x119f4d80 [nranks=8] stream 0x119f8990
sciml2302:751387:752020 [3] NCCL INFO AllReduce: opCount 1b sendbuff 0x7f0818000000 recvbuff 0x7f0818000000 count 2361600 datatype 7 op 0 root 0 comm 0x110302a0 [nranks=8] stream 0x12209ec0
sciml2302:751387:752020 [3] NCCL INFO AllReduce: opCount 1c sendbuff 0x7f07ab33d800 recvbuff 0x7f07ab33d800 count 7087872 datatype 7 op 0 root 0 comm 0x110302a0 [nranks=8] stream 0x12209ec0
sciml2301:1050819:1051454 [3] NCCL INFO AllReduce: opCount 1b sendbuff 0x7f1780000000 recvbuff 0x7f1780000000 count 2361600 datatype 7 op 0 root 0 comm 0x10069730 [nranks=8] stream 0x148af220
sciml2302:751385:752014 [1] NCCL INFO AllReduce: opCount 1b sendbuff 0x7f2176000000 recvbuff 0x7f2176000000 count 2361600 datatype 7 op 0 root 0 comm 0xcf47dd0 [nranks=8] stream 0xbd72790
sciml2302:751387:752020 [3] NCCL INFO AllReduce: opCount 1d sendbuff 0x7f07ace47400 recvbuff 0x7f07ace47400 count 7087872 datatype 7 op 0 root 0 comm 0x110302a0 [nranks=8] stream 0x12209ec0
sciml2301:1050817:1051444 [1] NCCL INFO AllReduce: opCount 1b sendbuff 0x7f8a90000000 recvbuff 0x7f8a90000000 count 2361600 datatype 7 op 0 root 0 comm 0x105c44d0 [nranks=8] stream 0x9e8c180
sciml2301:1050818:1051449 [2] NCCL INFO AllReduce: opCount 1b sendbuff 0x7f2d44000000 recvbuff 0x7f2d44000000 count 2361600 datatype 7 op 0 root 0 comm 0xdc8f2f0 [nranks=8] stream 0xee7d9a0
sciml2301:1050819:1051454 [3] NCCL INFO AllReduce: opCount 1c sendbuff 0x7f171333d800 recvbuff 0x7f171333d800 count 7087872 datatype 7 op 0 root 0 comm 0x10069730 [nranks=8] stream 0x148af220
sciml2302:751387:752020 [3] NCCL INFO AllReduce: opCount 1e sendbuff 0x7f07ae951000 recvbuff 0x7f07ae951000 count 7087872 datatype 7 op 0 root 0 comm 0x110302a0 [nranks=8] stream 0x12209ec0
sciml2302:751385:752014 [1] NCCL INFO AllReduce: opCount 1c sendbuff 0x7f215733d800 recvbuff 0x7f215733d800 count 7087872 datatype 7 op 0 root 0 comm 0xcf47dd0 [nranks=8] stream 0xbd72790
sciml2301:1050817:1051444 [1] NCCL INFO AllReduce: opCount 1c sendbuff 0x7f8a2333d800 recvbuff 0x7f8a2333d800 count 7087872 datatype 7 op 0 root 0 comm 0x105c44d0 [nranks=8] stream 0x9e8c180
sciml2301:1050819:1051454 [3] NCCL INFO AllReduce: opCount 1d sendbuff 0x7f1714e47400 recvbuff 0x7f1714e47400 count 7087872 datatype 7 op 0 root 0 comm 0x10069730 [nranks=8] stream 0x148af220
sciml2301:1050818:1051449 [2] NCCL INFO AllReduce: opCount 1c sendbuff 0x7f2cd733d800 recvbuff 0x7f2cd733d800 count 7087872 datatype 7 op 0 root 0 comm 0xdc8f2f0 [nranks=8] stream 0xee7d9a0
sciml2302:751387:752020 [3] NCCL INFO AllReduce: opCount 1f sendbuff 0x7f07b045ac00 recvbuff 0x7f07b045ac00 count 7087872 datatype 7 op 0 root 0 comm 0x110302a0 [nranks=8] stream 0x12209ec0
sciml2302:751385:752014 [1] NCCL INFO AllReduce: opCount 1d sendbuff 0x7f2158e47400 recvbuff 0x7f2158e47400 count 7087872 datatype 7 op 0 root 0 comm 0xcf47dd0 [nranks=8] stream 0xbd72790
sciml2301:1050817:1051444 [1] NCCL INFO AllReduce: opCount 1d sendbuff 0x7f8a24e47400 recvbuff 0x7f8a24e47400 count 7087872 datatype 7 op 0 root 0 comm 0x105c44d0 [nranks=8] stream 0x9e8c180
sciml2302:751387:752020 [3] NCCL INFO AllReduce: opCount 20 sendbuff 0x7f079976a400 recvbuff 0x7f079976a400 count 7087872 datatype 7 op 0 root 0 comm 0x110302a0 [nranks=8] stream 0x12209ec0
