sciml2402:660889:660985 [3] NCCL INFO Allocated shareable buffer 0x7f150b600000 size 10485760 ipcDesc 0x7f14d000d060
sciml2402:660889:660985 [3] NCCL INFO proxyProgressAsync opId=0x7f14d9ece530 op.type=3 op.reqBuff=0x7f14d000e930 op.respSize=80 done
sciml2402:660889:660985 [3] NCCL INFO Received and initiated operation=Setup res=0
sciml2402:660889:660974 [3] NCCL INFO ncclPollProxyResponse Received new opId=0x7f14d9ece530
sciml2402:660888:660981 [2] NCCL INFO recvOpId=0x7f0b29e18f70 matches expected opId=0x7f0b29e18f70
sciml2402:660888:660981 [2] NCCL INFO Connection to proxy localRank 2 -> connection 0x7f0b20005200
sciml2402:660886:660984 [0] NCCL INFO New proxy recv connection 10 from local rank 0, transport 0
sciml2402:660886:660984 [0] NCCL INFO proxyProgressAsync opId=0x7f0b29e91940 op.type=1 op.reqBuff=0x7f0b3800e7c0 op.respSize=16 done
sciml2402:660886:660984 [0] NCCL INFO Received and initiated operation=Init res=0
sciml2402:660886:660972 [0] NCCL INFO ncclPollProxyResponse Received new opId=0x7f0b29e91940
sciml2402:660887:660987 [1] NCCL INFO New proxy send connection 10 from local rank 1, transport 0
sciml2402:660887:660987 [1] NCCL INFO proxyProgressAsync opId=0x7f37fded1b70 op.type=1 op.reqBuff=0x7f37f400e930 op.respSize=16 done
sciml2402:660887:660987 [1] NCCL INFO Received and initiated operation=Init res=0
sciml2402:660887:660973 [1] NCCL INFO ncclPollProxyResponse Received new opId=0x7f37fded1b70
sciml2402:660888:660986 [2] NCCL INFO transport/p2p.cc:204 Cuda Alloc Size 6291456 pointer 0x7f0b53a00000
sciml2402:660888:660986 [2] NCCL INFO Allocated shareable buffer 0x7f0b53a00000 size 6291456 ipcDesc 0x7f0b2000ce80
sciml2402:660888:660986 [2] NCCL INFO proxyProgressAsync opId=0x7f0b29e18f70 op.type=3 op.reqBuff=0x7f0b2000e750 op.respSize=80 done
sciml2402:660888:660986 [2] NCCL INFO Received and initiated operation=Setup res=0
sciml2402:660888:660981 [2] NCCL INFO ncclPollProxyResponse Received new opId=0x7f0b29e18f70
sciml2402:660889:660974 [3] NCCL INFO recvOpId=0x7f14d9ece530 matches expected opId=0x7f14d9ece530
sciml2402:660889:660974 [3] NCCL INFO Channel 00/0 : 3[c6000] -> 2[c5000] via P2P/IPC/read
sciml2402:660886:660972 [0] NCCL INFO recvOpId=0x7f0b29e91940 matches expected opId=0x7f0b29e91940
sciml2402:660886:660972 [0] NCCL INFO Connection to proxy localRank 0 -> connection 0x7f0b380052e0
sciml2402:660887:660973 [1] NCCL INFO recvOpId=0x7f37fded1b70 matches expected opId=0x7f37fded1b70
sciml2402:660887:660973 [1] NCCL INFO Connection to proxy localRank 1 -> connection 0x7f37f4005250
sciml2402:660889:660985 [3] NCCL INFO New proxy send connection 10 from local rank 3, transport 0
sciml2402:660889:660985 [3] NCCL INFO proxyProgressAsync opId=0x7f14d9ece530 op.type=1 op.reqBuff=0x7f14d000e930 op.respSize=16 done
sciml2402:660889:660985 [3] NCCL INFO Received and initiated operation=Init res=0
sciml2402:660889:660974 [3] NCCL INFO ncclPollProxyResponse Received new opId=0x7f14d9ece530
sciml2402:660887:660987 [1] NCCL INFO transport/p2p.cc:204 Cuda Alloc Size 6291456 pointer 0x7f381d400000
sciml2402:660887:660987 [1] NCCL INFO Allocated shareable buffer 0x7f381d400000 size 6291456 ipcDesc 0x7f37f400d060
sciml2402:660887:660987 [1] NCCL INFO proxyProgressAsync opId=0x7f37fded1b70 op.type=3 op.reqBuff=0x7f37f400f4e0 op.respSize=80 done
sciml2402:660887:660973 [1] NCCL INFO ncclPollProxyResponse Received new opId=0x7f37fded1b70
sciml2402:660887:660987 [1] NCCL INFO Received and initiated operation=Setup res=0
sciml2402:660886:660984 [0] NCCL INFO transport/p2p.cc:204 Cuda Alloc Size 6291456 pointer 0x7f0b5b600000
sciml2402:660886:660984 [0] NCCL INFO Allocated shareable buffer 0x7f0b5b600000 size 6291456 ipcDesc 0x7f0b3800db40
sciml2402:660886:660984 [0] NCCL INFO proxyProgressAsync opId=0x7f0b29e91940 op.type=3 op.reqBuff=0x7f0b3800f190 op.respSize=80 done
sciml2402:660886:660984 [0] NCCL INFO Received and initiated operation=Setup res=0
sciml2402:660886:660972 [0] NCCL INFO ncclPollProxyResponse Received new opId=0x7f0b29e91940
sciml2402:660888:660981 [2] NCCL INFO recvOpId=0x7f0b29e18f70 matches expected opId=0x7f0b29e18f70
sciml2402:660888:660986 [2] NCCL INFO New proxy recv connection 10 from local rank 2, transport 0
sciml2402:660888:660986 [2] NCCL INFO proxyProgressAsync opId=0x7f0b29e18f70 op.type=1 op.reqBuff=0x7f0b2000e750 op.respSize=16 done
sciml2402:660888:660986 [2] NCCL INFO Received and initiated operation=Init res=0
sciml2402:660888:660981 [2] NCCL INFO ncclPollProxyResponse Received new opId=0x7f0b29e18f70
sciml2402:660889:660974 [3] NCCL INFO recvOpId=0x7f14d9ece530 matches expected opId=0x7f14d9ece530
sciml2402:660887:660973 [1] NCCL INFO recvOpId=0x7f37fded1b70 matches expected opId=0x7f37fded1b70
sciml2402:660887:660973 [1] NCCL INFO Channel 01/0 : 1[46000] -> 0[45000] via P2P/IPC/read
sciml2402:660889:660974 [3] NCCL INFO Connection to proxy localRank 3 -> connection 0x7f14d0005250
sciml2402:660886:660972 [0] NCCL INFO recvOpId=0x7f0b29e91940 matches expected opId=0x7f0b29e91940
sciml2402:660887:660987 [1] NCCL INFO New proxy send connection 11 from local rank 1, transport 0
sciml2402:660887:660987 [1] NCCL INFO proxyProgressAsync opId=0x7f37fded1b70 op.type=1 op.reqBuff=0x7f37f400f4e0 op.respSize=16 done
sciml2402:660887:660987 [1] NCCL INFO Received and initiated operation=Init res=0
sciml2402:660887:660973 [1] NCCL INFO ncclPollProxyResponse Received new opId=0x7f37fded1b70
sciml2402:660889:660985 [3] NCCL INFO transport/p2p.cc:204 Cuda Alloc Size 6291456 pointer 0x7f14f9400000
sciml2402:660889:660985 [3] NCCL INFO Allocated shareable buffer 0x7f14f9400000 size 6291456 ipcDesc 0x7f14d000d060
sciml2402:660889:660985 [3] NCCL INFO proxyProgressAsync opId=0x7f14d9ece530 op.type=3 op.reqBuff=0x7f14d000f4e0 op.respSize=80 done
sciml2402:660889:660985 [3] NCCL INFO Received and initiated operation=Setup res=0
sciml2402:660889:660974 [3] NCCL INFO ncclPollProxyResponse Received new opId=0x7f14d9ece530
sciml2402:660886:660984 [0] NCCL INFO New proxy recv connection 11 from local rank 0, transport 0
sciml2402:660886:660984 [0] NCCL INFO proxyProgressAsync opId=0x7f0b29e91940 op.type=1 op.reqBuff=0x7f0b3800f190 op.respSize=16 done
sciml2402:660886:660984 [0] NCCL INFO Received and initiated operation=Init res=0
sciml2402:660886:660972 [0] NCCL INFO ncclPollProxyResponse Received new opId=0x7f0b29e91940
sciml2402:660888:660981 [2] NCCL INFO recvOpId=0x7f0b29e18f70 matches expected opId=0x7f0b29e18f70
sciml2402:660888:660981 [2] NCCL INFO Connection to proxy localRank 2 -> connection 0x7f0b20005250
sciml2402:660887:660973 [1] NCCL INFO recvOpId=0x7f37fded1b70 matches expected opId=0x7f37fded1b70
sciml2402:660887:660973 [1] NCCL INFO Connection to proxy localRank 1 -> connection 0x7f37f40052a0
sciml2402:660888:660986 [2] NCCL INFO transport/p2p.cc:204 Cuda Alloc Size 6291456 pointer 0x7f0b5b600000
sciml2402:660888:660986 [2] NCCL INFO Allocated shareable buffer 0x7f0b5b600000 size 6291456 ipcDesc 0x7f0b2000ce80
sciml2402:660888:660986 [2] NCCL INFO proxyProgressAsync opId=0x7f0b29e18f70 op.type=3 op.reqBuff=0x7f0b2000f300 op.respSize=80 done
sciml2402:660888:660986 [2] NCCL INFO Received and initiated operation=Setup res=0
sciml2402:660888:660981 [2] NCCL INFO ncclPollProxyResponse Received new opId=0x7f0b29e18f70
sciml2402:660889:660974 [3] NCCL INFO recvOpId=0x7f14d9ece530 matches expected opId=0x7f14d9ece530
sciml2402:660889:660974 [3] NCCL INFO Channel 01/0 : 3[c6000] -> 2[c5000] via P2P/IPC/read
sciml2402:660887:660987 [1] NCCL INFO transport/p2p.cc:204 Cuda Alloc Size 6291456 pointer 0x7f381da00000
sciml2402:660887:660987 [1] NCCL INFO Allocated shareable buffer 0x7f381da00000 size 6291456 ipcDesc 0x7f37f400d060
sciml2402:660887:660987 [1] NCCL INFO proxyProgressAsync opId=0x7f37fded1b70 op.type=3 op.reqBuff=0x7f37f4010130 op.respSize=80 done
sciml2402:660887:660973 [1] NCCL INFO ncclPollProxyResponse Received new opId=0x7f37fded1b70
sciml2402:660887:660987 [1] NCCL INFO Received and initiated operation=Setup res=0
sciml2402:660886:660972 [0] NCCL INFO recvOpId=0x7f0b29e91940 matches expected opId=0x7f0b29e91940
sciml2402:660886:660972 [0] NCCL INFO Connection to proxy localRank 0 -> connection 0x7f0b38005330
sciml2402:660888:660981 [2] NCCL INFO recvOpId=0x7f0b29e18f70 matches expected opId=0x7f0b29e18f70
sciml2402:660889:660985 [3] NCCL INFO New proxy send connection 11 from local rank 3, transport 0
sciml2402:660889:660985 [3] NCCL INFO proxyProgressAsync opId=0x7f14d9ece530 op.type=1 op.reqBuff=0x7f14d000f4e0 op.respSize=16 done
sciml2402:660886:660984 [0] NCCL INFO transport/p2p.cc:204 Cuda Alloc Size 6291456 pointer 0x7f0b47400000
sciml2402:660886:660984 [0] NCCL INFO Allocated shareable buffer 0x7f0b47400000 size 6291456 ipcDesc 0x7f0b3800db40
sciml2402:660886:660984 [0] NCCL INFO proxyProgressAsync opId=0x7f0b29e91940 op.type=3 op.reqBuff=0x7f0b3800fde0 op.respSize=80 done
sciml2402:660886:660984 [0] NCCL INFO Received and initiated operation=Setup res=0
sciml2402:660886:660972 [0] NCCL INFO ncclPollProxyResponse Received new opId=0x7f0b29e91940
sciml2402:660889:660985 [3] NCCL INFO Received and initiated operation=Init res=0
sciml2402:660889:660974 [3] NCCL INFO ncclPollProxyResponse Received new opId=0x7f14d9ece530
sciml2402:660887:660973 [1] NCCL INFO recvOpId=0x7f37fded1b70 matches expected opId=0x7f37fded1b70
sciml2402:660887:660973 [1] NCCL INFO Channel 02/0 : 1[46000] -> 0[45000] via P2P/IPC/read
sciml2402:660887:660987 [1] NCCL INFO New proxy send connection 12 from local rank 1, transport 0
sciml2402:660887:660987 [1] NCCL INFO proxyProgressAsync opId=0x7f37fded1b70 op.type=1 op.reqBuff=0x7f37f4010130 op.respSize=16 done
sciml2402:660887:660987 [1] NCCL INFO Received and initiated operation=Init res=0
sciml2402:660887:660973 [1] NCCL INFO ncclPollProxyResponse Received new opId=0x7f37fded1b70
sciml2402:660888:660986 [2] NCCL INFO New proxy recv connection 11 from local rank 2, transport 0
sciml2402:660888:660986 [2] NCCL INFO proxyProgressAsync opId=0x7f0b29e18f70 op.type=1 op.reqBuff=0x7f0b2000f300 op.respSize=16 done
sciml2402:660888:660986 [2] NCCL INFO Received and initiated operation=Init res=0
sciml2402:660888:660981 [2] NCCL INFO ncclPollProxyResponse Received new opId=0x7f0b29e18f70
sciml2402:660889:660974 [3] NCCL INFO recvOpId=0x7f14d9ece530 matches expected opId=0x7f14d9ece530
sciml2402:660889:660974 [3] NCCL INFO Connection to proxy localRank 3 -> connection 0x7f14d00052a0
sciml2402:660886:660972 [0] NCCL INFO recvOpId=0x7f0b29e91940 matches expected opId=0x7f0b29e91940
sciml2402:660886:660972 [0] NCCL INFO Channel 01/0 : 0[45000] -> 3[c6000] via P2P/IPC
sciml2402:660889:660985 [3] NCCL INFO transport/p2p.cc:204 Cuda Alloc Size 6291456 pointer 0x7f14f9a00000
sciml2402:660889:660985 [3] NCCL INFO Allocated shareable buffer 0x7f14f9a00000 size 6291456 ipcDesc 0x7f14d000d060
sciml2402:660889:660985 [3] NCCL INFO proxyProgressAsync opId=0x7f14d9ece530 op.type=3 op.reqBuff=0x7f14d0010130 op.respSize=80 done
sciml2402:660889:660985 [3] NCCL INFO Received and initiated operation=Setup res=0
sciml2402:660889:660974 [3] NCCL INFO ncclPollProxyResponse Received new opId=0x7f14d9ece530
sciml2402:660887:660973 [1] NCCL INFO recvOpId=0x7f37fded1b70 matches expected opId=0x7f37fded1b70
sciml2402:660887:660973 [1] NCCL INFO Connection to proxy localRank 1 -> connection 0x7f37f40052f0
sciml2402:660888:660981 [2] NCCL INFO recvOpId=0x7f0b29e18f70 matches expected opId=0x7f0b29e18f70
sciml2402:660888:660981 [2] NCCL INFO Connection to proxy localRank 2 -> connection 0x7f0b200052a0
sciml2402:660886:660984 [0] NCCL INFO New proxy send connection 12 from local rank 0, transport 0
sciml2402:660886:660984 [0] NCCL INFO proxyProgressAsync opId=0x7f0b29e91940 op.type=1 op.reqBuff=0x7f0b3800fde0 op.respSize=16 done
sciml2402:660886:660984 [0] NCCL INFO Received and initiated operation=Init res=0
sciml2402:660886:660972 [0] NCCL INFO ncclPollProxyResponse Received new opId=0x7f0b29e91940
sciml2402:660887:660987 [1] NCCL INFO transport/p2p.cc:204 Cuda Alloc Size 6291456 pointer 0x7f3849200000
sciml2402:660887:660987 [1] NCCL INFO Allocated shareable buffer 0x7f3849200000 size 6291456 ipcDesc 0x7f37f400d060
sciml2402:660887:660987 [1] NCCL INFO proxyProgressAsync opId=0x7f37fded1b70 op.type=3 op.reqBuff=0x7f37f4010ce0 op.respSize=80 done
sciml2402:660887:660973 [1] NCCL INFO ncclPollProxyResponse Received new opId=0x7f37fded1b70
sciml2402:660887:660987 [1] NCCL INFO Received and initiated operation=Setup res=0
sciml2402:660888:660986 [2] NCCL INFO transport/p2p.cc:204 Cuda Alloc Size 6291456 pointer 0x7f0b49400000
sciml2402:660888:660986 [2] NCCL INFO Allocated shareable buffer 0x7f0b49400000 size 6291456 ipcDesc 0x7f0b2000ce80
sciml2402:660888:660986 [2] NCCL INFO proxyProgressAsync opId=0x7f0b29e18f70 op.type=3 op.reqBuff=0x7f0b2000ff50 op.respSize=80 done
sciml2402:660888:660986 [2] NCCL INFO Received and initiated operation=Setup res=0
sciml2402:660888:660981 [2] NCCL INFO ncclPollProxyResponse Received new opId=0x7f0b29e18f70
sciml2402:660889:660974 [3] NCCL INFO recvOpId=0x7f14d9ece530 matches expected opId=0x7f14d9ece530
sciml2402:660889:660974 [3] NCCL INFO Channel 02/0 : 3[c6000] -> 2[c5000] via P2P/IPC/read
sciml2402:660886:660972 [0] NCCL INFO recvOpId=0x7f0b29e91940 matches expected opId=0x7f0b29e91940
sciml2402:660886:660972 [0] NCCL INFO Connection to proxy localRank 0 -> connection 0x7f0b38005380
sciml2402:660889:660985 [3] NCCL INFO New proxy send connection 12 from local rank 3, transport 0
sciml2402:660889:660985 [3] NCCL INFO proxyProgressAsync opId=0x7f14d9ece530 op.type=1 op.reqBuff=0x7f14d0010130 op.respSize=16 done
sciml2402:660889:660985 [3] NCCL INFO Received and initiated operation=Init res=0
sciml2402:660889:660974 [3] NCCL INFO ncclPollProxyResponse Received new opId=0x7f14d9ece530
sciml2402:660887:660973 [1] NCCL INFO recvOpId=0x7f37fded1b70 matches expected opId=0x7f37fded1b70
sciml2402:660887:660973 [1] NCCL INFO Channel 03/0 : 1[46000] -> 0[45000] via P2P/IPC/read
sciml2402:660888:660981 [2] NCCL INFO recvOpId=0x7f0b29e18f70 matches expected opId=0x7f0b29e18f70
sciml2402:660888:660981 [2] NCCL INFO Channel 00/0 : 2[c5000] -> 1[46000] via P2P/IPC
sciml2402:660887:660987 [1] NCCL INFO New proxy send connection 13 from local rank 1, transport 0
sciml2402:660887:660987 [1] NCCL INFO proxyProgressAsync opId=0x7f37fded1b70 op.type=1 op.reqBuff=0x7f37f4010ce0 op.respSize=16 done
sciml2402:660887:660987 [1] NCCL INFO Received and initiated operation=Init res=0
sciml2402:660887:660973 [1] NCCL INFO ncclPollProxyResponse Received new opId=0x7f37fded1b70
sciml2402:660886:660984 [0] NCCL INFO transport/p2p.cc:204 Cuda Alloc Size 2097152 pointer 0x7f0affe00000
sciml2402:660886:660984 [0] NCCL INFO Allocated shareable buffer 0x7f0affe00000 size 2097152 ipcDesc 0x7f0b3800db40
sciml2402:660886:660984 [0] NCCL INFO proxyProgressAsync opId=0x7f0b29e91940 op.type=3 op.reqBuff=0x7f0b38010a30 op.respSize=80 done
sciml2402:660886:660984 [0] NCCL INFO Received and initiated operation=Setup res=0
sciml2402:660886:660972 [0] NCCL INFO ncclPollProxyResponse Received new opId=0x7f0b29e91940
sciml2402:660888:660986 [2] NCCL INFO New proxy send connection 12 from local rank 2, transport 0
sciml2402:660888:660986 [2] NCCL INFO proxyProgressAsync opId=0x7f0b29e18f70 op.type=1 op.reqBuff=0x7f0b2000ff50 op.respSize=16 done
sciml2402:660888:660986 [2] NCCL INFO Received and initiated operation=Init res=0
sciml2402:660888:660981 [2] NCCL INFO ncclPollProxyResponse Received new opId=0x7f0b29e18f70
sciml2402:660889:660974 [3] NCCL INFO recvOpId=0x7f14d9ece530 matches expected opId=0x7f14d9ece530
sciml2402:660889:660974 [3] NCCL INFO Connection to proxy localRank 3 -> connection 0x7f14d00052f0
sciml2402:660887:660973 [1] NCCL INFO recvOpId=0x7f37fded1b70 matches expected opId=0x7f37fded1b70
sciml2402:660887:660973 [1] NCCL INFO Connection to proxy localRank 1 -> connection 0x7f37f4005340
sciml2402:660889:660985 [3] NCCL INFO transport/p2p.cc:204 Cuda Alloc Size 6291456 pointer 0x7f1525200000
sciml2402:660889:660985 [3] NCCL INFO Allocated shareable buffer 0x7f1525200000 size 6291456 ipcDesc 0x7f14d000d060
sciml2402:660886:660972 [0] NCCL INFO recvOpId=0x7f0b29e91940 matches expected opId=0x7f0b29e91940
sciml2402:660886:660972 [0] NCCL INFO Channel 03/0 : 0[45000] -> 3[c6000] via P2P/IPC
sciml2402:660889:660985 [3] NCCL INFO proxyProgressAsync opId=0x7f14d9ece530 op.type=3 op.reqBuff=0x7f14d0010ce0 op.respSize=80 done
sciml2402:660889:660985 [3] NCCL INFO Received and initiated operation=Setup res=0
sciml2402:660889:660974 [3] NCCL INFO ncclPollProxyResponse Received new opId=0x7f14d9ece530
sciml2402:660887:660987 [1] NCCL INFO transport/p2p.cc:204 Cuda Alloc Size 6291456 pointer 0x7f3849800000
sciml2402:660887:660987 [1] NCCL INFO Allocated shareable buffer 0x7f3849800000 size 6291456 ipcDesc 0x7f37f400d060
sciml2402:660887:660987 [1] NCCL INFO proxyProgressAsync opId=0x7f37fded1b70 op.type=3 op.reqBuff=0x7f37f4011a70 op.respSize=80 done
sciml2402:660887:660973 [1] NCCL INFO ncclPollProxyResponse Received new opId=0x7f37fded1b70
sciml2402:660887:660987 [1] NCCL INFO Received and initiated operation=Setup res=0
sciml2402:660888:660981 [2] NCCL INFO recvOpId=0x7f0b29e18f70 matches expected opId=0x7f0b29e18f70
sciml2402:660888:660981 [2] NCCL INFO Connection to proxy localRank 2 -> connection 0x7f0b200052f0
sciml2402:660886:660984 [0] NCCL INFO New proxy send connection 13 from local rank 0, transport 0
sciml2402:660886:660984 [0] NCCL INFO proxyProgressAsync opId=0x7f0b29e91940 op.type=1 op.reqBuff=0x7f0b38010a30 op.respSize=16 done
sciml2402:660886:660984 [0] NCCL INFO Received and initiated operation=Init res=0
sciml2402:660886:660972 [0] NCCL INFO ncclPollProxyResponse Received new opId=0x7f0b29e91940
sciml2402:660888:660986 [2] NCCL INFO transport/p2p.cc:204 Cuda Alloc Size 2097152 pointer 0x7f0b3fe00000
sciml2402:660888:660986 [2] NCCL INFO Allocated shareable buffer 0x7f0b3fe00000 size 2097152 ipcDesc 0x7f0b2000ce80
sciml2402:660888:660986 [2] NCCL INFO proxyProgressAsync opId=0x7f0b29e18f70 op.type=3 op.reqBuff=0x7f0b20010ba0 op.respSize=80 done
sciml2402:660888:660986 [2] NCCL INFO Received and initiated operation=Setup res=0
sciml2402:660888:660981 [2] NCCL INFO ncclPollProxyResponse Received new opId=0x7f0b29e18f70
sciml2402:660889:660974 [3] NCCL INFO recvOpId=0x7f14d9ece530 matches expected opId=0x7f14d9ece530
sciml2402:660889:660974 [3] NCCL INFO Channel 03/0 : 3[c6000] -> 2[c5000] via P2P/IPC/read
sciml2402:660887:660973 [1] NCCL INFO recvOpId=0x7f37fded1b70 matches expected opId=0x7f37fded1b70
sciml2402:660889:660985 [3] NCCL INFO New proxy send connection 13 from local rank 3, transport 0
sciml2402:660889:660985 [3] NCCL INFO proxyProgressAsync opId=0x7f14d9ece530 op.type=1 op.reqBuff=0x7f14d0010ce0 op.respSize=16 done
sciml2402:660889:660985 [3] NCCL INFO Received and initiated operation=Init res=0
sciml2402:660889:660974 [3] NCCL INFO ncclPollProxyResponse Received new opId=0x7f14d9ece530
sciml2402:660886:660972 [0] NCCL INFO recvOpId=0x7f0b29e91940 matches expected opId=0x7f0b29e91940
sciml2402:660886:660972 [0] NCCL INFO Connection to proxy localRank 0 -> connection 0x7f0b380053d0
sciml2402:660888:660981 [2] NCCL INFO recvOpId=0x7f0b29e18f70 matches expected opId=0x7f0b29e18f70
sciml2402:660888:660981 [2] NCCL INFO Channel 02/0 : 2[c5000] -> 1[46000] via P2P/IPC
sciml2402:660886:660984 [0] NCCL INFO transport/p2p.cc:204 Cuda Alloc Size 2097152 pointer 0x7f0b57c00000
sciml2402:660886:660984 [0] NCCL INFO Allocated shareable buffer 0x7f0b57c00000 size 2097152 ipcDesc 0x7f0b3800db40
sciml2402:660886:660984 [0] NCCL INFO proxyProgressAsync opId=0x7f0b29e91940 op.type=3 op.reqBuff=0x7f0b38011400 op.respSize=80 done
sciml2402:660886:660984 [0] NCCL INFO Received and initiated operation=Setup res=0
sciml2402:660886:660972 [0] NCCL INFO ncclPollProxyResponse Received new opId=0x7f0b29e91940
sciml2402:660888:660986 [2] NCCL INFO New proxy send connection 13 from local rank 2, transport 0
sciml2402:660888:660986 [2] NCCL INFO proxyProgressAsync opId=0x7f0b29e18f70 op.type=1 op.reqBuff=0x7f0b20010ba0 op.respSize=16 done
sciml2402:660888:660986 [2] NCCL INFO Received and initiated operation=Init res=0
sciml2402:660888:660981 [2] NCCL INFO ncclPollProxyResponse Received new opId=0x7f0b29e18f70
sciml2402:660889:660974 [3] NCCL INFO recvOpId=0x7f14d9ece530 matches expected opId=0x7f14d9ece530
sciml2402:660889:660974 [3] NCCL INFO Connection to proxy localRank 3 -> connection 0x7f14d0005340
sciml2402:660889:660985 [3] NCCL INFO transport/p2p.cc:204 Cuda Alloc Size 6291456 pointer 0x7f1525800000
sciml2402:660889:660985 [3] NCCL INFO Allocated shareable buffer 0x7f1525800000 size 6291456 ipcDesc 0x7f14d000d060
sciml2402:660889:660985 [3] NCCL INFO proxyProgressAsync opId=0x7f14d9ece530 op.type=3 op.reqBuff=0x7f14d0011a70 op.respSize=80 done
sciml2402:660889:660985 [3] NCCL INFO Received and initiated operation=Setup res=0
sciml2402:660889:660974 [3] NCCL INFO ncclPollProxyResponse Received new opId=0x7f14d9ece530
sciml2402:660886:660972 [0] NCCL INFO recvOpId=0x7f0b29e91940 matches expected opId=0x7f0b29e91940
sciml2402:660888:660981 [2] NCCL INFO recvOpId=0x7f0b29e18f70 matches expected opId=0x7f0b29e18f70
sciml2402:660888:660981 [2] NCCL INFO Connection to proxy localRank 2 -> connection 0x7f0b20005340
sciml2402:660888:660986 [2] NCCL INFO transport/p2p.cc:204 Cuda Alloc Size 2097152 pointer 0x7f0b51c00000
sciml2402:660888:660986 [2] NCCL INFO Allocated shareable buffer 0x7f0b51c00000 size 2097152 ipcDesc 0x7f0b2000ce80
sciml2402:660888:660986 [2] NCCL INFO proxyProgressAsync opId=0x7f0b29e18f70 op.type=3 op.reqBuff=0x7f0b20011570 op.respSize=80 done
sciml2402:660888:660986 [2] NCCL INFO Received and initiated operation=Setup res=0
sciml2402:660888:660981 [2] NCCL INFO ncclPollProxyResponse Received new opId=0x7f0b29e18f70
sciml2402:660889:660974 [3] NCCL INFO recvOpId=0x7f14d9ece530 matches expected opId=0x7f14d9ece530
sciml2402:660886:660972 [0] NCCL INFO Imported shareable buffer device 0 size 6291456 ptr 0x7f0b47a00000
sciml2402:660886:660972 [0] NCCL INFO Imported shareable buffer device 0 size 10485760 ptr 0x7f0b19200000
sciml2402:660886:660972 [0] NCCL INFO Imported shareable buffer device 0 size 6291456 ptr 0x7f0b4b400000
sciml2402:660886:660972 [0] NCCL INFO Imported shareable buffer device 0 size 6291456 ptr 0x7f0b4ba00000
sciml2402:660886:660972 [0] NCCL INFO Imported shareable buffer device 0 size 10485760 ptr 0x7f0b26000000
sciml2402:660886:660972 [0] NCCL INFO Imported shareable buffer device 0 size 6291456 ptr 0x7f0b26a00000
sciml2402:660886:660972 [0] NCCL INFO Connected all trees
sciml2402:660886:660972 [0] NCCL INFO   Algorithm   |                            Tree                  |                            Ring                  |                   CollNetDirect                  |
sciml2402:660886:660972 [0] NCCL INFO   Protocol    |             LL |          LL128 |         Simple |             LL |          LL128 |         Simple |             LL |          LL128 |         Simple |
sciml2402:660886:660972 [0] NCCL INFO  Max NThreads |            512 |            640 |            512 |            512 |            640 |            512 |              0 |              0 |            640 |
sciml2402:660886:660972 [0] NCCL INFO     Broadcast |     0.0/   0.0 |     0.0/   0.0 |     0.0/   0.0 |     7.6/   8.0 |    16.5/   0.0 |    14.1/  24.0 |     0.0/   0.0 |     0.0/   0.0 |     0.0/   0.0 |
sciml2402:660886:660972 [0] NCCL INFO        Reduce |     0.0/   0.0 |     0.0/   0.0 |     0.0/   0.0 |     7.6/   6.0 |    16.5/   0.0 |    14.1/  24.0 |     0.0/   0.0 |     0.0/   0.0 |     0.0/   0.0 |
sciml2402:660886:660972 [0] NCCL INFO     AllGather |     0.0/   0.0 |     0.0/   0.0 |     0.0/   0.0 |     9.6/  10.7 |    21.5/   0.0 |    25.5/  32.0 |     0.0/   0.0 |     0.0/   0.0 |     0.0/   0.0 |
sciml2402:660886:660972 [0] NCCL INFO ReduceScatter |     0.0/   0.0 |     0.0/   0.0 |     0.0/   0.0 |     9.6/  10.7 |    21.5/   0.0 |    25.5/  32.0 |     0.0/   0.0 |     0.0/   0.0 |     0.0/   0.0 |
sciml2402:660886:660972 [0] NCCL INFO     AllReduce |    12.8/   4.8 |    25.4/   0.0 |   168.0/  18.4 |    12.6/   4.0 |    29.0/   0.0 |    42.6/  16.0 |     9.8/   0.0 |    17.0/   0.0 |    29.7/   0.0 |
sciml2402:660886:660972 [0] NCCL INFO   Algorithm   |                    CollNetChain                  |                            NVLS                  |                        NVLSTree                  |
sciml2402:660886:660972 [0] NCCL INFO   Protocol    |             LL |          LL128 |         Simple |             LL |          LL128 |         Simple |             LL |          LL128 |         Simple |
sciml2402:660886:660972 [0] NCCL INFO  Max NThreads |              0 |              0 |            640 |              0 |              0 |            640 |              0 |              0 |            640 |
sciml2402:660886:660972 [0] NCCL INFO     Broadcast |     0.0/   0.0 |     0.0/   0.0 |     0.0/   0.0 |     0.0/   0.0 |     0.0/   0.0 |     0.0/   0.0 |     0.0/   0.0 |     0.0/   0.0 |     0.0/   0.0 |
sciml2402:660886:660972 [0] NCCL INFO        Reduce |     0.0/   0.0 |     0.0/   0.0 |     0.0/   0.0 |     0.0/   0.0 |     0.0/   0.0 |     0.0/   0.0 |     0.0/   0.0 |     0.0/   0.0 |     0.0/   0.0 |
sciml2402:660886:660972 [0] NCCL INFO     AllGather |     0.0/   0.0 |     0.0/   0.0 |     0.0/   0.0 |     0.0/   0.0 |     0.0/   0.0 |     0.0/   0.0 |     0.0/   0.0 |     0.0/   0.0 |     0.0/   0.0 |
sciml2402:660886:660972 [0] NCCL INFO ReduceScatter |     0.0/   0.0 |     0.0/   0.0 |     0.0/   0.0 |     0.0/   0.0 |     0.0/   0.0 |     0.0/   0.0 |     0.0/   0.0 |     0.0/   0.0 |     0.0/   0.0 |
sciml2402:660886:660972 [0] NCCL INFO     AllReduce |     6.8/   0.0 |    14.0/   0.0 |    62.0/   0.0 |     0.0/   0.0 |     0.0/   0.0 |    23.0/   0.0 |     0.0/   0.0 |     0.0/   0.0 |    23.0/   0.0 |
sciml2402:660886:660972 [0] NCCL INFO threadThresholds 8/8/64 | 32/8/64 | 512 | 512
sciml2402:660886:660972 [0] NCCL INFO 4 coll channels, 0 nvls channels, 4 p2p channels, 2 p2p channels per peer
sciml2402:660888:660981 [2] NCCL INFO recvOpId=0x7f0b29e18f70 matches expected opId=0x7f0b29e18f70
sciml2402:660886:660984 [0] NCCL INFO Allocated 4194660 bytes of shared memory in /dev/shm/nccl-H3g9S3
sciml2402:660887:660973 [1] NCCL INFO Imported shareable buffer device 1 size 6291456 ptr 0x7f384d400000
sciml2402:660887:660973 [1] NCCL INFO Imported shareable buffer device 1 size 2097152 ptr 0x7f380be00000
sciml2402:660887:660973 [1] NCCL INFO Imported shareable buffer device 1 size 6291456 ptr 0x7f384da00000
sciml2402:660887:660973 [1] NCCL INFO Imported shareable buffer device 1 size 6291456 ptr 0x7f37fa000000
sciml2402:660888:660981 [2] NCCL INFO Imported shareable buffer device 2 size 10485760 ptr 0x7f0b77200000
sciml2402:660887:660973 [1] NCCL INFO Imported shareable buffer device 1 size 2097152 ptr 0x7f37fa600000
sciml2402:660888:660981 [2] NCCL INFO Imported shareable buffer device 2 size 6291456 ptr 0x7f0b49a00000
sciml2402:660889:660974 [3] NCCL INFO Imported shareable buffer device 3 size 6291456 ptr 0x7f1529400000
sciml2402:660887:660973 [1] NCCL INFO Imported shareable buffer device 1 size 6291456 ptr 0x7f37fa800000
sciml2402:660887:660973 [1] NCCL INFO Connected all trees
sciml2402:660888:660981 [2] NCCL INFO Imported shareable buffer device 2 size 6291456 ptr 0x7f0b7b400000
sciml2402:660887:660973 [1] NCCL INFO threadThresholds 8/8/64 | 32/8/64 | 512 | 512
sciml2402:660889:660974 [3] NCCL INFO Imported shareable buffer device 3 size 6291456 ptr 0x7f1529a00000
sciml2402:660887:660973 [1] NCCL INFO 4 coll channels, 0 nvls channels, 4 p2p channels, 2 p2p channels per peer
sciml2402:660888:660981 [2] NCCL INFO Imported shareable buffer device 2 size 10485760 ptr 0x7f0b26000000
sciml2402:660888:660981 [2] NCCL INFO Imported shareable buffer device 2 size 6291456 ptr 0x7f0b26a00000
sciml2402:660888:660981 [2] NCCL INFO Imported shareable buffer device 2 size 6291456 ptr 0x7f0b27000000
sciml2402:660888:660981 [2] NCCL INFO Connected all trees
sciml2402:660888:660981 [2] NCCL INFO threadThresholds 8/8/64 | 32/8/64 | 512 | 512
sciml2402:660888:660981 [2] NCCL INFO 4 coll channels, 0 nvls channels, 4 p2p channels, 2 p2p channels per peer
sciml2402:660886:660984 [0] NCCL INFO New proxy send connection 14 from local rank 0, transport 2
sciml2402:660886:660984 [0] NCCL INFO proxyProgressAsync opId=0x7f0b29e91940 op.type=1 op.reqBuff=0x7f0b38011400 op.respSize=16 done
sciml2402:660886:660972 [0] NCCL INFO ncclPollProxyResponse Received new opId=0x7f0b29e91940
sciml2402:660886:660984 [0] NCCL INFO Received and initiated operation=Init res=0
sciml2402:660888:660986 [2] NCCL INFO Allocated 4194660 bytes of shared memory in /dev/shm/nccl-X7Wesx
sciml2402:660888:660986 [2] NCCL INFO New proxy send connection 14 from local rank 2, transport 2
sciml2402:660888:660986 [2] NCCL INFO proxyProgressAsync opId=0x7f0b29e18f70 op.type=1 op.reqBuff=0x7f0b20011570 op.respSize=16 done
sciml2402:660888:660981 [2] NCCL INFO ncclPollProxyResponse Received new opId=0x7f0b29e18f70
sciml2402:660888:660986 [2] NCCL INFO Received and initiated operation=Init res=0
sciml2402:660889:660974 [3] NCCL INFO Imported shareable buffer device 3 size 2097152 ptr 0x7f14e9e00000
sciml2402:660889:660974 [3] NCCL INFO Imported shareable buffer device 3 size 6291456 ptr 0x7f14d6000000
sciml2402:660889:660974 [3] NCCL INFO Imported shareable buffer device 3 size 6291456 ptr 0x7f14d6600000
sciml2402:660889:660974 [3] NCCL INFO Imported shareable buffer device 3 size 2097152 ptr 0x7f14d6c00000
sciml2402:660889:660974 [3] NCCL INFO Connected all trees
sciml2402:660889:660974 [3] NCCL INFO threadThresholds 8/8/64 | 32/8/64 | 512 | 512
sciml2402:660889:660974 [3] NCCL INFO 4 coll channels, 0 nvls channels, 4 p2p channels, 2 p2p channels per peer
sciml2402:660889:660985 [3] NCCL INFO Allocated 4194660 bytes of shared memory in /dev/shm/nccl-yytp7D
sciml2402:660889:660985 [3] NCCL INFO New proxy send connection 14 from local rank 3, transport 2
sciml2402:660889:660985 [3] NCCL INFO proxyProgressAsync opId=0x7f14d9ece530 op.type=1 op.reqBuff=0x7f14d0011a70 op.respSize=16 done
sciml2402:660889:660974 [3] NCCL INFO ncclPollProxyResponse Received new opId=0x7f14d9ece530
sciml2402:660889:660974 [3] NCCL INFO recvOpId=0x7f14d9ece530 matches expected opId=0x7f14d9ece530
sciml2402:660889:660974 [3] NCCL INFO Connection to proxy localRank 3 -> connection 0x7f14d0005390
sciml2402:660889:660985 [3] NCCL INFO Received and initiated operation=Init res=0
sciml2402:660889:660985 [3] NCCL INFO transport/net.cc:446 Cuda Alloc Size 33554432 pointer 0x7f14ce000000
sciml2402:660889:660985 [3] NCCL INFO proxyProgressAsync opId=0x7f14d9ece530 op.type=2 op.reqBuff=0x7f14d00126c0 op.respSize=0 done
sciml2402:660889:660985 [3] NCCL INFO Received and initiated operation=SharedInit res=0
sciml2402:660889:660974 [3] NCCL INFO ncclPollProxyResponse Received new opId=0x7f14d9ece530
sciml2402:660887:660987 [1] NCCL INFO Allocated 4194660 bytes of shared memory in /dev/shm/nccl-BDoWpp
sciml2402:660887:660987 [1] NCCL INFO New proxy send connection 14 from local rank 1, transport 2
sciml2402:660887:660987 [1] NCCL INFO proxyProgressAsync opId=0x7f37fded1b70 op.type=1 op.reqBuff=0x7f37f4011a70 op.respSize=16 done
sciml2402:660887:660987 [1] NCCL INFO Received and initiated operation=Init res=0
sciml2402:660887:660973 [1] NCCL INFO ncclPollProxyResponse Received new opId=0x7f37fded1b70
sciml2402:660887:660973 [1] NCCL INFO recvOpId=0x7f37fded1b70 matches expected opId=0x7f37fded1b70
sciml2402:660887:660973 [1] NCCL INFO Connection to proxy localRank 1 -> connection 0x7f37f4005390
sciml2402:660886:660972 [0] NCCL INFO recvOpId=0x7f0b29e91940 matches expected opId=0x7f0b29e91940
sciml2402:660886:660972 [0] NCCL INFO Connection to proxy localRank 0 -> connection 0x7f0b38005420
sciml2402:660886:660984 [0] NCCL INFO transport/net.cc:446 Cuda Alloc Size 33554432 pointer 0x7f0b1e000000
sciml2402:660886:660984 [0] NCCL INFO proxyProgressAsync opId=0x7f0b29e91940 op.type=2 op.reqBuff=0x7f0b38012050 op.respSize=0 done
sciml2402:660886:660972 [0] NCCL INFO ncclPollProxyResponse Received new opId=0x7f0b29e91940
sciml2402:660886:660984 [0] NCCL INFO Received and initiated operation=SharedInit res=0
sciml2402:660888:660981 [2] NCCL INFO recvOpId=0x7f0b29e18f70 matches expected opId=0x7f0b29e18f70
sciml2402:660888:660981 [2] NCCL INFO Connection to proxy localRank 2 -> connection 0x7f0b20005390
sciml2402:660887:660987 [1] NCCL INFO transport/net.cc:446 Cuda Alloc Size 33554432 pointer 0x7f37f2000000
sciml2402:660887:660987 [1] NCCL INFO proxyProgressAsync opId=0x7f37fded1b70 op.type=2 op.reqBuff=0x7f37f40126c0 op.respSize=0 done
sciml2402:660887:660987 [1] NCCL INFO Received and initiated operation=SharedInit res=0
sciml2402:660887:660973 [1] NCCL INFO ncclPollProxyResponse Received new opId=0x7f37fded1b70
sciml2402:660888:660986 [2] NCCL INFO transport/net.cc:446 Cuda Alloc Size 33554432 pointer 0x7f0b1a000000
sciml2402:660888:660986 [2] NCCL INFO proxyProgressAsync opId=0x7f0b29e18f70 op.type=2 op.reqBuff=0x7f0b200121c0 op.respSize=0 done
sciml2402:660888:660986 [2] NCCL INFO Received and initiated operation=SharedInit res=0
sciml2402:660888:660981 [2] NCCL INFO ncclPollProxyResponse Received new opId=0x7f0b29e18f70
sciml2402:660889:660974 [3] NCCL INFO recvOpId=0x7f14d9ece530 matches expected opId=0x7f14d9ece530
sciml2402:660889:660974 [3] NCCL INFO init.cc:380 Cuda Alloc Size 7728 pointer 0x7f14bfe02800
sciml2402:660886:660972 [0] NCCL INFO recvOpId=0x7f0b29e91940 matches expected opId=0x7f0b29e91940
sciml2402:660886:660972 [0] NCCL INFO init.cc:380 Cuda Alloc Size 7728 pointer 0x7f0af3e02800
sciml2402:660887:660973 [1] NCCL INFO recvOpId=0x7f37fded1b70 matches expected opId=0x7f37fded1b70
sciml2402:660887:660973 [1] NCCL INFO init.cc:380 Cuda Alloc Size 7728 pointer 0x7f37e1e02800
sciml2402:660888:660981 [2] NCCL INFO recvOpId=0x7f0b29e18f70 matches expected opId=0x7f0b29e18f70
sciml2402:660888:660981 [2] NCCL INFO init.cc:380 Cuda Alloc Size 7728 pointer 0x7f0b0fe02800
sciml2402:660889:660974 [3] NCCL INFO init.cc:405 Cuda Host Alloc Size 33554432 pointer 0x7f14c6000000
sciml2402:660889:660974 [3] NCCL INFO init.cc:411 Cuda Host Alloc Size 128 pointer 0x7f14b1400200
sciml2402:660886:660972 [0] NCCL INFO init.cc:405 Cuda Host Alloc Size 33554432 pointer 0x7f0b1c000000
sciml2402:660886:660972 [0] NCCL INFO init.cc:411 Cuda Host Alloc Size 128 pointer 0x7f0ae5400200
sciml2402:660887:660973 [1] NCCL INFO init.cc:405 Cuda Host Alloc Size 33554432 pointer 0x7f37ea000000
sciml2402:660887:660973 [1] NCCL INFO init.cc:411 Cuda Host Alloc Size 128 pointer 0x7f37d3400200
sciml2402:660888:660981 [2] NCCL INFO init.cc:405 Cuda Host Alloc Size 33554432 pointer 0x7f0b18000000
sciml2402:660888:660981 [2] NCCL INFO init.cc:411 Cuda Host Alloc Size 128 pointer 0x7f0b01400200
sciml2402:660887:660973 [1] NCCL INFO comm 0xe18e0b0 rank 1 nranks 4 cudaDev 1 busId 46000 commId 0x4e5255a839d316c7 - Init COMPLETE
sciml2402:660888:660981 [2] NCCL INFO comm 0xf66d570 rank 2 nranks 4 cudaDev 2 busId c5000 commId 0x4e5255a839d316c7 - Init COMPLETE
sciml2402:660887:660887 [1] NCCL INFO AllGather: opCount 0 sendbuff 0x7f3827578000 recvbuff 0x7f3827578a00 count 8 datatype 0 op 0 root 0 comm 0xe18e0b0 [nranks=4] stream 0xe190c30
sciml2402:660889:660974 [3] NCCL INFO comm 0x10397e50 rank 3 nranks 4 cudaDev 3 busId c6000 commId 0x4e5255a839d316c7 - Init COMPLETE
sciml2402:660886:660972 [0] NCCL INFO comm 0xc4925f0 rank 0 nranks 4 cudaDev 0 busId 45000 commId 0x4e5255a839d316c7 - Init COMPLETE
sciml2402:660887:660887 [1] NCCL INFO misc/utils.cc:235 memory stack hunk malloc(65536)
sciml2402:660888:660888 [2] NCCL INFO AllGather: opCount 0 sendbuff 0x7f0b5b578000 recvbuff 0x7f0b5b578a00 count 8 datatype 0 op 0 root 0 comm 0xf66d570 [nranks=4] stream 0xc0632b0
sciml2402:660888:660888 [2] NCCL INFO misc/utils.cc:235 memory stack hunk malloc(65536)
sciml2402:660886:660886 [0] NCCL INFO AllGather: opCount 0 sendbuff 0x7f0b5b578000 recvbuff 0x7f0b5b578a00 count 8 datatype 0 op 0 root 0 comm 0xc4925f0 [nranks=4] stream 0xc4961b0
sciml2402:660886:660886 [0] NCCL INFO misc/utils.cc:235 memory stack hunk malloc(65536)
sciml2402:660889:660889 [3] NCCL INFO AllGather: opCount 0 sendbuff 0x7f150b578000 recvbuff 0x7f150b578a00 count 8 datatype 0 op 0 root 0 comm 0x10397e50 [nranks=4] stream 0xbbe4af0
sciml2402:660889:660889 [3] NCCL INFO misc/utils.cc:235 memory stack hunk malloc(65536)
sciml2402:660889:660889 [3] NCCL INFO Broadcast: opCount 1 sendbuff 0x7f150b578a00 recvbuff 0x7f150b578a00 count 3168 datatype 0 op 0 root 0 comm 0x10397e50 [nranks=4] stream 0xbbe4af0
sciml2402:660888:660888 [2] NCCL INFO Broadcast: opCount 1 sendbuff 0x7f0b5b578a00 recvbuff 0x7f0b5b578a00 count 3168 datatype 0 op 0 root 0 comm 0xf66d570 [nranks=4] stream 0xc0632b0
sciml2402:660886:660886 [0] NCCL INFO Broadcast: opCount 1 sendbuff 0x7f0b5b578a00 recvbuff 0x7f0b5b578a00 count 3168 datatype 0 op 0 root 0 comm 0xc4925f0 [nranks=4] stream 0xc4961b0
sciml2402:660887:660887 [1] NCCL INFO Broadcast: opCount 1 sendbuff 0x7f3827578a00 recvbuff 0x7f3827578a00 count 3168 datatype 0 op 0 root 0 comm 0xe18e0b0 [nranks=4] stream 0xe190c30
sciml2402:660887:660887 [1] NCCL INFO Broadcast: opCount 2 sendbuff 0x7f37c0000000 recvbuff 0x7f37c0000000 count 270941184 datatype 0 op 0 root 0 comm 0xe18e0b0 [nranks=4] stream 0xe190c30
sciml2402:660889:660889 [3] NCCL INFO Broadcast: opCount 2 sendbuff 0x7f149e000000 recvbuff 0x7f149e000000 count 270941184 datatype 0 op 0 root 0 comm 0x10397e50 [nranks=4] stream 0xbbe4af0
sciml2402:660886:660886 [0] NCCL INFO Broadcast: opCount 2 sendbuff 0x7f0ad2000000 recvbuff 0x7f0ad2000000 count 270941184 datatype 0 op 0 root 0 comm 0xc4925f0 [nranks=4] stream 0xc4961b0
sciml2402:660888:660888 [2] NCCL INFO Broadcast: opCount 2 sendbuff 0x7f0aee000000 recvbuff 0x7f0aee000000 count 270941184 datatype 0 op 0 root 0 comm 0xf66d570 [nranks=4] stream 0xc0632b0
sciml2402:660886:660886 [0] NCCL INFO Broadcast: opCount 3 sendbuff 0x7f0ac4000000 recvbuff 0x7f0ac4000000 count 226821168 datatype 0 op 0 root 0 comm 0xc4925f0 [nranks=4] stream 0xc4961b0
sciml2402:660888:660888 [2] NCCL INFO Broadcast: opCount 3 sendbuff 0x7f0ae0000000 recvbuff 0x7f0ae0000000 count 226821168 datatype 0 op 0 root 0 comm 0xf66d570 [nranks=4] stream 0xc0632b0
sciml2402:660889:660889 [3] NCCL INFO Broadcast: opCount 3 sendbuff 0x7f1490000000 recvbuff 0x7f1490000000 count 226821168 datatype 0 op 0 root 0 comm 0x10397e50 [nranks=4] stream 0xbbe4af0
sciml2402:660887:660887 [1] NCCL INFO Broadcast: opCount 3 sendbuff 0x7f37b2000000 recvbuff 0x7f37b2000000 count 226821168 datatype 0 op 0 root 0 comm 0xe18e0b0 [nranks=4] stream 0xe190c30
sciml2402:660886:660886 [0] NCCL INFO Broadcast: opCount 4 sendbuff 0x7f0ae2400000 recvbuff 0x7f0ae2400000 count 12582912 datatype 0 op 0 root 0 comm 0xc4925f0 [nranks=4] stream 0xc4961b0
sciml2402:660889:660889 [3] NCCL INFO Broadcast: opCount 4 sendbuff 0x7f14ae400000 recvbuff 0x7f14ae400000 count 12582912 datatype 0 op 0 root 0 comm 0x10397e50 [nranks=4] stream 0xbbe4af0
sciml2402:660888:660888 [2] NCCL INFO Broadcast: opCount 4 sendbuff 0x7f0afe400000 recvbuff 0x7f0afe400000 count 12582912 datatype 0 op 0 root 0 comm 0xf66d570 [nranks=4] stream 0xc0632b0
sciml2402:660887:660887 [1] NCCL INFO Broadcast: opCount 4 sendbuff 0x7f37d0400000 recvbuff 0x7f37d0400000 count 12582912 datatype 0 op 0 root 0 comm 0xe18e0b0 [nranks=4] stream 0xe190c30
sciml2402:660887:660887 [1] NCCL INFO Broadcast: opCount 5 sendbuff 0x7f37d0400000 recvbuff 0x7f37d0400000 count 12582912 datatype 0 op 0 root 0 comm 0xe18e0b0 [nranks=4] stream 0xe190c30
sciml2402:660889:660889 [3] NCCL INFO Broadcast: opCount 5 sendbuff 0x7f14ae400000 recvbuff 0x7f14ae400000 count 12582912 datatype 0 op 0 root 0 comm 0x10397e50 [nranks=4] stream 0xbbe4af0
sciml2402:660886:660886 [0] NCCL INFO Broadcast: opCount 5 sendbuff 0x7f0ae2400000 recvbuff 0x7f0ae2400000 count 12582912 datatype 0 op 0 root 0 comm 0xc4925f0 [nranks=4] stream 0xc4961b0
sciml2402:660886:660886 [0] NCCL INFO Broadcast: opCount 6 sendbuff 0x7f0b5b578800 recvbuff 0x7f0b5b578800 count 48 datatype 0 op 0 root 0 comm 0xc4925f0 [nranks=4] stream 0xc4961b0
sciml2402:660889:660889 [3] NCCL INFO Broadcast: opCount 6 sendbuff 0x7f150b578800 recvbuff 0x7f150b578800 count 48 datatype 0 op 0 root 0 comm 0x10397e50 [nranks=4] stream 0xbbe4af0
sciml2402:660888:660888 [2] NCCL INFO Broadcast: opCount 5 sendbuff 0x7f0afe400000 recvbuff 0x7f0afe400000 count 12582912 datatype 0 op 0 root 0 comm 0xf66d570 [nranks=4] stream 0xc0632b0
sciml2402:660887:660887 [1] NCCL INFO Broadcast: opCount 6 sendbuff 0x7f3827578800 recvbuff 0x7f3827578800 count 48 datatype 0 op 0 root 0 comm 0xe18e0b0 [nranks=4] stream 0xe190c30
sciml2402:660888:660888 [2] NCCL INFO Broadcast: opCount 6 sendbuff 0x7f0b5b578800 recvbuff 0x7f0b5b578800 count 48 datatype 0 op 0 root 0 comm 0xf66d570 [nranks=4] stream 0xc0632b0
sciml2402:660889:661536 [3] NCCL INFO AllReduce: opCount 7 sendbuff 0x7f1472000000 recvbuff 0x7f1472000000 count 124440576 datatype 7 op 0 root 0 comm 0x10397e50 [nranks=4] stream 0xbbe4af0
sciml2402:660888:661528 [2] NCCL INFO AllReduce: opCount 7 sendbuff 0x7f0ac2000000 recvbuff 0x7f0ac2000000 count 124440576 datatype 7 op 0 root 0 comm 0xf66d570 [nranks=4] stream 0xc0632b0
sciml2402:660887:661530 [1] NCCL INFO AllReduce: opCount 7 sendbuff 0x7f3794000000 recvbuff 0x7f3794000000 count 124440576 datatype 7 op 0 root 0 comm 0xe18e0b0 [nranks=4] stream 0xe190c30
sciml2402:660886:661524 [0] NCCL INFO AllReduce: opCount 7 sendbuff 0x7f0aa6000000 recvbuff 0x7f0aa6000000 count 124440576 datatype 7 op 0 root 0 comm 0xc4925f0 [nranks=4] stream 0xc4961b0
sciml2402:660888:660888 [2] NCCL INFO Broadcast: opCount 8 sendbuff 0x7f0b5b5d8800 recvbuff 0x7f0b5b5d8800 count 596 datatype 0 op 0 root 0 comm 0xf66d570 [nranks=4] stream 0xc0632b0
sciml2402:660887:660887 [1] NCCL INFO Broadcast: opCount 8 sendbuff 0x7f38275d8800 recvbuff 0x7f38275d8800 count 596 datatype 0 op 0 root 0 comm 0xe18e0b0 [nranks=4] stream 0xe190c30
sciml2402:660889:660889 [3] NCCL INFO Broadcast: opCount 8 sendbuff 0x7f150b5d8800 recvbuff 0x7f150b5d8800 count 596 datatype 0 op 0 root 0 comm 0x10397e50 [nranks=4] stream 0xbbe4af0
sciml2402:660886:660886 [0] NCCL INFO Broadcast: opCount 8 sendbuff 0x7f0b5b5d8800 recvbuff 0x7f0b5b5d8800 count 596 datatype 0 op 0 root 0 comm 0xc4925f0 [nranks=4] stream 0xc4961b0
sciml2402:660886:660886 [0] NCCL INFO Broadcast: opCount 9 sendbuff 0x7f0b5b5d8c00 recvbuff 0x7f0b5b5d8c00 count 52 datatype 0 op 0 root 0 comm 0xc4925f0 [nranks=4] stream 0xc4961b0
sciml2402:660887:660887 [1] NCCL INFO Broadcast: opCount 9 sendbuff 0x7f38275d8c00 recvbuff 0x7f38275d8c00 count 52 datatype 0 op 0 root 0 comm 0xe18e0b0 [nranks=4] stream 0xe190c30
sciml2402:660888:660888 [2] NCCL INFO Broadcast: opCount 9 sendbuff 0x7f0b5b5d8c00 recvbuff 0x7f0b5b5d8c00 count 52 datatype 0 op 0 root 0 comm 0xf66d570 [nranks=4] stream 0xc0632b0
sciml2402:660889:660889 [3] NCCL INFO Broadcast: opCount 9 sendbuff 0x7f150b5d8c00 recvbuff 0x7f150b5d8c00 count 52 datatype 0 op 0 root 0 comm 0x10397e50 [nranks=4] stream 0xbbe4af0
sciml2402:660886:660886 [0] NCCL INFO Broadcast: opCount a sendbuff 0x7f0ae2400000 recvbuff 0x7f0ae2400000 count 12582912 datatype 0 op 0 root 0 comm 0xc4925f0 [nranks=4] stream 0xc4961b0
sciml2402:660886:660886 [0] NCCL INFO Broadcast: opCount b sendbuff 0x7f0b5b5d8800 recvbuff 0x7f0b5b5d8800 count 48 datatype 0 op 0 root 0 comm 0xc4925f0 [nranks=4] stream 0xc4961b0
sciml2402:660887:660887 [1] NCCL INFO Broadcast: opCount a sendbuff 0x7f37d0400000 recvbuff 0x7f37d0400000 count 12582912 datatype 0 op 0 root 0 comm 0xe18e0b0 [nranks=4] stream 0xe190c30
sciml2402:660887:660887 [1] NCCL INFO Broadcast: opCount b sendbuff 0x7f38275d8800 recvbuff 0x7f38275d8800 count 48 datatype 0 op 0 root 0 comm 0xe18e0b0 [nranks=4] stream 0xe190c30
sciml2402:660888:660888 [2] NCCL INFO Broadcast: opCount a sendbuff 0x7f0afe400000 recvbuff 0x7f0afe400000 count 12582912 datatype 0 op 0 root 0 comm 0xf66d570 [nranks=4] stream 0xc0632b0
sciml2402:660889:660889 [3] NCCL INFO Broadcast: opCount a sendbuff 0x7f14ae400000 recvbuff 0x7f14ae400000 count 12582912 datatype 0 op 0 root 0 comm 0x10397e50 [nranks=4] stream 0xbbe4af0
sciml2402:660888:660888 [2] NCCL INFO Broadcast: opCount b sendbuff 0x7f0b5b5d8800 recvbuff 0x7f0b5b5d8800 count 48 datatype 0 op 0 root 0 comm 0xf66d570 [nranks=4] stream 0xc0632b0
sciml2402:660889:660889 [3] NCCL INFO Broadcast: opCount b sendbuff 0x7f150b5d8800 recvbuff 0x7f150b5d8800 count 48 datatype 0 op 0 root 0 comm 0x10397e50 [nranks=4] stream 0xbbe4af0
sciml2402:660887:661530 [1] NCCL INFO AllReduce: opCount c sendbuff 0x7f3836600000 recvbuff 0x7f3836600000 count 2361600 datatype 7 op 0 root 0 comm 0xe18e0b0 [nranks=4] stream 0xe190c30
sciml2402:660886:661524 [0] NCCL INFO AllReduce: opCount c sendbuff 0x7f0b06600000 recvbuff 0x7f0b06600000 count 2361600 datatype 7 op 0 root 0 comm 0xc4925f0 [nranks=4] stream 0xc4961b0
sciml2402:660889:661536 [3] NCCL INFO AllReduce: opCount c sendbuff 0x7f1512600000 recvbuff 0x7f1512600000 count 2361600 datatype 7 op 0 root 0 comm 0x10397e50 [nranks=4] stream 0xbbe4af0
sciml2402:660888:661528 [2] NCCL INFO AllReduce: opCount c sendbuff 0x7f0b64c00000 recvbuff 0x7f0b64c00000 count 2361600 datatype 7 op 0 root 0 comm 0xf66d570 [nranks=4] stream 0xc0632b0
sciml2402:660887:661530 [1] NCCL INFO AllReduce: opCount d sendbuff 0x7f37c933d800 recvbuff 0x7f37c933d800 count 7087872 datatype 7 op 0 root 0 comm 0xe18e0b0 [nranks=4] stream 0xe190c30
sciml2402:660886:661524 [0] NCCL INFO AllReduce: opCount d sendbuff 0x7f0adb33d800 recvbuff 0x7f0adb33d800 count 7087872 datatype 7 op 0 root 0 comm 0xc4925f0 [nranks=4] stream 0xc4961b0
sciml2402:660889:661536 [3] NCCL INFO AllReduce: opCount d sendbuff 0x7f14a733d800 recvbuff 0x7f14a733d800 count 7087872 datatype 7 op 0 root 0 comm 0x10397e50 [nranks=4] stream 0xbbe4af0
sciml2402:660888:661528 [2] NCCL INFO AllReduce: opCount d sendbuff 0x7f0af733d800 recvbuff 0x7f0af733d800 count 7087872 datatype 7 op 0 root 0 comm 0xf66d570 [nranks=4] stream 0xc0632b0
sciml2402:660886:661524 [0] NCCL INFO AllReduce: opCount e sendbuff 0x7f0adce47400 recvbuff 0x7f0adce47400 count 7087872 datatype 7 op 0 root 0 comm 0xc4925f0 [nranks=4] stream 0xc4961b0
sciml2402:660887:661530 [1] NCCL INFO AllReduce: opCount e sendbuff 0x7f37cae47400 recvbuff 0x7f37cae47400 count 7087872 datatype 7 op 0 root 0 comm 0xe18e0b0 [nranks=4] stream 0xe190c30
sciml2402:660889:661536 [3] NCCL INFO AllReduce: opCount e sendbuff 0x7f14a8e47400 recvbuff 0x7f14a8e47400 count 7087872 datatype 7 op 0 root 0 comm 0x10397e50 [nranks=4] stream 0xbbe4af0
sciml2402:660888:661528 [2] NCCL INFO AllReduce: opCount e sendbuff 0x7f0af8e47400 recvbuff 0x7f0af8e47400 count 7087872 datatype 7 op 0 root 0 comm 0xf66d570 [nranks=4] stream 0xc0632b0
sciml2402:660886:661524 [0] NCCL INFO AllReduce: opCount f sendbuff 0x7f0ade951000 recvbuff 0x7f0ade951000 count 7087872 datatype 7 op 0 root 0 comm 0xc4925f0 [nranks=4] stream 0xc4961b0
sciml2402:660887:661530 [1] NCCL INFO AllReduce: opCount f sendbuff 0x7f37cc951000 recvbuff 0x7f37cc951000 count 7087872 datatype 7 op 0 root 0 comm 0xe18e0b0 [nranks=4] stream 0xe190c30
sciml2402:660888:661528 [2] NCCL INFO AllReduce: opCount f sendbuff 0x7f0afa951000 recvbuff 0x7f0afa951000 count 7087872 datatype 7 op 0 root 0 comm 0xf66d570 [nranks=4] stream 0xc0632b0
sciml2402:660889:661536 [3] NCCL INFO AllReduce: opCount f sendbuff 0x7f14aa951000 recvbuff 0x7f14aa951000 count 7087872 datatype 7 op 0 root 0 comm 0x10397e50 [nranks=4] stream 0xbbe4af0
sciml2402:660886:661524 [0] NCCL INFO AllReduce: opCount 10 sendbuff 0x7f0ae045ac00 recvbuff 0x7f0ae045ac00 count 7087872 datatype 7 op 0 root 0 comm 0xc4925f0 [nranks=4] stream 0xc4961b0
sciml2402:660888:661528 [2] NCCL INFO AllReduce: opCount 10 sendbuff 0x7f0afc45ac00 recvbuff 0x7f0afc45ac00 count 7087872 datatype 7 op 0 root 0 comm 0xf66d570 [nranks=4] stream 0xc0632b0
sciml2402:660889:661536 [3] NCCL INFO AllReduce: opCount 10 sendbuff 0x7f14ac45ac00 recvbuff 0x7f14ac45ac00 count 7087872 datatype 7 op 0 root 0 comm 0x10397e50 [nranks=4] stream 0xbbe4af0
sciml2402:660887:661530 [1] NCCL INFO AllReduce: opCount 10 sendbuff 0x7f37ce45ac00 recvbuff 0x7f37ce45ac00 count 7087872 datatype 7 op 0 root 0 comm 0xe18e0b0 [nranks=4] stream 0xe190c30
sciml2402:660886:661524 [0] NCCL INFO AllReduce: opCount 11 sendbuff 0x7f0ac976a400 recvbuff 0x7f0ac976a400 count 7087872 datatype 7 op 0 root 0 comm 0xc4925f0 [nranks=4] stream 0xc4961b0
sciml2402:660889:661536 [3] NCCL INFO AllReduce: opCount 11 sendbuff 0x7f149576a400 recvbuff 0x7f149576a400 count 7087872 datatype 7 op 0 root 0 comm 0x10397e50 [nranks=4] stream 0xbbe4af0
sciml2402:660888:661528 [2] NCCL INFO AllReduce: opCount 11 sendbuff 0x7f0ae576a400 recvbuff 0x7f0ae576a400 count 7087872 datatype 7 op 0 root 0 comm 0xf66d570 [nranks=4] stream 0xc0632b0
sciml2402:660887:661530 [1] NCCL INFO AllReduce: opCount 11 sendbuff 0x7f37b776a400 recvbuff 0x7f37b776a400 count 7087872 datatype 7 op 0 root 0 comm 0xe18e0b0 [nranks=4] stream 0xe190c30
sciml2402:660886:661524 [0] NCCL INFO AllReduce: opCount 12 sendbuff 0x7f0acb274000 recvbuff 0x7f0acb274000 count 7087872 datatype 7 op 0 root 0 comm 0xc4925f0 [nranks=4] stream 0xc4961b0
sciml2402:660888:661528 [2] NCCL INFO AllReduce: opCount 12 sendbuff 0x7f0ae7274000 recvbuff 0x7f0ae7274000 count 7087872 datatype 7 op 0 root 0 comm 0xf66d570 [nranks=4] stream 0xc0632b0
sciml2402:660889:661536 [3] NCCL INFO AllReduce: opCount 12 sendbuff 0x7f1497274000 recvbuff 0x7f1497274000 count 7087872 datatype 7 op 0 root 0 comm 0x10397e50 [nranks=4] stream 0xbbe4af0
