sciml2402:660888:661528 [2] NCCL INFO AllReduce: opCount d9 sendbuff 0x7f0a59b09c00 recvbuff 0x7f0a59b09c00 count 7087872 datatype 7 op 0 root 0 comm 0xf66d570 [nranks=4] stream 0xc0632b0
sciml2402:660889:661536 [3] NCCL INFO AllReduce: opCount d9 sendbuff 0x7f1407b09c00 recvbuff 0x7f1407b09c00 count 7087872 datatype 7 op 0 root 0 comm 0x10397e50 [nranks=4] stream 0xbbe4af0
sciml2402:660886:661524 [0] NCCL INFO AllReduce: opCount da sendbuff 0x7f0a3b613800 recvbuff 0x7f0a3b613800 count 7087872 datatype 7 op 0 root 0 comm 0xc4925f0 [nranks=4] stream 0xc4961b0
sciml2402:660888:661528 [2] NCCL INFO AllReduce: opCount da sendbuff 0x7f0a5b613800 recvbuff 0x7f0a5b613800 count 7087872 datatype 7 op 0 root 0 comm 0xf66d570 [nranks=4] stream 0xc0632b0
sciml2402:660889:661536 [3] NCCL INFO AllReduce: opCount da sendbuff 0x7f1409613800 recvbuff 0x7f1409613800 count 7087872 datatype 7 op 0 root 0 comm 0x10397e50 [nranks=4] stream 0xbbe4af0
sciml2402:660887:661530 [1] NCCL INFO AllReduce: opCount da sendbuff 0x7f3727613800 recvbuff 0x7f3727613800 count 7087872 datatype 7 op 0 root 0 comm 0xe18e0b0 [nranks=4] stream 0xe190c30
sciml2402:660886:661524 [0] NCCL INFO AllReduce: opCount db sendbuff 0x7f0aa6000000 recvbuff 0x7f0aa6000000 count 44112384 datatype 7 op 0 root 0 comm 0xc4925f0 [nranks=4] stream 0xc4961b0
sciml2402:660888:661528 [2] NCCL INFO AllReduce: opCount db sendbuff 0x7f0ac2000000 recvbuff 0x7f0ac2000000 count 44112384 datatype 7 op 0 root 0 comm 0xf66d570 [nranks=4] stream 0xc0632b0
sciml2402:660889:661536 [3] NCCL INFO AllReduce: opCount db sendbuff 0x7f1472000000 recvbuff 0x7f1472000000 count 44112384 datatype 7 op 0 root 0 comm 0x10397e50 [nranks=4] stream 0xbbe4af0
sciml2402:660887:661530 [1] NCCL INFO AllReduce: opCount db sendbuff 0x7f3794000000 recvbuff 0x7f3794000000 count 44112384 datatype 7 op 0 root 0 comm 0xe18e0b0 [nranks=4] stream 0xe190c30
sciml2402:660886:660886 [0] NCCL INFO Broadcast: opCount dc sendbuff 0x7f0a10000000 recvbuff 0x7f0a10000000 count 12582912 datatype 0 op 0 root 0 comm 0xc4925f0 [nranks=4] stream 0xc4961b0
sciml2402:660886:660886 [0] NCCL INFO Broadcast: opCount dd sendbuff 0x7f0ac3ff8000 recvbuff 0x7f0ac3ff8000 count 48 datatype 0 op 0 root 0 comm 0xc4925f0 [nranks=4] stream 0xc4961b0
sciml2402:660888:660888 [2] NCCL INFO Broadcast: opCount dc sendbuff 0x7f0a32000000 recvbuff 0x7f0a32000000 count 12582912 datatype 0 op 0 root 0 comm 0xf66d570 [nranks=4] stream 0xc0632b0
sciml2402:660889:660889 [3] NCCL INFO Broadcast: opCount dc sendbuff 0x7f13e0000000 recvbuff 0x7f13e0000000 count 12582912 datatype 0 op 0 root 0 comm 0x10397e50 [nranks=4] stream 0xbbe4af0
sciml2402:660888:660888 [2] NCCL INFO Broadcast: opCount dd sendbuff 0x7f0b5b5d8800 recvbuff 0x7f0b5b5d8800 count 48 datatype 0 op 0 root 0 comm 0xf66d570 [nranks=4] stream 0xc0632b0
sciml2402:660889:660889 [3] NCCL INFO Broadcast: opCount dd sendbuff 0x7f150b5d8800 recvbuff 0x7f150b5d8800 count 48 datatype 0 op 0 root 0 comm 0x10397e50 [nranks=4] stream 0xbbe4af0
sciml2402:660887:660887 [1] NCCL INFO Broadcast: opCount dc sendbuff 0x7f36fe000000 recvbuff 0x7f36fe000000 count 12582912 datatype 0 op 0 root 0 comm 0xe18e0b0 [nranks=4] stream 0xe190c30
sciml2402:660887:660887 [1] NCCL INFO Broadcast: opCount dd sendbuff 0x7f38275d8800 recvbuff 0x7f38275d8800 count 48 datatype 0 op 0 root 0 comm 0xe18e0b0 [nranks=4] stream 0xe190c30
sciml2402:660888:661528 [2] NCCL INFO AllReduce: opCount de sendbuff 0x7f0b64c00000 recvbuff 0x7f0b64c00000 count 2361600 datatype 7 op 0 root 0 comm 0xf66d570 [nranks=4] stream 0xc0632b0
sciml2402:660886:661524 [0] NCCL INFO AllReduce: opCount de sendbuff 0x7f0b06600000 recvbuff 0x7f0b06600000 count 2361600 datatype 7 op 0 root 0 comm 0xc4925f0 [nranks=4] stream 0xc4961b0
sciml2402:660889:661536 [3] NCCL INFO AllReduce: opCount de sendbuff 0x7f1512600000 recvbuff 0x7f1512600000 count 2361600 datatype 7 op 0 root 0 comm 0x10397e50 [nranks=4] stream 0xbbe4af0
sciml2402:660887:661530 [1] NCCL INFO AllReduce: opCount de sendbuff 0x7f3836600000 recvbuff 0x7f3836600000 count 2361600 datatype 7 op 0 root 0 comm 0xe18e0b0 [nranks=4] stream 0xe190c30
sciml2402:660888:661528 [2] NCCL INFO AllReduce: opCount df sendbuff 0x7f0af733d800 recvbuff 0x7f0af733d800 count 7087872 datatype 7 op 0 root 0 comm 0xf66d570 [nranks=4] stream 0xc0632b0
sciml2402:660886:661524 [0] NCCL INFO AllReduce: opCount df sendbuff 0x7f0adb33d800 recvbuff 0x7f0adb33d800 count 7087872 datatype 7 op 0 root 0 comm 0xc4925f0 [nranks=4] stream 0xc4961b0
sciml2402:660889:661536 [3] NCCL INFO AllReduce: opCount df sendbuff 0x7f14a733d800 recvbuff 0x7f14a733d800 count 7087872 datatype 7 op 0 root 0 comm 0x10397e50 [nranks=4] stream 0xbbe4af0
sciml2402:660888:661528 [2] NCCL INFO AllReduce: opCount e0 sendbuff 0x7f0af8e47400 recvbuff 0x7f0af8e47400 count 7087872 datatype 7 op 0 root 0 comm 0xf66d570 [nranks=4] stream 0xc0632b0
sciml2402:660886:661524 [0] NCCL INFO AllReduce: opCount e0 sendbuff 0x7f0adce47400 recvbuff 0x7f0adce47400 count 7087872 datatype 7 op 0 root 0 comm 0xc4925f0 [nranks=4] stream 0xc4961b0
sciml2402:660887:661530 [1] NCCL INFO AllReduce: opCount df sendbuff 0x7f37c933d800 recvbuff 0x7f37c933d800 count 7087872 datatype 7 op 0 root 0 comm 0xe18e0b0 [nranks=4] stream 0xe190c30
sciml2402:660888:661528 [2] NCCL INFO AllReduce: opCount e1 sendbuff 0x7f0afa951000 recvbuff 0x7f0afa951000 count 7087872 datatype 7 op 0 root 0 comm 0xf66d570 [nranks=4] stream 0xc0632b0
sciml2402:660886:661524 [0] NCCL INFO AllReduce: opCount e1 sendbuff 0x7f0ade951000 recvbuff 0x7f0ade951000 count 7087872 datatype 7 op 0 root 0 comm 0xc4925f0 [nranks=4] stream 0xc4961b0
sciml2402:660887:661530 [1] NCCL INFO AllReduce: opCount e0 sendbuff 0x7f37cae47400 recvbuff 0x7f37cae47400 count 7087872 datatype 7 op 0 root 0 comm 0xe18e0b0 [nranks=4] stream 0xe190c30
sciml2402:660889:661536 [3] NCCL INFO AllReduce: opCount e0 sendbuff 0x7f14a8e47400 recvbuff 0x7f14a8e47400 count 7087872 datatype 7 op 0 root 0 comm 0x10397e50 [nranks=4] stream 0xbbe4af0
sciml2402:660888:661528 [2] NCCL INFO AllReduce: opCount e2 sendbuff 0x7f0afc45ac00 recvbuff 0x7f0afc45ac00 count 7087872 datatype 7 op 0 root 0 comm 0xf66d570 [nranks=4] stream 0xc0632b0
sciml2402:660886:661524 [0] NCCL INFO AllReduce: opCount e2 sendbuff 0x7f0ae045ac00 recvbuff 0x7f0ae045ac00 count 7087872 datatype 7 op 0 root 0 comm 0xc4925f0 [nranks=4] stream 0xc4961b0
sciml2402:660888:661528 [2] NCCL INFO AllReduce: opCount e3 sendbuff 0x7f0ae576a400 recvbuff 0x7f0ae576a400 count 7087872 datatype 7 op 0 root 0 comm 0xf66d570 [nranks=4] stream 0xc0632b0
sciml2402:660887:661530 [1] NCCL INFO AllReduce: opCount e1 sendbuff 0x7f37cc951000 recvbuff 0x7f37cc951000 count 7087872 datatype 7 op 0 root 0 comm 0xe18e0b0 [nranks=4] stream 0xe190c30
sciml2402:660886:661524 [0] NCCL INFO AllReduce: opCount e3 sendbuff 0x7f0ac976a400 recvbuff 0x7f0ac976a400 count 7087872 datatype 7 op 0 root 0 comm 0xc4925f0 [nranks=4] stream 0xc4961b0
sciml2402:660889:661536 [3] NCCL INFO AllReduce: opCount e1 sendbuff 0x7f14aa951000 recvbuff 0x7f14aa951000 count 7087872 datatype 7 op 0 root 0 comm 0x10397e50 [nranks=4] stream 0xbbe4af0
sciml2402:660888:661528 [2] NCCL INFO AllReduce: opCount e4 sendbuff 0x7f0ae7274000 recvbuff 0x7f0ae7274000 count 7087872 datatype 7 op 0 root 0 comm 0xf66d570 [nranks=4] stream 0xc0632b0
sciml2402:660886:661524 [0] NCCL INFO AllReduce: opCount e4 sendbuff 0x7f0acb274000 recvbuff 0x7f0acb274000 count 7087872 datatype 7 op 0 root 0 comm 0xc4925f0 [nranks=4] stream 0xc4961b0
sciml2402:660888:661528 [2] NCCL INFO AllReduce: opCount e5 sendbuff 0x7f0ae8d7dc00 recvbuff 0x7f0ae8d7dc00 count 7087872 datatype 7 op 0 root 0 comm 0xf66d570 [nranks=4] stream 0xc0632b0
sciml2402:660887:661530 [1] NCCL INFO AllReduce: opCount e2 sendbuff 0x7f37ce45ac00 recvbuff 0x7f37ce45ac00 count 7087872 datatype 7 op 0 root 0 comm 0xe18e0b0 [nranks=4] stream 0xe190c30
sciml2402:660886:661524 [0] NCCL INFO AllReduce: opCount e5 sendbuff 0x7f0accd7dc00 recvbuff 0x7f0accd7dc00 count 7087872 datatype 7 op 0 root 0 comm 0xc4925f0 [nranks=4] stream 0xc4961b0
sciml2402:660888:661528 [2] NCCL INFO AllReduce: opCount e6 sendbuff 0x7f0aea887800 recvbuff 0x7f0aea887800 count 7087872 datatype 7 op 0 root 0 comm 0xf66d570 [nranks=4] stream 0xc0632b0
sciml2402:660889:661536 [3] NCCL INFO AllReduce: opCount e2 sendbuff 0x7f14ac45ac00 recvbuff 0x7f14ac45ac00 count 7087872 datatype 7 op 0 root 0 comm 0x10397e50 [nranks=4] stream 0xbbe4af0
sciml2402:660886:661524 [0] NCCL INFO AllReduce: opCount e6 sendbuff 0x7f0ace887800 recvbuff 0x7f0ace887800 count 7087872 datatype 7 op 0 root 0 comm 0xc4925f0 [nranks=4] stream 0xc4961b0
sciml2402:660887:661530 [1] NCCL INFO AllReduce: opCount e3 sendbuff 0x7f37b776a400 recvbuff 0x7f37b776a400 count 7087872 datatype 7 op 0 root 0 comm 0xe18e0b0 [nranks=4] stream 0xe190c30
sciml2402:660889:661536 [3] NCCL INFO AllReduce: opCount e3 sendbuff 0x7f149576a400 recvbuff 0x7f149576a400 count 7087872 datatype 7 op 0 root 0 comm 0x10397e50 [nranks=4] stream 0xbbe4af0
sciml2402:660887:661530 [1] NCCL INFO AllReduce: opCount e4 sendbuff 0x7f37b9274000 recvbuff 0x7f37b9274000 count 7087872 datatype 7 op 0 root 0 comm 0xe18e0b0 [nranks=4] stream 0xe190c30
sciml2402:660889:661536 [3] NCCL INFO AllReduce: opCount e4 sendbuff 0x7f1497274000 recvbuff 0x7f1497274000 count 7087872 datatype 7 op 0 root 0 comm 0x10397e50 [nranks=4] stream 0xbbe4af0
sciml2402:660888:661528 [2] NCCL INFO AllReduce: opCount e7 sendbuff 0x7f0a58000000 recvbuff 0x7f0a58000000 count 7087872 datatype 7 op 0 root 0 comm 0xf66d570 [nranks=4] stream 0xc0632b0
sciml2402:660886:661524 [0] NCCL INFO AllReduce: opCount e7 sendbuff 0x7f0a38000000 recvbuff 0x7f0a38000000 count 7087872 datatype 7 op 0 root 0 comm 0xc4925f0 [nranks=4] stream 0xc4961b0
sciml2402:660887:661530 [1] NCCL INFO AllReduce: opCount e5 sendbuff 0x7f37bad7dc00 recvbuff 0x7f37bad7dc00 count 7087872 datatype 7 op 0 root 0 comm 0xe18e0b0 [nranks=4] stream 0xe190c30
sciml2402:660889:661536 [3] NCCL INFO AllReduce: opCount e5 sendbuff 0x7f1498d7dc00 recvbuff 0x7f1498d7dc00 count 7087872 datatype 7 op 0 root 0 comm 0x10397e50 [nranks=4] stream 0xbbe4af0
sciml2402:660887:661530 [1] NCCL INFO AllReduce: opCount e6 sendbuff 0x7f37bc887800 recvbuff 0x7f37bc887800 count 7087872 datatype 7 op 0 root 0 comm 0xe18e0b0 [nranks=4] stream 0xe190c30
sciml2402:660889:661536 [3] NCCL INFO AllReduce: opCount e6 sendbuff 0x7f149a887800 recvbuff 0x7f149a887800 count 7087872 datatype 7 op 0 root 0 comm 0x10397e50 [nranks=4] stream 0xbbe4af0
sciml2402:660887:661530 [1] NCCL INFO AllReduce: opCount e7 sendbuff 0x7f3724000000 recvbuff 0x7f3724000000 count 7087872 datatype 7 op 0 root 0 comm 0xe18e0b0 [nranks=4] stream 0xe190c30
sciml2402:660889:661536 [3] NCCL INFO AllReduce: opCount e7 sendbuff 0x7f1406000000 recvbuff 0x7f1406000000 count 7087872 datatype 7 op 0 root 0 comm 0x10397e50 [nranks=4] stream 0xbbe4af0
sciml2402:660886:661524 [0] NCCL INFO AllReduce: opCount e8 sendbuff 0x7f0a39b09c00 recvbuff 0x7f0a39b09c00 count 7087872 datatype 7 op 0 root 0 comm 0xc4925f0 [nranks=4] stream 0xc4961b0
sciml2402:660887:661530 [1] NCCL INFO AllReduce: opCount e8 sendbuff 0x7f3725b09c00 recvbuff 0x7f3725b09c00 count 7087872 datatype 7 op 0 root 0 comm 0xe18e0b0 [nranks=4] stream 0xe190c30
sciml2402:660888:661528 [2] NCCL INFO AllReduce: opCount e8 sendbuff 0x7f0a59b09c00 recvbuff 0x7f0a59b09c00 count 7087872 datatype 7 op 0 root 0 comm 0xf66d570 [nranks=4] stream 0xc0632b0
sciml2402:660889:661536 [3] NCCL INFO AllReduce: opCount e8 sendbuff 0x7f1407b09c00 recvbuff 0x7f1407b09c00 count 7087872 datatype 7 op 0 root 0 comm 0x10397e50 [nranks=4] stream 0xbbe4af0
sciml2402:660886:661524 [0] NCCL INFO AllReduce: opCount e9 sendbuff 0x7f0a3b613800 recvbuff 0x7f0a3b613800 count 7087872 datatype 7 op 0 root 0 comm 0xc4925f0 [nranks=4] stream 0xc4961b0
sciml2402:660888:661528 [2] NCCL INFO AllReduce: opCount e9 sendbuff 0x7f0a5b613800 recvbuff 0x7f0a5b613800 count 7087872 datatype 7 op 0 root 0 comm 0xf66d570 [nranks=4] stream 0xc0632b0
sciml2402:660889:661536 [3] NCCL INFO AllReduce: opCount e9 sendbuff 0x7f1409613800 recvbuff 0x7f1409613800 count 7087872 datatype 7 op 0 root 0 comm 0x10397e50 [nranks=4] stream 0xbbe4af0
sciml2402:660887:661530 [1] NCCL INFO AllReduce: opCount e9 sendbuff 0x7f3727613800 recvbuff 0x7f3727613800 count 7087872 datatype 7 op 0 root 0 comm 0xe18e0b0 [nranks=4] stream 0xe190c30
sciml2402:660886:661524 [0] NCCL INFO AllReduce: opCount ea sendbuff 0x7f0aa6000000 recvbuff 0x7f0aa6000000 count 44112384 datatype 7 op 0 root 0 comm 0xc4925f0 [nranks=4] stream 0xc4961b0
sciml2402:660888:661528 [2] NCCL INFO AllReduce: opCount ea sendbuff 0x7f0ac2000000 recvbuff 0x7f0ac2000000 count 44112384 datatype 7 op 0 root 0 comm 0xf66d570 [nranks=4] stream 0xc0632b0
sciml2402:660889:661536 [3] NCCL INFO AllReduce: opCount ea sendbuff 0x7f1472000000 recvbuff 0x7f1472000000 count 44112384 datatype 7 op 0 root 0 comm 0x10397e50 [nranks=4] stream 0xbbe4af0
sciml2402:660887:661530 [1] NCCL INFO AllReduce: opCount ea sendbuff 0x7f3794000000 recvbuff 0x7f3794000000 count 44112384 datatype 7 op 0 root 0 comm 0xe18e0b0 [nranks=4] stream 0xe190c30
sciml2402:660886:660886 [0] NCCL INFO Broadcast: opCount eb sendbuff 0x7f0a10000000 recvbuff 0x7f0a10000000 count 12582912 datatype 0 op 0 root 0 comm 0xc4925f0 [nranks=4] stream 0xc4961b0
sciml2402:660886:660886 [0] NCCL INFO Broadcast: opCount ec sendbuff 0x7f0b5b5d8800 recvbuff 0x7f0b5b5d8800 count 48 datatype 0 op 0 root 0 comm 0xc4925f0 [nranks=4] stream 0xc4961b0
sciml2402:660888:660888 [2] NCCL INFO Broadcast: opCount eb sendbuff 0x7f0a32000000 recvbuff 0x7f0a32000000 count 12582912 datatype 0 op 0 root 0 comm 0xf66d570 [nranks=4] stream 0xc0632b0
sciml2402:660889:660889 [3] NCCL INFO Broadcast: opCount eb sendbuff 0x7f13e0000000 recvbuff 0x7f13e0000000 count 12582912 datatype 0 op 0 root 0 comm 0x10397e50 [nranks=4] stream 0xbbe4af0
sciml2402:660888:660888 [2] NCCL INFO Broadcast: opCount ec sendbuff 0x7f0adfff8000 recvbuff 0x7f0adfff8000 count 48 datatype 0 op 0 root 0 comm 0xf66d570 [nranks=4] stream 0xc0632b0
sciml2402:660889:660889 [3] NCCL INFO Broadcast: opCount ec sendbuff 0x7f148fff8000 recvbuff 0x7f148fff8000 count 48 datatype 0 op 0 root 0 comm 0x10397e50 [nranks=4] stream 0xbbe4af0
sciml2402:660887:660887 [1] NCCL INFO Broadcast: opCount eb sendbuff 0x7f36fe000000 recvbuff 0x7f36fe000000 count 12582912 datatype 0 op 0 root 0 comm 0xe18e0b0 [nranks=4] stream 0xe190c30
sciml2402:660887:660887 [1] NCCL INFO Broadcast: opCount ec sendbuff 0x7f37b1ff8000 recvbuff 0x7f37b1ff8000 count 48 datatype 0 op 0 root 0 comm 0xe18e0b0 [nranks=4] stream 0xe190c30
sciml2402:660888:661528 [2] NCCL INFO AllReduce: opCount ed sendbuff 0x7f0b64c00000 recvbuff 0x7f0b64c00000 count 2361600 datatype 7 op 0 root 0 comm 0xf66d570 [nranks=4] stream 0xc0632b0
sciml2402:660886:661524 [0] NCCL INFO AllReduce: opCount ed sendbuff 0x7f0b06600000 recvbuff 0x7f0b06600000 count 2361600 datatype 7 op 0 root 0 comm 0xc4925f0 [nranks=4] stream 0xc4961b0
sciml2402:660889:661536 [3] NCCL INFO AllReduce: opCount ed sendbuff 0x7f1512600000 recvbuff 0x7f1512600000 count 2361600 datatype 7 op 0 root 0 comm 0x10397e50 [nranks=4] stream 0xbbe4af0
sciml2402:660888:661528 [2] NCCL INFO AllReduce: opCount ee sendbuff 0x7f0af733d800 recvbuff 0x7f0af733d800 count 7087872 datatype 7 op 0 root 0 comm 0xf66d570 [nranks=4] stream 0xc0632b0
sciml2402:660887:661530 [1] NCCL INFO AllReduce: opCount ed sendbuff 0x7f3836600000 recvbuff 0x7f3836600000 count 2361600 datatype 7 op 0 root 0 comm 0xe18e0b0 [nranks=4] stream 0xe190c30
sciml2402:660886:661524 [0] NCCL INFO AllReduce: opCount ee sendbuff 0x7f0adb33d800 recvbuff 0x7f0adb33d800 count 7087872 datatype 7 op 0 root 0 comm 0xc4925f0 [nranks=4] stream 0xc4961b0
sciml2402:660889:661536 [3] NCCL INFO AllReduce: opCount ee sendbuff 0x7f14a733d800 recvbuff 0x7f14a733d800 count 7087872 datatype 7 op 0 root 0 comm 0x10397e50 [nranks=4] stream 0xbbe4af0
sciml2402:660888:661528 [2] NCCL INFO AllReduce: opCount ef sendbuff 0x7f0af8e47400 recvbuff 0x7f0af8e47400 count 7087872 datatype 7 op 0 root 0 comm 0xf66d570 [nranks=4] stream 0xc0632b0
sciml2402:660886:661524 [0] NCCL INFO AllReduce: opCount ef sendbuff 0x7f0adce47400 recvbuff 0x7f0adce47400 count 7087872 datatype 7 op 0 root 0 comm 0xc4925f0 [nranks=4] stream 0xc4961b0
sciml2402:660887:661530 [1] NCCL INFO AllReduce: opCount ee sendbuff 0x7f37c933d800 recvbuff 0x7f37c933d800 count 7087872 datatype 7 op 0 root 0 comm 0xe18e0b0 [nranks=4] stream 0xe190c30
sciml2402:660888:661528 [2] NCCL INFO AllReduce: opCount f0 sendbuff 0x7f0afa951000 recvbuff 0x7f0afa951000 count 7087872 datatype 7 op 0 root 0 comm 0xf66d570 [nranks=4] stream 0xc0632b0
sciml2402:660886:661524 [0] NCCL INFO AllReduce: opCount f0 sendbuff 0x7f0ade951000 recvbuff 0x7f0ade951000 count 7087872 datatype 7 op 0 root 0 comm 0xc4925f0 [nranks=4] stream 0xc4961b0
sciml2402:660889:661536 [3] NCCL INFO AllReduce: opCount ef sendbuff 0x7f14a8e47400 recvbuff 0x7f14a8e47400 count 7087872 datatype 7 op 0 root 0 comm 0x10397e50 [nranks=4] stream 0xbbe4af0
sciml2402:660887:661530 [1] NCCL INFO AllReduce: opCount ef sendbuff 0x7f37cae47400 recvbuff 0x7f37cae47400 count 7087872 datatype 7 op 0 root 0 comm 0xe18e0b0 [nranks=4] stream 0xe190c30
sciml2402:660888:661528 [2] NCCL INFO AllReduce: opCount f1 sendbuff 0x7f0afc45ac00 recvbuff 0x7f0afc45ac00 count 7087872 datatype 7 op 0 root 0 comm 0xf66d570 [nranks=4] stream 0xc0632b0
sciml2402:660886:661524 [0] NCCL INFO AllReduce: opCount f1 sendbuff 0x7f0ae045ac00 recvbuff 0x7f0ae045ac00 count 7087872 datatype 7 op 0 root 0 comm 0xc4925f0 [nranks=4] stream 0xc4961b0
sciml2402:660888:661528 [2] NCCL INFO AllReduce: opCount f2 sendbuff 0x7f0ae576a400 recvbuff 0x7f0ae576a400 count 7087872 datatype 7 op 0 root 0 comm 0xf66d570 [nranks=4] stream 0xc0632b0
sciml2402:660886:661524 [0] NCCL INFO AllReduce: opCount f2 sendbuff 0x7f0ac976a400 recvbuff 0x7f0ac976a400 count 7087872 datatype 7 op 0 root 0 comm 0xc4925f0 [nranks=4] stream 0xc4961b0
sciml2402:660889:661536 [3] NCCL INFO AllReduce: opCount f0 sendbuff 0x7f14aa951000 recvbuff 0x7f14aa951000 count 7087872 datatype 7 op 0 root 0 comm 0x10397e50 [nranks=4] stream 0xbbe4af0
sciml2402:660887:661530 [1] NCCL INFO AllReduce: opCount f0 sendbuff 0x7f37cc951000 recvbuff 0x7f37cc951000 count 7087872 datatype 7 op 0 root 0 comm 0xe18e0b0 [nranks=4] stream 0xe190c30
sciml2402:660888:661528 [2] NCCL INFO AllReduce: opCount f3 sendbuff 0x7f0ae7274000 recvbuff 0x7f0ae7274000 count 7087872 datatype 7 op 0 root 0 comm 0xf66d570 [nranks=4] stream 0xc0632b0
sciml2402:660886:661524 [0] NCCL INFO AllReduce: opCount f3 sendbuff 0x7f0acb274000 recvbuff 0x7f0acb274000 count 7087872 datatype 7 op 0 root 0 comm 0xc4925f0 [nranks=4] stream 0xc4961b0
sciml2402:660888:661528 [2] NCCL INFO AllReduce: opCount f4 sendbuff 0x7f0ae8d7dc00 recvbuff 0x7f0ae8d7dc00 count 7087872 datatype 7 op 0 root 0 comm 0xf66d570 [nranks=4] stream 0xc0632b0
sciml2402:660886:661524 [0] NCCL INFO AllReduce: opCount f4 sendbuff 0x7f0accd7dc00 recvbuff 0x7f0accd7dc00 count 7087872 datatype 7 op 0 root 0 comm 0xc4925f0 [nranks=4] stream 0xc4961b0
sciml2402:660887:661530 [1] NCCL INFO AllReduce: opCount f1 sendbuff 0x7f37ce45ac00 recvbuff 0x7f37ce45ac00 count 7087872 datatype 7 op 0 root 0 comm 0xe18e0b0 [nranks=4] stream 0xe190c30
sciml2402:660889:661536 [3] NCCL INFO AllReduce: opCount f1 sendbuff 0x7f14ac45ac00 recvbuff 0x7f14ac45ac00 count 7087872 datatype 7 op 0 root 0 comm 0x10397e50 [nranks=4] stream 0xbbe4af0
sciml2402:660888:661528 [2] NCCL INFO AllReduce: opCount f5 sendbuff 0x7f0aea887800 recvbuff 0x7f0aea887800 count 7087872 datatype 7 op 0 root 0 comm 0xf66d570 [nranks=4] stream 0xc0632b0
sciml2402:660886:661524 [0] NCCL INFO AllReduce: opCount f5 sendbuff 0x7f0ace887800 recvbuff 0x7f0ace887800 count 7087872 datatype 7 op 0 root 0 comm 0xc4925f0 [nranks=4] stream 0xc4961b0
sciml2402:660887:661530 [1] NCCL INFO AllReduce: opCount f2 sendbuff 0x7f37b776a400 recvbuff 0x7f37b776a400 count 7087872 datatype 7 op 0 root 0 comm 0xe18e0b0 [nranks=4] stream 0xe190c30
sciml2402:660889:661536 [3] NCCL INFO AllReduce: opCount f2 sendbuff 0x7f149576a400 recvbuff 0x7f149576a400 count 7087872 datatype 7 op 0 root 0 comm 0x10397e50 [nranks=4] stream 0xbbe4af0
sciml2402:660887:661530 [1] NCCL INFO AllReduce: opCount f3 sendbuff 0x7f37b9274000 recvbuff 0x7f37b9274000 count 7087872 datatype 7 op 0 root 0 comm 0xe18e0b0 [nranks=4] stream 0xe190c30
sciml2402:660889:661536 [3] NCCL INFO AllReduce: opCount f3 sendbuff 0x7f1497274000 recvbuff 0x7f1497274000 count 7087872 datatype 7 op 0 root 0 comm 0x10397e50 [nranks=4] stream 0xbbe4af0
sciml2402:660888:661528 [2] NCCL INFO AllReduce: opCount f6 sendbuff 0x7f0a58000000 recvbuff 0x7f0a58000000 count 7087872 datatype 7 op 0 root 0 comm 0xf66d570 [nranks=4] stream 0xc0632b0
sciml2402:660886:661524 [0] NCCL INFO AllReduce: opCount f6 sendbuff 0x7f0a38000000 recvbuff 0x7f0a38000000 count 7087872 datatype 7 op 0 root 0 comm 0xc4925f0 [nranks=4] stream 0xc4961b0
sciml2402:660887:661530 [1] NCCL INFO AllReduce: opCount f4 sendbuff 0x7f37bad7dc00 recvbuff 0x7f37bad7dc00 count 7087872 datatype 7 op 0 root 0 comm 0xe18e0b0 [nranks=4] stream 0xe190c30
sciml2402:660889:661536 [3] NCCL INFO AllReduce: opCount f4 sendbuff 0x7f1498d7dc00 recvbuff 0x7f1498d7dc00 count 7087872 datatype 7 op 0 root 0 comm 0x10397e50 [nranks=4] stream 0xbbe4af0
sciml2402:660887:661530 [1] NCCL INFO AllReduce: opCount f5 sendbuff 0x7f37bc887800 recvbuff 0x7f37bc887800 count 7087872 datatype 7 op 0 root 0 comm 0xe18e0b0 [nranks=4] stream 0xe190c30
sciml2402:660889:661536 [3] NCCL INFO AllReduce: opCount f5 sendbuff 0x7f149a887800 recvbuff 0x7f149a887800 count 7087872 datatype 7 op 0 root 0 comm 0x10397e50 [nranks=4] stream 0xbbe4af0
sciml2402:660887:661530 [1] NCCL INFO AllReduce: opCount f6 sendbuff 0x7f3724000000 recvbuff 0x7f3724000000 count 7087872 datatype 7 op 0 root 0 comm 0xe18e0b0 [nranks=4] stream 0xe190c30
sciml2402:660889:661536 [3] NCCL INFO AllReduce: opCount f6 sendbuff 0x7f1406000000 recvbuff 0x7f1406000000 count 7087872 datatype 7 op 0 root 0 comm 0x10397e50 [nranks=4] stream 0xbbe4af0
sciml2402:660886:661524 [0] NCCL INFO AllReduce: opCount f7 sendbuff 0x7f0a39b09c00 recvbuff 0x7f0a39b09c00 count 7087872 datatype 7 op 0 root 0 comm 0xc4925f0 [nranks=4] stream 0xc4961b0
sciml2402:660887:661530 [1] NCCL INFO AllReduce: opCount f7 sendbuff 0x7f3725b09c00 recvbuff 0x7f3725b09c00 count 7087872 datatype 7 op 0 root 0 comm 0xe18e0b0 [nranks=4] stream 0xe190c30
sciml2402:660888:661528 [2] NCCL INFO AllReduce: opCount f7 sendbuff 0x7f0a59b09c00 recvbuff 0x7f0a59b09c00 count 7087872 datatype 7 op 0 root 0 comm 0xf66d570 [nranks=4] stream 0xc0632b0
sciml2402:660889:661536 [3] NCCL INFO AllReduce: opCount f7 sendbuff 0x7f1407b09c00 recvbuff 0x7f1407b09c00 count 7087872 datatype 7 op 0 root 0 comm 0x10397e50 [nranks=4] stream 0xbbe4af0
sciml2402:660886:661524 [0] NCCL INFO AllReduce: opCount f8 sendbuff 0x7f0a3b613800 recvbuff 0x7f0a3b613800 count 7087872 datatype 7 op 0 root 0 comm 0xc4925f0 [nranks=4] stream 0xc4961b0
sciml2402:660888:661528 [2] NCCL INFO AllReduce: opCount f8 sendbuff 0x7f0a5b613800 recvbuff 0x7f0a5b613800 count 7087872 datatype 7 op 0 root 0 comm 0xf66d570 [nranks=4] stream 0xc0632b0
sciml2402:660889:661536 [3] NCCL INFO AllReduce: opCount f8 sendbuff 0x7f1409613800 recvbuff 0x7f1409613800 count 7087872 datatype 7 op 0 root 0 comm 0x10397e50 [nranks=4] stream 0xbbe4af0
sciml2402:660887:661530 [1] NCCL INFO AllReduce: opCount f8 sendbuff 0x7f3727613800 recvbuff 0x7f3727613800 count 7087872 datatype 7 op 0 root 0 comm 0xe18e0b0 [nranks=4] stream 0xe190c30
sciml2402:660886:661524 [0] NCCL INFO AllReduce: opCount f9 sendbuff 0x7f0aa6000000 recvbuff 0x7f0aa6000000 count 44112384 datatype 7 op 0 root 0 comm 0xc4925f0 [nranks=4] stream 0xc4961b0
sciml2402:660888:661528 [2] NCCL INFO AllReduce: opCount f9 sendbuff 0x7f0ac2000000 recvbuff 0x7f0ac2000000 count 44112384 datatype 7 op 0 root 0 comm 0xf66d570 [nranks=4] stream 0xc0632b0
sciml2402:660889:661536 [3] NCCL INFO AllReduce: opCount f9 sendbuff 0x7f1472000000 recvbuff 0x7f1472000000 count 44112384 datatype 7 op 0 root 0 comm 0x10397e50 [nranks=4] stream 0xbbe4af0
sciml2402:660887:661530 [1] NCCL INFO AllReduce: opCount f9 sendbuff 0x7f3794000000 recvbuff 0x7f3794000000 count 44112384 datatype 7 op 0 root 0 comm 0xe18e0b0 [nranks=4] stream 0xe190c30
sciml2402:660886:660886 [0] NCCL INFO Broadcast: opCount fa sendbuff 0x7f0a10000000 recvbuff 0x7f0a10000000 count 12582912 datatype 0 op 0 root 0 comm 0xc4925f0 [nranks=4] stream 0xc4961b0
sciml2402:660886:660886 [0] NCCL INFO Broadcast: opCount fb sendbuff 0x7f0ac3ff8000 recvbuff 0x7f0ac3ff8000 count 48 datatype 0 op 0 root 0 comm 0xc4925f0 [nranks=4] stream 0xc4961b0
sciml2402:660889:660889 [3] NCCL INFO Broadcast: opCount fa sendbuff 0x7f13e0000000 recvbuff 0x7f13e0000000 count 12582912 datatype 0 op 0 root 0 comm 0x10397e50 [nranks=4] stream 0xbbe4af0
sciml2402:660888:660888 [2] NCCL INFO Broadcast: opCount fa sendbuff 0x7f0a32000000 recvbuff 0x7f0a32000000 count 12582912 datatype 0 op 0 root 0 comm 0xf66d570 [nranks=4] stream 0xc0632b0
sciml2402:660888:660888 [2] NCCL INFO Broadcast: opCount fb sendbuff 0x7f0b5b5d8800 recvbuff 0x7f0b5b5d8800 count 48 datatype 0 op 0 root 0 comm 0xf66d570 [nranks=4] stream 0xc0632b0
sciml2402:660889:660889 [3] NCCL INFO Broadcast: opCount fb sendbuff 0x7f150b5d8800 recvbuff 0x7f150b5d8800 count 48 datatype 0 op 0 root 0 comm 0x10397e50 [nranks=4] stream 0xbbe4af0
sciml2402:660887:660887 [1] NCCL INFO Broadcast: opCount fa sendbuff 0x7f36fe000000 recvbuff 0x7f36fe000000 count 12582912 datatype 0 op 0 root 0 comm 0xe18e0b0 [nranks=4] stream 0xe190c30
sciml2402:660887:660887 [1] NCCL INFO Broadcast: opCount fb sendbuff 0x7f38275d8800 recvbuff 0x7f38275d8800 count 48 datatype 0 op 0 root 0 comm 0xe18e0b0 [nranks=4] stream 0xe190c30
sciml2402:660886:661524 [0] NCCL INFO AllReduce: opCount fc sendbuff 0x7f0b06600000 recvbuff 0x7f0b06600000 count 2361600 datatype 7 op 0 root 0 comm 0xc4925f0 [nranks=4] stream 0xc4961b0
sciml2402:660888:661528 [2] NCCL INFO AllReduce: opCount fc sendbuff 0x7f0b64c00000 recvbuff 0x7f0b64c00000 count 2361600 datatype 7 op 0 root 0 comm 0xf66d570 [nranks=4] stream 0xc0632b0
sciml2402:660889:661536 [3] NCCL INFO AllReduce: opCount fc sendbuff 0x7f1512600000 recvbuff 0x7f1512600000 count 2361600 datatype 7 op 0 root 0 comm 0x10397e50 [nranks=4] stream 0xbbe4af0
sciml2402:660887:661530 [1] NCCL INFO AllReduce: opCount fc sendbuff 0x7f3836600000 recvbuff 0x7f3836600000 count 2361600 datatype 7 op 0 root 0 comm 0xe18e0b0 [nranks=4] stream 0xe190c30
sciml2402:660888:661528 [2] NCCL INFO AllReduce: opCount fd sendbuff 0x7f0af733d800 recvbuff 0x7f0af733d800 count 7087872 datatype 7 op 0 root 0 comm 0xf66d570 [nranks=4] stream 0xc0632b0
sciml2402:660886:661524 [0] NCCL INFO AllReduce: opCount fd sendbuff 0x7f0adb33d800 recvbuff 0x7f0adb33d800 count 7087872 datatype 7 op 0 root 0 comm 0xc4925f0 [nranks=4] stream 0xc4961b0
sciml2402:660889:661536 [3] NCCL INFO AllReduce: opCount fd sendbuff 0x7f14a733d800 recvbuff 0x7f14a733d800 count 7087872 datatype 7 op 0 root 0 comm 0x10397e50 [nranks=4] stream 0xbbe4af0
sciml2402:660888:661528 [2] NCCL INFO AllReduce: opCount fe sendbuff 0x7f0af8e47400 recvbuff 0x7f0af8e47400 count 7087872 datatype 7 op 0 root 0 comm 0xf66d570 [nranks=4] stream 0xc0632b0
sciml2402:660886:661524 [0] NCCL INFO AllReduce: opCount fe sendbuff 0x7f0adce47400 recvbuff 0x7f0adce47400 count 7087872 datatype 7 op 0 root 0 comm 0xc4925f0 [nranks=4] stream 0xc4961b0
sciml2402:660887:661530 [1] NCCL INFO AllReduce: opCount fd sendbuff 0x7f37c933d800 recvbuff 0x7f37c933d800 count 7087872 datatype 7 op 0 root 0 comm 0xe18e0b0 [nranks=4] stream 0xe190c30
sciml2402:660888:661528 [2] NCCL INFO AllReduce: opCount ff sendbuff 0x7f0afa951000 recvbuff 0x7f0afa951000 count 7087872 datatype 7 op 0 root 0 comm 0xf66d570 [nranks=4] stream 0xc0632b0
sciml2402:660886:661524 [0] NCCL INFO AllReduce: opCount ff sendbuff 0x7f0ade951000 recvbuff 0x7f0ade951000 count 7087872 datatype 7 op 0 root 0 comm 0xc4925f0 [nranks=4] stream 0xc4961b0
sciml2402:660887:661530 [1] NCCL INFO AllReduce: opCount fe sendbuff 0x7f37cae47400 recvbuff 0x7f37cae47400 count 7087872 datatype 7 op 0 root 0 comm 0xe18e0b0 [nranks=4] stream 0xe190c30
sciml2402:660889:661536 [3] NCCL INFO AllReduce: opCount fe sendbuff 0x7f14a8e47400 recvbuff 0x7f14a8e47400 count 7087872 datatype 7 op 0 root 0 comm 0x10397e50 [nranks=4] stream 0xbbe4af0
sciml2402:660888:661528 [2] NCCL INFO AllReduce: opCount 100 sendbuff 0x7f0afc45ac00 recvbuff 0x7f0afc45ac00 count 7087872 datatype 7 op 0 root 0 comm 0xf66d570 [nranks=4] stream 0xc0632b0
sciml2402:660886:661524 [0] NCCL INFO AllReduce: opCount 100 sendbuff 0x7f0ae045ac00 recvbuff 0x7f0ae045ac00 count 7087872 datatype 7 op 0 root 0 comm 0xc4925f0 [nranks=4] stream 0xc4961b0
sciml2402:660888:661528 [2] NCCL INFO AllReduce: opCount 101 sendbuff 0x7f0ae576a400 recvbuff 0x7f0ae576a400 count 7087872 datatype 7 op 0 root 0 comm 0xf66d570 [nranks=4] stream 0xc0632b0
sciml2402:660886:661524 [0] NCCL INFO AllReduce: opCount 101 sendbuff 0x7f0ac976a400 recvbuff 0x7f0ac976a400 count 7087872 datatype 7 op 0 root 0 comm 0xc4925f0 [nranks=4] stream 0xc4961b0
sciml2402:660887:661530 [1] NCCL INFO AllReduce: opCount ff sendbuff 0x7f37cc951000 recvbuff 0x7f37cc951000 count 7087872 datatype 7 op 0 root 0 comm 0xe18e0b0 [nranks=4] stream 0xe190c30
sciml2402:660889:661536 [3] NCCL INFO AllReduce: opCount ff sendbuff 0x7f14aa951000 recvbuff 0x7f14aa951000 count 7087872 datatype 7 op 0 root 0 comm 0x10397e50 [nranks=4] stream 0xbbe4af0
sciml2402:660888:661528 [2] NCCL INFO AllReduce: opCount 102 sendbuff 0x7f0ae7274000 recvbuff 0x7f0ae7274000 count 7087872 datatype 7 op 0 root 0 comm 0xf66d570 [nranks=4] stream 0xc0632b0
sciml2402:660886:661524 [0] NCCL INFO AllReduce: opCount 102 sendbuff 0x7f0acb274000 recvbuff 0x7f0acb274000 count 7087872 datatype 7 op 0 root 0 comm 0xc4925f0 [nranks=4] stream 0xc4961b0
sciml2402:660888:661528 [2] NCCL INFO AllReduce: opCount 103 sendbuff 0x7f0ae8d7dc00 recvbuff 0x7f0ae8d7dc00 count 7087872 datatype 7 op 0 root 0 comm 0xf66d570 [nranks=4] stream 0xc0632b0
sciml2402:660886:661524 [0] NCCL INFO AllReduce: opCount 103 sendbuff 0x7f0accd7dc00 recvbuff 0x7f0accd7dc00 count 7087872 datatype 7 op 0 root 0 comm 0xc4925f0 [nranks=4] stream 0xc4961b0
sciml2402:660889:661536 [3] NCCL INFO AllReduce: opCount 100 sendbuff 0x7f14ac45ac00 recvbuff 0x7f14ac45ac00 count 7087872 datatype 7 op 0 root 0 comm 0x10397e50 [nranks=4] stream 0xbbe4af0
sciml2402:660887:661530 [1] NCCL INFO AllReduce: opCount 100 sendbuff 0x7f37ce45ac00 recvbuff 0x7f37ce45ac00 count 7087872 datatype 7 op 0 root 0 comm 0xe18e0b0 [nranks=4] stream 0xe190c30
sciml2402:660888:661528 [2] NCCL INFO AllReduce: opCount 104 sendbuff 0x7f0aea887800 recvbuff 0x7f0aea887800 count 7087872 datatype 7 op 0 root 0 comm 0xf66d570 [nranks=4] stream 0xc0632b0
sciml2402:660886:661524 [0] NCCL INFO AllReduce: opCount 104 sendbuff 0x7f0ace887800 recvbuff 0x7f0ace887800 count 7087872 datatype 7 op 0 root 0 comm 0xc4925f0 [nranks=4] stream 0xc4961b0
sciml2402:660887:661530 [1] NCCL INFO AllReduce: opCount 101 sendbuff 0x7f37b776a400 recvbuff 0x7f37b776a400 count 7087872 datatype 7 op 0 root 0 comm 0xe18e0b0 [nranks=4] stream 0xe190c30
sciml2402:660889:661536 [3] NCCL INFO AllReduce: opCount 101 sendbuff 0x7f149576a400 recvbuff 0x7f149576a400 count 7087872 datatype 7 op 0 root 0 comm 0x10397e50 [nranks=4] stream 0xbbe4af0
sciml2402:660887:661530 [1] NCCL INFO AllReduce: opCount 102 sendbuff 0x7f37b9274000 recvbuff 0x7f37b9274000 count 7087872 datatype 7 op 0 root 0 comm 0xe18e0b0 [nranks=4] stream 0xe190c30
sciml2402:660889:661536 [3] NCCL INFO AllReduce: opCount 102 sendbuff 0x7f1497274000 recvbuff 0x7f1497274000 count 7087872 datatype 7 op 0 root 0 comm 0x10397e50 [nranks=4] stream 0xbbe4af0
sciml2402:660888:661528 [2] NCCL INFO AllReduce: opCount 105 sendbuff 0x7f0a58000000 recvbuff 0x7f0a58000000 count 7087872 datatype 7 op 0 root 0 comm 0xf66d570 [nranks=4] stream 0xc0632b0
sciml2402:660886:661524 [0] NCCL INFO AllReduce: opCount 105 sendbuff 0x7f0a38000000 recvbuff 0x7f0a38000000 count 7087872 datatype 7 op 0 root 0 comm 0xc4925f0 [nranks=4] stream 0xc4961b0
sciml2402:660887:661530 [1] NCCL INFO AllReduce: opCount 103 sendbuff 0x7f37bad7dc00 recvbuff 0x7f37bad7dc00 count 7087872 datatype 7 op 0 root 0 comm 0xe18e0b0 [nranks=4] stream 0xe190c30
sciml2402:660889:661536 [3] NCCL INFO AllReduce: opCount 103 sendbuff 0x7f1498d7dc00 recvbuff 0x7f1498d7dc00 count 7087872 datatype 7 op 0 root 0 comm 0x10397e50 [nranks=4] stream 0xbbe4af0
sciml2402:660887:661530 [1] NCCL INFO AllReduce: opCount 104 sendbuff 0x7f37bc887800 recvbuff 0x7f37bc887800 count 7087872 datatype 7 op 0 root 0 comm 0xe18e0b0 [nranks=4] stream 0xe190c30
sciml2402:660889:661536 [3] NCCL INFO AllReduce: opCount 104 sendbuff 0x7f149a887800 recvbuff 0x7f149a887800 count 7087872 datatype 7 op 0 root 0 comm 0x10397e50 [nranks=4] stream 0xbbe4af0
sciml2402:660887:661530 [1] NCCL INFO AllReduce: opCount 105 sendbuff 0x7f3724000000 recvbuff 0x7f3724000000 count 7087872 datatype 7 op 0 root 0 comm 0xe18e0b0 [nranks=4] stream 0xe190c30
sciml2402:660889:661536 [3] NCCL INFO AllReduce: opCount 105 sendbuff 0x7f1406000000 recvbuff 0x7f1406000000 count 7087872 datatype 7 op 0 root 0 comm 0x10397e50 [nranks=4] stream 0xbbe4af0
sciml2402:660886:661524 [0] NCCL INFO AllReduce: opCount 106 sendbuff 0x7f0a39b09c00 recvbuff 0x7f0a39b09c00 count 7087872 datatype 7 op 0 root 0 comm 0xc4925f0 [nranks=4] stream 0xc4961b0
sciml2402:660887:661530 [1] NCCL INFO AllReduce: opCount 106 sendbuff 0x7f3725b09c00 recvbuff 0x7f3725b09c00 count 7087872 datatype 7 op 0 root 0 comm 0xe18e0b0 [nranks=4] stream 0xe190c30
sciml2402:660888:661528 [2] NCCL INFO AllReduce: opCount 106 sendbuff 0x7f0a59b09c00 recvbuff 0x7f0a59b09c00 count 7087872 datatype 7 op 0 root 0 comm 0xf66d570 [nranks=4] stream 0xc0632b0
sciml2402:660889:661536 [3] NCCL INFO AllReduce: opCount 106 sendbuff 0x7f1407b09c00 recvbuff 0x7f1407b09c00 count 7087872 datatype 7 op 0 root 0 comm 0x10397e50 [nranks=4] stream 0xbbe4af0
sciml2402:660886:661524 [0] NCCL INFO AllReduce: opCount 107 sendbuff 0x7f0a3b613800 recvbuff 0x7f0a3b613800 count 7087872 datatype 7 op 0 root 0 comm 0xc4925f0 [nranks=4] stream 0xc4961b0
sciml2402:660888:661528 [2] NCCL INFO AllReduce: opCount 107 sendbuff 0x7f0a5b613800 recvbuff 0x7f0a5b613800 count 7087872 datatype 7 op 0 root 0 comm 0xf66d570 [nranks=4] stream 0xc0632b0
sciml2402:660889:661536 [3] NCCL INFO AllReduce: opCount 107 sendbuff 0x7f1409613800 recvbuff 0x7f1409613800 count 7087872 datatype 7 op 0 root 0 comm 0x10397e50 [nranks=4] stream 0xbbe4af0
sciml2402:660887:661530 [1] NCCL INFO AllReduce: opCount 107 sendbuff 0x7f3727613800 recvbuff 0x7f3727613800 count 7087872 datatype 7 op 0 root 0 comm 0xe18e0b0 [nranks=4] stream 0xe190c30
sciml2402:660886:661524 [0] NCCL INFO AllReduce: opCount 108 sendbuff 0x7f0aa6000000 recvbuff 0x7f0aa6000000 count 44112384 datatype 7 op 0 root 0 comm 0xc4925f0 [nranks=4] stream 0xc4961b0
sciml2402:660888:661528 [2] NCCL INFO AllReduce: opCount 108 sendbuff 0x7f0ac2000000 recvbuff 0x7f0ac2000000 count 44112384 datatype 7 op 0 root 0 comm 0xf66d570 [nranks=4] stream 0xc0632b0
sciml2402:660889:661536 [3] NCCL INFO AllReduce: opCount 108 sendbuff 0x7f1472000000 recvbuff 0x7f1472000000 count 44112384 datatype 7 op 0 root 0 comm 0x10397e50 [nranks=4] stream 0xbbe4af0
sciml2402:660887:661530 [1] NCCL INFO AllReduce: opCount 108 sendbuff 0x7f3794000000 recvbuff 0x7f3794000000 count 44112384 datatype 7 op 0 root 0 comm 0xe18e0b0 [nranks=4] stream 0xe190c30
sciml2402:660886:660886 [0] NCCL INFO Broadcast: opCount 109 sendbuff 0x7f0a10000000 recvbuff 0x7f0a10000000 count 12582912 datatype 0 op 0 root 0 comm 0xc4925f0 [nranks=4] stream 0xc4961b0
sciml2402:660886:660886 [0] NCCL INFO Broadcast: opCount 10a sendbuff 0x7f0b5b5d8800 recvbuff 0x7f0b5b5d8800 count 48 datatype 0 op 0 root 0 comm 0xc4925f0 [nranks=4] stream 0xc4961b0
sciml2402:660888:660888 [2] NCCL INFO Broadcast: opCount 109 sendbuff 0x7f0a32000000 recvbuff 0x7f0a32000000 count 12582912 datatype 0 op 0 root 0 comm 0xf66d570 [nranks=4] stream 0xc0632b0
sciml2402:660888:660888 [2] NCCL INFO Broadcast: opCount 10a sendbuff 0x7f0adfff8000 recvbuff 0x7f0adfff8000 count 48 datatype 0 op 0 root 0 comm 0xf66d570 [nranks=4] stream 0xc0632b0
sciml2402:660889:660889 [3] NCCL INFO Broadcast: opCount 109 sendbuff 0x7f13e0000000 recvbuff 0x7f13e0000000 count 12582912 datatype 0 op 0 root 0 comm 0x10397e50 [nranks=4] stream 0xbbe4af0
sciml2402:660889:660889 [3] NCCL INFO Broadcast: opCount 10a sendbuff 0x7f148fff8000 recvbuff 0x7f148fff8000 count 48 datatype 0 op 0 root 0 comm 0x10397e50 [nranks=4] stream 0xbbe4af0
sciml2402:660887:660887 [1] NCCL INFO Broadcast: opCount 109 sendbuff 0x7f36fe000000 recvbuff 0x7f36fe000000 count 12582912 datatype 0 op 0 root 0 comm 0xe18e0b0 [nranks=4] stream 0xe190c30
sciml2402:660887:660887 [1] NCCL INFO Broadcast: opCount 10a sendbuff 0x7f37b1ff8000 recvbuff 0x7f37b1ff8000 count 48 datatype 0 op 0 root 0 comm 0xe18e0b0 [nranks=4] stream 0xe190c30
sciml2402:660888:661528 [2] NCCL INFO AllReduce: opCount 10b sendbuff 0x7f0b64c00000 recvbuff 0x7f0b64c00000 count 2361600 datatype 7 op 0 root 0 comm 0xf66d570 [nranks=4] stream 0xc0632b0
sciml2402:660886:661524 [0] NCCL INFO AllReduce: opCount 10b sendbuff 0x7f0b06600000 recvbuff 0x7f0b06600000 count 2361600 datatype 7 op 0 root 0 comm 0xc4925f0 [nranks=4] stream 0xc4961b0
sciml2402:660889:661536 [3] NCCL INFO AllReduce: opCount 10b sendbuff 0x7f1512600000 recvbuff 0x7f1512600000 count 2361600 datatype 7 op 0 root 0 comm 0x10397e50 [nranks=4] stream 0xbbe4af0
sciml2402:660887:661530 [1] NCCL INFO AllReduce: opCount 10b sendbuff 0x7f3836600000 recvbuff 0x7f3836600000 count 2361600 datatype 7 op 0 root 0 comm 0xe18e0b0 [nranks=4] stream 0xe190c30
sciml2402:660888:661528 [2] NCCL INFO AllReduce: opCount 10c sendbuff 0x7f0af733d800 recvbuff 0x7f0af733d800 count 7087872 datatype 7 op 0 root 0 comm 0xf66d570 [nranks=4] stream 0xc0632b0
sciml2402:660886:661524 [0] NCCL INFO AllReduce: opCount 10c sendbuff 0x7f0adb33d800 recvbuff 0x7f0adb33d800 count 7087872 datatype 7 op 0 root 0 comm 0xc4925f0 [nranks=4] stream 0xc4961b0
sciml2402:660889:661536 [3] NCCL INFO AllReduce: opCount 10c sendbuff 0x7f14a733d800 recvbuff 0x7f14a733d800 count 7087872 datatype 7 op 0 root 0 comm 0x10397e50 [nranks=4] stream 0xbbe4af0
sciml2402:660888:661528 [2] NCCL INFO AllReduce: opCount 10d sendbuff 0x7f0af8e47400 recvbuff 0x7f0af8e47400 count 7087872 datatype 7 op 0 root 0 comm 0xf66d570 [nranks=4] stream 0xc0632b0
sciml2402:660887:661530 [1] NCCL INFO AllReduce: opCount 10c sendbuff 0x7f37c933d800 recvbuff 0x7f37c933d800 count 7087872 datatype 7 op 0 root 0 comm 0xe18e0b0 [nranks=4] stream 0xe190c30
sciml2402:660886:661524 [0] NCCL INFO AllReduce: opCount 10d sendbuff 0x7f0adce47400 recvbuff 0x7f0adce47400 count 7087872 datatype 7 op 0 root 0 comm 0xc4925f0 [nranks=4] stream 0xc4961b0
sciml2402:660888:661528 [2] NCCL INFO AllReduce: opCount 10e sendbuff 0x7f0afa951000 recvbuff 0x7f0afa951000 count 7087872 datatype 7 op 0 root 0 comm 0xf66d570 [nranks=4] stream 0xc0632b0
sciml2402:660886:661524 [0] NCCL INFO AllReduce: opCount 10e sendbuff 0x7f0ade951000 recvbuff 0x7f0ade951000 count 7087872 datatype 7 op 0 root 0 comm 0xc4925f0 [nranks=4] stream 0xc4961b0
sciml2402:660887:661530 [1] NCCL INFO AllReduce: opCount 10d sendbuff 0x7f37cae47400 recvbuff 0x7f37cae47400 count 7087872 datatype 7 op 0 root 0 comm 0xe18e0b0 [nranks=4] stream 0xe190c30
sciml2402:660889:661536 [3] NCCL INFO AllReduce: opCount 10d sendbuff 0x7f14a8e47400 recvbuff 0x7f14a8e47400 count 7087872 datatype 7 op 0 root 0 comm 0x10397e50 [nranks=4] stream 0xbbe4af0
sciml2402:660888:661528 [2] NCCL INFO AllReduce: opCount 10f sendbuff 0x7f0afc45ac00 recvbuff 0x7f0afc45ac00 count 7087872 datatype 7 op 0 root 0 comm 0xf66d570 [nranks=4] stream 0xc0632b0
sciml2402:660886:661524 [0] NCCL INFO AllReduce: opCount 10f sendbuff 0x7f0ae045ac00 recvbuff 0x7f0ae045ac00 count 7087872 datatype 7 op 0 root 0 comm 0xc4925f0 [nranks=4] stream 0xc4961b0
sciml2402:660888:661528 [2] NCCL INFO AllReduce: opCount 110 sendbuff 0x7f0ae576a400 recvbuff 0x7f0ae576a400 count 7087872 datatype 7 op 0 root 0 comm 0xf66d570 [nranks=4] stream 0xc0632b0
sciml2402:660886:661524 [0] NCCL INFO AllReduce: opCount 110 sendbuff 0x7f0ac976a400 recvbuff 0x7f0ac976a400 count 7087872 datatype 7 op 0 root 0 comm 0xc4925f0 [nranks=4] stream 0xc4961b0
sciml2402:660887:661530 [1] NCCL INFO AllReduce: opCount 10e sendbuff 0x7f37cc951000 recvbuff 0x7f37cc951000 count 7087872 datatype 7 op 0 root 0 comm 0xe18e0b0 [nranks=4] stream 0xe190c30
sciml2402:660889:661536 [3] NCCL INFO AllReduce: opCount 10e sendbuff 0x7f14aa951000 recvbuff 0x7f14aa951000 count 7087872 datatype 7 op 0 root 0 comm 0x10397e50 [nranks=4] stream 0xbbe4af0
sciml2402:660888:661528 [2] NCCL INFO AllReduce: opCount 111 sendbuff 0x7f0ae7274000 recvbuff 0x7f0ae7274000 count 7087872 datatype 7 op 0 root 0 comm 0xf66d570 [nranks=4] stream 0xc0632b0
sciml2402:660886:661524 [0] NCCL INFO AllReduce: opCount 111 sendbuff 0x7f0acb274000 recvbuff 0x7f0acb274000 count 7087872 datatype 7 op 0 root 0 comm 0xc4925f0 [nranks=4] stream 0xc4961b0
sciml2402:660888:661528 [2] NCCL INFO AllReduce: opCount 112 sendbuff 0x7f0ae8d7dc00 recvbuff 0x7f0ae8d7dc00 count 7087872 datatype 7 op 0 root 0 comm 0xf66d570 [nranks=4] stream 0xc0632b0
sciml2402:660887:661530 [1] NCCL INFO AllReduce: opCount 10f sendbuff 0x7f37ce45ac00 recvbuff 0x7f37ce45ac00 count 7087872 datatype 7 op 0 root 0 comm 0xe18e0b0 [nranks=4] stream 0xe190c30
sciml2402:660886:661524 [0] NCCL INFO AllReduce: opCount 112 sendbuff 0x7f0accd7dc00 recvbuff 0x7f0accd7dc00 count 7087872 datatype 7 op 0 root 0 comm 0xc4925f0 [nranks=4] stream 0xc4961b0
sciml2402:660889:661536 [3] NCCL INFO AllReduce: opCount 10f sendbuff 0x7f14ac45ac00 recvbuff 0x7f14ac45ac00 count 7087872 datatype 7 op 0 root 0 comm 0x10397e50 [nranks=4] stream 0xbbe4af0
sciml2402:660888:661528 [2] NCCL INFO AllReduce: opCount 113 sendbuff 0x7f0aea887800 recvbuff 0x7f0aea887800 count 7087872 datatype 7 op 0 root 0 comm 0xf66d570 [nranks=4] stream 0xc0632b0
sciml2402:660886:661524 [0] NCCL INFO AllReduce: opCount 113 sendbuff 0x7f0ace887800 recvbuff 0x7f0ace887800 count 7087872 datatype 7 op 0 root 0 comm 0xc4925f0 [nranks=4] stream 0xc4961b0
sciml2402:660887:661530 [1] NCCL INFO AllReduce: opCount 110 sendbuff 0x7f37b776a400 recvbuff 0x7f37b776a400 count 7087872 datatype 7 op 0 root 0 comm 0xe18e0b0 [nranks=4] stream 0xe190c30
sciml2402:660889:661536 [3] NCCL INFO AllReduce: opCount 110 sendbuff 0x7f149576a400 recvbuff 0x7f149576a400 count 7087872 datatype 7 op 0 root 0 comm 0x10397e50 [nranks=4] stream 0xbbe4af0
sciml2402:660887:661530 [1] NCCL INFO AllReduce: opCount 111 sendbuff 0x7f37b9274000 recvbuff 0x7f37b9274000 count 7087872 datatype 7 op 0 root 0 comm 0xe18e0b0 [nranks=4] stream 0xe190c30
sciml2402:660889:661536 [3] NCCL INFO AllReduce: opCount 111 sendbuff 0x7f1497274000 recvbuff 0x7f1497274000 count 7087872 datatype 7 op 0 root 0 comm 0x10397e50 [nranks=4] stream 0xbbe4af0
sciml2402:660888:661528 [2] NCCL INFO AllReduce: opCount 114 sendbuff 0x7f0a58000000 recvbuff 0x7f0a58000000 count 7087872 datatype 7 op 0 root 0 comm 0xf66d570 [nranks=4] stream 0xc0632b0
sciml2402:660886:661524 [0] NCCL INFO AllReduce: opCount 114 sendbuff 0x7f0a38000000 recvbuff 0x7f0a38000000 count 7087872 datatype 7 op 0 root 0 comm 0xc4925f0 [nranks=4] stream 0xc4961b0
sciml2402:660887:661530 [1] NCCL INFO AllReduce: opCount 112 sendbuff 0x7f37bad7dc00 recvbuff 0x7f37bad7dc00 count 7087872 datatype 7 op 0 root 0 comm 0xe18e0b0 [nranks=4] stream 0xe190c30
sciml2402:660889:661536 [3] NCCL INFO AllReduce: opCount 112 sendbuff 0x7f1498d7dc00 recvbuff 0x7f1498d7dc00 count 7087872 datatype 7 op 0 root 0 comm 0x10397e50 [nranks=4] stream 0xbbe4af0
sciml2402:660887:661530 [1] NCCL INFO AllReduce: opCount 113 sendbuff 0x7f37bc887800 recvbuff 0x7f37bc887800 count 7087872 datatype 7 op 0 root 0 comm 0xe18e0b0 [nranks=4] stream 0xe190c30
sciml2402:660889:661536 [3] NCCL INFO AllReduce: opCount 113 sendbuff 0x7f149a887800 recvbuff 0x7f149a887800 count 7087872 datatype 7 op 0 root 0 comm 0x10397e50 [nranks=4] stream 0xbbe4af0
sciml2402:660887:661530 [1] NCCL INFO AllReduce: opCount 114 sendbuff 0x7f3724000000 recvbuff 0x7f3724000000 count 7087872 datatype 7 op 0 root 0 comm 0xe18e0b0 [nranks=4] stream 0xe190c30
sciml2402:660889:661536 [3] NCCL INFO AllReduce: opCount 114 sendbuff 0x7f1406000000 recvbuff 0x7f1406000000 count 7087872 datatype 7 op 0 root 0 comm 0x10397e50 [nranks=4] stream 0xbbe4af0
sciml2402:660887:661530 [1] NCCL INFO AllReduce: opCount 115 sendbuff 0x7f3725b09c00 recvbuff 0x7f3725b09c00 count 7087872 datatype 7 op 0 root 0 comm 0xe18e0b0 [nranks=4] stream 0xe190c30
sciml2402:660886:661524 [0] NCCL INFO AllReduce: opCount 115 sendbuff 0x7f0a39b09c00 recvbuff 0x7f0a39b09c00 count 7087872 datatype 7 op 0 root 0 comm 0xc4925f0 [nranks=4] stream 0xc4961b0
sciml2402:660888:661528 [2] NCCL INFO AllReduce: opCount 115 sendbuff 0x7f0a59b09c00 recvbuff 0x7f0a59b09c00 count 7087872 datatype 7 op 0 root 0 comm 0xf66d570 [nranks=4] stream 0xc0632b0
sciml2402:660889:661536 [3] NCCL INFO AllReduce: opCount 115 sendbuff 0x7f1407b09c00 recvbuff 0x7f1407b09c00 count 7087872 datatype 7 op 0 root 0 comm 0x10397e50 [nranks=4] stream 0xbbe4af0
sciml2402:660886:661524 [0] NCCL INFO AllReduce: opCount 116 sendbuff 0x7f0a3b613800 recvbuff 0x7f0a3b613800 count 7087872 datatype 7 op 0 root 0 comm 0xc4925f0 [nranks=4] stream 0xc4961b0
sciml2402:660888:661528 [2] NCCL INFO AllReduce: opCount 116 sendbuff 0x7f0a5b613800 recvbuff 0x7f0a5b613800 count 7087872 datatype 7 op 0 root 0 comm 0xf66d570 [nranks=4] stream 0xc0632b0
sciml2402:660889:661536 [3] NCCL INFO AllReduce: opCount 116 sendbuff 0x7f1409613800 recvbuff 0x7f1409613800 count 7087872 datatype 7 op 0 root 0 comm 0x10397e50 [nranks=4] stream 0xbbe4af0
sciml2402:660887:661530 [1] NCCL INFO AllReduce: opCount 116 sendbuff 0x7f3727613800 recvbuff 0x7f3727613800 count 7087872 datatype 7 op 0 root 0 comm 0xe18e0b0 [nranks=4] stream 0xe190c30
sciml2402:660886:661524 [0] NCCL INFO AllReduce: opCount 117 sendbuff 0x7f0aa6000000 recvbuff 0x7f0aa6000000 count 44112384 datatype 7 op 0 root 0 comm 0xc4925f0 [nranks=4] stream 0xc4961b0
sciml2402:660888:661528 [2] NCCL INFO AllReduce: opCount 117 sendbuff 0x7f0ac2000000 recvbuff 0x7f0ac2000000 count 44112384 datatype 7 op 0 root 0 comm 0xf66d570 [nranks=4] stream 0xc0632b0
sciml2402:660889:661536 [3] NCCL INFO AllReduce: opCount 117 sendbuff 0x7f1472000000 recvbuff 0x7f1472000000 count 44112384 datatype 7 op 0 root 0 comm 0x10397e50 [nranks=4] stream 0xbbe4af0
sciml2402:660887:661530 [1] NCCL INFO AllReduce: opCount 117 sendbuff 0x7f3794000000 recvbuff 0x7f3794000000 count 44112384 datatype 7 op 0 root 0 comm 0xe18e0b0 [nranks=4] stream 0xe190c30
sciml2402:660886:660886 [0] NCCL INFO Broadcast: opCount 118 sendbuff 0x7f0a10000000 recvbuff 0x7f0a10000000 count 12582912 datatype 0 op 0 root 0 comm 0xc4925f0 [nranks=4] stream 0xc4961b0
sciml2402:660886:660886 [0] NCCL INFO Broadcast: opCount 119 sendbuff 0x7f0ac3ff8000 recvbuff 0x7f0ac3ff8000 count 48 datatype 0 op 0 root 0 comm 0xc4925f0 [nranks=4] stream 0xc4961b0
sciml2402:660888:660888 [2] NCCL INFO Broadcast: opCount 118 sendbuff 0x7f0a32000000 recvbuff 0x7f0a32000000 count 12582912 datatype 0 op 0 root 0 comm 0xf66d570 [nranks=4] stream 0xc0632b0
sciml2402:660889:660889 [3] NCCL INFO Broadcast: opCount 118 sendbuff 0x7f13e0000000 recvbuff 0x7f13e0000000 count 12582912 datatype 0 op 0 root 0 comm 0x10397e50 [nranks=4] stream 0xbbe4af0
sciml2402:660888:660888 [2] NCCL INFO Broadcast: opCount 119 sendbuff 0x7f0b5b5d8800 recvbuff 0x7f0b5b5d8800 count 48 datatype 0 op 0 root 0 comm 0xf66d570 [nranks=4] stream 0xc0632b0
sciml2402:660889:660889 [3] NCCL INFO Broadcast: opCount 119 sendbuff 0x7f150b5d8800 recvbuff 0x7f150b5d8800 count 48 datatype 0 op 0 root 0 comm 0x10397e50 [nranks=4] stream 0xbbe4af0
sciml2402:660887:660887 [1] NCCL INFO Broadcast: opCount 118 sendbuff 0x7f36fe000000 recvbuff 0x7f36fe000000 count 12582912 datatype 0 op 0 root 0 comm 0xe18e0b0 [nranks=4] stream 0xe190c30
sciml2402:660887:660887 [1] NCCL INFO Broadcast: opCount 119 sendbuff 0x7f38275d8800 recvbuff 0x7f38275d8800 count 48 datatype 0 op 0 root 0 comm 0xe18e0b0 [nranks=4] stream 0xe190c30
sciml2402:660888:661528 [2] NCCL INFO AllReduce: opCount 11a sendbuff 0x7f0b64c00000 recvbuff 0x7f0b64c00000 count 2361600 datatype 7 op 0 root 0 comm 0xf66d570 [nranks=4] stream 0xc0632b0
sciml2402:660886:661524 [0] NCCL INFO AllReduce: opCount 11a sendbuff 0x7f0b06600000 recvbuff 0x7f0b06600000 count 2361600 datatype 7 op 0 root 0 comm 0xc4925f0 [nranks=4] stream 0xc4961b0
sciml2402:660889:661536 [3] NCCL INFO AllReduce: opCount 11a sendbuff 0x7f1512600000 recvbuff 0x7f1512600000 count 2361600 datatype 7 op 0 root 0 comm 0x10397e50 [nranks=4] stream 0xbbe4af0
sciml2402:660888:661528 [2] NCCL INFO AllReduce: opCount 11b sendbuff 0x7f0af733d800 recvbuff 0x7f0af733d800 count 7087872 datatype 7 op 0 root 0 comm 0xf66d570 [nranks=4] stream 0xc0632b0
sciml2402:660887:661530 [1] NCCL INFO AllReduce: opCount 11a sendbuff 0x7f3836600000 recvbuff 0x7f3836600000 count 2361600 datatype 7 op 0 root 0 comm 0xe18e0b0 [nranks=4] stream 0xe190c30
sciml2402:660886:661524 [0] NCCL INFO AllReduce: opCount 11b sendbuff 0x7f0adb33d800 recvbuff 0x7f0adb33d800 count 7087872 datatype 7 op 0 root 0 comm 0xc4925f0 [nranks=4] stream 0xc4961b0
sciml2402:660889:661536 [3] NCCL INFO AllReduce: opCount 11b sendbuff 0x7f14a733d800 recvbuff 0x7f14a733d800 count 7087872 datatype 7 op 0 root 0 comm 0x10397e50 [nranks=4] stream 0xbbe4af0
