sciml2402:660887:660987 [1] NCCL INFO proxyProgressAsync opId=0x7f37fded1b70 op.type=3 op.reqBuff=0x7f37f4007740 op.respSize=80 done
sciml2402:660887:660987 [1] NCCL INFO Received and initiated operation=Setup res=0
sciml2402:660887:660973 [1] NCCL INFO ncclPollProxyResponse Received new opId=0x7f37fded1b70
sciml2402:660888:660986 [2] NCCL INFO transport/p2p.cc:204 Cuda Alloc Size 10485760 pointer 0x7f0b11400000
sciml2402:660888:660986 [2] NCCL INFO Allocated shareable buffer 0x7f0b11400000 size 10485760 ipcDesc 0x7f0b20007770
sciml2402:660888:660986 [2] NCCL INFO proxyProgressAsync opId=0x7f0b29e18f70 op.type=3 op.reqBuff=0x7f0b20007740 op.respSize=80 done
sciml2402:660888:660986 [2] NCCL INFO Received and initiated operation=Setup res=0
sciml2402:660888:660981 [2] NCCL INFO ncclPollProxyResponse Received new opId=0x7f0b29e18f70
sciml2402:660889:660985 [3] NCCL INFO transport/p2p.cc:204 Cuda Alloc Size 6291456 pointer 0x7f14c1400000
sciml2402:660889:660985 [3] NCCL INFO Allocated shareable buffer 0x7f14c1400000 size 6291456 ipcDesc 0x7f14d0007770
sciml2402:660889:660985 [3] NCCL INFO proxyProgressAsync opId=0x7f14d9ece530 op.type=3 op.reqBuff=0x7f14d0007740 op.respSize=80 done
sciml2402:660889:660985 [3] NCCL INFO Received and initiated operation=Setup res=0
sciml2402:660889:660974 [3] NCCL INFO ncclPollProxyResponse Received new opId=0x7f14d9ece530
sciml2402:660886:660972 [0] NCCL INFO recvOpId=0x7f0b29e91940 matches expected opId=0x7f0b29e91940
sciml2402:660887:660973 [1] NCCL INFO recvOpId=0x7f37fded1b70 matches expected opId=0x7f37fded1b70
sciml2402:660888:660981 [2] NCCL INFO recvOpId=0x7f0b29e18f70 matches expected opId=0x7f0b29e18f70
sciml2402:660889:660974 [3] NCCL INFO recvOpId=0x7f14d9ece530 matches expected opId=0x7f14d9ece530
sciml2402:660886:660984 [0] NCCL INFO New proxy recv connection 1 from local rank 0, transport 0
sciml2402:660886:660984 [0] NCCL INFO proxyProgressAsync opId=0x7f0b29e91940 op.type=1 op.reqBuff=0x7f0b380084c0 op.respSize=16 done
sciml2402:660886:660984 [0] NCCL INFO Received and initiated operation=Init res=0
sciml2402:660886:660972 [0] NCCL INFO ncclPollProxyResponse Received new opId=0x7f0b29e91940
sciml2402:660887:660987 [1] NCCL INFO New proxy recv connection 1 from local rank 1, transport 0
sciml2402:660887:660987 [1] NCCL INFO proxyProgressAsync opId=0x7f37fded1b70 op.type=1 op.reqBuff=0x7f37f40084b0 op.respSize=16 done
sciml2402:660887:660987 [1] NCCL INFO Received and initiated operation=Init res=0
sciml2402:660887:660973 [1] NCCL INFO ncclPollProxyResponse Received new opId=0x7f37fded1b70
sciml2402:660889:660985 [3] NCCL INFO New proxy recv connection 1 from local rank 3, transport 0
sciml2402:660889:660985 [3] NCCL INFO proxyProgressAsync opId=0x7f14d9ece530 op.type=1 op.reqBuff=0x7f14d00084b0 op.respSize=16 done
sciml2402:660889:660985 [3] NCCL INFO Received and initiated operation=Init res=0
sciml2402:660889:660974 [3] NCCL INFO ncclPollProxyResponse Received new opId=0x7f14d9ece530
sciml2402:660888:660986 [2] NCCL INFO New proxy recv connection 1 from local rank 2, transport 0
sciml2402:660888:660986 [2] NCCL INFO proxyProgressAsync opId=0x7f0b29e18f70 op.type=1 op.reqBuff=0x7f0b200084b0 op.respSize=16 done
sciml2402:660888:660986 [2] NCCL INFO Received and initiated operation=Init res=0
sciml2402:660888:660981 [2] NCCL INFO ncclPollProxyResponse Received new opId=0x7f0b29e18f70
sciml2402:660886:660972 [0] NCCL INFO recvOpId=0x7f0b29e91940 matches expected opId=0x7f0b29e91940
sciml2402:660886:660972 [0] NCCL INFO Connection to proxy localRank 0 -> connection 0x7f0b38005010
sciml2402:660887:660973 [1] NCCL INFO recvOpId=0x7f37fded1b70 matches expected opId=0x7f37fded1b70
sciml2402:660887:660973 [1] NCCL INFO Connection to proxy localRank 1 -> connection 0x7f37f4004f80
sciml2402:660886:660984 [0] NCCL INFO transport/p2p.cc:204 Cuda Alloc Size 10485760 pointer 0x7f0af7400000
sciml2402:660886:660984 [0] NCCL INFO Allocated shareable buffer 0x7f0af7400000 size 10485760 ipcDesc 0x7f0b38008530
sciml2402:660886:660984 [0] NCCL INFO proxyProgressAsync opId=0x7f0b29e91940 op.type=3 op.reqBuff=0x7f0b38008500 op.respSize=80 done
sciml2402:660886:660984 [0] NCCL INFO Received and initiated operation=Setup res=0
sciml2402:660886:660972 [0] NCCL INFO ncclPollProxyResponse Received new opId=0x7f0b29e91940
sciml2402:660887:660987 [1] NCCL INFO transport/p2p.cc:204 Cuda Alloc Size 6291456 pointer 0x7f37e3a00000
sciml2402:660887:660987 [1] NCCL INFO Allocated shareable buffer 0x7f37e3a00000 size 6291456 ipcDesc 0x7f37f4008520
sciml2402:660887:660987 [1] NCCL INFO proxyProgressAsync opId=0x7f37fded1b70 op.type=3 op.reqBuff=0x7f37f40084f0 op.respSize=80 done
sciml2402:660887:660987 [1] NCCL INFO Received and initiated operation=Setup res=0
sciml2402:660887:660973 [1] NCCL INFO ncclPollProxyResponse Received new opId=0x7f37fded1b70
sciml2402:660889:660974 [3] NCCL INFO recvOpId=0x7f14d9ece530 matches expected opId=0x7f14d9ece530
sciml2402:660889:660974 [3] NCCL INFO Connection to proxy localRank 3 -> connection 0x7f14d0004f80
sciml2402:660888:660981 [2] NCCL INFO recvOpId=0x7f0b29e18f70 matches expected opId=0x7f0b29e18f70
sciml2402:660888:660981 [2] NCCL INFO Connection to proxy localRank 2 -> connection 0x7f0b20004f80
sciml2402:660889:660985 [3] NCCL INFO transport/p2p.cc:204 Cuda Alloc Size 6291456 pointer 0x7f14c1a00000
sciml2402:660889:660985 [3] NCCL INFO Allocated shareable buffer 0x7f14c1a00000 size 6291456 ipcDesc 0x7f14d0008520
sciml2402:660889:660985 [3] NCCL INFO proxyProgressAsync opId=0x7f14d9ece530 op.type=3 op.reqBuff=0x7f14d00084f0 op.respSize=80 done
sciml2402:660889:660985 [3] NCCL INFO Received and initiated operation=Setup res=0
sciml2402:660889:660974 [3] NCCL INFO ncclPollProxyResponse Received new opId=0x7f14d9ece530
sciml2402:660886:660972 [0] NCCL INFO recvOpId=0x7f0b29e91940 matches expected opId=0x7f0b29e91940
sciml2402:660887:660973 [1] NCCL INFO recvOpId=0x7f37fded1b70 matches expected opId=0x7f37fded1b70
sciml2402:660888:660986 [2] NCCL INFO transport/p2p.cc:204 Cuda Alloc Size 10485760 pointer 0x7f0b37400000
sciml2402:660888:660986 [2] NCCL INFO Allocated shareable buffer 0x7f0b37400000 size 10485760 ipcDesc 0x7f0b20008520
sciml2402:660888:660986 [2] NCCL INFO proxyProgressAsync opId=0x7f0b29e18f70 op.type=3 op.reqBuff=0x7f0b200084f0 op.respSize=80 done
sciml2402:660888:660986 [2] NCCL INFO Received and initiated operation=Setup res=0
sciml2402:660888:660981 [2] NCCL INFO ncclPollProxyResponse Received new opId=0x7f0b29e18f70
sciml2402:660886:660984 [0] NCCL INFO New proxy recv connection 2 from local rank 0, transport 0
sciml2402:660886:660984 [0] NCCL INFO proxyProgressAsync opId=0x7f0b29e91940 op.type=1 op.reqBuff=0x7f0b38009220 op.respSize=16 done
sciml2402:660886:660984 [0] NCCL INFO Received and initiated operation=Init res=0
sciml2402:660886:660972 [0] NCCL INFO ncclPollProxyResponse Received new opId=0x7f0b29e91940
sciml2402:660887:660987 [1] NCCL INFO New proxy recv connection 2 from local rank 1, transport 0
sciml2402:660887:660987 [1] NCCL INFO proxyProgressAsync opId=0x7f37fded1b70 op.type=1 op.reqBuff=0x7f37f4008f90 op.respSize=16 done
sciml2402:660887:660987 [1] NCCL INFO Received and initiated operation=Init res=0
sciml2402:660887:660973 [1] NCCL INFO ncclPollProxyResponse Received new opId=0x7f37fded1b70
sciml2402:660889:660974 [3] NCCL INFO recvOpId=0x7f14d9ece530 matches expected opId=0x7f14d9ece530
sciml2402:660888:660981 [2] NCCL INFO recvOpId=0x7f0b29e18f70 matches expected opId=0x7f0b29e18f70
sciml2402:660887:660973 [1] NCCL INFO recvOpId=0x7f37fded1b70 matches expected opId=0x7f37fded1b70
sciml2402:660886:660972 [0] NCCL INFO recvOpId=0x7f0b29e91940 matches expected opId=0x7f0b29e91940
sciml2402:660886:660972 [0] NCCL INFO Connection to proxy localRank 0 -> connection 0x7f0b38005060
sciml2402:660887:660973 [1] NCCL INFO Connection to proxy localRank 1 -> connection 0x7f37f4004fd0
sciml2402:660889:660985 [3] NCCL INFO New proxy recv connection 2 from local rank 3, transport 0
sciml2402:660889:660985 [3] NCCL INFO proxyProgressAsync opId=0x7f14d9ece530 op.type=1 op.reqBuff=0x7f14d0009170 op.respSize=16 done
sciml2402:660889:660985 [3] NCCL INFO Received and initiated operation=Init res=0
sciml2402:660889:660974 [3] NCCL INFO ncclPollProxyResponse Received new opId=0x7f14d9ece530
sciml2402:660886:660984 [0] NCCL INFO transport/p2p.cc:204 Cuda Alloc Size 10485760 pointer 0x7f0af9600000
sciml2402:660886:660984 [0] NCCL INFO Allocated shareable buffer 0x7f0af9600000 size 10485760 ipcDesc 0x7f0b38009270
sciml2402:660886:660984 [0] NCCL INFO proxyProgressAsync opId=0x7f0b29e91940 op.type=3 op.reqBuff=0x7f0b38009240 op.respSize=80 done
sciml2402:660886:660972 [0] NCCL INFO ncclPollProxyResponse Received new opId=0x7f0b29e91940
sciml2402:660886:660984 [0] NCCL INFO Received and initiated operation=Setup res=0
sciml2402:660887:660987 [1] NCCL INFO transport/p2p.cc:204 Cuda Alloc Size 6291456 pointer 0x7f37e5400000
sciml2402:660887:660987 [1] NCCL INFO Allocated shareable buffer 0x7f37e5400000 size 6291456 ipcDesc 0x7f37f4008fe0
sciml2402:660887:660987 [1] NCCL INFO proxyProgressAsync opId=0x7f37fded1b70 op.type=3 op.reqBuff=0x7f37f4008fb0 op.respSize=80 done
sciml2402:660887:660987 [1] NCCL INFO Received and initiated operation=Setup res=0
sciml2402:660887:660973 [1] NCCL INFO ncclPollProxyResponse Received new opId=0x7f37fded1b70
sciml2402:660888:660986 [2] NCCL INFO New proxy recv connection 2 from local rank 2, transport 0
sciml2402:660888:660986 [2] NCCL INFO proxyProgressAsync opId=0x7f0b29e18f70 op.type=1 op.reqBuff=0x7f0b20009210 op.respSize=16 done
sciml2402:660888:660986 [2] NCCL INFO Received and initiated operation=Init res=0
sciml2402:660888:660981 [2] NCCL INFO ncclPollProxyResponse Received new opId=0x7f0b29e18f70
sciml2402:660889:660974 [3] NCCL INFO recvOpId=0x7f14d9ece530 matches expected opId=0x7f14d9ece530
sciml2402:660889:660974 [3] NCCL INFO Connection to proxy localRank 3 -> connection 0x7f14d0004fd0
sciml2402:660886:660972 [0] NCCL INFO recvOpId=0x7f0b29e91940 matches expected opId=0x7f0b29e91940
sciml2402:660887:660973 [1] NCCL INFO recvOpId=0x7f37fded1b70 matches expected opId=0x7f37fded1b70
sciml2402:660888:660981 [2] NCCL INFO recvOpId=0x7f0b29e18f70 matches expected opId=0x7f0b29e18f70
sciml2402:660888:660981 [2] NCCL INFO Connection to proxy localRank 2 -> connection 0x7f0b20004fd0
sciml2402:660886:660984 [0] NCCL INFO New proxy recv connection 3 from local rank 0, transport 0
sciml2402:660886:660984 [0] NCCL INFO proxyProgressAsync opId=0x7f0b29e91940 op.type=1 op.reqBuff=0x7f0b38009240 op.respSize=16 done
sciml2402:660886:660984 [0] NCCL INFO Received and initiated operation=Init res=0
sciml2402:660886:660972 [0] NCCL INFO ncclPollProxyResponse Received new opId=0x7f0b29e91940
sciml2402:660887:660987 [1] NCCL INFO New proxy recv connection 3 from local rank 1, transport 0
sciml2402:660887:660987 [1] NCCL INFO proxyProgressAsync opId=0x7f37fded1b70 op.type=1 op.reqBuff=0x7f37f4008fb0 op.respSize=16 done
sciml2402:660887:660987 [1] NCCL INFO Received and initiated operation=Init res=0
sciml2402:660887:660973 [1] NCCL INFO ncclPollProxyResponse Received new opId=0x7f37fded1b70
sciml2402:660889:660985 [3] NCCL INFO transport/p2p.cc:204 Cuda Alloc Size 6291456 pointer 0x7f14e7400000
sciml2402:660889:660985 [3] NCCL INFO Allocated shareable buffer 0x7f14e7400000 size 6291456 ipcDesc 0x7f14d00091c0
sciml2402:660889:660985 [3] NCCL INFO proxyProgressAsync opId=0x7f14d9ece530 op.type=3 op.reqBuff=0x7f14d0009190 op.respSize=80 done
sciml2402:660889:660985 [3] NCCL INFO Received and initiated operation=Setup res=0
sciml2402:660889:660974 [3] NCCL INFO ncclPollProxyResponse Received new opId=0x7f14d9ece530
sciml2402:660888:660986 [2] NCCL INFO transport/p2p.cc:204 Cuda Alloc Size 10485760 pointer 0x7f0b39600000
sciml2402:660888:660986 [2] NCCL INFO Allocated shareable buffer 0x7f0b39600000 size 10485760 ipcDesc 0x7f0b20009260
sciml2402:660888:660986 [2] NCCL INFO proxyProgressAsync opId=0x7f0b29e18f70 op.type=3 op.reqBuff=0x7f0b20009230 op.respSize=80 done
sciml2402:660888:660986 [2] NCCL INFO Received and initiated operation=Setup res=0
sciml2402:660888:660981 [2] NCCL INFO ncclPollProxyResponse Received new opId=0x7f0b29e18f70
sciml2402:660887:660973 [1] NCCL INFO recvOpId=0x7f37fded1b70 matches expected opId=0x7f37fded1b70
sciml2402:660887:660973 [1] NCCL INFO Connection to proxy localRank 1 -> connection 0x7f37f4005020
sciml2402:660886:660972 [0] NCCL INFO recvOpId=0x7f0b29e91940 matches expected opId=0x7f0b29e91940
sciml2402:660886:660972 [0] NCCL INFO Connection to proxy localRank 0 -> connection 0x7f0b380050b0
sciml2402:660889:660974 [3] NCCL INFO recvOpId=0x7f14d9ece530 matches expected opId=0x7f14d9ece530
sciml2402:660886:660984 [0] NCCL INFO transport/p2p.cc:204 Cuda Alloc Size 10485760 pointer 0x7f0afb400000
sciml2402:660886:660984 [0] NCCL INFO Allocated shareable buffer 0x7f0afb400000 size 10485760 ipcDesc 0x7f0b38009d10
sciml2402:660886:660984 [0] NCCL INFO proxyProgressAsync opId=0x7f0b29e91940 op.type=3 op.reqBuff=0x7f0b38009ce0 op.respSize=80 done
sciml2402:660886:660984 [0] NCCL INFO Received and initiated operation=Setup res=0
sciml2402:660886:660972 [0] NCCL INFO ncclPollProxyResponse Received new opId=0x7f0b29e91940
sciml2402:660887:660987 [1] NCCL INFO transport/p2p.cc:204 Cuda Alloc Size 6291456 pointer 0x7f37e5a00000
sciml2402:660887:660987 [1] NCCL INFO Allocated shareable buffer 0x7f37e5a00000 size 6291456 ipcDesc 0x7f37f4009d00
sciml2402:660887:660987 [1] NCCL INFO proxyProgressAsync opId=0x7f37fded1b70 op.type=3 op.reqBuff=0x7f37f4009cd0 op.respSize=80 done
sciml2402:660887:660973 [1] NCCL INFO ncclPollProxyResponse Received new opId=0x7f37fded1b70
sciml2402:660887:660987 [1] NCCL INFO Received and initiated operation=Setup res=0
sciml2402:660888:660981 [2] NCCL INFO recvOpId=0x7f0b29e18f70 matches expected opId=0x7f0b29e18f70
sciml2402:660888:660986 [2] NCCL INFO New proxy recv connection 3 from local rank 2, transport 0
sciml2402:660889:660985 [3] NCCL INFO New proxy recv connection 3 from local rank 3, transport 0
sciml2402:660888:660986 [2] NCCL INFO proxyProgressAsync opId=0x7f0b29e18f70 op.type=1 op.reqBuff=0x7f0b20009230 op.respSize=16 done
sciml2402:660888:660986 [2] NCCL INFO Received and initiated operation=Init res=0
sciml2402:660888:660981 [2] NCCL INFO ncclPollProxyResponse Received new opId=0x7f0b29e18f70
sciml2402:660889:660985 [3] NCCL INFO proxyProgressAsync opId=0x7f14d9ece530 op.type=1 op.reqBuff=0x7f14d0009190 op.respSize=16 done
sciml2402:660889:660985 [3] NCCL INFO Received and initiated operation=Init res=0
sciml2402:660889:660974 [3] NCCL INFO ncclPollProxyResponse Received new opId=0x7f14d9ece530
sciml2402:660886:660972 [0] NCCL INFO recvOpId=0x7f0b29e91940 matches expected opId=0x7f0b29e91940
sciml2402:660886:660972 [0] NCCL INFO Channel 00/0 : 0[45000] -> 1[46000] via P2P/IPC/read
sciml2402:660887:660973 [1] NCCL INFO recvOpId=0x7f37fded1b70 matches expected opId=0x7f37fded1b70
sciml2402:660887:660973 [1] NCCL INFO Channel 00/0 : 1[46000] -> 2[c5000] via P2P/IPC
sciml2402:660886:660984 [0] NCCL INFO New proxy send connection 4 from local rank 0, transport 0
sciml2402:660886:660984 [0] NCCL INFO proxyProgressAsync opId=0x7f0b29e91940 op.type=1 op.reqBuff=0x7f0b38009ce0 op.respSize=16 done
sciml2402:660886:660984 [0] NCCL INFO Received and initiated operation=Init res=0
sciml2402:660886:660972 [0] NCCL INFO ncclPollProxyResponse Received new opId=0x7f0b29e91940
sciml2402:660887:660987 [1] NCCL INFO New proxy send connection 4 from local rank 1, transport 0
sciml2402:660887:660987 [1] NCCL INFO proxyProgressAsync opId=0x7f37fded1b70 op.type=1 op.reqBuff=0x7f37f4009cd0 op.respSize=16 done
sciml2402:660887:660987 [1] NCCL INFO Received and initiated operation=Init res=0
sciml2402:660887:660973 [1] NCCL INFO ncclPollProxyResponse Received new opId=0x7f37fded1b70
sciml2402:660888:660981 [2] NCCL INFO recvOpId=0x7f0b29e18f70 matches expected opId=0x7f0b29e18f70
sciml2402:660889:660974 [3] NCCL INFO recvOpId=0x7f14d9ece530 matches expected opId=0x7f14d9ece530
sciml2402:660888:660981 [2] NCCL INFO Connection to proxy localRank 2 -> connection 0x7f0b20005020
sciml2402:660889:660974 [3] NCCL INFO Connection to proxy localRank 3 -> connection 0x7f14d0005020
sciml2402:660889:660985 [3] NCCL INFO transport/p2p.cc:204 Cuda Alloc Size 6291456 pointer 0x7f14e7a00000
sciml2402:660889:660985 [3] NCCL INFO Allocated shareable buffer 0x7f14e7a00000 size 6291456 ipcDesc 0x7f14d0009ee0
sciml2402:660889:660985 [3] NCCL INFO proxyProgressAsync opId=0x7f14d9ece530 op.type=3 op.reqBuff=0x7f14d0009eb0 op.respSize=80 done
sciml2402:660889:660985 [3] NCCL INFO Received and initiated operation=Setup res=0
sciml2402:660889:660974 [3] NCCL INFO ncclPollProxyResponse Received new opId=0x7f14d9ece530
sciml2402:660886:660972 [0] NCCL INFO recvOpId=0x7f0b29e91940 matches expected opId=0x7f0b29e91940
sciml2402:660886:660972 [0] NCCL INFO Connection to proxy localRank 0 -> connection 0x7f0b38005100
sciml2402:660887:660973 [1] NCCL INFO recvOpId=0x7f37fded1b70 matches expected opId=0x7f37fded1b70
sciml2402:660887:660973 [1] NCCL INFO Connection to proxy localRank 1 -> connection 0x7f37f4005070
sciml2402:660888:660986 [2] NCCL INFO transport/p2p.cc:204 Cuda Alloc Size 10485760 pointer 0x7f0b3b400000
sciml2402:660888:660986 [2] NCCL INFO Allocated shareable buffer 0x7f0b3b400000 size 10485760 ipcDesc 0x7f0b20009d00
sciml2402:660888:660986 [2] NCCL INFO proxyProgressAsync opId=0x7f0b29e18f70 op.type=3 op.reqBuff=0x7f0b20009cd0 op.respSize=80 done
sciml2402:660888:660986 [2] NCCL INFO Received and initiated operation=Setup res=0
sciml2402:660888:660981 [2] NCCL INFO ncclPollProxyResponse Received new opId=0x7f0b29e18f70
sciml2402:660886:660984 [0] NCCL INFO transport/p2p.cc:204 Cuda Alloc Size 6291456 pointer 0x7f0afd400000
sciml2402:660886:660984 [0] NCCL INFO Allocated shareable buffer 0x7f0afd400000 size 6291456 ipcDesc 0x7f0b3800aa10
sciml2402:660886:660984 [0] NCCL INFO proxyProgressAsync opId=0x7f0b29e91940 op.type=3 op.reqBuff=0x7f0b3800a9e0 op.respSize=80 done
sciml2402:660886:660972 [0] NCCL INFO ncclPollProxyResponse Received new opId=0x7f0b29e91940
sciml2402:660886:660984 [0] NCCL INFO Received and initiated operation=Setup res=0
sciml2402:660887:660987 [1] NCCL INFO transport/p2p.cc:204 Cuda Alloc Size 2097152 pointer 0x7f380b600000
sciml2402:660887:660987 [1] NCCL INFO Allocated shareable buffer 0x7f380b600000 size 2097152 ipcDesc 0x7f37f400a960
sciml2402:660887:660987 [1] NCCL INFO proxyProgressAsync opId=0x7f37fded1b70 op.type=3 op.reqBuff=0x7f37f400a930 op.respSize=80 done
sciml2402:660887:660973 [1] NCCL INFO ncclPollProxyResponse Received new opId=0x7f37fded1b70
sciml2402:660887:660987 [1] NCCL INFO Received and initiated operation=Setup res=0
sciml2402:660889:660974 [3] NCCL INFO recvOpId=0x7f14d9ece530 matches expected opId=0x7f14d9ece530
sciml2402:660889:660974 [3] NCCL INFO Channel 00/0 : 3[c6000] -> 0[45000] via P2P/IPC
sciml2402:660888:660981 [2] NCCL INFO recvOpId=0x7f0b29e18f70 matches expected opId=0x7f0b29e18f70
sciml2402:660888:660981 [2] NCCL INFO Channel 00/0 : 2[c5000] -> 3[c6000] via P2P/IPC/read
sciml2402:660886:660972 [0] NCCL INFO recvOpId=0x7f0b29e91940 matches expected opId=0x7f0b29e91940
sciml2402:660886:660972 [0] NCCL INFO Channel 01/0 : 0[45000] -> 1[46000] via P2P/IPC/read
sciml2402:660889:660985 [3] NCCL INFO New proxy send connection 4 from local rank 3, transport 0
sciml2402:660889:660985 [3] NCCL INFO proxyProgressAsync opId=0x7f14d9ece530 op.type=1 op.reqBuff=0x7f14d0009eb0 op.respSize=16 done
sciml2402:660889:660985 [3] NCCL INFO Received and initiated operation=Init res=0
sciml2402:660889:660974 [3] NCCL INFO ncclPollProxyResponse Received new opId=0x7f14d9ece530
sciml2402:660887:660973 [1] NCCL INFO recvOpId=0x7f37fded1b70 matches expected opId=0x7f37fded1b70
sciml2402:660887:660973 [1] NCCL INFO Channel 01/0 : 1[46000] -> 2[c5000] via P2P/IPC
sciml2402:660886:660984 [0] NCCL INFO New proxy send connection 5 from local rank 0, transport 0
sciml2402:660886:660984 [0] NCCL INFO proxyProgressAsync opId=0x7f0b29e91940 op.type=1 op.reqBuff=0x7f0b3800a9e0 op.respSize=16 done
sciml2402:660886:660984 [0] NCCL INFO Received and initiated operation=Init res=0
sciml2402:660886:660972 [0] NCCL INFO ncclPollProxyResponse Received new opId=0x7f0b29e91940
sciml2402:660887:660987 [1] NCCL INFO New proxy send connection 5 from local rank 1, transport 0
sciml2402:660887:660987 [1] NCCL INFO proxyProgressAsync opId=0x7f37fded1b70 op.type=1 op.reqBuff=0x7f37f400a930 op.respSize=16 done
sciml2402:660887:660987 [1] NCCL INFO Received and initiated operation=Init res=0
sciml2402:660887:660973 [1] NCCL INFO ncclPollProxyResponse Received new opId=0x7f37fded1b70
sciml2402:660888:660986 [2] NCCL INFO New proxy send connection 4 from local rank 2, transport 0
sciml2402:660888:660986 [2] NCCL INFO proxyProgressAsync opId=0x7f0b29e18f70 op.type=1 op.reqBuff=0x7f0b20009cd0 op.respSize=16 done
sciml2402:660888:660986 [2] NCCL INFO Received and initiated operation=Init res=0
sciml2402:660888:660981 [2] NCCL INFO ncclPollProxyResponse Received new opId=0x7f0b29e18f70
sciml2402:660889:660974 [3] NCCL INFO recvOpId=0x7f14d9ece530 matches expected opId=0x7f14d9ece530
sciml2402:660889:660974 [3] NCCL INFO Connection to proxy localRank 3 -> connection 0x7f14d0005070
sciml2402:660886:660972 [0] NCCL INFO recvOpId=0x7f0b29e91940 matches expected opId=0x7f0b29e91940
sciml2402:660887:660973 [1] NCCL INFO recvOpId=0x7f37fded1b70 matches expected opId=0x7f37fded1b70
sciml2402:660886:660972 [0] NCCL INFO Connection to proxy localRank 0 -> connection 0x7f0b38005150
sciml2402:660887:660973 [1] NCCL INFO Connection to proxy localRank 1 -> connection 0x7f37f40050c0
sciml2402:660889:660985 [3] NCCL INFO transport/p2p.cc:204 Cuda Alloc Size 2097152 pointer 0x7f14e9600000
sciml2402:660889:660985 [3] NCCL INFO Allocated shareable buffer 0x7f14e9600000 size 2097152 ipcDesc 0x7f14d000a960
sciml2402:660886:660984 [0] NCCL INFO transport/p2p.cc:204 Cuda Alloc Size 6291456 pointer 0x7f0afda00000
sciml2402:660889:660985 [3] NCCL INFO proxyProgressAsync opId=0x7f14d9ece530 op.type=3 op.reqBuff=0x7f14d000a930 op.respSize=80 done
sciml2402:660886:660984 [0] NCCL INFO Allocated shareable buffer 0x7f0afda00000 size 6291456 ipcDesc 0x7f0b3800b710
sciml2402:660886:660984 [0] NCCL INFO proxyProgressAsync opId=0x7f0b29e91940 op.type=3 op.reqBuff=0x7f0b3800b6e0 op.respSize=80 done
sciml2402:660886:660984 [0] NCCL INFO Received and initiated operation=Setup res=0
sciml2402:660886:660972 [0] NCCL INFO ncclPollProxyResponse Received new opId=0x7f0b29e91940
sciml2402:660889:660985 [3] NCCL INFO Received and initiated operation=Setup res=0
sciml2402:660889:660974 [3] NCCL INFO ncclPollProxyResponse Received new opId=0x7f14d9ece530
sciml2402:660888:660981 [2] NCCL INFO recvOpId=0x7f0b29e18f70 matches expected opId=0x7f0b29e18f70
sciml2402:660888:660981 [2] NCCL INFO Connection to proxy localRank 2 -> connection 0x7f0b20005070
sciml2402:660887:660987 [1] NCCL INFO transport/p2p.cc:204 Cuda Alloc Size 2097152 pointer 0x7f380b800000
sciml2402:660887:660987 [1] NCCL INFO Allocated shareable buffer 0x7f380b800000 size 2097152 ipcDesc 0x7f37f400b660
sciml2402:660887:660987 [1] NCCL INFO proxyProgressAsync opId=0x7f37fded1b70 op.type=3 op.reqBuff=0x7f37f400b630 op.respSize=80 done
sciml2402:660887:660987 [1] NCCL INFO Received and initiated operation=Setup res=0
sciml2402:660887:660973 [1] NCCL INFO ncclPollProxyResponse Received new opId=0x7f37fded1b70
sciml2402:660889:660974 [3] NCCL INFO recvOpId=0x7f14d9ece530 matches expected opId=0x7f14d9ece530
sciml2402:660886:660972 [0] NCCL INFO recvOpId=0x7f0b29e91940 matches expected opId=0x7f0b29e91940
sciml2402:660886:660972 [0] NCCL INFO Channel 02/0 : 0[45000] -> 1[46000] via P2P/IPC/read
sciml2402:660889:660974 [3] NCCL INFO Channel 01/0 : 3[c6000] -> 0[45000] via P2P/IPC
sciml2402:660888:660986 [2] NCCL INFO transport/p2p.cc:204 Cuda Alloc Size 6291456 pointer 0x7f0b3d400000
sciml2402:660888:660986 [2] NCCL INFO Allocated shareable buffer 0x7f0b3d400000 size 6291456 ipcDesc 0x7f0b2000aa00
sciml2402:660888:660986 [2] NCCL INFO proxyProgressAsync opId=0x7f0b29e18f70 op.type=3 op.reqBuff=0x7f0b2000a9d0 op.respSize=80 done
sciml2402:660888:660986 [2] NCCL INFO Received and initiated operation=Setup res=0
sciml2402:660888:660981 [2] NCCL INFO ncclPollProxyResponse Received new opId=0x7f0b29e18f70
sciml2402:660887:660973 [1] NCCL INFO recvOpId=0x7f37fded1b70 matches expected opId=0x7f37fded1b70
sciml2402:660887:660973 [1] NCCL INFO Channel 02/0 : 1[46000] -> 2[c5000] via P2P/IPC
sciml2402:660886:660984 [0] NCCL INFO New proxy send connection 6 from local rank 0, transport 0
sciml2402:660886:660984 [0] NCCL INFO proxyProgressAsync opId=0x7f0b29e91940 op.type=1 op.reqBuff=0x7f0b3800b6e0 op.respSize=16 done
sciml2402:660886:660984 [0] NCCL INFO Received and initiated operation=Init res=0
sciml2402:660886:660972 [0] NCCL INFO ncclPollProxyResponse Received new opId=0x7f0b29e91940
sciml2402:660887:660987 [1] NCCL INFO New proxy send connection 6 from local rank 1, transport 0
sciml2402:660887:660987 [1] NCCL INFO proxyProgressAsync opId=0x7f37fded1b70 op.type=1 op.reqBuff=0x7f37f400b630 op.respSize=16 done
sciml2402:660887:660987 [1] NCCL INFO Received and initiated operation=Init res=0
sciml2402:660889:660985 [3] NCCL INFO New proxy send connection 5 from local rank 3, transport 0
sciml2402:660889:660985 [3] NCCL INFO proxyProgressAsync opId=0x7f14d9ece530 op.type=1 op.reqBuff=0x7f14d000a930 op.respSize=16 done
sciml2402:660887:660973 [1] NCCL INFO ncclPollProxyResponse Received new opId=0x7f37fded1b70
sciml2402:660889:660985 [3] NCCL INFO Received and initiated operation=Init res=0
sciml2402:660889:660974 [3] NCCL INFO ncclPollProxyResponse Received new opId=0x7f14d9ece530
sciml2402:660888:660981 [2] NCCL INFO recvOpId=0x7f0b29e18f70 matches expected opId=0x7f0b29e18f70
sciml2402:660888:660981 [2] NCCL INFO Channel 01/0 : 2[c5000] -> 3[c6000] via P2P/IPC/read
sciml2402:660886:660972 [0] NCCL INFO recvOpId=0x7f0b29e91940 matches expected opId=0x7f0b29e91940
sciml2402:660886:660972 [0] NCCL INFO Connection to proxy localRank 0 -> connection 0x7f0b380051a0
sciml2402:660889:660974 [3] NCCL INFO recvOpId=0x7f14d9ece530 matches expected opId=0x7f14d9ece530
sciml2402:660887:660973 [1] NCCL INFO recvOpId=0x7f37fded1b70 matches expected opId=0x7f37fded1b70
sciml2402:660887:660973 [1] NCCL INFO Connection to proxy localRank 1 -> connection 0x7f37f4005110
sciml2402:660889:660974 [3] NCCL INFO Connection to proxy localRank 3 -> connection 0x7f14d00050c0
sciml2402:660886:660984 [0] NCCL INFO transport/p2p.cc:204 Cuda Alloc Size 6291456 pointer 0x7f0aff600000
sciml2402:660886:660984 [0] NCCL INFO Allocated shareable buffer 0x7f0aff600000 size 6291456 ipcDesc 0x7f0b3800c190
sciml2402:660886:660984 [0] NCCL INFO proxyProgressAsync opId=0x7f0b29e91940 op.type=3 op.reqBuff=0x7f0b3800c160 op.respSize=80 done
sciml2402:660886:660984 [0] NCCL INFO Received and initiated operation=Setup res=0
sciml2402:660886:660972 [0] NCCL INFO ncclPollProxyResponse Received new opId=0x7f0b29e91940
sciml2402:660888:660986 [2] NCCL INFO New proxy send connection 5 from local rank 2, transport 0
sciml2402:660888:660986 [2] NCCL INFO proxyProgressAsync opId=0x7f0b29e18f70 op.type=1 op.reqBuff=0x7f0b2000a9d0 op.respSize=16 done
sciml2402:660888:660986 [2] NCCL INFO Received and initiated operation=Init res=0
sciml2402:660888:660981 [2] NCCL INFO ncclPollProxyResponse Received new opId=0x7f0b29e18f70
sciml2402:660887:660987 [1] NCCL INFO transport/p2p.cc:204 Cuda Alloc Size 2097152 pointer 0x7f380ba00000
sciml2402:660887:660987 [1] NCCL INFO Allocated shareable buffer 0x7f380ba00000 size 2097152 ipcDesc 0x7f37f400c360
sciml2402:660887:660987 [1] NCCL INFO proxyProgressAsync opId=0x7f37fded1b70 op.type=3 op.reqBuff=0x7f37f400c330 op.respSize=80 done
sciml2402:660887:660973 [1] NCCL INFO ncclPollProxyResponse Received new opId=0x7f37fded1b70
sciml2402:660887:660987 [1] NCCL INFO Received and initiated operation=Setup res=0
sciml2402:660889:660985 [3] NCCL INFO transport/p2p.cc:204 Cuda Alloc Size 2097152 pointer 0x7f14e9800000
sciml2402:660889:660985 [3] NCCL INFO Allocated shareable buffer 0x7f14e9800000 size 2097152 ipcDesc 0x7f14d000b660
sciml2402:660889:660985 [3] NCCL INFO proxyProgressAsync opId=0x7f14d9ece530 op.type=3 op.reqBuff=0x7f14d000b630 op.respSize=80 done
sciml2402:660889:660985 [3] NCCL INFO Received and initiated operation=Setup res=0
sciml2402:660889:660974 [3] NCCL INFO ncclPollProxyResponse Received new opId=0x7f14d9ece530
sciml2402:660886:660972 [0] NCCL INFO recvOpId=0x7f0b29e91940 matches expected opId=0x7f0b29e91940
sciml2402:660886:660972 [0] NCCL INFO Channel 03/0 : 0[45000] -> 1[46000] via P2P/IPC/read
sciml2402:660888:660981 [2] NCCL INFO recvOpId=0x7f0b29e18f70 matches expected opId=0x7f0b29e18f70
sciml2402:660888:660981 [2] NCCL INFO Connection to proxy localRank 2 -> connection 0x7f0b200050c0
sciml2402:660887:660973 [1] NCCL INFO recvOpId=0x7f37fded1b70 matches expected opId=0x7f37fded1b70
sciml2402:660887:660973 [1] NCCL INFO Channel 03/0 : 1[46000] -> 2[c5000] via P2P/IPC
sciml2402:660886:660984 [0] NCCL INFO New proxy send connection 7 from local rank 0, transport 0
sciml2402:660886:660984 [0] NCCL INFO proxyProgressAsync opId=0x7f0b29e91940 op.type=1 op.reqBuff=0x7f0b3800c160 op.respSize=16 done
sciml2402:660886:660984 [0] NCCL INFO Received and initiated operation=Init res=0
sciml2402:660886:660972 [0] NCCL INFO ncclPollProxyResponse Received new opId=0x7f0b29e91940
sciml2402:660889:660974 [3] NCCL INFO recvOpId=0x7f14d9ece530 matches expected opId=0x7f14d9ece530
sciml2402:660887:660987 [1] NCCL INFO New proxy send connection 7 from local rank 1, transport 0
sciml2402:660887:660987 [1] NCCL INFO proxyProgressAsync opId=0x7f37fded1b70 op.type=1 op.reqBuff=0x7f37f400c330 op.respSize=16 done
sciml2402:660887:660987 [1] NCCL INFO Received and initiated operation=Init res=0
sciml2402:660887:660973 [1] NCCL INFO ncclPollProxyResponse Received new opId=0x7f37fded1b70
sciml2402:660889:660974 [3] NCCL INFO Channel 02/0 : 3[c6000] -> 0[45000] via P2P/IPC
sciml2402:660888:660986 [2] NCCL INFO transport/p2p.cc:204 Cuda Alloc Size 6291456 pointer 0x7f0b3da00000
sciml2402:660888:660986 [2] NCCL INFO Allocated shareable buffer 0x7f0b3da00000 size 6291456 ipcDesc 0x7f0b2000b700
sciml2402:660888:660986 [2] NCCL INFO proxyProgressAsync opId=0x7f0b29e18f70 op.type=3 op.reqBuff=0x7f0b2000b6d0 op.respSize=80 done
sciml2402:660888:660986 [2] NCCL INFO Received and initiated operation=Setup res=0
sciml2402:660888:660981 [2] NCCL INFO ncclPollProxyResponse Received new opId=0x7f0b29e18f70
sciml2402:660886:660972 [0] NCCL INFO recvOpId=0x7f0b29e91940 matches expected opId=0x7f0b29e91940
sciml2402:660886:660972 [0] NCCL INFO Connection to proxy localRank 0 -> connection 0x7f0b380051f0
sciml2402:660889:660985 [3] NCCL INFO New proxy send connection 6 from local rank 3, transport 0
sciml2402:660889:660985 [3] NCCL INFO proxyProgressAsync opId=0x7f14d9ece530 op.type=1 op.reqBuff=0x7f14d000b630 op.respSize=16 done
sciml2402:660889:660985 [3] NCCL INFO Received and initiated operation=Init res=0
sciml2402:660889:660974 [3] NCCL INFO ncclPollProxyResponse Received new opId=0x7f14d9ece530
sciml2402:660887:660973 [1] NCCL INFO recvOpId=0x7f37fded1b70 matches expected opId=0x7f37fded1b70
sciml2402:660887:660973 [1] NCCL INFO Connection to proxy localRank 1 -> connection 0x7f37f4005160
sciml2402:660886:660984 [0] NCCL INFO transport/p2p.cc:204 Cuda Alloc Size 6291456 pointer 0x7f0b01400000
sciml2402:660886:660984 [0] NCCL INFO Allocated shareable buffer 0x7f0b01400000 size 6291456 ipcDesc 0x7f0b3800ce90
sciml2402:660886:660984 [0] NCCL INFO proxyProgressAsync opId=0x7f0b29e91940 op.type=3 op.reqBuff=0x7f0b3800ce60 op.respSize=80 done
sciml2402:660886:660984 [0] NCCL INFO Received and initiated operation=Setup res=0
sciml2402:660886:660972 [0] NCCL INFO ncclPollProxyResponse Received new opId=0x7f0b29e91940
sciml2402:660888:660981 [2] NCCL INFO recvOpId=0x7f0b29e18f70 matches expected opId=0x7f0b29e18f70
sciml2402:660888:660981 [2] NCCL INFO Channel 02/0 : 2[c5000] -> 3[c6000] via P2P/IPC/read
sciml2402:660887:660987 [1] NCCL INFO transport/p2p.cc:204 Cuda Alloc Size 2097152 pointer 0x7f380bc00000
sciml2402:660887:660987 [1] NCCL INFO Allocated shareable buffer 0x7f380bc00000 size 2097152 ipcDesc 0x7f37f400d060
sciml2402:660887:660987 [1] NCCL INFO proxyProgressAsync opId=0x7f37fded1b70 op.type=3 op.reqBuff=0x7f37f400d030 op.respSize=80 done
sciml2402:660887:660973 [1] NCCL INFO ncclPollProxyResponse Received new opId=0x7f37fded1b70
sciml2402:660887:660987 [1] NCCL INFO Received and initiated operation=Setup res=0
sciml2402:660889:660974 [3] NCCL INFO recvOpId=0x7f14d9ece530 matches expected opId=0x7f14d9ece530
sciml2402:660889:660974 [3] NCCL INFO Connection to proxy localRank 3 -> connection 0x7f14d0005110
sciml2402:660888:660986 [2] NCCL INFO New proxy send connection 6 from local rank 2, transport 0
sciml2402:660888:660986 [2] NCCL INFO proxyProgressAsync opId=0x7f0b29e18f70 op.type=1 op.reqBuff=0x7f0b2000b6d0 op.respSize=16 done
sciml2402:660888:660986 [2] NCCL INFO Received and initiated operation=Init res=0
sciml2402:660888:660981 [2] NCCL INFO ncclPollProxyResponse Received new opId=0x7f0b29e18f70
sciml2402:660886:660972 [0] NCCL INFO recvOpId=0x7f0b29e91940 matches expected opId=0x7f0b29e91940
sciml2402:660887:660973 [1] NCCL INFO recvOpId=0x7f37fded1b70 matches expected opId=0x7f37fded1b70
sciml2402:660889:660985 [3] NCCL INFO transport/p2p.cc:204 Cuda Alloc Size 2097152 pointer 0x7f14e9a00000
sciml2402:660889:660985 [3] NCCL INFO Allocated shareable buffer 0x7f14e9a00000 size 2097152 ipcDesc 0x7f14d000c360
sciml2402:660889:660985 [3] NCCL INFO proxyProgressAsync opId=0x7f14d9ece530 op.type=3 op.reqBuff=0x7f14d000c330 op.respSize=80 done
sciml2402:660889:660985 [3] NCCL INFO Received and initiated operation=Setup res=0
sciml2402:660889:660974 [3] NCCL INFO ncclPollProxyResponse Received new opId=0x7f14d9ece530
sciml2402:660888:660981 [2] NCCL INFO recvOpId=0x7f0b29e18f70 matches expected opId=0x7f0b29e18f70
sciml2402:660888:660981 [2] NCCL INFO Connection to proxy localRank 2 -> connection 0x7f0b20005110
sciml2402:660889:660974 [3] NCCL INFO recvOpId=0x7f14d9ece530 matches expected opId=0x7f14d9ece530
sciml2402:660889:660974 [3] NCCL INFO Channel 03/0 : 3[c6000] -> 0[45000] via P2P/IPC
sciml2402:660888:660986 [2] NCCL INFO transport/p2p.cc:204 Cuda Alloc Size 6291456 pointer 0x7f0b3f600000
sciml2402:660888:660986 [2] NCCL INFO Allocated shareable buffer 0x7f0b3f600000 size 6291456 ipcDesc 0x7f0b2000c180
sciml2402:660888:660986 [2] NCCL INFO proxyProgressAsync opId=0x7f0b29e18f70 op.type=3 op.reqBuff=0x7f0b2000c150 op.respSize=80 done
sciml2402:660888:660986 [2] NCCL INFO Received and initiated operation=Setup res=0
sciml2402:660888:660981 [2] NCCL INFO ncclPollProxyResponse Received new opId=0x7f0b29e18f70
sciml2402:660889:660985 [3] NCCL INFO New proxy send connection 7 from local rank 3, transport 0
sciml2402:660889:660985 [3] NCCL INFO proxyProgressAsync opId=0x7f14d9ece530 op.type=1 op.reqBuff=0x7f14d000c330 op.respSize=16 done
sciml2402:660889:660985 [3] NCCL INFO Received and initiated operation=Init res=0
sciml2402:660889:660974 [3] NCCL INFO ncclPollProxyResponse Received new opId=0x7f14d9ece530
sciml2402:660888:660981 [2] NCCL INFO recvOpId=0x7f0b29e18f70 matches expected opId=0x7f0b29e18f70
sciml2402:660888:660981 [2] NCCL INFO Channel 03/0 : 2[c5000] -> 3[c6000] via P2P/IPC/read
sciml2402:660888:660986 [2] NCCL INFO New proxy send connection 7 from local rank 2, transport 0
sciml2402:660888:660986 [2] NCCL INFO proxyProgressAsync opId=0x7f0b29e18f70 op.type=1 op.reqBuff=0x7f0b2000c150 op.respSize=16 done
sciml2402:660888:660986 [2] NCCL INFO Received and initiated operation=Init res=0
sciml2402:660888:660981 [2] NCCL INFO ncclPollProxyResponse Received new opId=0x7f0b29e18f70
sciml2402:660889:660974 [3] NCCL INFO recvOpId=0x7f14d9ece530 matches expected opId=0x7f14d9ece530
sciml2402:660889:660974 [3] NCCL INFO Connection to proxy localRank 3 -> connection 0x7f14d0005160
sciml2402:660889:660985 [3] NCCL INFO transport/p2p.cc:204 Cuda Alloc Size 2097152 pointer 0x7f14e9c00000
sciml2402:660889:660985 [3] NCCL INFO Allocated shareable buffer 0x7f14e9c00000 size 2097152 ipcDesc 0x7f14d000d060
sciml2402:660889:660985 [3] NCCL INFO proxyProgressAsync opId=0x7f14d9ece530 op.type=3 op.reqBuff=0x7f14d000d030 op.respSize=80 done
sciml2402:660889:660985 [3] NCCL INFO Received and initiated operation=Setup res=0
sciml2402:660889:660974 [3] NCCL INFO ncclPollProxyResponse Received new opId=0x7f14d9ece530
sciml2402:660888:660981 [2] NCCL INFO recvOpId=0x7f0b29e18f70 matches expected opId=0x7f0b29e18f70
sciml2402:660888:660981 [2] NCCL INFO Connection to proxy localRank 2 -> connection 0x7f0b20005160
sciml2402:660888:660986 [2] NCCL INFO transport/p2p.cc:204 Cuda Alloc Size 6291456 pointer 0x7f0b4d400000
sciml2402:660888:660986 [2] NCCL INFO Allocated shareable buffer 0x7f0b4d400000 size 6291456 ipcDesc 0x7f0b2000ce80
sciml2402:660888:660986 [2] NCCL INFO proxyProgressAsync opId=0x7f0b29e18f70 op.type=3 op.reqBuff=0x7f0b2000ce50 op.respSize=80 done
sciml2402:660888:660986 [2] NCCL INFO Received and initiated operation=Setup res=0
sciml2402:660888:660981 [2] NCCL INFO ncclPollProxyResponse Received new opId=0x7f0b29e18f70
sciml2402:660889:660974 [3] NCCL INFO recvOpId=0x7f14d9ece530 matches expected opId=0x7f14d9ece530
sciml2402:660886:660972 [0] NCCL INFO Imported shareable buffer device 0 size 6291456 ptr 0x7f0b01a00000
sciml2402:660886:660972 [0] NCCL INFO Imported shareable buffer device 0 size 2097152 ptr 0x7f0af5e00000
sciml2402:660886:660972 [0] NCCL INFO Imported shareable buffer device 0 size 6291456 ptr 0x7f0b03400000
sciml2402:660886:660972 [0] NCCL INFO Imported shareable buffer device 0 size 2097152 ptr 0x7f0af7e00000
sciml2402:660886:660972 [0] NCCL INFO Imported shareable buffer device 0 size 6291456 ptr 0x7f0b03a00000
sciml2402:660886:660972 [0] NCCL INFO Imported shareable buffer device 0 size 2097152 ptr 0x7f0afbe00000
sciml2402:660886:660972 [0] NCCL INFO Imported shareable buffer device 0 size 6291456 ptr 0x7f0b57600000
sciml2402:660886:660972 [0] NCCL INFO Imported shareable buffer device 0 size 2097152 ptr 0x7f0affc00000
sciml2402:660886:660972 [0] NCCL INFO Connected all rings
sciml2402:660886:660984 [0] NCCL INFO New proxy recv connection 8 from local rank 0, transport 0
sciml2402:660886:660984 [0] NCCL INFO proxyProgressAsync opId=0x7f0b29e91940 op.type=1 op.reqBuff=0x7f0b3800ce60 op.respSize=16 done
sciml2402:660886:660972 [0] NCCL INFO ncclPollProxyResponse Received new opId=0x7f0b29e91940
sciml2402:660886:660984 [0] NCCL INFO Received and initiated operation=Init res=0
sciml2402:660886:660972 [0] NCCL INFO recvOpId=0x7f0b29e91940 matches expected opId=0x7f0b29e91940
sciml2402:660886:660972 [0] NCCL INFO Connection to proxy localRank 0 -> connection 0x7f0b38005240
sciml2402:660886:660984 [0] NCCL INFO transport/p2p.cc:204 Cuda Alloc Size 6291456 pointer 0x7f0b59400000
sciml2402:660886:660984 [0] NCCL INFO Allocated shareable buffer 0x7f0b59400000 size 6291456 ipcDesc 0x7f0b3800db40
sciml2402:660886:660984 [0] NCCL INFO proxyProgressAsync opId=0x7f0b29e91940 op.type=3 op.reqBuff=0x7f0b3800db10 op.respSize=80 done
sciml2402:660886:660984 [0] NCCL INFO Received and initiated operation=Setup res=0
sciml2402:660886:660972 [0] NCCL INFO ncclPollProxyResponse Received new opId=0x7f0b29e91940
sciml2402:660888:660981 [2] NCCL INFO recvOpId=0x7f0b29e18f70 matches expected opId=0x7f0b29e18f70
sciml2402:660888:660981 [2] NCCL INFO Imported shareable buffer device 2 size 6291456 ptr 0x7f0b4da00000
sciml2402:660887:660973 [1] NCCL INFO Imported shareable buffer device 1 size 10485760 ptr 0x7f380d400000
sciml2402:660888:660981 [2] NCCL INFO Imported shareable buffer device 2 size 2097152 ptr 0x7f0b11e00000
sciml2402:660889:660974 [3] NCCL INFO Imported shareable buffer device 3 size 10485760 ptr 0x7f14eb400000
sciml2402:660888:660981 [2] NCCL INFO Imported shareable buffer device 2 size 6291456 ptr 0x7f0b4f400000
sciml2402:660889:660974 [3] NCCL INFO Imported shareable buffer device 3 size 6291456 ptr 0x7f14ed400000
sciml2402:660887:660973 [1] NCCL INFO Imported shareable buffer device 1 size 6291456 ptr 0x7f380f400000
sciml2402:660889:660974 [3] NCCL INFO Imported shareable buffer device 3 size 10485760 ptr 0x7f14ef600000
sciml2402:660888:660981 [2] NCCL INFO Imported shareable buffer device 2 size 2097152 ptr 0x7f0b37e00000
sciml2402:660887:660973 [1] NCCL INFO Imported shareable buffer device 1 size 10485760 ptr 0x7f3811600000
sciml2402:660888:660981 [2] NCCL INFO Imported shareable buffer device 2 size 6291456 ptr 0x7f0b4fa00000
sciml2402:660889:660974 [3] NCCL INFO Imported shareable buffer device 3 size 6291456 ptr 0x7f14eda00000
sciml2402:660887:660973 [1] NCCL INFO Imported shareable buffer device 1 size 6291456 ptr 0x7f380fa00000
sciml2402:660888:660981 [2] NCCL INFO Imported shareable buffer device 2 size 2097152 ptr 0x7f0b3be00000
sciml2402:660889:660974 [3] NCCL INFO Imported shareable buffer device 3 size 10485760 ptr 0x7f14fd400000
sciml2402:660888:660981 [2] NCCL INFO Imported shareable buffer device 2 size 6291456 ptr 0x7f0b51600000
sciml2402:660887:660973 [1] NCCL INFO Imported shareable buffer device 1 size 10485760 ptr 0x7f3813400000
sciml2402:660889:660974 [3] NCCL INFO Imported shareable buffer device 3 size 6291456 ptr 0x7f14ff400000
sciml2402:660887:660973 [1] NCCL INFO Imported shareable buffer device 1 size 6291456 ptr 0x7f3821400000
sciml2402:660889:660974 [3] NCCL INFO Imported shareable buffer device 3 size 10485760 ptr 0x7f1501600000
sciml2402:660888:660981 [2] NCCL INFO Imported shareable buffer device 2 size 2097152 ptr 0x7f0b3fc00000
sciml2402:660888:660981 [2] NCCL INFO Connected all rings
sciml2402:660888:660986 [2] NCCL INFO New proxy recv connection 8 from local rank 2, transport 0
sciml2402:660888:660986 [2] NCCL INFO proxyProgressAsync opId=0x7f0b29e18f70 op.type=1 op.reqBuff=0x7f0b2000ce50 op.respSize=16 done
sciml2402:660888:660981 [2] NCCL INFO ncclPollProxyResponse Received new opId=0x7f0b29e18f70
sciml2402:660888:660986 [2] NCCL INFO Received and initiated operation=Init res=0
sciml2402:660889:660974 [3] NCCL INFO Imported shareable buffer device 3 size 6291456 ptr 0x7f14ffa00000
sciml2402:660889:660974 [3] NCCL INFO Connected all rings
sciml2402:660887:660973 [1] NCCL INFO Imported shareable buffer device 1 size 10485760 ptr 0x7f3823600000
sciml2402:660887:660973 [1] NCCL INFO Imported shareable buffer device 1 size 6291456 ptr 0x7f3821a00000
sciml2402:660887:660973 [1] NCCL INFO Connected all rings
sciml2402:660887:660987 [1] NCCL INFO New proxy recv connection 8 from local rank 1, transport 0
sciml2402:660887:660987 [1] NCCL INFO proxyProgressAsync opId=0x7f37fded1b70 op.type=1 op.reqBuff=0x7f37f400d030 op.respSize=16 done
sciml2402:660887:660973 [1] NCCL INFO ncclPollProxyResponse Received new opId=0x7f37fded1b70
sciml2402:660887:660973 [1] NCCL INFO recvOpId=0x7f37fded1b70 matches expected opId=0x7f37fded1b70
sciml2402:660887:660973 [1] NCCL INFO Connection to proxy localRank 1 -> connection 0x7f37f40051b0
sciml2402:660887:660987 [1] NCCL INFO Received and initiated operation=Init res=0
sciml2402:660887:660987 [1] NCCL INFO transport/p2p.cc:204 Cuda Alloc Size 10485760 pointer 0x7f3825400000
sciml2402:660887:660987 [1] NCCL INFO Allocated shareable buffer 0x7f3825400000 size 10485760 ipcDesc 0x7f37f400d060
sciml2402:660887:660987 [1] NCCL INFO proxyProgressAsync opId=0x7f37fded1b70 op.type=3 op.reqBuff=0x7f37f400dce0 op.respSize=80 done
sciml2402:660887:660987 [1] NCCL INFO Received and initiated operation=Setup res=0
sciml2402:660887:660973 [1] NCCL INFO ncclPollProxyResponse Received new opId=0x7f37fded1b70
sciml2402:660886:660972 [0] NCCL INFO recvOpId=0x7f0b29e91940 matches expected opId=0x7f0b29e91940
sciml2402:660889:660985 [3] NCCL INFO New proxy recv connection 8 from local rank 3, transport 0
sciml2402:660889:660985 [3] NCCL INFO proxyProgressAsync opId=0x7f14d9ece530 op.type=1 op.reqBuff=0x7f14d000d030 op.respSize=16 done
sciml2402:660889:660985 [3] NCCL INFO Received and initiated operation=Init res=0
sciml2402:660889:660974 [3] NCCL INFO ncclPollProxyResponse Received new opId=0x7f14d9ece530
sciml2402:660889:660974 [3] NCCL INFO recvOpId=0x7f14d9ece530 matches expected opId=0x7f14d9ece530
sciml2402:660889:660974 [3] NCCL INFO Connection to proxy localRank 3 -> connection 0x7f14d00051b0
sciml2402:660888:660981 [2] NCCL INFO recvOpId=0x7f0b29e18f70 matches expected opId=0x7f0b29e18f70
sciml2402:660888:660981 [2] NCCL INFO Connection to proxy localRank 2 -> connection 0x7f0b200051b0
sciml2402:660886:660984 [0] NCCL INFO New proxy recv connection 9 from local rank 0, transport 0
sciml2402:660886:660984 [0] NCCL INFO proxyProgressAsync opId=0x7f0b29e91940 op.type=1 op.reqBuff=0x7f0b3800db10 op.respSize=16 done
sciml2402:660886:660984 [0] NCCL INFO Received and initiated operation=Init res=0
sciml2402:660886:660972 [0] NCCL INFO ncclPollProxyResponse Received new opId=0x7f0b29e91940
sciml2402:660889:660985 [3] NCCL INFO transport/p2p.cc:204 Cuda Alloc Size 10485760 pointer 0x7f1503400000
sciml2402:660889:660985 [3] NCCL INFO Allocated shareable buffer 0x7f1503400000 size 10485760 ipcDesc 0x7f14d000d060
sciml2402:660889:660985 [3] NCCL INFO proxyProgressAsync opId=0x7f14d9ece530 op.type=3 op.reqBuff=0x7f14d000dce0 op.respSize=80 done
sciml2402:660889:660985 [3] NCCL INFO Received and initiated operation=Setup res=0
sciml2402:660889:660974 [3] NCCL INFO ncclPollProxyResponse Received new opId=0x7f14d9ece530
sciml2402:660887:660973 [1] NCCL INFO recvOpId=0x7f37fded1b70 matches expected opId=0x7f37fded1b70
sciml2402:660888:660986 [2] NCCL INFO transport/p2p.cc:204 Cuda Alloc Size 6291456 pointer 0x7f0b53400000
sciml2402:660888:660986 [2] NCCL INFO Allocated shareable buffer 0x7f0b53400000 size 6291456 ipcDesc 0x7f0b2000ce80
sciml2402:660888:660986 [2] NCCL INFO proxyProgressAsync opId=0x7f0b29e18f70 op.type=3 op.reqBuff=0x7f0b2000db00 op.respSize=80 done
sciml2402:660888:660986 [2] NCCL INFO Received and initiated operation=Setup res=0
sciml2402:660888:660981 [2] NCCL INFO ncclPollProxyResponse Received new opId=0x7f0b29e18f70
sciml2402:660887:660987 [1] NCCL INFO New proxy recv connection 9 from local rank 1, transport 0
sciml2402:660887:660987 [1] NCCL INFO proxyProgressAsync opId=0x7f37fded1b70 op.type=1 op.reqBuff=0x7f37f400dce0 op.respSize=16 done
sciml2402:660887:660987 [1] NCCL INFO Received and initiated operation=Init res=0
sciml2402:660887:660973 [1] NCCL INFO ncclPollProxyResponse Received new opId=0x7f37fded1b70
sciml2402:660886:660972 [0] NCCL INFO recvOpId=0x7f0b29e91940 matches expected opId=0x7f0b29e91940
sciml2402:660886:660972 [0] NCCL INFO Connection to proxy localRank 0 -> connection 0x7f0b38005290
sciml2402:660889:660974 [3] NCCL INFO recvOpId=0x7f14d9ece530 matches expected opId=0x7f14d9ece530
sciml2402:660888:660981 [2] NCCL INFO recvOpId=0x7f0b29e18f70 matches expected opId=0x7f0b29e18f70
sciml2402:660886:660984 [0] NCCL INFO transport/p2p.cc:204 Cuda Alloc Size 6291456 pointer 0x7f0b59a00000
sciml2402:660886:660984 [0] NCCL INFO Allocated shareable buffer 0x7f0b59a00000 size 6291456 ipcDesc 0x7f0b3800db40
sciml2402:660886:660984 [0] NCCL INFO proxyProgressAsync opId=0x7f0b29e91940 op.type=3 op.reqBuff=0x7f0b3800e7c0 op.respSize=80 done
sciml2402:660886:660984 [0] NCCL INFO Received and initiated operation=Setup res=0
sciml2402:660886:660972 [0] NCCL INFO ncclPollProxyResponse Received new opId=0x7f0b29e91940
sciml2402:660889:660985 [3] NCCL INFO New proxy recv connection 9 from local rank 3, transport 0
sciml2402:660889:660985 [3] NCCL INFO proxyProgressAsync opId=0x7f14d9ece530 op.type=1 op.reqBuff=0x7f14d000dce0 op.respSize=16 done
sciml2402:660889:660985 [3] NCCL INFO Received and initiated operation=Init res=0
sciml2402:660889:660974 [3] NCCL INFO ncclPollProxyResponse Received new opId=0x7f14d9ece530
sciml2402:660887:660973 [1] NCCL INFO recvOpId=0x7f37fded1b70 matches expected opId=0x7f37fded1b70
sciml2402:660887:660973 [1] NCCL INFO Connection to proxy localRank 1 -> connection 0x7f37f4005200
sciml2402:660887:660987 [1] NCCL INFO transport/p2p.cc:204 Cuda Alloc Size 10485760 pointer 0x7f3827600000
sciml2402:660887:660987 [1] NCCL INFO Allocated shareable buffer 0x7f3827600000 size 10485760 ipcDesc 0x7f37f400d060
sciml2402:660887:660987 [1] NCCL INFO proxyProgressAsync opId=0x7f37fded1b70 op.type=3 op.reqBuff=0x7f37f400e930 op.respSize=80 done
sciml2402:660887:660973 [1] NCCL INFO ncclPollProxyResponse Received new opId=0x7f37fded1b70
sciml2402:660887:660987 [1] NCCL INFO Received and initiated operation=Setup res=0
sciml2402:660888:660986 [2] NCCL INFO New proxy recv connection 9 from local rank 2, transport 0
sciml2402:660888:660986 [2] NCCL INFO proxyProgressAsync opId=0x7f0b29e18f70 op.type=1 op.reqBuff=0x7f0b2000db00 op.respSize=16 done
sciml2402:660888:660986 [2] NCCL INFO Received and initiated operation=Init res=0
sciml2402:660888:660981 [2] NCCL INFO ncclPollProxyResponse Received new opId=0x7f0b29e18f70
sciml2402:660886:660972 [0] NCCL INFO recvOpId=0x7f0b29e91940 matches expected opId=0x7f0b29e91940
sciml2402:660889:660974 [3] NCCL INFO recvOpId=0x7f14d9ece530 matches expected opId=0x7f14d9ece530
sciml2402:660889:660974 [3] NCCL INFO Connection to proxy localRank 3 -> connection 0x7f14d0005200
sciml2402:660887:660973 [1] NCCL INFO recvOpId=0x7f37fded1b70 matches expected opId=0x7f37fded1b70
sciml2402:660887:660973 [1] NCCL INFO Channel 00/0 : 1[46000] -> 0[45000] via P2P/IPC/read
sciml2402:660889:660985 [3] NCCL INFO transport/p2p.cc:204 Cuda Alloc Size 10485760 pointer 0x7f150b600000
