sciml2402:660886:661524 [0] NCCL INFO AllReduce: opCount 96 sendbuff 0x7f0ade951000 recvbuff 0x7f0ade951000 count 7087872 datatype 7 op 0 root 0 comm 0xc4925f0 [nranks=4] stream 0xc4961b0
sciml2402:660887:661530 [1] NCCL INFO AllReduce: opCount 97 sendbuff 0x7f37ce45ac00 recvbuff 0x7f37ce45ac00 count 7087872 datatype 7 op 0 root 0 comm 0xe18e0b0 [nranks=4] stream 0xe190c30
sciml2402:660888:661528 [2] NCCL INFO AllReduce: opCount 98 sendbuff 0x7f0ae576a400 recvbuff 0x7f0ae576a400 count 7087872 datatype 7 op 0 root 0 comm 0xf66d570 [nranks=4] stream 0xc0632b0
sciml2402:660889:661536 [3] NCCL INFO AllReduce: opCount 98 sendbuff 0x7f149576a400 recvbuff 0x7f149576a400 count 7087872 datatype 7 op 0 root 0 comm 0x10397e50 [nranks=4] stream 0xbbe4af0
sciml2402:660886:661524 [0] NCCL INFO AllReduce: opCount 97 sendbuff 0x7f0ae045ac00 recvbuff 0x7f0ae045ac00 count 7087872 datatype 7 op 0 root 0 comm 0xc4925f0 [nranks=4] stream 0xc4961b0
sciml2402:660887:661530 [1] NCCL INFO AllReduce: opCount 98 sendbuff 0x7f37b776a400 recvbuff 0x7f37b776a400 count 7087872 datatype 7 op 0 root 0 comm 0xe18e0b0 [nranks=4] stream 0xe190c30
sciml2402:660888:661528 [2] NCCL INFO AllReduce: opCount 99 sendbuff 0x7f0ae7274000 recvbuff 0x7f0ae7274000 count 7087872 datatype 7 op 0 root 0 comm 0xf66d570 [nranks=4] stream 0xc0632b0
sciml2402:660889:661536 [3] NCCL INFO AllReduce: opCount 99 sendbuff 0x7f1497274000 recvbuff 0x7f1497274000 count 7087872 datatype 7 op 0 root 0 comm 0x10397e50 [nranks=4] stream 0xbbe4af0
sciml2402:660888:661528 [2] NCCL INFO AllReduce: opCount 9a sendbuff 0x7f0ae8d7dc00 recvbuff 0x7f0ae8d7dc00 count 7087872 datatype 7 op 0 root 0 comm 0xf66d570 [nranks=4] stream 0xc0632b0
sciml2402:660887:661530 [1] NCCL INFO AllReduce: opCount 99 sendbuff 0x7f37b9274000 recvbuff 0x7f37b9274000 count 7087872 datatype 7 op 0 root 0 comm 0xe18e0b0 [nranks=4] stream 0xe190c30
sciml2402:660886:661524 [0] NCCL INFO AllReduce: opCount 98 sendbuff 0x7f0ac976a400 recvbuff 0x7f0ac976a400 count 7087872 datatype 7 op 0 root 0 comm 0xc4925f0 [nranks=4] stream 0xc4961b0
sciml2402:660889:661536 [3] NCCL INFO AllReduce: opCount 9a sendbuff 0x7f1498d7dc00 recvbuff 0x7f1498d7dc00 count 7087872 datatype 7 op 0 root 0 comm 0x10397e50 [nranks=4] stream 0xbbe4af0
sciml2402:660888:661528 [2] NCCL INFO AllReduce: opCount 9b sendbuff 0x7f0aea887800 recvbuff 0x7f0aea887800 count 7087872 datatype 7 op 0 root 0 comm 0xf66d570 [nranks=4] stream 0xc0632b0
sciml2402:660887:661530 [1] NCCL INFO AllReduce: opCount 9a sendbuff 0x7f37bad7dc00 recvbuff 0x7f37bad7dc00 count 7087872 datatype 7 op 0 root 0 comm 0xe18e0b0 [nranks=4] stream 0xe190c30
sciml2402:660886:661524 [0] NCCL INFO AllReduce: opCount 99 sendbuff 0x7f0acb274000 recvbuff 0x7f0acb274000 count 7087872 datatype 7 op 0 root 0 comm 0xc4925f0 [nranks=4] stream 0xc4961b0
sciml2402:660889:661536 [3] NCCL INFO AllReduce: opCount 9b sendbuff 0x7f149a887800 recvbuff 0x7f149a887800 count 7087872 datatype 7 op 0 root 0 comm 0x10397e50 [nranks=4] stream 0xbbe4af0
sciml2402:660888:661528 [2] NCCL INFO AllReduce: opCount 9c sendbuff 0x7f0a58000000 recvbuff 0x7f0a58000000 count 7087872 datatype 7 op 0 root 0 comm 0xf66d570 [nranks=4] stream 0xc0632b0
sciml2402:660887:661530 [1] NCCL INFO AllReduce: opCount 9b sendbuff 0x7f37bc887800 recvbuff 0x7f37bc887800 count 7087872 datatype 7 op 0 root 0 comm 0xe18e0b0 [nranks=4] stream 0xe190c30
sciml2402:660886:661524 [0] NCCL INFO AllReduce: opCount 9a sendbuff 0x7f0accd7dc00 recvbuff 0x7f0accd7dc00 count 7087872 datatype 7 op 0 root 0 comm 0xc4925f0 [nranks=4] stream 0xc4961b0
sciml2402:660888:661528 [2] NCCL INFO AllReduce: opCount 9d sendbuff 0x7f0a59b09c00 recvbuff 0x7f0a59b09c00 count 7087872 datatype 7 op 0 root 0 comm 0xf66d570 [nranks=4] stream 0xc0632b0
sciml2402:660889:661536 [3] NCCL INFO AllReduce: opCount 9c sendbuff 0x7f1406000000 recvbuff 0x7f1406000000 count 7087872 datatype 7 op 0 root 0 comm 0x10397e50 [nranks=4] stream 0xbbe4af0
sciml2402:660887:661530 [1] NCCL INFO AllReduce: opCount 9c sendbuff 0x7f3724000000 recvbuff 0x7f3724000000 count 7087872 datatype 7 op 0 root 0 comm 0xe18e0b0 [nranks=4] stream 0xe190c30
sciml2402:660886:661524 [0] NCCL INFO AllReduce: opCount 9b sendbuff 0x7f0ace887800 recvbuff 0x7f0ace887800 count 7087872 datatype 7 op 0 root 0 comm 0xc4925f0 [nranks=4] stream 0xc4961b0
sciml2402:660887:661530 [1] NCCL INFO AllReduce: opCount 9d sendbuff 0x7f3725b09c00 recvbuff 0x7f3725b09c00 count 7087872 datatype 7 op 0 root 0 comm 0xe18e0b0 [nranks=4] stream 0xe190c30
sciml2402:660888:661528 [2] NCCL INFO AllReduce: opCount 9e sendbuff 0x7f0a5b613800 recvbuff 0x7f0a5b613800 count 7087872 datatype 7 op 0 root 0 comm 0xf66d570 [nranks=4] stream 0xc0632b0
sciml2402:660889:661536 [3] NCCL INFO AllReduce: opCount 9d sendbuff 0x7f1407b09c00 recvbuff 0x7f1407b09c00 count 7087872 datatype 7 op 0 root 0 comm 0x10397e50 [nranks=4] stream 0xbbe4af0
sciml2402:660886:661524 [0] NCCL INFO AllReduce: opCount 9c sendbuff 0x7f0a38000000 recvbuff 0x7f0a38000000 count 7087872 datatype 7 op 0 root 0 comm 0xc4925f0 [nranks=4] stream 0xc4961b0
sciml2402:660888:661528 [2] NCCL INFO AllReduce: opCount 9f sendbuff 0x7f0ac2000000 recvbuff 0x7f0ac2000000 count 44112384 datatype 7 op 0 root 0 comm 0xf66d570 [nranks=4] stream 0xc0632b0
sciml2402:660887:661530 [1] NCCL INFO AllReduce: opCount 9e sendbuff 0x7f3727613800 recvbuff 0x7f3727613800 count 7087872 datatype 7 op 0 root 0 comm 0xe18e0b0 [nranks=4] stream 0xe190c30
sciml2402:660889:661536 [3] NCCL INFO AllReduce: opCount 9e sendbuff 0x7f1409613800 recvbuff 0x7f1409613800 count 7087872 datatype 7 op 0 root 0 comm 0x10397e50 [nranks=4] stream 0xbbe4af0
sciml2402:660886:661524 [0] NCCL INFO AllReduce: opCount 9d sendbuff 0x7f0a39b09c00 recvbuff 0x7f0a39b09c00 count 7087872 datatype 7 op 0 root 0 comm 0xc4925f0 [nranks=4] stream 0xc4961b0
sciml2402:660887:661530 [1] NCCL INFO AllReduce: opCount 9f sendbuff 0x7f3794000000 recvbuff 0x7f3794000000 count 44112384 datatype 7 op 0 root 0 comm 0xe18e0b0 [nranks=4] stream 0xe190c30
sciml2402:660889:661536 [3] NCCL INFO AllReduce: opCount 9f sendbuff 0x7f1472000000 recvbuff 0x7f1472000000 count 44112384 datatype 7 op 0 root 0 comm 0x10397e50 [nranks=4] stream 0xbbe4af0
sciml2402:660886:661524 [0] NCCL INFO AllReduce: opCount 9e sendbuff 0x7f0a3b613800 recvbuff 0x7f0a3b613800 count 7087872 datatype 7 op 0 root 0 comm 0xc4925f0 [nranks=4] stream 0xc4961b0
sciml2402:660886:661524 [0] NCCL INFO AllReduce: opCount 9f sendbuff 0x7f0aa6000000 recvbuff 0x7f0aa6000000 count 44112384 datatype 7 op 0 root 0 comm 0xc4925f0 [nranks=4] stream 0xc4961b0
sciml2402:660888:660888 [2] NCCL INFO Broadcast: opCount a0 sendbuff 0x7f0a324e0000 recvbuff 0x7f0a324e0000 count 12582912 datatype 0 op 0 root 0 comm 0xf66d570 [nranks=4] stream 0xc0632b0
sciml2402:660888:660888 [2] NCCL INFO Broadcast: opCount a1 sendbuff 0x7f0b5b5d8800 recvbuff 0x7f0b5b5d8800 count 48 datatype 0 op 0 root 0 comm 0xf66d570 [nranks=4] stream 0xc0632b0
sciml2402:660887:660887 [1] NCCL INFO Broadcast: opCount a0 sendbuff 0x7f36fe4e0000 recvbuff 0x7f36fe4e0000 count 12582912 datatype 0 op 0 root 0 comm 0xe18e0b0 [nranks=4] stream 0xe190c30
sciml2402:660887:660887 [1] NCCL INFO Broadcast: opCount a1 sendbuff 0x7f38275d8800 recvbuff 0x7f38275d8800 count 48 datatype 0 op 0 root 0 comm 0xe18e0b0 [nranks=4] stream 0xe190c30
sciml2402:660889:660889 [3] NCCL INFO Broadcast: opCount a0 sendbuff 0x7f13e04e0000 recvbuff 0x7f13e04e0000 count 12582912 datatype 0 op 0 root 0 comm 0x10397e50 [nranks=4] stream 0xbbe4af0
sciml2402:660889:660889 [3] NCCL INFO Broadcast: opCount a1 sendbuff 0x7f150b5d8800 recvbuff 0x7f150b5d8800 count 48 datatype 0 op 0 root 0 comm 0x10397e50 [nranks=4] stream 0xbbe4af0
sciml2402:660886:660886 [0] NCCL INFO Broadcast: opCount a0 sendbuff 0x7f0a104e0000 recvbuff 0x7f0a104e0000 count 12582912 datatype 0 op 0 root 0 comm 0xc4925f0 [nranks=4] stream 0xc4961b0
sciml2402:660886:660886 [0] NCCL INFO Broadcast: opCount a1 sendbuff 0x7f0ac3ff8000 recvbuff 0x7f0ac3ff8000 count 48 datatype 0 op 0 root 0 comm 0xc4925f0 [nranks=4] stream 0xc4961b0
sciml2402:660888:661528 [2] NCCL INFO AllReduce: opCount a2 sendbuff 0x7f0b64c00000 recvbuff 0x7f0b64c00000 count 2361600 datatype 7 op 0 root 0 comm 0xf66d570 [nranks=4] stream 0xc0632b0
sciml2402:660888:661528 [2] NCCL INFO AllReduce: opCount a3 sendbuff 0x7f0af733d800 recvbuff 0x7f0af733d800 count 7087872 datatype 7 op 0 root 0 comm 0xf66d570 [nranks=4] stream 0xc0632b0
sciml2402:660887:661530 [1] NCCL INFO AllReduce: opCount a2 sendbuff 0x7f3836600000 recvbuff 0x7f3836600000 count 2361600 datatype 7 op 0 root 0 comm 0xe18e0b0 [nranks=4] stream 0xe190c30
sciml2402:660888:661528 [2] NCCL INFO AllReduce: opCount a4 sendbuff 0x7f0af8e47400 recvbuff 0x7f0af8e47400 count 7087872 datatype 7 op 0 root 0 comm 0xf66d570 [nranks=4] stream 0xc0632b0
sciml2402:660889:661536 [3] NCCL INFO AllReduce: opCount a2 sendbuff 0x7f1512600000 recvbuff 0x7f1512600000 count 2361600 datatype 7 op 0 root 0 comm 0x10397e50 [nranks=4] stream 0xbbe4af0
sciml2402:660887:661530 [1] NCCL INFO AllReduce: opCount a3 sendbuff 0x7f37c933d800 recvbuff 0x7f37c933d800 count 7087872 datatype 7 op 0 root 0 comm 0xe18e0b0 [nranks=4] stream 0xe190c30
sciml2402:660888:661528 [2] NCCL INFO AllReduce: opCount a5 sendbuff 0x7f0afa951000 recvbuff 0x7f0afa951000 count 7087872 datatype 7 op 0 root 0 comm 0xf66d570 [nranks=4] stream 0xc0632b0
sciml2402:660886:661524 [0] NCCL INFO AllReduce: opCount a2 sendbuff 0x7f0b06600000 recvbuff 0x7f0b06600000 count 2361600 datatype 7 op 0 root 0 comm 0xc4925f0 [nranks=4] stream 0xc4961b0
sciml2402:660889:661536 [3] NCCL INFO AllReduce: opCount a3 sendbuff 0x7f14a733d800 recvbuff 0x7f14a733d800 count 7087872 datatype 7 op 0 root 0 comm 0x10397e50 [nranks=4] stream 0xbbe4af0
sciml2402:660887:661530 [1] NCCL INFO AllReduce: opCount a4 sendbuff 0x7f37cae47400 recvbuff 0x7f37cae47400 count 7087872 datatype 7 op 0 root 0 comm 0xe18e0b0 [nranks=4] stream 0xe190c30
sciml2402:660888:661528 [2] NCCL INFO AllReduce: opCount a6 sendbuff 0x7f0afc45ac00 recvbuff 0x7f0afc45ac00 count 7087872 datatype 7 op 0 root 0 comm 0xf66d570 [nranks=4] stream 0xc0632b0
sciml2402:660889:661536 [3] NCCL INFO AllReduce: opCount a4 sendbuff 0x7f14a8e47400 recvbuff 0x7f14a8e47400 count 7087872 datatype 7 op 0 root 0 comm 0x10397e50 [nranks=4] stream 0xbbe4af0
sciml2402:660886:661524 [0] NCCL INFO AllReduce: opCount a3 sendbuff 0x7f0adb33d800 recvbuff 0x7f0adb33d800 count 7087872 datatype 7 op 0 root 0 comm 0xc4925f0 [nranks=4] stream 0xc4961b0
sciml2402:660887:661530 [1] NCCL INFO AllReduce: opCount a5 sendbuff 0x7f37cc951000 recvbuff 0x7f37cc951000 count 7087872 datatype 7 op 0 root 0 comm 0xe18e0b0 [nranks=4] stream 0xe190c30
sciml2402:660888:661528 [2] NCCL INFO AllReduce: opCount a7 sendbuff 0x7f0ae576a400 recvbuff 0x7f0ae576a400 count 7087872 datatype 7 op 0 root 0 comm 0xf66d570 [nranks=4] stream 0xc0632b0
sciml2402:660886:661524 [0] NCCL INFO AllReduce: opCount a4 sendbuff 0x7f0adce47400 recvbuff 0x7f0adce47400 count 7087872 datatype 7 op 0 root 0 comm 0xc4925f0 [nranks=4] stream 0xc4961b0
sciml2402:660887:661530 [1] NCCL INFO AllReduce: opCount a6 sendbuff 0x7f37ce45ac00 recvbuff 0x7f37ce45ac00 count 7087872 datatype 7 op 0 root 0 comm 0xe18e0b0 [nranks=4] stream 0xe190c30
sciml2402:660888:661528 [2] NCCL INFO AllReduce: opCount a8 sendbuff 0x7f0ae7274000 recvbuff 0x7f0ae7274000 count 7087872 datatype 7 op 0 root 0 comm 0xf66d570 [nranks=4] stream 0xc0632b0
sciml2402:660889:661536 [3] NCCL INFO AllReduce: opCount a5 sendbuff 0x7f14aa951000 recvbuff 0x7f14aa951000 count 7087872 datatype 7 op 0 root 0 comm 0x10397e50 [nranks=4] stream 0xbbe4af0
sciml2402:660886:661524 [0] NCCL INFO AllReduce: opCount a5 sendbuff 0x7f0ade951000 recvbuff 0x7f0ade951000 count 7087872 datatype 7 op 0 root 0 comm 0xc4925f0 [nranks=4] stream 0xc4961b0
sciml2402:660887:661530 [1] NCCL INFO AllReduce: opCount a7 sendbuff 0x7f37b776a400 recvbuff 0x7f37b776a400 count 7087872 datatype 7 op 0 root 0 comm 0xe18e0b0 [nranks=4] stream 0xe190c30
sciml2402:660888:661528 [2] NCCL INFO AllReduce: opCount a9 sendbuff 0x7f0ae8d7dc00 recvbuff 0x7f0ae8d7dc00 count 7087872 datatype 7 op 0 root 0 comm 0xf66d570 [nranks=4] stream 0xc0632b0
sciml2402:660889:661536 [3] NCCL INFO AllReduce: opCount a6 sendbuff 0x7f14ac45ac00 recvbuff 0x7f14ac45ac00 count 7087872 datatype 7 op 0 root 0 comm 0x10397e50 [nranks=4] stream 0xbbe4af0
sciml2402:660887:661530 [1] NCCL INFO AllReduce: opCount a8 sendbuff 0x7f37b9274000 recvbuff 0x7f37b9274000 count 7087872 datatype 7 op 0 root 0 comm 0xe18e0b0 [nranks=4] stream 0xe190c30
sciml2402:660888:661528 [2] NCCL INFO AllReduce: opCount aa sendbuff 0x7f0aea887800 recvbuff 0x7f0aea887800 count 7087872 datatype 7 op 0 root 0 comm 0xf66d570 [nranks=4] stream 0xc0632b0
sciml2402:660889:661536 [3] NCCL INFO AllReduce: opCount a7 sendbuff 0x7f149576a400 recvbuff 0x7f149576a400 count 7087872 datatype 7 op 0 root 0 comm 0x10397e50 [nranks=4] stream 0xbbe4af0
sciml2402:660886:661524 [0] NCCL INFO AllReduce: opCount a6 sendbuff 0x7f0ae045ac00 recvbuff 0x7f0ae045ac00 count 7087872 datatype 7 op 0 root 0 comm 0xc4925f0 [nranks=4] stream 0xc4961b0
sciml2402:660887:661530 [1] NCCL INFO AllReduce: opCount a9 sendbuff 0x7f37bad7dc00 recvbuff 0x7f37bad7dc00 count 7087872 datatype 7 op 0 root 0 comm 0xe18e0b0 [nranks=4] stream 0xe190c30
sciml2402:660888:661528 [2] NCCL INFO AllReduce: opCount ab sendbuff 0x7f0a58000000 recvbuff 0x7f0a58000000 count 7087872 datatype 7 op 0 root 0 comm 0xf66d570 [nranks=4] stream 0xc0632b0
sciml2402:660889:661536 [3] NCCL INFO AllReduce: opCount a8 sendbuff 0x7f1497274000 recvbuff 0x7f1497274000 count 7087872 datatype 7 op 0 root 0 comm 0x10397e50 [nranks=4] stream 0xbbe4af0
sciml2402:660886:661524 [0] NCCL INFO AllReduce: opCount a7 sendbuff 0x7f0ac976a400 recvbuff 0x7f0ac976a400 count 7087872 datatype 7 op 0 root 0 comm 0xc4925f0 [nranks=4] stream 0xc4961b0
sciml2402:660887:661530 [1] NCCL INFO AllReduce: opCount aa sendbuff 0x7f37bc887800 recvbuff 0x7f37bc887800 count 7087872 datatype 7 op 0 root 0 comm 0xe18e0b0 [nranks=4] stream 0xe190c30
sciml2402:660889:661536 [3] NCCL INFO AllReduce: opCount a9 sendbuff 0x7f1498d7dc00 recvbuff 0x7f1498d7dc00 count 7087872 datatype 7 op 0 root 0 comm 0x10397e50 [nranks=4] stream 0xbbe4af0
sciml2402:660886:661524 [0] NCCL INFO AllReduce: opCount a8 sendbuff 0x7f0acb274000 recvbuff 0x7f0acb274000 count 7087872 datatype 7 op 0 root 0 comm 0xc4925f0 [nranks=4] stream 0xc4961b0
sciml2402:660887:661530 [1] NCCL INFO AllReduce: opCount ab sendbuff 0x7f3724000000 recvbuff 0x7f3724000000 count 7087872 datatype 7 op 0 root 0 comm 0xe18e0b0 [nranks=4] stream 0xe190c30
sciml2402:660888:661528 [2] NCCL INFO AllReduce: opCount ac sendbuff 0x7f0a59b09c00 recvbuff 0x7f0a59b09c00 count 7087872 datatype 7 op 0 root 0 comm 0xf66d570 [nranks=4] stream 0xc0632b0
sciml2402:660889:661536 [3] NCCL INFO AllReduce: opCount aa sendbuff 0x7f149a887800 recvbuff 0x7f149a887800 count 7087872 datatype 7 op 0 root 0 comm 0x10397e50 [nranks=4] stream 0xbbe4af0
sciml2402:660886:661524 [0] NCCL INFO AllReduce: opCount a9 sendbuff 0x7f0accd7dc00 recvbuff 0x7f0accd7dc00 count 7087872 datatype 7 op 0 root 0 comm 0xc4925f0 [nranks=4] stream 0xc4961b0
sciml2402:660887:661530 [1] NCCL INFO AllReduce: opCount ac sendbuff 0x7f3725b09c00 recvbuff 0x7f3725b09c00 count 7087872 datatype 7 op 0 root 0 comm 0xe18e0b0 [nranks=4] stream 0xe190c30
sciml2402:660889:661536 [3] NCCL INFO AllReduce: opCount ab sendbuff 0x7f1406000000 recvbuff 0x7f1406000000 count 7087872 datatype 7 op 0 root 0 comm 0x10397e50 [nranks=4] stream 0xbbe4af0
sciml2402:660886:661524 [0] NCCL INFO AllReduce: opCount aa sendbuff 0x7f0ace887800 recvbuff 0x7f0ace887800 count 7087872 datatype 7 op 0 root 0 comm 0xc4925f0 [nranks=4] stream 0xc4961b0
sciml2402:660889:661536 [3] NCCL INFO AllReduce: opCount ac sendbuff 0x7f1407b09c00 recvbuff 0x7f1407b09c00 count 7087872 datatype 7 op 0 root 0 comm 0x10397e50 [nranks=4] stream 0xbbe4af0
sciml2402:660886:661524 [0] NCCL INFO AllReduce: opCount ab sendbuff 0x7f0a38000000 recvbuff 0x7f0a38000000 count 7087872 datatype 7 op 0 root 0 comm 0xc4925f0 [nranks=4] stream 0xc4961b0
sciml2402:660887:661530 [1] NCCL INFO AllReduce: opCount ad sendbuff 0x7f3727613800 recvbuff 0x7f3727613800 count 7087872 datatype 7 op 0 root 0 comm 0xe18e0b0 [nranks=4] stream 0xe190c30
sciml2402:660888:661528 [2] NCCL INFO AllReduce: opCount ad sendbuff 0x7f0a5b613800 recvbuff 0x7f0a5b613800 count 7087872 datatype 7 op 0 root 0 comm 0xf66d570 [nranks=4] stream 0xc0632b0
sciml2402:660889:661536 [3] NCCL INFO AllReduce: opCount ad sendbuff 0x7f1409613800 recvbuff 0x7f1409613800 count 7087872 datatype 7 op 0 root 0 comm 0x10397e50 [nranks=4] stream 0xbbe4af0
sciml2402:660886:661524 [0] NCCL INFO AllReduce: opCount ac sendbuff 0x7f0a39b09c00 recvbuff 0x7f0a39b09c00 count 7087872 datatype 7 op 0 root 0 comm 0xc4925f0 [nranks=4] stream 0xc4961b0
sciml2402:660888:661528 [2] NCCL INFO AllReduce: opCount ae sendbuff 0x7f0ac2000000 recvbuff 0x7f0ac2000000 count 44112384 datatype 7 op 0 root 0 comm 0xf66d570 [nranks=4] stream 0xc0632b0
sciml2402:660887:661530 [1] NCCL INFO AllReduce: opCount ae sendbuff 0x7f3794000000 recvbuff 0x7f3794000000 count 44112384 datatype 7 op 0 root 0 comm 0xe18e0b0 [nranks=4] stream 0xe190c30
sciml2402:660889:661536 [3] NCCL INFO AllReduce: opCount ae sendbuff 0x7f1472000000 recvbuff 0x7f1472000000 count 44112384 datatype 7 op 0 root 0 comm 0x10397e50 [nranks=4] stream 0xbbe4af0
sciml2402:660886:661524 [0] NCCL INFO AllReduce: opCount ad sendbuff 0x7f0a3b613800 recvbuff 0x7f0a3b613800 count 7087872 datatype 7 op 0 root 0 comm 0xc4925f0 [nranks=4] stream 0xc4961b0
sciml2402:660886:661524 [0] NCCL INFO AllReduce: opCount ae sendbuff 0x7f0aa6000000 recvbuff 0x7f0aa6000000 count 44112384 datatype 7 op 0 root 0 comm 0xc4925f0 [nranks=4] stream 0xc4961b0
sciml2402:660888:660888 [2] NCCL INFO Broadcast: opCount af sendbuff 0x7f0a323c0000 recvbuff 0x7f0a323c0000 count 12582912 datatype 0 op 0 root 0 comm 0xf66d570 [nranks=4] stream 0xc0632b0
sciml2402:660887:660887 [1] NCCL INFO Broadcast: opCount af sendbuff 0x7f36fe3c0000 recvbuff 0x7f36fe3c0000 count 12582912 datatype 0 op 0 root 0 comm 0xe18e0b0 [nranks=4] stream 0xe190c30
sciml2402:660888:660888 [2] NCCL INFO Broadcast: opCount b0 sendbuff 0x7f0adfff8000 recvbuff 0x7f0adfff8000 count 48 datatype 0 op 0 root 0 comm 0xf66d570 [nranks=4] stream 0xc0632b0
sciml2402:660887:660887 [1] NCCL INFO Broadcast: opCount b0 sendbuff 0x7f37b1ff8000 recvbuff 0x7f37b1ff8000 count 48 datatype 0 op 0 root 0 comm 0xe18e0b0 [nranks=4] stream 0xe190c30
sciml2402:660889:660889 [3] NCCL INFO Broadcast: opCount af sendbuff 0x7f13e03c0000 recvbuff 0x7f13e03c0000 count 12582912 datatype 0 op 0 root 0 comm 0x10397e50 [nranks=4] stream 0xbbe4af0
sciml2402:660889:660889 [3] NCCL INFO Broadcast: opCount b0 sendbuff 0x7f148fff8000 recvbuff 0x7f148fff8000 count 48 datatype 0 op 0 root 0 comm 0x10397e50 [nranks=4] stream 0xbbe4af0
sciml2402:660886:660886 [0] NCCL INFO Broadcast: opCount af sendbuff 0x7f0a103c0000 recvbuff 0x7f0a103c0000 count 12582912 datatype 0 op 0 root 0 comm 0xc4925f0 [nranks=4] stream 0xc4961b0
sciml2402:660886:660886 [0] NCCL INFO Broadcast: opCount b0 sendbuff 0x7f0b5b5d8800 recvbuff 0x7f0b5b5d8800 count 48 datatype 0 op 0 root 0 comm 0xc4925f0 [nranks=4] stream 0xc4961b0
sciml2402:660888:661528 [2] NCCL INFO AllReduce: opCount b1 sendbuff 0x7f0b64c00000 recvbuff 0x7f0b64c00000 count 2361600 datatype 7 op 0 root 0 comm 0xf66d570 [nranks=4] stream 0xc0632b0
sciml2402:660889:661536 [3] NCCL INFO AllReduce: opCount b1 sendbuff 0x7f1512600000 recvbuff 0x7f1512600000 count 2361600 datatype 7 op 0 root 0 comm 0x10397e50 [nranks=4] stream 0xbbe4af0
sciml2402:660887:661530 [1] NCCL INFO AllReduce: opCount b1 sendbuff 0x7f3836600000 recvbuff 0x7f3836600000 count 2361600 datatype 7 op 0 root 0 comm 0xe18e0b0 [nranks=4] stream 0xe190c30
sciml2402:660888:661528 [2] NCCL INFO AllReduce: opCount b2 sendbuff 0x7f0af733d800 recvbuff 0x7f0af733d800 count 7087872 datatype 7 op 0 root 0 comm 0xf66d570 [nranks=4] stream 0xc0632b0
sciml2402:660889:661536 [3] NCCL INFO AllReduce: opCount b2 sendbuff 0x7f14a733d800 recvbuff 0x7f14a733d800 count 7087872 datatype 7 op 0 root 0 comm 0x10397e50 [nranks=4] stream 0xbbe4af0
sciml2402:660887:661530 [1] NCCL INFO AllReduce: opCount b2 sendbuff 0x7f37c933d800 recvbuff 0x7f37c933d800 count 7087872 datatype 7 op 0 root 0 comm 0xe18e0b0 [nranks=4] stream 0xe190c30
sciml2402:660888:661528 [2] NCCL INFO AllReduce: opCount b3 sendbuff 0x7f0af8e47400 recvbuff 0x7f0af8e47400 count 7087872 datatype 7 op 0 root 0 comm 0xf66d570 [nranks=4] stream 0xc0632b0
sciml2402:660888:661528 [2] NCCL INFO AllReduce: opCount b4 sendbuff 0x7f0afa951000 recvbuff 0x7f0afa951000 count 7087872 datatype 7 op 0 root 0 comm 0xf66d570 [nranks=4] stream 0xc0632b0
sciml2402:660886:661524 [0] NCCL INFO AllReduce: opCount b1 sendbuff 0x7f0b06600000 recvbuff 0x7f0b06600000 count 2361600 datatype 7 op 0 root 0 comm 0xc4925f0 [nranks=4] stream 0xc4961b0
sciml2402:660887:661530 [1] NCCL INFO AllReduce: opCount b3 sendbuff 0x7f37cae47400 recvbuff 0x7f37cae47400 count 7087872 datatype 7 op 0 root 0 comm 0xe18e0b0 [nranks=4] stream 0xe190c30
sciml2402:660889:661536 [3] NCCL INFO AllReduce: opCount b3 sendbuff 0x7f14a8e47400 recvbuff 0x7f14a8e47400 count 7087872 datatype 7 op 0 root 0 comm 0x10397e50 [nranks=4] stream 0xbbe4af0
sciml2402:660888:661528 [2] NCCL INFO AllReduce: opCount b5 sendbuff 0x7f0afc45ac00 recvbuff 0x7f0afc45ac00 count 7087872 datatype 7 op 0 root 0 comm 0xf66d570 [nranks=4] stream 0xc0632b0
sciml2402:660886:661524 [0] NCCL INFO AllReduce: opCount b2 sendbuff 0x7f0adb33d800 recvbuff 0x7f0adb33d800 count 7087872 datatype 7 op 0 root 0 comm 0xc4925f0 [nranks=4] stream 0xc4961b0
sciml2402:660888:661528 [2] NCCL INFO AllReduce: opCount b6 sendbuff 0x7f0ae576a400 recvbuff 0x7f0ae576a400 count 7087872 datatype 7 op 0 root 0 comm 0xf66d570 [nranks=4] stream 0xc0632b0
sciml2402:660889:661536 [3] NCCL INFO AllReduce: opCount b4 sendbuff 0x7f14aa951000 recvbuff 0x7f14aa951000 count 7087872 datatype 7 op 0 root 0 comm 0x10397e50 [nranks=4] stream 0xbbe4af0
sciml2402:660887:661530 [1] NCCL INFO AllReduce: opCount b4 sendbuff 0x7f37cc951000 recvbuff 0x7f37cc951000 count 7087872 datatype 7 op 0 root 0 comm 0xe18e0b0 [nranks=4] stream 0xe190c30
sciml2402:660886:661524 [0] NCCL INFO AllReduce: opCount b3 sendbuff 0x7f0adce47400 recvbuff 0x7f0adce47400 count 7087872 datatype 7 op 0 root 0 comm 0xc4925f0 [nranks=4] stream 0xc4961b0
sciml2402:660888:661528 [2] NCCL INFO AllReduce: opCount b7 sendbuff 0x7f0ae7274000 recvbuff 0x7f0ae7274000 count 7087872 datatype 7 op 0 root 0 comm 0xf66d570 [nranks=4] stream 0xc0632b0
sciml2402:660886:661524 [0] NCCL INFO AllReduce: opCount b4 sendbuff 0x7f0ade951000 recvbuff 0x7f0ade951000 count 7087872 datatype 7 op 0 root 0 comm 0xc4925f0 [nranks=4] stream 0xc4961b0
sciml2402:660888:661528 [2] NCCL INFO AllReduce: opCount b8 sendbuff 0x7f0ae8d7dc00 recvbuff 0x7f0ae8d7dc00 count 7087872 datatype 7 op 0 root 0 comm 0xf66d570 [nranks=4] stream 0xc0632b0
sciml2402:660887:661530 [1] NCCL INFO AllReduce: opCount b5 sendbuff 0x7f37ce45ac00 recvbuff 0x7f37ce45ac00 count 7087872 datatype 7 op 0 root 0 comm 0xe18e0b0 [nranks=4] stream 0xe190c30
sciml2402:660889:661536 [3] NCCL INFO AllReduce: opCount b5 sendbuff 0x7f14ac45ac00 recvbuff 0x7f14ac45ac00 count 7087872 datatype 7 op 0 root 0 comm 0x10397e50 [nranks=4] stream 0xbbe4af0
sciml2402:660888:661528 [2] NCCL INFO AllReduce: opCount b9 sendbuff 0x7f0aea887800 recvbuff 0x7f0aea887800 count 7087872 datatype 7 op 0 root 0 comm 0xf66d570 [nranks=4] stream 0xc0632b0
sciml2402:660886:661524 [0] NCCL INFO AllReduce: opCount b5 sendbuff 0x7f0ae045ac00 recvbuff 0x7f0ae045ac00 count 7087872 datatype 7 op 0 root 0 comm 0xc4925f0 [nranks=4] stream 0xc4961b0
sciml2402:660886:661524 [0] NCCL INFO AllReduce: opCount b6 sendbuff 0x7f0ac976a400 recvbuff 0x7f0ac976a400 count 7087872 datatype 7 op 0 root 0 comm 0xc4925f0 [nranks=4] stream 0xc4961b0
sciml2402:660887:661530 [1] NCCL INFO AllReduce: opCount b6 sendbuff 0x7f37b776a400 recvbuff 0x7f37b776a400 count 7087872 datatype 7 op 0 root 0 comm 0xe18e0b0 [nranks=4] stream 0xe190c30
sciml2402:660889:661536 [3] NCCL INFO AllReduce: opCount b6 sendbuff 0x7f149576a400 recvbuff 0x7f149576a400 count 7087872 datatype 7 op 0 root 0 comm 0x10397e50 [nranks=4] stream 0xbbe4af0
sciml2402:660886:661524 [0] NCCL INFO AllReduce: opCount b7 sendbuff 0x7f0acb274000 recvbuff 0x7f0acb274000 count 7087872 datatype 7 op 0 root 0 comm 0xc4925f0 [nranks=4] stream 0xc4961b0
sciml2402:660886:661524 [0] NCCL INFO AllReduce: opCount b8 sendbuff 0x7f0accd7dc00 recvbuff 0x7f0accd7dc00 count 7087872 datatype 7 op 0 root 0 comm 0xc4925f0 [nranks=4] stream 0xc4961b0
sciml2402:660887:661530 [1] NCCL INFO AllReduce: opCount b7 sendbuff 0x7f37b9274000 recvbuff 0x7f37b9274000 count 7087872 datatype 7 op 0 root 0 comm 0xe18e0b0 [nranks=4] stream 0xe190c30
sciml2402:660889:661536 [3] NCCL INFO AllReduce: opCount b7 sendbuff 0x7f1497274000 recvbuff 0x7f1497274000 count 7087872 datatype 7 op 0 root 0 comm 0x10397e50 [nranks=4] stream 0xbbe4af0
sciml2402:660888:661528 [2] NCCL INFO AllReduce: opCount ba sendbuff 0x7f0a58000000 recvbuff 0x7f0a58000000 count 7087872 datatype 7 op 0 root 0 comm 0xf66d570 [nranks=4] stream 0xc0632b0
sciml2402:660886:661524 [0] NCCL INFO AllReduce: opCount b9 sendbuff 0x7f0ace887800 recvbuff 0x7f0ace887800 count 7087872 datatype 7 op 0 root 0 comm 0xc4925f0 [nranks=4] stream 0xc4961b0
sciml2402:660887:661530 [1] NCCL INFO AllReduce: opCount b8 sendbuff 0x7f37bad7dc00 recvbuff 0x7f37bad7dc00 count 7087872 datatype 7 op 0 root 0 comm 0xe18e0b0 [nranks=4] stream 0xe190c30
sciml2402:660889:661536 [3] NCCL INFO AllReduce: opCount b8 sendbuff 0x7f1498d7dc00 recvbuff 0x7f1498d7dc00 count 7087872 datatype 7 op 0 root 0 comm 0x10397e50 [nranks=4] stream 0xbbe4af0
sciml2402:660886:661524 [0] NCCL INFO AllReduce: opCount ba sendbuff 0x7f0a38000000 recvbuff 0x7f0a38000000 count 7087872 datatype 7 op 0 root 0 comm 0xc4925f0 [nranks=4] stream 0xc4961b0
sciml2402:660887:661530 [1] NCCL INFO AllReduce: opCount b9 sendbuff 0x7f37bc887800 recvbuff 0x7f37bc887800 count 7087872 datatype 7 op 0 root 0 comm 0xe18e0b0 [nranks=4] stream 0xe190c30
sciml2402:660889:661536 [3] NCCL INFO AllReduce: opCount b9 sendbuff 0x7f149a887800 recvbuff 0x7f149a887800 count 7087872 datatype 7 op 0 root 0 comm 0x10397e50 [nranks=4] stream 0xbbe4af0
sciml2402:660887:661530 [1] NCCL INFO AllReduce: opCount ba sendbuff 0x7f3724000000 recvbuff 0x7f3724000000 count 7087872 datatype 7 op 0 root 0 comm 0xe18e0b0 [nranks=4] stream 0xe190c30
sciml2402:660889:661536 [3] NCCL INFO AllReduce: opCount ba sendbuff 0x7f1406000000 recvbuff 0x7f1406000000 count 7087872 datatype 7 op 0 root 0 comm 0x10397e50 [nranks=4] stream 0xbbe4af0
sciml2402:660888:661528 [2] NCCL INFO AllReduce: opCount bb sendbuff 0x7f0a59b09c00 recvbuff 0x7f0a59b09c00 count 7087872 datatype 7 op 0 root 0 comm 0xf66d570 [nranks=4] stream 0xc0632b0
sciml2402:660887:661530 [1] NCCL INFO AllReduce: opCount bb sendbuff 0x7f3725b09c00 recvbuff 0x7f3725b09c00 count 7087872 datatype 7 op 0 root 0 comm 0xe18e0b0 [nranks=4] stream 0xe190c30
sciml2402:660886:661524 [0] NCCL INFO AllReduce: opCount bb sendbuff 0x7f0a39b09c00 recvbuff 0x7f0a39b09c00 count 7087872 datatype 7 op 0 root 0 comm 0xc4925f0 [nranks=4] stream 0xc4961b0
sciml2402:660889:661536 [3] NCCL INFO AllReduce: opCount bb sendbuff 0x7f1407b09c00 recvbuff 0x7f1407b09c00 count 7087872 datatype 7 op 0 root 0 comm 0x10397e50 [nranks=4] stream 0xbbe4af0
sciml2402:660886:661524 [0] NCCL INFO AllReduce: opCount bc sendbuff 0x7f0a3b613800 recvbuff 0x7f0a3b613800 count 7087872 datatype 7 op 0 root 0 comm 0xc4925f0 [nranks=4] stream 0xc4961b0
sciml2402:660887:661530 [1] NCCL INFO AllReduce: opCount bc sendbuff 0x7f3727613800 recvbuff 0x7f3727613800 count 7087872 datatype 7 op 0 root 0 comm 0xe18e0b0 [nranks=4] stream 0xe190c30
sciml2402:660888:661528 [2] NCCL INFO AllReduce: opCount bc sendbuff 0x7f0a5b613800 recvbuff 0x7f0a5b613800 count 7087872 datatype 7 op 0 root 0 comm 0xf66d570 [nranks=4] stream 0xc0632b0
sciml2402:660889:661536 [3] NCCL INFO AllReduce: opCount bc sendbuff 0x7f1409613800 recvbuff 0x7f1409613800 count 7087872 datatype 7 op 0 root 0 comm 0x10397e50 [nranks=4] stream 0xbbe4af0
sciml2402:660886:661524 [0] NCCL INFO AllReduce: opCount bd sendbuff 0x7f0aa6000000 recvbuff 0x7f0aa6000000 count 44112384 datatype 7 op 0 root 0 comm 0xc4925f0 [nranks=4] stream 0xc4961b0
sciml2402:660888:661528 [2] NCCL INFO AllReduce: opCount bd sendbuff 0x7f0ac2000000 recvbuff 0x7f0ac2000000 count 44112384 datatype 7 op 0 root 0 comm 0xf66d570 [nranks=4] stream 0xc0632b0
sciml2402:660887:661530 [1] NCCL INFO AllReduce: opCount bd sendbuff 0x7f3794000000 recvbuff 0x7f3794000000 count 44112384 datatype 7 op 0 root 0 comm 0xe18e0b0 [nranks=4] stream 0xe190c30
sciml2402:660889:661536 [3] NCCL INFO AllReduce: opCount bd sendbuff 0x7f1472000000 recvbuff 0x7f1472000000 count 44112384 datatype 7 op 0 root 0 comm 0x10397e50 [nranks=4] stream 0xbbe4af0
sciml2402:660886:660886 [0] NCCL INFO Broadcast: opCount be sendbuff 0x7f0a102a0000 recvbuff 0x7f0a102a0000 count 12582912 datatype 0 op 0 root 0 comm 0xc4925f0 [nranks=4] stream 0xc4961b0
sciml2402:660886:660886 [0] NCCL INFO Broadcast: opCount bf sendbuff 0x7f0ac3ff8000 recvbuff 0x7f0ac3ff8000 count 48 datatype 0 op 0 root 0 comm 0xc4925f0 [nranks=4] stream 0xc4961b0
sciml2402:660888:660888 [2] NCCL INFO Broadcast: opCount be sendbuff 0x7f0a322a0000 recvbuff 0x7f0a322a0000 count 12582912 datatype 0 op 0 root 0 comm 0xf66d570 [nranks=4] stream 0xc0632b0
sciml2402:660888:660888 [2] NCCL INFO Broadcast: opCount bf sendbuff 0x7f0b5b5d8800 recvbuff 0x7f0b5b5d8800 count 48 datatype 0 op 0 root 0 comm 0xf66d570 [nranks=4] stream 0xc0632b0
sciml2402:660887:660887 [1] NCCL INFO Broadcast: opCount be sendbuff 0x7f36fe2a0000 recvbuff 0x7f36fe2a0000 count 12582912 datatype 0 op 0 root 0 comm 0xe18e0b0 [nranks=4] stream 0xe190c30
sciml2402:660887:660887 [1] NCCL INFO Broadcast: opCount bf sendbuff 0x7f38275d8800 recvbuff 0x7f38275d8800 count 48 datatype 0 op 0 root 0 comm 0xe18e0b0 [nranks=4] stream 0xe190c30
sciml2402:660889:660889 [3] NCCL INFO Broadcast: opCount be sendbuff 0x7f13e02a0000 recvbuff 0x7f13e02a0000 count 12582912 datatype 0 op 0 root 0 comm 0x10397e50 [nranks=4] stream 0xbbe4af0
sciml2402:660889:660889 [3] NCCL INFO Broadcast: opCount bf sendbuff 0x7f150b5d8800 recvbuff 0x7f150b5d8800 count 48 datatype 0 op 0 root 0 comm 0x10397e50 [nranks=4] stream 0xbbe4af0
sciml2402:660888:661528 [2] NCCL INFO AllReduce: opCount c0 sendbuff 0x7f0b64c00000 recvbuff 0x7f0b64c00000 count 2361600 datatype 7 op 0 root 0 comm 0xf66d570 [nranks=4] stream 0xc0632b0
sciml2402:660886:661524 [0] NCCL INFO AllReduce: opCount c0 sendbuff 0x7f0b06600000 recvbuff 0x7f0b06600000 count 2361600 datatype 7 op 0 root 0 comm 0xc4925f0 [nranks=4] stream 0xc4961b0
sciml2402:660887:661530 [1] NCCL INFO AllReduce: opCount c0 sendbuff 0x7f3836600000 recvbuff 0x7f3836600000 count 2361600 datatype 7 op 0 root 0 comm 0xe18e0b0 [nranks=4] stream 0xe190c30
sciml2402:660889:661536 [3] NCCL INFO AllReduce: opCount c0 sendbuff 0x7f1512600000 recvbuff 0x7f1512600000 count 2361600 datatype 7 op 0 root 0 comm 0x10397e50 [nranks=4] stream 0xbbe4af0
sciml2402:660888:661528 [2] NCCL INFO AllReduce: opCount c1 sendbuff 0x7f0af733d800 recvbuff 0x7f0af733d800 count 7087872 datatype 7 op 0 root 0 comm 0xf66d570 [nranks=4] stream 0xc0632b0
sciml2402:660886:661524 [0] NCCL INFO AllReduce: opCount c1 sendbuff 0x7f0adb33d800 recvbuff 0x7f0adb33d800 count 7087872 datatype 7 op 0 root 0 comm 0xc4925f0 [nranks=4] stream 0xc4961b0
sciml2402:660887:661530 [1] NCCL INFO AllReduce: opCount c1 sendbuff 0x7f37c933d800 recvbuff 0x7f37c933d800 count 7087872 datatype 7 op 0 root 0 comm 0xe18e0b0 [nranks=4] stream 0xe190c30
sciml2402:660888:661528 [2] NCCL INFO AllReduce: opCount c2 sendbuff 0x7f0af8e47400 recvbuff 0x7f0af8e47400 count 7087872 datatype 7 op 0 root 0 comm 0xf66d570 [nranks=4] stream 0xc0632b0
sciml2402:660889:661536 [3] NCCL INFO AllReduce: opCount c1 sendbuff 0x7f14a733d800 recvbuff 0x7f14a733d800 count 7087872 datatype 7 op 0 root 0 comm 0x10397e50 [nranks=4] stream 0xbbe4af0
sciml2402:660886:661524 [0] NCCL INFO AllReduce: opCount c2 sendbuff 0x7f0adce47400 recvbuff 0x7f0adce47400 count 7087872 datatype 7 op 0 root 0 comm 0xc4925f0 [nranks=4] stream 0xc4961b0
sciml2402:660888:661528 [2] NCCL INFO AllReduce: opCount c3 sendbuff 0x7f0afa951000 recvbuff 0x7f0afa951000 count 7087872 datatype 7 op 0 root 0 comm 0xf66d570 [nranks=4] stream 0xc0632b0
sciml2402:660886:661524 [0] NCCL INFO AllReduce: opCount c3 sendbuff 0x7f0ade951000 recvbuff 0x7f0ade951000 count 7087872 datatype 7 op 0 root 0 comm 0xc4925f0 [nranks=4] stream 0xc4961b0
sciml2402:660887:661530 [1] NCCL INFO AllReduce: opCount c2 sendbuff 0x7f37cae47400 recvbuff 0x7f37cae47400 count 7087872 datatype 7 op 0 root 0 comm 0xe18e0b0 [nranks=4] stream 0xe190c30
sciml2402:660888:661528 [2] NCCL INFO AllReduce: opCount c4 sendbuff 0x7f0afc45ac00 recvbuff 0x7f0afc45ac00 count 7087872 datatype 7 op 0 root 0 comm 0xf66d570 [nranks=4] stream 0xc0632b0
sciml2402:660889:661536 [3] NCCL INFO AllReduce: opCount c2 sendbuff 0x7f14a8e47400 recvbuff 0x7f14a8e47400 count 7087872 datatype 7 op 0 root 0 comm 0x10397e50 [nranks=4] stream 0xbbe4af0
sciml2402:660886:661524 [0] NCCL INFO AllReduce: opCount c4 sendbuff 0x7f0ae045ac00 recvbuff 0x7f0ae045ac00 count 7087872 datatype 7 op 0 root 0 comm 0xc4925f0 [nranks=4] stream 0xc4961b0
sciml2402:660888:661528 [2] NCCL INFO AllReduce: opCount c5 sendbuff 0x7f0ae576a400 recvbuff 0x7f0ae576a400 count 7087872 datatype 7 op 0 root 0 comm 0xf66d570 [nranks=4] stream 0xc0632b0
sciml2402:660886:661524 [0] NCCL INFO AllReduce: opCount c5 sendbuff 0x7f0ac976a400 recvbuff 0x7f0ac976a400 count 7087872 datatype 7 op 0 root 0 comm 0xc4925f0 [nranks=4] stream 0xc4961b0
sciml2402:660887:661530 [1] NCCL INFO AllReduce: opCount c3 sendbuff 0x7f37cc951000 recvbuff 0x7f37cc951000 count 7087872 datatype 7 op 0 root 0 comm 0xe18e0b0 [nranks=4] stream 0xe190c30
sciml2402:660889:661536 [3] NCCL INFO AllReduce: opCount c3 sendbuff 0x7f14aa951000 recvbuff 0x7f14aa951000 count 7087872 datatype 7 op 0 root 0 comm 0x10397e50 [nranks=4] stream 0xbbe4af0
sciml2402:660888:661528 [2] NCCL INFO AllReduce: opCount c6 sendbuff 0x7f0ae7274000 recvbuff 0x7f0ae7274000 count 7087872 datatype 7 op 0 root 0 comm 0xf66d570 [nranks=4] stream 0xc0632b0
sciml2402:660886:661524 [0] NCCL INFO AllReduce: opCount c6 sendbuff 0x7f0acb274000 recvbuff 0x7f0acb274000 count 7087872 datatype 7 op 0 root 0 comm 0xc4925f0 [nranks=4] stream 0xc4961b0
sciml2402:660888:661528 [2] NCCL INFO AllReduce: opCount c7 sendbuff 0x7f0ae8d7dc00 recvbuff 0x7f0ae8d7dc00 count 7087872 datatype 7 op 0 root 0 comm 0xf66d570 [nranks=4] stream 0xc0632b0
sciml2402:660887:661530 [1] NCCL INFO AllReduce: opCount c4 sendbuff 0x7f37ce45ac00 recvbuff 0x7f37ce45ac00 count 7087872 datatype 7 op 0 root 0 comm 0xe18e0b0 [nranks=4] stream 0xe190c30
sciml2402:660889:661536 [3] NCCL INFO AllReduce: opCount c4 sendbuff 0x7f14ac45ac00 recvbuff 0x7f14ac45ac00 count 7087872 datatype 7 op 0 root 0 comm 0x10397e50 [nranks=4] stream 0xbbe4af0
sciml2402:660888:661528 [2] NCCL INFO AllReduce: opCount c8 sendbuff 0x7f0aea887800 recvbuff 0x7f0aea887800 count 7087872 datatype 7 op 0 root 0 comm 0xf66d570 [nranks=4] stream 0xc0632b0
sciml2402:660886:661524 [0] NCCL INFO AllReduce: opCount c7 sendbuff 0x7f0accd7dc00 recvbuff 0x7f0accd7dc00 count 7087872 datatype 7 op 0 root 0 comm 0xc4925f0 [nranks=4] stream 0xc4961b0
sciml2402:660886:661524 [0] NCCL INFO AllReduce: opCount c8 sendbuff 0x7f0ace887800 recvbuff 0x7f0ace887800 count 7087872 datatype 7 op 0 root 0 comm 0xc4925f0 [nranks=4] stream 0xc4961b0
sciml2402:660887:661530 [1] NCCL INFO AllReduce: opCount c5 sendbuff 0x7f37b776a400 recvbuff 0x7f37b776a400 count 7087872 datatype 7 op 0 root 0 comm 0xe18e0b0 [nranks=4] stream 0xe190c30
sciml2402:660889:661536 [3] NCCL INFO AllReduce: opCount c5 sendbuff 0x7f149576a400 recvbuff 0x7f149576a400 count 7087872 datatype 7 op 0 root 0 comm 0x10397e50 [nranks=4] stream 0xbbe4af0
sciml2402:660887:661530 [1] NCCL INFO AllReduce: opCount c6 sendbuff 0x7f37b9274000 recvbuff 0x7f37b9274000 count 7087872 datatype 7 op 0 root 0 comm 0xe18e0b0 [nranks=4] stream 0xe190c30
sciml2402:660889:661536 [3] NCCL INFO AllReduce: opCount c6 sendbuff 0x7f1497274000 recvbuff 0x7f1497274000 count 7087872 datatype 7 op 0 root 0 comm 0x10397e50 [nranks=4] stream 0xbbe4af0
sciml2402:660888:661528 [2] NCCL INFO AllReduce: opCount c9 sendbuff 0x7f0a58000000 recvbuff 0x7f0a58000000 count 7087872 datatype 7 op 0 root 0 comm 0xf66d570 [nranks=4] stream 0xc0632b0
sciml2402:660886:661524 [0] NCCL INFO AllReduce: opCount c9 sendbuff 0x7f0a38000000 recvbuff 0x7f0a38000000 count 7087872 datatype 7 op 0 root 0 comm 0xc4925f0 [nranks=4] stream 0xc4961b0
sciml2402:660887:661530 [1] NCCL INFO AllReduce: opCount c7 sendbuff 0x7f37bad7dc00 recvbuff 0x7f37bad7dc00 count 7087872 datatype 7 op 0 root 0 comm 0xe18e0b0 [nranks=4] stream 0xe190c30
sciml2402:660889:661536 [3] NCCL INFO AllReduce: opCount c7 sendbuff 0x7f1498d7dc00 recvbuff 0x7f1498d7dc00 count 7087872 datatype 7 op 0 root 0 comm 0x10397e50 [nranks=4] stream 0xbbe4af0
sciml2402:660887:661530 [1] NCCL INFO AllReduce: opCount c8 sendbuff 0x7f37bc887800 recvbuff 0x7f37bc887800 count 7087872 datatype 7 op 0 root 0 comm 0xe18e0b0 [nranks=4] stream 0xe190c30
sciml2402:660889:661536 [3] NCCL INFO AllReduce: opCount c8 sendbuff 0x7f149a887800 recvbuff 0x7f149a887800 count 7087872 datatype 7 op 0 root 0 comm 0x10397e50 [nranks=4] stream 0xbbe4af0
sciml2402:660887:661530 [1] NCCL INFO AllReduce: opCount c9 sendbuff 0x7f3724000000 recvbuff 0x7f3724000000 count 7087872 datatype 7 op 0 root 0 comm 0xe18e0b0 [nranks=4] stream 0xe190c30
sciml2402:660889:661536 [3] NCCL INFO AllReduce: opCount c9 sendbuff 0x7f1406000000 recvbuff 0x7f1406000000 count 7087872 datatype 7 op 0 root 0 comm 0x10397e50 [nranks=4] stream 0xbbe4af0
sciml2402:660888:661528 [2] NCCL INFO AllReduce: opCount ca sendbuff 0x7f0a59b09c00 recvbuff 0x7f0a59b09c00 count 7087872 datatype 7 op 0 root 0 comm 0xf66d570 [nranks=4] stream 0xc0632b0
sciml2402:660886:661524 [0] NCCL INFO AllReduce: opCount ca sendbuff 0x7f0a39b09c00 recvbuff 0x7f0a39b09c00 count 7087872 datatype 7 op 0 root 0 comm 0xc4925f0 [nranks=4] stream 0xc4961b0
sciml2402:660887:661530 [1] NCCL INFO AllReduce: opCount ca sendbuff 0x7f3725b09c00 recvbuff 0x7f3725b09c00 count 7087872 datatype 7 op 0 root 0 comm 0xe18e0b0 [nranks=4] stream 0xe190c30
sciml2402:660889:661536 [3] NCCL INFO AllReduce: opCount ca sendbuff 0x7f1407b09c00 recvbuff 0x7f1407b09c00 count 7087872 datatype 7 op 0 root 0 comm 0x10397e50 [nranks=4] stream 0xbbe4af0
sciml2402:660886:661524 [0] NCCL INFO AllReduce: opCount cb sendbuff 0x7f0a3b613800 recvbuff 0x7f0a3b613800 count 7087872 datatype 7 op 0 root 0 comm 0xc4925f0 [nranks=4] stream 0xc4961b0
sciml2402:660887:661530 [1] NCCL INFO AllReduce: opCount cb sendbuff 0x7f3727613800 recvbuff 0x7f3727613800 count 7087872 datatype 7 op 0 root 0 comm 0xe18e0b0 [nranks=4] stream 0xe190c30
sciml2402:660888:661528 [2] NCCL INFO AllReduce: opCount cb sendbuff 0x7f0a5b613800 recvbuff 0x7f0a5b613800 count 7087872 datatype 7 op 0 root 0 comm 0xf66d570 [nranks=4] stream 0xc0632b0
sciml2402:660889:661536 [3] NCCL INFO AllReduce: opCount cb sendbuff 0x7f1409613800 recvbuff 0x7f1409613800 count 7087872 datatype 7 op 0 root 0 comm 0x10397e50 [nranks=4] stream 0xbbe4af0
sciml2402:660886:661524 [0] NCCL INFO AllReduce: opCount cc sendbuff 0x7f0aa6000000 recvbuff 0x7f0aa6000000 count 44112384 datatype 7 op 0 root 0 comm 0xc4925f0 [nranks=4] stream 0xc4961b0
sciml2402:660888:661528 [2] NCCL INFO AllReduce: opCount cc sendbuff 0x7f0ac2000000 recvbuff 0x7f0ac2000000 count 44112384 datatype 7 op 0 root 0 comm 0xf66d570 [nranks=4] stream 0xc0632b0
sciml2402:660889:661536 [3] NCCL INFO AllReduce: opCount cc sendbuff 0x7f1472000000 recvbuff 0x7f1472000000 count 44112384 datatype 7 op 0 root 0 comm 0x10397e50 [nranks=4] stream 0xbbe4af0
sciml2402:660887:661530 [1] NCCL INFO AllReduce: opCount cc sendbuff 0x7f3794000000 recvbuff 0x7f3794000000 count 44112384 datatype 7 op 0 root 0 comm 0xe18e0b0 [nranks=4] stream 0xe190c30
sciml2402:660886:660886 [0] NCCL INFO Broadcast: opCount cd sendbuff 0x7f0a10180000 recvbuff 0x7f0a10180000 count 12582912 datatype 0 op 0 root 0 comm 0xc4925f0 [nranks=4] stream 0xc4961b0
sciml2402:660886:660886 [0] NCCL INFO Broadcast: opCount ce sendbuff 0x7f0b5b5d8800 recvbuff 0x7f0b5b5d8800 count 48 datatype 0 op 0 root 0 comm 0xc4925f0 [nranks=4] stream 0xc4961b0
sciml2402:660888:660888 [2] NCCL INFO Broadcast: opCount cd sendbuff 0x7f0a32180000 recvbuff 0x7f0a32180000 count 12582912 datatype 0 op 0 root 0 comm 0xf66d570 [nranks=4] stream 0xc0632b0
sciml2402:660889:660889 [3] NCCL INFO Broadcast: opCount cd sendbuff 0x7f13e0180000 recvbuff 0x7f13e0180000 count 12582912 datatype 0 op 0 root 0 comm 0x10397e50 [nranks=4] stream 0xbbe4af0
sciml2402:660888:660888 [2] NCCL INFO Broadcast: opCount ce sendbuff 0x7f0adfff8000 recvbuff 0x7f0adfff8000 count 48 datatype 0 op 0 root 0 comm 0xf66d570 [nranks=4] stream 0xc0632b0
sciml2402:660889:660889 [3] NCCL INFO Broadcast: opCount ce sendbuff 0x7f148fff8000 recvbuff 0x7f148fff8000 count 48 datatype 0 op 0 root 0 comm 0x10397e50 [nranks=4] stream 0xbbe4af0
sciml2402:660887:660887 [1] NCCL INFO Broadcast: opCount cd sendbuff 0x7f36fe180000 recvbuff 0x7f36fe180000 count 12582912 datatype 0 op 0 root 0 comm 0xe18e0b0 [nranks=4] stream 0xe190c30
sciml2402:660887:660887 [1] NCCL INFO Broadcast: opCount ce sendbuff 0x7f37b1ff8000 recvbuff 0x7f37b1ff8000 count 48 datatype 0 op 0 root 0 comm 0xe18e0b0 [nranks=4] stream 0xe190c30
sciml2402:660888:661528 [2] NCCL INFO AllReduce: opCount cf sendbuff 0x7f0b64c00000 recvbuff 0x7f0b64c00000 count 2361600 datatype 7 op 0 root 0 comm 0xf66d570 [nranks=4] stream 0xc0632b0
sciml2402:660889:661536 [3] NCCL INFO AllReduce: opCount cf sendbuff 0x7f1512600000 recvbuff 0x7f1512600000 count 2361600 datatype 7 op 0 root 0 comm 0x10397e50 [nranks=4] stream 0xbbe4af0
sciml2402:660886:661524 [0] NCCL INFO AllReduce: opCount cf sendbuff 0x7f0b06600000 recvbuff 0x7f0b06600000 count 2361600 datatype 7 op 0 root 0 comm 0xc4925f0 [nranks=4] stream 0xc4961b0
sciml2402:660887:661530 [1] NCCL INFO AllReduce: opCount cf sendbuff 0x7f3836600000 recvbuff 0x7f3836600000 count 2361600 datatype 7 op 0 root 0 comm 0xe18e0b0 [nranks=4] stream 0xe190c30
sciml2402:660888:661528 [2] NCCL INFO AllReduce: opCount d0 sendbuff 0x7f0af733d800 recvbuff 0x7f0af733d800 count 7087872 datatype 7 op 0 root 0 comm 0xf66d570 [nranks=4] stream 0xc0632b0
sciml2402:660886:661524 [0] NCCL INFO AllReduce: opCount d0 sendbuff 0x7f0adb33d800 recvbuff 0x7f0adb33d800 count 7087872 datatype 7 op 0 root 0 comm 0xc4925f0 [nranks=4] stream 0xc4961b0
sciml2402:660889:661536 [3] NCCL INFO AllReduce: opCount d0 sendbuff 0x7f14a733d800 recvbuff 0x7f14a733d800 count 7087872 datatype 7 op 0 root 0 comm 0x10397e50 [nranks=4] stream 0xbbe4af0
sciml2402:660888:661528 [2] NCCL INFO AllReduce: opCount d1 sendbuff 0x7f0af8e47400 recvbuff 0x7f0af8e47400 count 7087872 datatype 7 op 0 root 0 comm 0xf66d570 [nranks=4] stream 0xc0632b0
sciml2402:660886:661524 [0] NCCL INFO AllReduce: opCount d1 sendbuff 0x7f0adce47400 recvbuff 0x7f0adce47400 count 7087872 datatype 7 op 0 root 0 comm 0xc4925f0 [nranks=4] stream 0xc4961b0
sciml2402:660887:661530 [1] NCCL INFO AllReduce: opCount d0 sendbuff 0x7f37c933d800 recvbuff 0x7f37c933d800 count 7087872 datatype 7 op 0 root 0 comm 0xe18e0b0 [nranks=4] stream 0xe190c30
sciml2402:660888:661528 [2] NCCL INFO AllReduce: opCount d2 sendbuff 0x7f0afa951000 recvbuff 0x7f0afa951000 count 7087872 datatype 7 op 0 root 0 comm 0xf66d570 [nranks=4] stream 0xc0632b0
sciml2402:660886:661524 [0] NCCL INFO AllReduce: opCount d2 sendbuff 0x7f0ade951000 recvbuff 0x7f0ade951000 count 7087872 datatype 7 op 0 root 0 comm 0xc4925f0 [nranks=4] stream 0xc4961b0
sciml2402:660887:661530 [1] NCCL INFO AllReduce: opCount d1 sendbuff 0x7f37cae47400 recvbuff 0x7f37cae47400 count 7087872 datatype 7 op 0 root 0 comm 0xe18e0b0 [nranks=4] stream 0xe190c30
sciml2402:660889:661536 [3] NCCL INFO AllReduce: opCount d1 sendbuff 0x7f14a8e47400 recvbuff 0x7f14a8e47400 count 7087872 datatype 7 op 0 root 0 comm 0x10397e50 [nranks=4] stream 0xbbe4af0
sciml2402:660888:661528 [2] NCCL INFO AllReduce: opCount d3 sendbuff 0x7f0afc45ac00 recvbuff 0x7f0afc45ac00 count 7087872 datatype 7 op 0 root 0 comm 0xf66d570 [nranks=4] stream 0xc0632b0
sciml2402:660886:661524 [0] NCCL INFO AllReduce: opCount d3 sendbuff 0x7f0ae045ac00 recvbuff 0x7f0ae045ac00 count 7087872 datatype 7 op 0 root 0 comm 0xc4925f0 [nranks=4] stream 0xc4961b0
sciml2402:660888:661528 [2] NCCL INFO AllReduce: opCount d4 sendbuff 0x7f0ae576a400 recvbuff 0x7f0ae576a400 count 7087872 datatype 7 op 0 root 0 comm 0xf66d570 [nranks=4] stream 0xc0632b0
sciml2402:660887:661530 [1] NCCL INFO AllReduce: opCount d2 sendbuff 0x7f37cc951000 recvbuff 0x7f37cc951000 count 7087872 datatype 7 op 0 root 0 comm 0xe18e0b0 [nranks=4] stream 0xe190c30
sciml2402:660886:661524 [0] NCCL INFO AllReduce: opCount d4 sendbuff 0x7f0ac976a400 recvbuff 0x7f0ac976a400 count 7087872 datatype 7 op 0 root 0 comm 0xc4925f0 [nranks=4] stream 0xc4961b0
sciml2402:660889:661536 [3] NCCL INFO AllReduce: opCount d2 sendbuff 0x7f14aa951000 recvbuff 0x7f14aa951000 count 7087872 datatype 7 op 0 root 0 comm 0x10397e50 [nranks=4] stream 0xbbe4af0
sciml2402:660888:661528 [2] NCCL INFO AllReduce: opCount d5 sendbuff 0x7f0ae7274000 recvbuff 0x7f0ae7274000 count 7087872 datatype 7 op 0 root 0 comm 0xf66d570 [nranks=4] stream 0xc0632b0
sciml2402:660886:661524 [0] NCCL INFO AllReduce: opCount d5 sendbuff 0x7f0acb274000 recvbuff 0x7f0acb274000 count 7087872 datatype 7 op 0 root 0 comm 0xc4925f0 [nranks=4] stream 0xc4961b0
sciml2402:660888:661528 [2] NCCL INFO AllReduce: opCount d6 sendbuff 0x7f0ae8d7dc00 recvbuff 0x7f0ae8d7dc00 count 7087872 datatype 7 op 0 root 0 comm 0xf66d570 [nranks=4] stream 0xc0632b0
sciml2402:660887:661530 [1] NCCL INFO AllReduce: opCount d3 sendbuff 0x7f37ce45ac00 recvbuff 0x7f37ce45ac00 count 7087872 datatype 7 op 0 root 0 comm 0xe18e0b0 [nranks=4] stream 0xe190c30
sciml2402:660886:661524 [0] NCCL INFO AllReduce: opCount d6 sendbuff 0x7f0accd7dc00 recvbuff 0x7f0accd7dc00 count 7087872 datatype 7 op 0 root 0 comm 0xc4925f0 [nranks=4] stream 0xc4961b0
sciml2402:660889:661536 [3] NCCL INFO AllReduce: opCount d3 sendbuff 0x7f14ac45ac00 recvbuff 0x7f14ac45ac00 count 7087872 datatype 7 op 0 root 0 comm 0x10397e50 [nranks=4] stream 0xbbe4af0
sciml2402:660888:661528 [2] NCCL INFO AllReduce: opCount d7 sendbuff 0x7f0aea887800 recvbuff 0x7f0aea887800 count 7087872 datatype 7 op 0 root 0 comm 0xf66d570 [nranks=4] stream 0xc0632b0
sciml2402:660886:661524 [0] NCCL INFO AllReduce: opCount d7 sendbuff 0x7f0ace887800 recvbuff 0x7f0ace887800 count 7087872 datatype 7 op 0 root 0 comm 0xc4925f0 [nranks=4] stream 0xc4961b0
sciml2402:660887:661530 [1] NCCL INFO AllReduce: opCount d4 sendbuff 0x7f37b776a400 recvbuff 0x7f37b776a400 count 7087872 datatype 7 op 0 root 0 comm 0xe18e0b0 [nranks=4] stream 0xe190c30
sciml2402:660889:661536 [3] NCCL INFO AllReduce: opCount d4 sendbuff 0x7f149576a400 recvbuff 0x7f149576a400 count 7087872 datatype 7 op 0 root 0 comm 0x10397e50 [nranks=4] stream 0xbbe4af0
sciml2402:660887:661530 [1] NCCL INFO AllReduce: opCount d5 sendbuff 0x7f37b9274000 recvbuff 0x7f37b9274000 count 7087872 datatype 7 op 0 root 0 comm 0xe18e0b0 [nranks=4] stream 0xe190c30
sciml2402:660889:661536 [3] NCCL INFO AllReduce: opCount d5 sendbuff 0x7f1497274000 recvbuff 0x7f1497274000 count 7087872 datatype 7 op 0 root 0 comm 0x10397e50 [nranks=4] stream 0xbbe4af0
sciml2402:660888:661528 [2] NCCL INFO AllReduce: opCount d8 sendbuff 0x7f0a58000000 recvbuff 0x7f0a58000000 count 7087872 datatype 7 op 0 root 0 comm 0xf66d570 [nranks=4] stream 0xc0632b0
sciml2402:660886:661524 [0] NCCL INFO AllReduce: opCount d8 sendbuff 0x7f0a38000000 recvbuff 0x7f0a38000000 count 7087872 datatype 7 op 0 root 0 comm 0xc4925f0 [nranks=4] stream 0xc4961b0
sciml2402:660887:661530 [1] NCCL INFO AllReduce: opCount d6 sendbuff 0x7f37bad7dc00 recvbuff 0x7f37bad7dc00 count 7087872 datatype 7 op 0 root 0 comm 0xe18e0b0 [nranks=4] stream 0xe190c30
sciml2402:660889:661536 [3] NCCL INFO AllReduce: opCount d6 sendbuff 0x7f1498d7dc00 recvbuff 0x7f1498d7dc00 count 7087872 datatype 7 op 0 root 0 comm 0x10397e50 [nranks=4] stream 0xbbe4af0
sciml2402:660887:661530 [1] NCCL INFO AllReduce: opCount d7 sendbuff 0x7f37bc887800 recvbuff 0x7f37bc887800 count 7087872 datatype 7 op 0 root 0 comm 0xe18e0b0 [nranks=4] stream 0xe190c30
sciml2402:660887:661530 [1] NCCL INFO AllReduce: opCount d8 sendbuff 0x7f3724000000 recvbuff 0x7f3724000000 count 7087872 datatype 7 op 0 root 0 comm 0xe18e0b0 [nranks=4] stream 0xe190c30
sciml2402:660889:661536 [3] NCCL INFO AllReduce: opCount d7 sendbuff 0x7f149a887800 recvbuff 0x7f149a887800 count 7087872 datatype 7 op 0 root 0 comm 0x10397e50 [nranks=4] stream 0xbbe4af0
sciml2402:660889:661536 [3] NCCL INFO AllReduce: opCount d8 sendbuff 0x7f1406000000 recvbuff 0x7f1406000000 count 7087872 datatype 7 op 0 root 0 comm 0x10397e50 [nranks=4] stream 0xbbe4af0
sciml2402:660886:661524 [0] NCCL INFO AllReduce: opCount d9 sendbuff 0x7f0a39b09c00 recvbuff 0x7f0a39b09c00 count 7087872 datatype 7 op 0 root 0 comm 0xc4925f0 [nranks=4] stream 0xc4961b0
sciml2402:660887:661530 [1] NCCL INFO AllReduce: opCount d9 sendbuff 0x7f3725b09c00 recvbuff 0x7f3725b09c00 count 7087872 datatype 7 op 0 root 0 comm 0xe18e0b0 [nranks=4] stream 0xe190c30
