+ module load mpi/openmpi-x86_64
/var/spool/slurm/d/job31604522/slurm_script: line 11: module: command not found
+ export NCCL_HOME=/home/xmei/projects/nccl/build
+ NCCL_HOME=/home/xmei/projects/nccl/build
+ export NCCL_DEBUG=INFO
+ NCCL_DEBUG=INFO
+ export NCCL_IB_DISABLE=0
+ NCCL_IB_DISABLE=0
+ export NCCL_NET_GDR_LEVEL=2
+ NCCL_NET_GDR_LEVEL=2
+ echo -e '\nNCCL env var'

NCCL env var
+ env
+ grep NCCL
NCCL_NET_GDR_LEVEL=2
NCCL_HOME=/home/xmei/projects/nccl/build
NCCL_DEBUG=INFO
NCCL_IB_DISABLE=0
+ echo -e '\nMPI env var'

MPI env var
+ grep MPI
+ env
MPI_LIB=/usr/lib64/openmpi/lib
MPI_COMPILER=openmpi-x86_64
MPI_INCLUDE=/usr/include/openmpi-x86_64
I_MPI_HYDRA_BOOTSTRAP_EXEC_EXTRA_ARGS=--external-launcher
MPI_FORTRAN_MOD_DIR=/usr/lib64/gfortran/modules/openmpi
MPI_HOME=/usr/lib64/openmpi
MPI_SYSCONFIG=/etc/openmpi-x86_64
MPI_SUFFIX=_openmpi
MPI_BIN=/usr/lib64/openmpi/bin
MPI_PYTHON3_SITEARCH=/usr/lib64/python3.9/site-packages/openmpi
MPI_MAN=/usr/share/man/openmpi-x86_64
OMPI_MCA_plm_slurm_args=--external-launcher
I_MPI_HYDRA_BOOTSTRAP=slurm
+ export LD_LIBRARY_PATH=/usr/lib64/openmpi/lib:/home/xmei/projects/nccl/build/lib:/usr/lib64/openmpi/lib
+ LD_LIBRARY_PATH=/usr/lib64/openmpi/lib:/home/xmei/projects/nccl/build/lib:/usr/lib64/openmpi/lib
+ export WKDIR=/home/xmei/projects/nccl-tests
+ WKDIR=/home/xmei/projects/nccl-tests
+ mpirun -np 4 /home/xmei/projects/nccl-tests/build/all_reduce_perf -b 128M -e 2G -f 2 -g 1
sciml2301.jlab.org:rank1.all_reduce_perf: Failed to modify UD QP to INIT on mlx5_0: Operation not permitted
sciml2301.jlab.org:rank2.all_reduce_perf: Failed to modify UD QP to INIT on mlx5_0: Operation not permitted
sciml2301.jlab.org:rank0.all_reduce_perf: Failed to modify UD QP to INIT on mlx5_0: Operation not permitted
sciml2301.jlab.org:rank3.all_reduce_perf: Failed to modify UD QP to INIT on mlx5_0: Operation not permitted
sciml2301.jlab.org:rank1.all_reduce_perf: Failed to modify UD QP to INIT on mlx5_0: Operation not permitted
sciml2301.jlab.org:rank0.all_reduce_perf: Failed to modify UD QP to INIT on mlx5_0: Operation not permitted
sciml2301.jlab.org:rank2.all_reduce_perf: Failed to modify UD QP to INIT on mlx5_0: Operation not permitted
sciml2301.jlab.org:rank1.all_reduce_perf: Failed to modify UD QP to INIT on mlx5_0: Operation not permitted
sciml2301.jlab.org:rank3.all_reduce_perf: Failed to modify UD QP to INIT on mlx5_0: Operation not permitted
sciml2301.jlab.org:rank0.all_reduce_perf: Failed to modify UD QP to INIT on mlx5_0: Operation not permitted
sciml2301.jlab.org:rank2.all_reduce_perf: Failed to modify UD QP to INIT on mlx5_0: Operation not permitted
--------------------------------------------------------------------------
WARNING: There was an error initializing an OpenFabrics device.

  Local host:   sciml2301
  Local device: mlx5_0
--------------------------------------------------------------------------
sciml2301.jlab.org:rank3.all_reduce_perf: Failed to modify UD QP to INIT on mlx5_0: Operation not permitted
sciml2301.jlab.org:rank1.all_reduce_perf: Failed to modify UD QP to INIT on mlx5_0: Operation not permitted
sciml2301.jlab.org:rank0.all_reduce_perf: Failed to modify UD QP to INIT on mlx5_0: Operation not permitted
--------------------------------------------------------------------------
Open MPI failed an OFI Libfabric library call (fi_endpoint).  This is highly
unusual; your job may behave unpredictably (and/or abort) after this.

  Local host: sciml2301
  Location: mtl_ofi_component.c:513
  Error: Invalid argument (22)
--------------------------------------------------------------------------
sciml2301.jlab.org:rank2.all_reduce_perf: Failed to modify UD QP to INIT on mlx5_0: Operation not permitted
sciml2301.jlab.org:rank3.all_reduce_perf: Failed to modify UD QP to INIT on mlx5_0: Operation not permitted
# nThread 1 nGpus 1 minBytes 134217728 maxBytes 2147483648 step: 2(factor) warmup iters: 5 iters: 20 agg iters: 1 validation: 1 graph: 0
#
# Using devices
#  Rank  0 Group  0 Pid 1733173 on  sciml2301 device  0 [0x83] NVIDIA A100 80GB PCIe
#  Rank  1 Group  0 Pid 1733174 on  sciml2301 device  1 [0x84] NVIDIA A100 80GB PCIe
#  Rank  2 Group  0 Pid 1733175 on  sciml2301 device  2 [0xc3] NVIDIA A100 80GB PCIe
#  Rank  3 Group  0 Pid 1733180 on  sciml2301 device  3 [0xc4] NVIDIA A100 80GB PCIe
sciml2301:1733173:1733173 [0] NCCL INFO Bootstrap : Using ibp37s0:172.17.1.12<0>
sciml2301:1733173:1733173 [0] NCCL INFO cudaDriverVersion 12060
sciml2301:1733175:1733175 [2] NCCL INFO cudaDriverVersion 12060
sciml2301:1733173:1733173 [0] NCCL INFO NCCL version 2.23.4+cuda12.6
sciml2301:1733174:1733174 [1] NCCL INFO cudaDriverVersion 12060
sciml2301:1733175:1733175 [2] NCCL INFO Bootstrap : Using ibp37s0:172.17.1.12<0>
sciml2301:1733175:1733175 [2] NCCL INFO NCCL version 2.23.4+cuda12.6
sciml2301:1733174:1733174 [1] NCCL INFO Bootstrap : Using ibp37s0:172.17.1.12<0>
sciml2301:1733174:1733174 [1] NCCL INFO NCCL version 2.23.4+cuda12.6
sciml2301:1733180:1733180 [3] NCCL INFO cudaDriverVersion 12060
sciml2301:1733180:1733180 [3] NCCL INFO Bootstrap : Using ibp37s0:172.17.1.12<0>
sciml2301:1733180:1733180 [3] NCCL INFO NCCL version 2.23.4+cuda12.6
sciml2301:1733173:1733210 [0] NCCL INFO NET/Plugin: Could not find: libnccl-net.so. Using internal network plugin.
sciml2301:1733173:1733210 [0] NCCL INFO NCCL_IB_DISABLE set by environment to 0.
sciml2301:1733173:1733210 [0] NCCL INFO NET/IB : Using [0]mlx5_0:1/IB [RO]; OOB ibp37s0:172.17.1.12<0>
sciml2301:1733173:1733210 [0] NCCL INFO PROFILER/Plugin: Could not find: libnccl-profiler.so.
sciml2301:1733173:1733210 [0] NCCL INFO Using network IB
sciml2301:1733175:1733211 [2] NCCL INFO NET/Plugin: Could not find: libnccl-net.so. Using internal network plugin.
sciml2301:1733175:1733211 [2] NCCL INFO NCCL_IB_DISABLE set by environment to 0.
sciml2301:1733174:1733212 [1] NCCL INFO NET/Plugin: Could not find: libnccl-net.so. Using internal network plugin.
sciml2301:1733174:1733212 [1] NCCL INFO NCCL_IB_DISABLE set by environment to 0.
sciml2301:1733175:1733211 [2] NCCL INFO NET/IB : Using [0]mlx5_0:1/IB [RO]; OOB ibp37s0:172.17.1.12<0>
sciml2301:1733175:1733211 [2] NCCL INFO PROFILER/Plugin: Could not find: libnccl-profiler.so.
sciml2301:1733175:1733211 [2] NCCL INFO Using network IB
sciml2301:1733174:1733212 [1] NCCL INFO NET/IB : Using [0]mlx5_0:1/IB [RO]; OOB ibp37s0:172.17.1.12<0>
sciml2301:1733174:1733212 [1] NCCL INFO PROFILER/Plugin: Could not find: libnccl-profiler.so.
sciml2301:1733174:1733212 [1] NCCL INFO Using network IB
sciml2301:1733180:1733213 [3] NCCL INFO NET/Plugin: Could not find: libnccl-net.so. Using internal network plugin.
sciml2301:1733180:1733213 [3] NCCL INFO NCCL_IB_DISABLE set by environment to 0.
sciml2301:1733180:1733213 [3] NCCL INFO NET/IB : Using [0]mlx5_0:1/IB [RO]; OOB ibp37s0:172.17.1.12<0>
sciml2301:1733180:1733213 [3] NCCL INFO PROFILER/Plugin: Could not find: libnccl-profiler.so.
sciml2301:1733180:1733213 [3] NCCL INFO Using network IB
sciml2301:1733173:1733210 [0] NCCL INFO DMA-BUF is available on GPU device 0
sciml2301:1733173:1733210 [0] NCCL INFO ncclCommInitRank comm 0x2f63a20 rank 0 nranks 4 cudaDev 0 nvmlDev 0 busId 83000 commId 0x247922011136b1f5 - Init START
sciml2301:1733175:1733211 [2] NCCL INFO DMA-BUF is available on GPU device 2
sciml2301:1733175:1733211 [2] NCCL INFO ncclCommInitRank comm 0x3529420 rank 2 nranks 4 cudaDev 2 nvmlDev 2 busId c3000 commId 0x247922011136b1f5 - Init START
sciml2301:1733174:1733212 [1] NCCL INFO DMA-BUF is available on GPU device 1
sciml2301:1733174:1733212 [1] NCCL INFO ncclCommInitRank comm 0x41f4f20 rank 1 nranks 4 cudaDev 1 nvmlDev 1 busId 84000 commId 0x247922011136b1f5 - Init START
sciml2301:1733180:1733213 [3] NCCL INFO DMA-BUF is available on GPU device 3
sciml2301:1733180:1733213 [3] NCCL INFO ncclCommInitRank comm 0x2931cc0 rank 3 nranks 4 cudaDev 3 nvmlDev 3 busId c4000 commId 0x247922011136b1f5 - Init START
sciml2301:1733174:1733212 [1] NCCL INFO Bootstrap timings total 0.022368 (create 0.000086, send 0.000269, recv 0.020660, ring 0.000633, delay 0.000000)
sciml2301:1733175:1733211 [2] NCCL INFO Bootstrap timings total 0.023496 (create 0.000073, send 0.012535, recv 0.009883, ring 0.000617, delay 0.000000)
sciml2301:1733180:1733213 [3] NCCL INFO Bootstrap timings total 0.011602 (create 0.000047, send 0.000136, recv 0.010195, ring 0.000129, delay 0.000000)
sciml2301:1733173:1733210 [0] NCCL INFO Bootstrap timings total 0.027199 (create 0.000066, send 0.001090, recv 0.024413, ring 0.000210, delay 0.000000)
sciml2301:1733180:1733213 [3] NCCL INFO Setting affinity for GPU 3 to 11110000
sciml2301:1733180:1733213 [3] NCCL INFO NVLS multicast support is not available on dev 3
sciml2301:1733175:1733211 [2] NCCL INFO Setting affinity for GPU 2 to 11110000
sciml2301:1733175:1733211 [2] NCCL INFO NVLS multicast support is not available on dev 2
sciml2301:1733173:1733210 [0] NCCL INFO Setting affinity for GPU 0 to 11110000
sciml2301:1733174:1733212 [1] NCCL INFO Setting affinity for GPU 1 to 11110000
sciml2301:1733174:1733212 [1] NCCL INFO NVLS multicast support is not available on dev 1
sciml2301:1733173:1733210 [0] NCCL INFO NVLS multicast support is not available on dev 0
sciml2301:1733173:1733210 [0] NCCL INFO comm 0x2f63a20 rank 0 nRanks 4 nNodes 1 localRanks 4 localRank 0 MNNVL 0
sciml2301:1733173:1733210 [0] NCCL INFO Channel 00/02 : 0 1 2 3
sciml2301:1733175:1733211 [2] NCCL INFO comm 0x3529420 rank 2 nRanks 4 nNodes 1 localRanks 4 localRank 2 MNNVL 0
sciml2301:1733180:1733213 [3] NCCL INFO comm 0x2931cc0 rank 3 nRanks 4 nNodes 1 localRanks 4 localRank 3 MNNVL 0
sciml2301:1733174:1733212 [1] NCCL INFO comm 0x41f4f20 rank 1 nRanks 4 nNodes 1 localRanks 4 localRank 1 MNNVL 0
sciml2301:1733174:1733212 [1] NCCL INFO Trees [0] 2/-1/-1->1->0 [1] 2/-1/-1->1->0
sciml2301:1733174:1733212 [1] NCCL INFO P2P Chunksize set to 524288
sciml2301:1733180:1733213 [3] NCCL INFO Trees [0] -1/-1/-1->3->2 [1] -1/-1/-1->3->2
sciml2301:1733180:1733213 [3] NCCL INFO P2P Chunksize set to 524288
sciml2301:1733173:1733210 [0] NCCL INFO Channel 01/02 : 0 1 2 3
sciml2301:1733173:1733210 [0] NCCL INFO Trees [0] 1/-1/-1->0->-1 [1] 1/-1/-1->0->-1
sciml2301:1733173:1733210 [0] NCCL INFO P2P Chunksize set to 524288
sciml2301:1733175:1733211 [2] NCCL INFO Trees [0] 3/-1/-1->2->1 [1] 3/-1/-1->2->1
sciml2301:1733175:1733211 [2] NCCL INFO P2P Chunksize set to 524288
sciml2301:1733173:1733227 [0] NCCL INFO [Proxy Service] Device 0 CPU core 20
sciml2301:1733180:1733226 [3] NCCL INFO [Proxy Service] Device 3 CPU core 24
sciml2301:1733175:1733230 [2] NCCL INFO [Proxy Service UDS] Device 2 CPU core 24
sciml2301:1733174:1733232 [1] NCCL INFO [Proxy Service] Device 1 CPU core 16
sciml2301:1733175:1733229 [2] NCCL INFO [Proxy Service] Device 2 CPU core 16
sciml2301:1733174:1733212 [1] NCCL INFO threadThresholds 8/8/64 | 32/8/64 | 512 | 512
sciml2301:1733174:1733212 [1] NCCL INFO 2 coll channels, 2 collnet channels, 0 nvls channels, 2 p2p channels, 2 p2p channels per peer
sciml2301:1733174:1733233 [1] NCCL INFO [Proxy Service UDS] Device 1 CPU core 28
sciml2301:1733174:1733212 [1] NCCL INFO TUNER/Plugin: Could not find: libnccl-tuner.so libnccl-net.so. Using internal tuner plugin.
sciml2301:1733174:1733212 [1] NCCL INFO ncclCommInitRank comm 0x41f4f20 rank 1 nranks 4 cudaDev 1 nvmlDev 1 busId 84000 commId 0x247922011136b1f5 - Init COMPLETE
sciml2301:1733174:1733212 [1] NCCL INFO Init timings - ncclCommInitRank: rank 1 nranks 4 total 0.27 (kernels 0.12, alloc 0.04, bootstrap 0.02, allgathers 0.00, topo 0.08, graphs 0.00, connections 0.00, rest 0.00)
sciml2301:1733175:1733211 [2] NCCL INFO threadThresholds 8/8/64 | 32/8/64 | 512 | 512
sciml2301:1733175:1733211 [2] NCCL INFO 2 coll channels, 2 collnet channels, 0 nvls channels, 2 p2p channels, 2 p2p channels per peer
sciml2301:1733175:1733211 [2] NCCL INFO TUNER/Plugin: Could not find: libnccl-tuner.so libnccl-net.so. Using internal tuner plugin.
sciml2301:1733175:1733211 [2] NCCL INFO ncclCommInitRank comm 0x3529420 rank 2 nranks 4 cudaDev 2 nvmlDev 2 busId c3000 commId 0x247922011136b1f5 - Init COMPLETE
sciml2301:1733175:1733211 [2] NCCL INFO Init timings - ncclCommInitRank: rank 2 nranks 4 total 0.28 (kernels 0.12, alloc 0.04, bootstrap 0.02, allgathers 0.00, topo 0.08, graphs 0.00, connections 0.00, rest 0.00)
sciml2301:1733173:1733210 [0] NCCL INFO threadThresholds 8/8/64 | 32/8/64 | 512 | 512
sciml2301:1733173:1733210 [0] NCCL INFO 2 coll channels, 2 collnet channels, 0 nvls channels, 2 p2p channels, 2 p2p channels per peer
sciml2301:1733173:1733231 [0] NCCL INFO [Proxy Service UDS] Device 0 CPU core 28
sciml2301:1733173:1733210 [0] NCCL INFO CC Off, Multi-GPU CC Off, workFifoBytes 1048576
sciml2301:1733173:1733210 [0] NCCL INFO TUNER/Plugin: Could not find: libnccl-tuner.so libnccl-net.so. Using internal tuner plugin.
sciml2301:1733173:1733210 [0] NCCL INFO ncclCommInitRank comm 0x2f63a20 rank 0 nranks 4 cudaDev 0 nvmlDev 0 busId 83000 commId 0x247922011136b1f5 - Init COMPLETE
sciml2301:1733173:1733210 [0] NCCL INFO Init timings - ncclCommInitRank: rank 0 nranks 4 total 0.28 (kernels 0.10, alloc 0.06, bootstrap 0.03, allgathers 0.00, topo 0.08, graphs 0.00, connections 0.00, rest 0.00)
sciml2301:1733180:1733213 [3] NCCL INFO threadThresholds 8/8/64 | 32/8/64 | 512 | 512
sciml2301:1733180:1733213 [3] NCCL INFO 2 coll channels, 2 collnet channels, 0 nvls channels, 2 p2p channels, 2 p2p channels per peer
sciml2301:1733180:1733228 [3] NCCL INFO [Proxy Service UDS] Device 3 CPU core 28
sciml2301:1733180:1733213 [3] NCCL INFO TUNER/Plugin: Could not find: libnccl-tuner.so libnccl-net.so. Using internal tuner plugin.
sciml2301:1733180:1733213 [3] NCCL INFO ncclCommInitRank comm 0x2931cc0 rank 3 nranks 4 cudaDev 3 nvmlDev 3 busId c4000 commId 0x247922011136b1f5 - Init COMPLETE
sciml2301:1733180:1733213 [3] NCCL INFO Init timings - ncclCommInitRank: rank 3 nranks 4 total 0.26 (kernels 0.12, alloc 0.04, bootstrap 0.01, allgathers 0.00, topo 0.08, graphs 0.00, connections 0.00, rest 0.00)
#
#                                                              out-of-place                       in-place          
#       size         count      type   redop    root     time   algbw   busbw #wrong     time   algbw   busbw #wrong
#        (B)    (elements)                               (us)  (GB/s)  (GB/s)            (us)  (GB/s)  (GB/s)       
sciml2301:1733174:1733234 [1] NCCL INFO Channel 00 : 1[1] -> 2[2] via SHM/direct/direct
sciml2301:1733174:1733234 [1] NCCL INFO Channel 01 : 1[1] -> 2[2] via SHM/direct/direct
sciml2301:1733180:1733237 [3] NCCL INFO Channel 00 : 3[3] -> 0[0] via SHM/direct/direct
sciml2301:1733180:1733237 [3] NCCL INFO Channel 01 : 3[3] -> 0[0] via SHM/direct/direct
sciml2301:1733173:1733236 [0] NCCL INFO Channel 00/0 : 0[0] -> 1[1] via P2P/CUMEM/read
sciml2301:1733173:1733236 [0] NCCL INFO Channel 01/0 : 0[0] -> 1[1] via P2P/CUMEM/read
sciml2301:1733175:1733235 [2] NCCL INFO Channel 00/0 : 2[2] -> 3[3] via P2P/CUMEM/read
sciml2301:1733175:1733235 [2] NCCL INFO Channel 01/0 : 2[2] -> 3[3] via P2P/CUMEM/read
sciml2301:1733180:1733237 [3] NCCL INFO Connected all rings
sciml2301:1733175:1733235 [2] NCCL INFO Connected all rings
sciml2301:1733174:1733234 [1] NCCL INFO Connected all rings
sciml2301:1733173:1733236 [0] NCCL INFO Connected all rings
[sciml2301.jlab.org:1733169] 3 more processes have sent help message help-mpi-btl-openib.txt / error in device init
[sciml2301.jlab.org:1733169] Set MCA parameter "orte_base_help_aggregate" to 0 to see all help / error messages
[sciml2301.jlab.org:1733169] 3 more processes have sent help message help-mtl-ofi.txt / OFI call fail
   134217728      33554432     float     sum      -1    57590    2.33    3.50      0    56513    2.37    3.56      0
   268435456      67108864     float     sum      -1   111740    2.40    3.60      0   110892    2.42    3.63      0
   536870912     134217728     float     sum      -1   223576    2.40    3.60      0   224942    2.39    3.58      0
  1073741824     268435456     float     sum      -1   445512    2.41    3.62      0   442706    2.43    3.64      0
  2147483648     536870912     float     sum      -1   886853    2.42    3.63      0   907017    2.37    3.55      0
sciml2301:1733174:1733174 [1] NCCL INFO comm 0x41f4f20 rank 1 nranks 4 cudaDev 1 busId 84000 - Destroy COMPLETE
sciml2301:1733180:1733180 [3] NCCL INFO comm 0x2931cc0 rank 3 nranks 4 cudaDev 3 busId c4000 - Destroy COMPLETE
sciml2301:1733175:1733175 [2] NCCL INFO comm 0x3529420 rank 2 nranks 4 cudaDev 2 busId c3000 - Destroy COMPLETE
sciml2301:1733173:1733173 [0] NCCL INFO comm 0x2f63a20 rank 0 nranks 4 cudaDev 0 busId 83000 - Destroy COMPLETE
# Out of bounds values : 0 OK
# Avg bus bandwidth    : 3.59118 
#

